******************************************************************************
            TI ARM Clang Linker PC v4.0.3                      
******************************************************************************
>> Linked Sat Oct  4 20:03:22 2025

OUTPUT FILE NAME:   <Lab3_1.out>
ENTRY POINT SYMBOL: "_c_int00_noargs"  address: 000013ad


MEMORY CONFIGURATION

         name            origin    length      used     unused   attr    fill
----------------------  --------  ---------  --------  --------  ----  --------
  FLASH                 00000000   00020000  000015c0  0001ea40  R  X
  SRAM                  20200000   00008000  00000d99  00007267  RW X
  BCR_CONFIG            41c00000   000000ff  00000000  000000ff  R   
  BSL_CONFIG            41c00100   00000080  00000000  00000080  R   


SEGMENT ALLOCATION MAP

run origin  load origin   length   init length attrs members
----------  ----------- ---------- ----------- ----- -------
00000000    00000000    000015c0   000015c0    r-x
  00000000    00000000    000000c0   000000c0    r-- .intvecs
  000000c0    000000c0    00001450   00001450    r-x .text
  00001510    00001510    00000028   00000028    r-- .rodata
  00001538    00001538    00000088   00000088    r-- .cinit
20200000    20200000    00000b9c   00000000    rw-
  20200000    20200000    00000800   00000000    rw- .sysmem
  20200800    20200800    000001cd   00000000    rw- .data
  202009d0    202009d0    000001cc   00000000    rw- .bss
20207e00    20207e00    00000200   00000000    rw-
  20207e00    20207e00    00000200   00000000    rw- .stack


SECTION ALLOCATION MAP

 output                                  attributes/
section   page    origin      length       input sections
--------  ----  ----------  ----------   ----------------
.intvecs   0    00000000    000000c0     
                  00000000    000000c0     startup_mspm0g350x_ticlang.o (.intvecs)

.text      0    000000c0    00001450     
                  000000c0    00000284     libc.a : _printfi.c.obj (.text:__TI_printfi_minimal)
                  00000344    00000114            : memory.c.obj (.text.aligned_alloc)
                  00000458    000000f8            : fputs.c.obj (.text.fputs)
                  00000550    000000e8     driverlib.a : dl_timer.o (.text.DL_Timer_initTimerMode)
                  00000638    000000e8     libc.a : memory.c.obj (.text.free)
                  00000720    000000e4     Lab3_1.o (.text.main)
                  00000804    000000e0     libc.a : setvbuf.c.obj (.text.setvbuf)
                  000008e4    0000009c            : fputc.c.obj (.text.fputc)
                  00000980    0000009a            : memcpy16.S.obj (.text:memcpy)
                  00000a1a    00000006            : exit.c.obj (.text:abort)
                  00000a20    00000088            : strcmp-armv6m.S.obj (.text:strcmp)
                  00000aa8    0000007c            : fclose.c.obj (.text.__TI_closefile)
                  00000b24    0000007c            : copy_decompress_lzss.c.obj (.text:decompress:lzss)
                  00000ba0    0000006c     libsysbm.a : hostlseek.c.obj (.text.HOSTlseek)
                  00000c0c    0000006c                : hostrename.c.obj (.text.HOSTrename)
                  00000c78    0000006c     libc.a : fseek.c.obj (.text.fseeko)
                  00000ce4    0000006c            : getdevice.c.obj (.text.getdevice)
                  00000d50    00000064            : _io_perm.c.obj (.text.__TI_wrt_ok)
                  00000db4    00000064            : memory.c.obj (.text.split)
                  00000e18    00000062            : memset16.S.obj (.text:memset)
                  00000e7a    00000002     startup_mspm0g350x_ticlang.o (.text.Default_Handler)
                  00000e7c    00000060     libsysbm.a : hostopen.c.obj (.text.HOSTopen)
                  00000edc    0000005c     libc.a : printf.c.obj (.text.printf)
                  00000f38    00000058     libsysbm.a : hostread.c.obj (.text.HOSTread)
                  00000f90    00000058                : hostwrite.c.obj (.text.HOSTwrite)
                  00000fe8    00000052     libc.a : fflush.c.obj (.text.__TI_doflush)
                  0000103a    00000002     ti_msp_dl_config.o (.text.SYSCFG_DL_GPIO_init)
                  0000103c    00000050     libsysbm.a : close.c.obj (.text.close)
                  0000108c    00000048                : hostclose.c.obj (.text.HOSTclose)
                  000010d4    00000048                : hostunlink.c.obj (.text.HOSTunlink)
                  0000111c    00000040     ti_msp_dl_config.o (.text.SYSCFG_DL_SYSCTL_init)
                  0000115c    00000040     libclang_rt.builtins.a : aeabi_uidivmod.S.obj (.text.__aeabi_uidivmod)
                  0000119c    0000003c     libc.a : autoinit.c.obj (.text:__TI_auto_init_nobinit_nopinit)
                  000011d8    00000034            : fopen.c.obj (.text.__TI_cleanup)
                  0000120c    00000034     libsysbm.a : trgmsg.c.obj (.text.__TI_readmsg)
                  00001240    00000034                : trgmsg.c.obj (.text.__TI_writemsg)
                  00001274    00000034     libc.a : exit.c.obj (.text.exit)
                  000012a8    00000034            : getdevice.c.obj (.text.finddevice)
                  000012dc    0000002c     ti_msp_dl_config.o (.text.SYSCFG_DL_initPower)
                  00001308    0000002c     libsysbm.a : unlink.c.obj (.text.unlink)
                  00001334    00000028     libc.a : memory.c.obj (.text.free_list_insert)
                  0000135c    00000028     libsysbm.a : lseek.c.obj (.text.lseek)
                  00001384    00000028                : write.c.obj (.text.write)
                  000013ac    00000028     libc.a : boot_cortex_m.c.obj (.text:_c_int00_noargs)
                  000013d4    00000022            : memccpy.c.obj (.text.memccpy)
                  000013f6    00000002     libclang_rt.builtins.a : aeabi_div0.c.obj (.text.__aeabi_idiv0)
                  000013f8    0000001c     driverlib.a : dl_timer.o (.text.DL_Timer_setClockConfig)
                  00001414    0000001c     libc.a : memory.c.obj (.text.free_list_remove)
                  00001430    00000016            : copy_zero_init.c.obj (.text:decompress:ZI:__TI_zero_init_nomemset)
                  00001446    00000012            : copy_decompress_none.c.obj (.text:decompress:none)
                  00001458    00000010     ti_msp_dl_config.o (.text.SYSCFG_DL_init)
                  00001468    0000000e     libc.a : memory.c.obj (.text.OUTLINED_FUNCTION_0)
                  00001476    00000002            : _lock.c.obj (.text._nop)
                  00001478    0000000e     libclang_rt.builtins.a : aeabi_memset.S.obj (.text.__aeabi_memset)
                  00001486    0000000e     libsysbm.a : hostrename.c.obj (.text.strcpy)
                  00001494    0000000e     libc.a : _printfi.c.obj (.text.strlen)
                  000014a2    0000000e     libsysbm.a : hostrename.c.obj (.text.strlen)
                  000014b0    0000000c     libclang_rt.builtins.a : aeabi_memset.S.obj (.text.__aeabi_memclr)
                  000014bc    0000000c     libc.a : memory.c.obj (.text.malloc)
                  000014c8    0000000a     driverlib.a : dl_common.o (.text.DL_Common_delayCycles)
                  000014d2    00000002     --HOLE-- [fill = 0]
                  000014d4    00000008     libclang_rt.builtins.a : aeabi_memcpy.S.obj (.text.__aeabi_memcpy)
                  000014dc    00000008     libc.a : printf.c.obj (.text._outc)
                  000014e4    00000008            : printf.c.obj (.text._outs)
                  000014ec    00000008            : fseek.c.obj (.text.fseek)
                  000014f4    00000008     libsysbm.a : remove.c.obj (.text.remove)
                  000014fc    00000004                : hostexit.c.obj (.text.HOSTexit)
                  00001500    00000004     startup_mspm0g350x_ticlang.o (.text.Reset_Handler)
                  00001504    00000004     libc.a : pre_init.c.obj (.text._system_pre_init)
                  00001508    00000008     --HOLE-- [fill = 0]

.cinit     0    00001538    00000088     
                  00001538    00000063     (.cinit..data.load) [load image, compression = lzss]
                  0000159b    00000001     --HOLE-- [fill = 0]
                  0000159c    0000000c     (__TI_handler_table)
                  000015a8    00000008     (.cinit..bss.load) [load image, compression = zero_init]
                  000015b0    00000010     (__TI_cinit_table)

.rodata    0    00001510    00000028     
                  00001510    00000011     libc.a : _printfi.c.obj (.rodata.str1.15363888844622738466.1)
                  00001521    00000010     Lab3_1.o (.rodata.str1.1035297522026782221.1)
                  00001531    00000007     --HOLE-- [fill = 0]

.init_array 
*          0    00000000    00000000     UNINITIALIZED

.binit     0    00000000    00000000     

.sysmem    0    20200000    00000800     UNINITIALIZED
                  20200000    00000010     libc.a : memory.c.obj (.sysmem)
                  20200010    000007f0     --HOLE--

.data      0    20200800    000001cd     UNINITIALIZED
                  20200800    000000f0     libc.a : defs.c.obj (.data._ftable)
                  202008f0    00000078     libsysbm.a : host_device.c.obj (.data._device)
                  20200968    00000050                : host_device.c.obj (.data._stream)
                  202009b8    00000008     libc.a : exit.c.obj (.data..L_MergedGlobals)
                  202009c0    00000004            : defs.c.obj (.data.__TI_ft_end)
                  202009c4    00000004            : _lock.c.obj (.data._lock)
                  202009c8    00000004            : _lock.c.obj (.data._unlock)
                  202009cc    00000001            : memory.c.obj (.data.memory_is_initialized)

.bss       0    202009d0    000001cc     UNINITIALIZED
                  202009d0    00000120     libsysbm.a : trgmsg.c.obj (.bss:_CIOBUF_)
                  20200af0    000000a0     libc.a : defs.c.obj (.bss.__TI_tmpnams)
                  20200b90    00000008     libsysbm.a : hostopen.c.obj (.bss.parmbuf)
                  20200b98    00000004     libc.a : memory.c.obj (.bss.sys_free)

.stack     0    20207e00    00000200     UNINITIALIZED
                  20207e00    00000004     libc.a : boot_cortex_m.c.obj (.stack)
                  20207e04    000001fc     --HOLE--

__llvm_prf_cnts 
*          0    20200000    00000000     UNINITIALIZED

__llvm_prf_bits 
*          0    20200000    00000000     UNINITIALIZED

MODULE SUMMARY

       Module                         code   ro data   rw data
       ------                         ----   -------   -------
    .\
       Lab3_1.o                       228    16        0      
       startup_mspm0g350x_ticlang.o   6      192       0      
       ti_msp_dl_config.o             126    0         0      
    +--+------------------------------+------+---------+---------+
       Total:                         360    208       0      
                                                              
    C:/ti/mspm0_sdk_2_05_01_00/source/ti/driverlib/lib/ticlang/m0p/mspm0g1x0x_g3x0x/driverlib.a
       dl_timer.o                     260    0         0      
       dl_common.o                    10     0         0      
    +--+------------------------------+------+---------+---------+
       Total:                         270    0         0      
                                                              
    C:\ti\ccs2020\ccs\tools\compiler\ti-cgt-armllvm_4.0.3.LTS\lib\armv6m-ti-none-eabi/c/libc.a
       memory.c.obj                   702    0         5      
       _printfi.c.obj                 658    17        0      
       defs.c.obj                     0      0         404    
       fputs.c.obj                    248    0         0      
       setvbuf.c.obj                  224    0         0      
       getdevice.c.obj                160    0         0      
       fputc.c.obj                    156    0         0      
       memcpy16.S.obj                 154    0         0      
       strcmp-armv6m.S.obj            136    0         0      
       copy_decompress_lzss.c.obj     124    0         0      
       fclose.c.obj                   124    0         0      
       fseek.c.obj                    116    0         0      
       printf.c.obj                   108    0         0      
       _io_perm.c.obj                 100    0         0      
       memset16.S.obj                 98     0         0      
       fflush.c.obj                   82     0         0      
       exit.c.obj                     58     0         8      
       autoinit.c.obj                 60     0         0      
       fopen.c.obj                    52     0         0      
       boot_cortex_m.c.obj            40     0         0      
       memccpy.c.obj                  34     0         0      
       copy_zero_init.c.obj           22     0         0      
       copy_decompress_none.c.obj     18     0         0      
       _lock.c.obj                    2      0         8      
       pre_init.c.obj                 4      0         0      
    +--+------------------------------+------+---------+---------+
       Total:                         3480   17        425    
                                                              
    C:\ti\ccs2020\ccs\tools\compiler\ti-cgt-armllvm_4.0.3.LTS\lib\armv6m-ti-none-eabi/c/libsysbm.a
       trgmsg.c.obj                   104    0         288    
       host_device.c.obj              0      0         200    
       hostrename.c.obj               136    0         0      
       hostlseek.c.obj                108    0         0      
       hostopen.c.obj                 96     0         8      
       hostread.c.obj                 88     0         0      
       hostwrite.c.obj                88     0         0      
       close.c.obj                    80     0         0      
       hostclose.c.obj                72     0         0      
       hostunlink.c.obj               72     0         0      
       unlink.c.obj                   44     0         0      
       lseek.c.obj                    40     0         0      
       write.c.obj                    40     0         0      
       remove.c.obj                   8      0         0      
       hostexit.c.obj                 4      0         0      
    +--+------------------------------+------+---------+---------+
       Total:                         980    0         496    
                                                              
    C:\ti\ccs2020\ccs\tools\compiler\ti-cgt-armllvm_4.0.3.LTS\lib\armv6m-ti-none-eabi/libclang_rt.builtins.a
       aeabi_uidivmod.S.obj           64     0         0      
       aeabi_memset.S.obj             26     0         0      
       aeabi_memcpy.S.obj             8      0         0      
       aeabi_div0.c.obj               2      0         0      
    +--+------------------------------+------+---------+---------+
       Total:                         100    0         0      
                                                              
       Heap:                          0      0         2048   
       Stack:                         0      0         512    
       Linker Generated:              0      135       0      
    +--+------------------------------+------+---------+---------+
       Grand Total:                   5190   360       3481   


LINKER GENERATED COPY TABLES

__TI_cinit_table @ 000015b0 records: 2, size/record: 8, table size: 16
	.data: load addr=00001538, load size=00000063 bytes, run addr=20200800, run size=000001cd bytes, compression=lzss
	.bss: load addr=000015a8, load size=00000008 bytes, run addr=202009d0, run size=000001cc bytes, compression=zero_init


LINKER GENERATED HANDLER TABLE

__TI_handler_table @ 0000159c records: 3, size/record: 4, table size: 12
	index: 0, handler: __TI_decompress_lzss
	index: 1, handler: __TI_decompress_none
	index: 2, handler: __TI_zero_init


GLOBAL SYMBOLS: SORTED ALPHABETICALLY BY Name 

address   name                          
-------   ----                          
00000e7b  ADC0_IRQHandler               
00000e7b  ADC1_IRQHandler               
00000e7b  AES_IRQHandler                
000014fc  C$$EXIT                       
0000126d  C$$IO$$                       
00000e7b  CANFD0_IRQHandler             
00000e7b  DAC0_IRQHandler               
000014c9  DL_Common_delayCycles         
00000551  DL_Timer_initTimerMode        
000013f9  DL_Timer_setClockConfig       
00000e7b  DMA_IRQHandler                
00000e7b  Default_Handler               
00000e7b  GROUP0_IRQHandler             
00000e7b  GROUP1_IRQHandler             
0000108d  HOSTclose                     
000014fd  HOSTexit                      
00000ba1  HOSTlseek                     
00000e7d  HOSTopen                      
00000f39  HOSTread                      
00000c0d  HOSTrename                    
000010d5  HOSTunlink                    
00000f91  HOSTwrite                     
00000e7b  HardFault_Handler             
00000e7b  I2C0_IRQHandler               
00000e7b  I2C1_IRQHandler               
00000e7b  NMI_Handler                   
00000e7b  PendSV_Handler                
00000e7b  RTC_IRQHandler                
00001501  Reset_Handler                 
00000e7b  SPI0_IRQHandler               
00000e7b  SPI1_IRQHandler               
00000e7b  SVC_Handler                   
0000103b  SYSCFG_DL_GPIO_init           
0000111d  SYSCFG_DL_SYSCTL_init         
00001459  SYSCFG_DL_init                
000012dd  SYSCFG_DL_initPower           
00000e7b  SysTick_Handler               
00000e7b  TIMA0_IRQHandler              
00000e7b  TIMA1_IRQHandler              
00000e7b  TIMG0_IRQHandler              
00000e7b  TIMG12_IRQHandler             
00000e7b  TIMG6_IRQHandler              
00000e7b  TIMG7_IRQHandler              
00000e7b  TIMG8_IRQHandler              
00000e7b  UART0_IRQHandler              
00000e7b  UART1_IRQHandler              
00000e7b  UART2_IRQHandler              
00000e7b  UART3_IRQHandler              
202009d0  _CIOBUF_                      
202009d0  __CIOBUF_                     
20208000  __STACK_END                   
00000200  __STACK_SIZE                  
00000800  __SYSMEM_SIZE                 
00000000  __TI_ATRegion0_region_sz      
00000000  __TI_ATRegion0_src_addr       
00000000  __TI_ATRegion0_trg_addr       
00000000  __TI_ATRegion1_region_sz      
00000000  __TI_ATRegion1_src_addr       
00000000  __TI_ATRegion1_trg_addr       
00000000  __TI_ATRegion2_region_sz      
00000000  __TI_ATRegion2_src_addr       
00000000  __TI_ATRegion2_trg_addr       
000015b0  __TI_CINIT_Base               
000015c0  __TI_CINIT_Limit              
000015c0  __TI_CINIT_Warm               
0000159c  __TI_Handler_Table_Base       
000015a8  __TI_Handler_Table_Limit      
0000119d  __TI_auto_init_nobinit_nopinit
000011d9  __TI_cleanup                  
202009b8  __TI_cleanup_ptr              
00000aa9  __TI_closefile                
00000b25  __TI_decompress_lzss          
00001447  __TI_decompress_none          
00000fe9  __TI_doflush                  
202009bc  __TI_dtors_ptr                
202009c0  __TI_ft_end                   
ffffffff  __TI_pprof_out_hndl           
000000c1  __TI_printfi_minimal          
ffffffff  __TI_prof_data_size           
ffffffff  __TI_prof_data_start          
0000120d  __TI_readmsg                  
00000000  __TI_static_base__            
20200af0  __TI_tmpnams                  
00001241  __TI_writemsg                 
00000d51  __TI_wrt_ok                   
00001431  __TI_zero_init_nomemset       
000013f7  __aeabi_idiv0                 
000014b1  __aeabi_memclr                
000014b1  __aeabi_memclr4               
000014b1  __aeabi_memclr8               
000014d5  __aeabi_memcpy                
000014d5  __aeabi_memcpy4               
000014d5  __aeabi_memcpy8               
00001479  __aeabi_memset                
00001479  __aeabi_memset4               
00001479  __aeabi_memset8               
0000115d  __aeabi_uidiv                 
0000115d  __aeabi_uidivmod              
ffffffff  __binit__                     
UNDEFED   __mpu_init                    
20207e00  __stack                       
20200000  __start___llvm_prf_bits       
20200000  __start___llvm_prf_cnts       
20200000  __stop___llvm_prf_bits        
20200000  __stop___llvm_prf_cnts        
000013ad  _c_int00_noargs               
202008f0  _device                       
20200800  _ftable                       
202009c4  _lock                         
00001477  _nop                          
20200968  _stream                       
20200000  _sys_memory                   
UNDEFED   _system_post_cinit            
00001505  _system_pre_init              
202009c8  _unlock                       
00000a1b  abort                         
00000345  aligned_alloc                 
ffffffff  binit                         
0000103d  close                         
00001275  exit                          
000012a9  finddevice                    
000008e5  fputc                         
00000459  fputs                         
00000639  free                          
000014ed  fseek                         
00000c79  fseeko                        
00000ce5  getdevice                     
00000000  interruptVectors              
0000135d  lseek                         
00000721  main                          
000014bd  malloc                        
00000345  memalign                      
000013d5  memccpy                       
00000981  memcpy                        
00000e19  memset                        
20200b90  parmbuf                       
00000edd  printf                        
000014f5  remove                        
00000805  setvbuf                       
00000a21  strcmp                        
00001309  unlink                        
00001385  write                         


GLOBAL SYMBOLS: SORTED BY Symbol Address 

address   name                          
-------   ----                          
00000000  __TI_ATRegion0_region_sz      
00000000  __TI_ATRegion0_src_addr       
00000000  __TI_ATRegion0_trg_addr       
00000000  __TI_ATRegion1_region_sz      
00000000  __TI_ATRegion1_src_addr       
00000000  __TI_ATRegion1_trg_addr       
00000000  __TI_ATRegion2_region_sz      
00000000  __TI_ATRegion2_src_addr       
00000000  __TI_ATRegion2_trg_addr       
00000000  __TI_static_base__            
00000000  interruptVectors              
000000c1  __TI_printfi_minimal          
00000200  __STACK_SIZE                  
00000345  aligned_alloc                 
00000345  memalign                      
00000459  fputs                         
00000551  DL_Timer_initTimerMode        
00000639  free                          
00000721  main                          
00000800  __SYSMEM_SIZE                 
00000805  setvbuf                       
000008e5  fputc                         
00000981  memcpy                        
00000a1b  abort                         
00000a21  strcmp                        
00000aa9  __TI_closefile                
00000b25  __TI_decompress_lzss          
00000ba1  HOSTlseek                     
00000c0d  HOSTrename                    
00000c79  fseeko                        
00000ce5  getdevice                     
00000d51  __TI_wrt_ok                   
00000e19  memset                        
00000e7b  ADC0_IRQHandler               
00000e7b  ADC1_IRQHandler               
00000e7b  AES_IRQHandler                
00000e7b  CANFD0_IRQHandler             
00000e7b  DAC0_IRQHandler               
00000e7b  DMA_IRQHandler                
00000e7b  Default_Handler               
00000e7b  GROUP0_IRQHandler             
00000e7b  GROUP1_IRQHandler             
00000e7b  HardFault_Handler             
00000e7b  I2C0_IRQHandler               
00000e7b  I2C1_IRQHandler               
00000e7b  NMI_Handler                   
00000e7b  PendSV_Handler                
00000e7b  RTC_IRQHandler                
00000e7b  SPI0_IRQHandler               
00000e7b  SPI1_IRQHandler               
00000e7b  SVC_Handler                   
00000e7b  SysTick_Handler               
00000e7b  TIMA0_IRQHandler              
00000e7b  TIMA1_IRQHandler              
00000e7b  TIMG0_IRQHandler              
00000e7b  TIMG12_IRQHandler             
00000e7b  TIMG6_IRQHandler              
00000e7b  TIMG7_IRQHandler              
00000e7b  TIMG8_IRQHandler              
00000e7b  UART0_IRQHandler              
00000e7b  UART1_IRQHandler              
00000e7b  UART2_IRQHandler              
00000e7b  UART3_IRQHandler              
00000e7d  HOSTopen                      
00000edd  printf                        
00000f39  HOSTread                      
00000f91  HOSTwrite                     
00000fe9  __TI_doflush                  
0000103b  SYSCFG_DL_GPIO_init           
0000103d  close                         
0000108d  HOSTclose                     
000010d5  HOSTunlink                    
0000111d  SYSCFG_DL_SYSCTL_init         
0000115d  __aeabi_uidiv                 
0000115d  __aeabi_uidivmod              
0000119d  __TI_auto_init_nobinit_nopinit
000011d9  __TI_cleanup                  
0000120d  __TI_readmsg                  
00001241  __TI_writemsg                 
0000126d  C$$IO$$                       
00001275  exit                          
000012a9  finddevice                    
000012dd  SYSCFG_DL_initPower           
00001309  unlink                        
0000135d  lseek                         
00001385  write                         
000013ad  _c_int00_noargs               
000013d5  memccpy                       
000013f7  __aeabi_idiv0                 
000013f9  DL_Timer_setClockConfig       
00001431  __TI_zero_init_nomemset       
00001447  __TI_decompress_none          
00001459  SYSCFG_DL_init                
00001477  _nop                          
00001479  __aeabi_memset                
00001479  __aeabi_memset4               
00001479  __aeabi_memset8               
000014b1  __aeabi_memclr                
000014b1  __aeabi_memclr4               
000014b1  __aeabi_memclr8               
000014bd  malloc                        
000014c9  DL_Common_delayCycles         
000014d5  __aeabi_memcpy                
000014d5  __aeabi_memcpy4               
000014d5  __aeabi_memcpy8               
000014ed  fseek                         
000014f5  remove                        
000014fc  C$$EXIT                       
000014fd  HOSTexit                      
00001501  Reset_Handler                 
00001505  _system_pre_init              
0000159c  __TI_Handler_Table_Base       
000015a8  __TI_Handler_Table_Limit      
000015b0  __TI_CINIT_Base               
000015c0  __TI_CINIT_Limit              
000015c0  __TI_CINIT_Warm               
20200000  __start___llvm_prf_bits       
20200000  __start___llvm_prf_cnts       
20200000  __stop___llvm_prf_bits        
20200000  __stop___llvm_prf_cnts        
20200000  _sys_memory                   
20200800  _ftable                       
202008f0  _device                       
20200968  _stream                       
202009b8  __TI_cleanup_ptr              
202009bc  __TI_dtors_ptr                
202009c0  __TI_ft_end                   
202009c4  _lock                         
202009c8  _unlock                       
202009d0  _CIOBUF_                      
202009d0  __CIOBUF_                     
20200af0  __TI_tmpnams                  
20200b90  parmbuf                       
20207e00  __stack                       
20208000  __STACK_END                   
ffffffff  __TI_pprof_out_hndl           
ffffffff  __TI_prof_data_size           
ffffffff  __TI_prof_data_start          
ffffffff  __binit__                     
ffffffff  binit                         
UNDEFED   __mpu_init                    
UNDEFED   _system_post_cinit            

[142 symbols]
