******************************************************************************
            TI ARM Clang Linker PC v4.0.3                      
******************************************************************************
>> Linked Wed Oct 15 07:15:25 2025

OUTPUT FILE NAME:   <Lab4_1.1.out>
ENTRY POINT SYMBOL: "_c_int00_noargs"  address: 00002f29


MEMORY CONFIGURATION

         name            origin    length      used     unused   attr    fill
----------------------  --------  ---------  --------  --------  ----  --------
  FLASH                 00000000   00020000  00003408  0001cbf8  R  X
  SRAM                  20200000   00008000  000035a2  00004a5e  RW X
  BCR_CONFIG            41c00000   000000ff  00000000  000000ff  R   
  BSL_CONFIG            41c00100   00000080  00000000  00000080  R   


SEGMENT ALLOCATION MAP

run origin  load origin   length   init length attrs members
----------  ----------- ---------- ----------- ----- -------
00000000    00000000    00003408   00003408    r-x
  00000000    00000000    000000c0   000000c0    r-- .intvecs
  000000c0    000000c0    000030d0   000030d0    r-x .text
  00003190    00003190    000001f0   000001f0    r-- .rodata
  00003380    00003380    00000088   00000088    r-- .cinit
20200000    20200000    000033a5   00000000    rw-
  20200000    20200000    000029cd   00000000    rw- .bss
  202029d0    202029d0    00000800   00000000    rw- .sysmem
  202031d0    202031d0    000001d5   00000000    rw- .data
20207e00    20207e00    00000200   00000000    rw-
  20207e00    20207e00    00000200   00000000    rw- .stack


SECTION ALLOCATION MAP

 output                                  attributes/
section   page    origin      length       input sections
--------  ----  ----------  ----------   ----------------
.intvecs   0    00000000    000000c0     
                  00000000    000000c0     startup_mspm0g350x_ticlang.o (.intvecs)

.text      0    000000c0    000030d0     
                  000000c0    000009d0     libc.a : _printfi.c.obj (.text:__TI_printfi)
                  00000a90    000003d4     Lab4_1.1.o (.text.main)
                  00000e64    00000220     libc.a : _printfi.c.obj (.text._pconv_a)
                  00001084    000001dc            : _printfi.c.obj (.text._pconv_g)
                  00001260    00000192     libclang_rt.builtins.a : adddf3.S.obj (.text.adddf3_subdf3)
                  000013f2    00000002     startup_mspm0g350x_ticlang.o (.text.Default_Handler)
                  000013f4    0000013c     libc.a : _printfi.c.obj (.text.fcvt)
                  00001530    00000120            : _printfi.c.obj (.text._pconv_e)
                  00001650    00000114            : memory.c.obj (.text.aligned_alloc)
                  00001764    0000010c     libclang_rt.builtins.a : divdf3.S.obj (.text.__divdf3)
                  00001870    000000f8     libc.a : fputs.c.obj (.text.fputs)
                  00001968    000000e8     driverlib.a : dl_timer.o (.text.DL_Timer_initTimerMode)
                  00001a50    000000e8     libc.a : memory.c.obj (.text.free)
                  00001b38    000000e4     libclang_rt.builtins.a : muldf3.S.obj (.text.__muldf3)
                  00001c1c    000000e0     libc.a : setvbuf.c.obj (.text.setvbuf)
                  00001cfc    000000d8            : s_scalbn.c.obj (.text.scalbn)
                  00001dd4    000000a2     libclang_rt.builtins.a : udivmoddi4.S.obj (.text)
                  00001e76    00000002     ti_msp_dl_config.o (.text.SYSCFG_DL_GPIO_init)
                  00001e78    0000009c     libc.a : fputc.c.obj (.text.fputc)
                  00001f14    0000009a            : memcpy16.S.obj (.text:memcpy)
                  00001fae    00000002     libclang_rt.builtins.a : aeabi_div0.c.obj (.text.__aeabi_idiv0)
                  00001fb0    00000088     libc.a : strcmp-armv6m.S.obj (.text:strcmp)
                  00002038    00000082     libclang_rt.builtins.a : divsf3.S.obj (.text.__divsf3)
                  000020ba    00000002                            : aeabi_div0.c.obj (.text.__aeabi_ldiv0)
                  000020bc    0000007c     libc.a : fclose.c.obj (.text.__TI_closefile)
                  00002138    0000007c            : copy_decompress_lzss.c.obj (.text:decompress:lzss)
                  000021b4    00000074     libclang_rt.builtins.a : comparedf2.c.obj (.text.__gedf2)
                  00002228    0000006c     libsysbm.a : hostlseek.c.obj (.text.HOSTlseek)
                  00002294    0000006c                : hostrename.c.obj (.text.HOSTrename)
                  00002300    0000006c     libc.a : fseek.c.obj (.text.fseeko)
                  0000236c    0000006c            : getdevice.c.obj (.text.getdevice)
                  000023d8    00000068     libclang_rt.builtins.a : comparedf2.c.obj (.text.__ledf2)
                  00002440    00000066     libc.a : _printfi.c.obj (.text._mcpy)
                  000024a6    00000064            : _io_perm.c.obj (.text.__TI_wrt_ok)
                  0000250a    00000002            : _lock.c.obj (.text._nop)
                  0000250c    00000064            : memory.c.obj (.text.split)
                  00002570    00000062     libclang_rt.builtins.a : aeabi_dcmp.S.obj (.text.__aeabi_dcmp)
                  000025d2    00000062     libc.a : memset16.S.obj (.text:memset)
                  00002634    00000060     libsysbm.a : hostopen.c.obj (.text.HOSTopen)
                  00002694    0000005c     libc.a : s_frexp.c.obj (.text.frexp)
                  000026f0    0000005c            : printf.c.obj (.text.printf)
                  0000274c    00000058     libsysbm.a : hostread.c.obj (.text.HOSTread)
                  000027a4    00000058                : hostwrite.c.obj (.text.HOSTwrite)
                  000027fc    00000058     libc.a : _ltoa.c.obj (.text.__TI_ltoa)
                  00002854    00000058            : _printfi.c.obj (.text._pconv_f)
                  000028ac    00000056     libclang_rt.builtins.a : aeabi_idivmod.S.obj (.text.__aeabi_idivmod)
                  00002902    00000052     libc.a : fflush.c.obj (.text.__TI_doflush)
                  00002954    00000052            : _printfi.c.obj (.text._ecpy)
                  000029a6    00000002     --HOLE-- [fill = 0]
                  000029a8    00000050     libsysbm.a : close.c.obj (.text.close)
                  000029f8    0000004c     driverlib.a : dl_dma.o (.text.DL_DMA_initChannel)
                  00002a44    0000004a     libclang_rt.builtins.a : fixdfsi.S.obj (.text.__fixdfsi)
                  00002a8e    00000002     --HOLE-- [fill = 0]
                  00002a90    00000048     libsysbm.a : hostclose.c.obj (.text.HOSTclose)
                  00002ad8    00000048                : hostunlink.c.obj (.text.HOSTunlink)
                  00002b20    00000040     ti_msp_dl_config.o (.text.SYSCFG_DL_SYSCTL_init)
                  00002b60    00000040     libclang_rt.builtins.a : aeabi_uidivmod.S.obj (.text.__aeabi_uidivmod)
                  00002ba0    00000040                            : extendsfdf2.S.obj (.text.__extendsfdf2)
                  00002be0    00000040     libc.a : atoi.c.obj (.text.atoi)
                  00002c20    0000003c            : autoinit.c.obj (.text:__TI_auto_init_nobinit_nopinit)
                  00002c5c    0000003a     libclang_rt.builtins.a : muldsi3.S.obj (.text.__muldsi3)
                  00002c96    00000002     --HOLE-- [fill = 0]
                  00002c98    00000038     libc.a : rand.c.obj (.text.rand)
                  00002cd0    00000034            : fopen.c.obj (.text.__TI_cleanup)
                  00002d04    00000034     libsysbm.a : trgmsg.c.obj (.text.__TI_readmsg)
                  00002d38    00000034                : trgmsg.c.obj (.text.__TI_writemsg)
                  00002d6c    00000034     libc.a : exit.c.obj (.text.exit)
                  00002da0    00000034            : getdevice.c.obj (.text.finddevice)
                  00002dd4    00000030            : _printfi.c.obj (.text._fcpy)
                  00002e04    0000002c     ti_msp_dl_config.o (.text.SYSCFG_DL_initPower)
                  00002e30    0000002c     libclang_rt.builtins.a : floatsidf.S.obj (.text.__floatsidf)
                  00002e5c    0000002c     libsysbm.a : unlink.c.obj (.text.unlink)
                  00002e88    00000028     libclang_rt.builtins.a : floatunsisf.S.obj (.text.__floatunsisf)
                  00002eb0    00000028     libc.a : memory.c.obj (.text.free_list_insert)
                  00002ed8    00000028     libsysbm.a : lseek.c.obj (.text.lseek)
                  00002f00    00000028                : write.c.obj (.text.write)
                  00002f28    00000028     libc.a : boot_cortex_m.c.obj (.text:_c_int00_noargs)
                  00002f50    00000024     libclang_rt.builtins.a : muldi3.S.obj (.text.__muldi3)
                  00002f74    00000024     libc.a : fputs.c.obj (.text.puts)
                  00002f98    00000024            : rand.c.obj (.text.srand)
                  00002fbc    00000022            : memccpy.c.obj (.text.memccpy)
                  00002fde    00000002     --HOLE-- [fill = 0]
                  00002fe0    0000001e     libclang_rt.builtins.a : ashldi3.S.obj (.text.__ashldi3)
                  00002ffe    00000002     --HOLE-- [fill = 0]
                  00003000    0000001c     driverlib.a : dl_timer.o (.text.DL_Timer_setClockConfig)
                  0000301c    0000001c     Lab4_1.1.o (.text.DMA_IRQHandler)
                  00003038    0000001c     libc.a : memory.c.obj (.text.free_list_remove)
                  00003054    00000014     libclang_rt.builtins.a : aeabi_uldivmod.S.obj (.text.__aeabi_uldivmod)
                  00003068    00000014     libc.a : _printfi.c.obj (.text.strchr)
                  0000307c    00000012            : copy_decompress_none.c.obj (.text:decompress:none)
                  0000308e    00000010     ti_msp_dl_config.o (.text.SYSCFG_DL_init)
                  0000309e    00000010     libc.a : wcslen.c.obj (.text.wcslen)
                  000030ae    00000010            : copy_zero_init.c.obj (.text:decompress:ZI)
                  000030be    0000000e            : memory.c.obj (.text.OUTLINED_FUNCTION_0)
                  000030cc    0000000e     libclang_rt.builtins.a : aeabi_memset.S.obj (.text.__aeabi_memset)
                  000030da    0000000e     libsysbm.a : hostrename.c.obj (.text.strcpy)
                  000030e8    0000000e     libc.a : _printfi.c.obj (.text.strlen)
                  000030f6    0000000e     libsysbm.a : hostrename.c.obj (.text.strlen)
                  00003104    0000000c     libclang_rt.builtins.a : aeabi_memset.S.obj (.text.__aeabi_memclr)
                  00003110    0000000c     libc.a : memory.c.obj (.text.malloc)
                  0000311c    0000000a     driverlib.a : dl_common.o (.text.DL_Common_delayCycles)
                  00003126    0000000a     libc.a : _printfi.c.obj (.text.OUTLINED_FUNCTION_0)
                  00003130    00000010     libclang_rt.builtins.a : adddf3.S.obj (.tramp.__aeabi_dsub.1)
                  00003140    0000000a     libc.a : _printfi.c.obj (.text.OUTLINED_FUNCTION_1)
                  0000314a    00000002     --HOLE-- [fill = 0]
                  0000314c    00000008            : aeabi_portable.c.obj (.text.__aeabi_errno_addr)
                  00003154    00000008     libclang_rt.builtins.a : aeabi_memcpy.S.obj (.text.__aeabi_memcpy)
                  0000315c    00000008     libc.a : printf.c.obj (.text._outc)
                  00003164    00000008            : printf.c.obj (.text._outs)
                  0000316c    00000008            : fseek.c.obj (.text.fseek)
                  00003174    00000008     libsysbm.a : remove.c.obj (.text.remove)
                  0000317c    00000006     libc.a : exit.c.obj (.text:abort)
                  00003182    00000004     libsysbm.a : hostexit.c.obj (.text.HOSTexit)
                  00003186    00000004     startup_mspm0g350x_ticlang.o (.text.Reset_Handler)
                  0000318a    00000004     libc.a : pre_init.c.obj (.text._system_pre_init)
                  0000318e    00000002     --HOLE-- [fill = 0]

.cinit     0    00003380    00000088     
                  00003380    00000060     (.cinit..data.load) [load image, compression = lzss]
                  000033e0    0000000c     (__TI_handler_table)
                  000033ec    00000008     (.cinit..bss.load) [load image, compression = zero_init]
                  000033f4    00000010     (__TI_cinit_table)
                  00003404    00000004     --HOLE-- [fill = 0]

.rodata    0    00003190    000001f0     
                  00003190    00000101     libc.a : aeabi_ctype.S.obj (.rodata:__aeabi_ctype_table_)
                  00003291    00000021     Lab4_1.1.o (.rodata.str1.2647931779188699385.1)
                  000032b2    00000020     Lab4_1.1.o (.rodata.str1.9153268368247314092.1)
                  000032d2    00000020     Lab4_1.1.o (.rodata.str1.9316086628426215072.1)
                  000032f2    00000019     Lab4_1.1.o (.rodata.str1.1430549788629677761.1)
                  0000330b    00000001     --HOLE-- [fill = 0]
                  0000330c    00000018     Lab4_1.1.o (.rodata.main.gDMA_CH0Config)
                  00003324    00000015     Lab4_1.1.o (.rodata.str1.14075299135762136056.1)
                  00003339    00000011     libc.a : _printfi.c.obj (.rodata.str1.10348868589481759720.1)
                  0000334a    00000011            : _printfi.c.obj (.rodata.str1.15363888844622738466.1)
                  0000335b    0000000e     Lab4_1.1.o (.rodata.str1.12520646709952569724.1)
                  00003369    00000006     Lab4_1.1.o (.rodata.str1.494697770983457600.1)
                  0000336f    00000003     Lab4_1.1.o (.rodata.str1.17096606877689511651.1)
                  00003372    00000002     libc.a : fputs.c.obj (.rodata.str1.16607721268415185390.1)
                  00003374    0000000c     --HOLE-- [fill = 0]

.init_array 
*          0    00000000    00000000     UNINITIALIZED

.binit     0    00000000    00000000     

.bss       0    20200000    000029cd     UNINITIALIZED
                  20200000    00002800     Lab4_1.1.o (.bss.myData)
                  20202800    00000120     libsysbm.a : trgmsg.c.obj (.bss:_CIOBUF_)
                  20202920    000000a0     libc.a : defs.c.obj (.bss.__TI_tmpnams)
                  202029c0    00000008     libsysbm.a : hostopen.c.obj (.bss.parmbuf)
                  202029c8    00000004     libc.a : memory.c.obj (.bss.sys_free)
                  202029cc    00000001     (.common:dma_done)

.sysmem    0    202029d0    00000800     UNINITIALIZED
                  202029d0    00000010     libc.a : memory.c.obj (.sysmem)
                  202029e0    000007f0     --HOLE--

.data      0    202031d0    000001d5     UNINITIALIZED
                  202031d0    000000f0     libc.a : defs.c.obj (.data._ftable)
                  202032c0    00000078     libsysbm.a : host_device.c.obj (.data._device)
                  20203338    00000050                : host_device.c.obj (.data._stream)
                  20203388    00000008     libc.a : exit.c.obj (.data..L_MergedGlobals)
                  20203390    00000004            : defs.c.obj (.data.__TI_ft_end)
                  20203394    00000004            : aeabi_portable.c.obj (.data.__aeabi_errno)
                  20203398    00000004            : _lock.c.obj (.data._lock)
                  2020339c    00000004            : _lock.c.obj (.data._unlock)
                  202033a0    00000004            : rand.c.obj (.data.next)
                  202033a4    00000001            : memory.c.obj (.data.memory_is_initialized)

.stack     0    20207e00    00000200     UNINITIALIZED
                  20207e00    00000004     libc.a : boot_cortex_m.c.obj (.stack)
                  20207e04    000001fc     --HOLE--

__llvm_prf_cnts 
*          0    20200000    00000000     UNINITIALIZED

__llvm_prf_bits 
*          0    20200000    00000000     UNINITIALIZED

MODULE SUMMARY

       Module                         code    ro data   rw data
       ------                         ----    -------   -------
    .\
       Lab4_1.1.o                     1008    190       10241  
       startup_mspm0g350x_ticlang.o   6       192       0      
       ti_msp_dl_config.o             126     0         0      
    +--+------------------------------+-------+---------+---------+
       Total:                         1140    382       10241  
                                                               
    C:/ti/mspm0_sdk_2_05_01_00/source/ti/driverlib/lib/ticlang/m0p/mspm0g1x0x_g3x0x/driverlib.a
       dl_timer.o                     260     0         0      
       dl_dma.o                       76      0         0      
       dl_common.o                    10      0         0      
    +--+------------------------------+-------+---------+---------+
       Total:                         346     0         0      
                                                               
    C:\ti\ccs2020\ccs\tools\compiler\ti-cgt-armllvm_4.0.3.LTS\lib\armv6m-ti-none-eabi/c/libc.a
       _printfi.c.obj                 4510    34        0      
       memory.c.obj                   702     0         5      
       defs.c.obj                     0       0         404    
       fputs.c.obj                    284     2         0      
       aeabi_ctype.S.obj              0       257       0      
       setvbuf.c.obj                  224     0         0      
       s_scalbn.c.obj                 216     0         0      
       getdevice.c.obj                160     0         0      
       fputc.c.obj                    156     0         0      
       memcpy16.S.obj                 154     0         0      
       strcmp-armv6m.S.obj            136     0         0      
       copy_decompress_lzss.c.obj     124     0         0      
       fclose.c.obj                   124     0         0      
       fseek.c.obj                    116     0         0      
       printf.c.obj                   108     0         0      
       _io_perm.c.obj                 100     0         0      
       memset16.S.obj                 98      0         0      
       rand.c.obj                     92      0         4      
       s_frexp.c.obj                  92      0         0      
       _ltoa.c.obj                    88      0         0      
       fflush.c.obj                   82      0         0      
       exit.c.obj                     58      0         8      
       atoi.c.obj                     64      0         0      
       autoinit.c.obj                 60      0         0      
       fopen.c.obj                    52      0         0      
       boot_cortex_m.c.obj            40      0         0      
       memccpy.c.obj                  34      0         0      
       copy_decompress_none.c.obj     18      0         0      
       copy_zero_init.c.obj           16      0         0      
       wcslen.c.obj                   16      0         0      
       aeabi_portable.c.obj           8       0         4      
       _lock.c.obj                    2       0         8      
       pre_init.c.obj                 4       0         0      
    +--+------------------------------+-------+---------+---------+
       Total:                         7938    293       433    
                                                               
    C:\ti\ccs2020\ccs\tools\compiler\ti-cgt-armllvm_4.0.3.LTS\lib\armv6m-ti-none-eabi/c/libsysbm.a
       trgmsg.c.obj                   104     0         288    
       host_device.c.obj              0       0         200    
       hostrename.c.obj               136     0         0      
       hostlseek.c.obj                108     0         0      
       hostopen.c.obj                 96      0         8      
       hostread.c.obj                 88      0         0      
       hostwrite.c.obj                88      0         0      
       close.c.obj                    80      0         0      
       hostclose.c.obj                72      0         0      
       hostunlink.c.obj               72      0         0      
       unlink.c.obj                   44      0         0      
       lseek.c.obj                    40      0         0      
       write.c.obj                    40      0         0      
       remove.c.obj                   8       0         0      
       hostexit.c.obj                 4       0         0      
    +--+------------------------------+-------+---------+---------+
       Total:                         980     0         496    
                                                               
    C:\ti\ccs2020\ccs\tools\compiler\ti-cgt-armllvm_4.0.3.LTS\lib\armv6m-ti-none-eabi/libclang_rt.builtins.a
       adddf3.S.obj                   418     0         0      
       divdf3.S.obj                   268     0         0      
       muldf3.S.obj                   228     0         0      
       comparedf2.c.obj               220     0         0      
       udivmoddi4.S.obj               162     0         0      
       divsf3.S.obj                   130     0         0      
       aeabi_dcmp.S.obj               98      0         0      
       aeabi_idivmod.S.obj            86      0         0      
       fixdfsi.S.obj                  74      0         0      
       aeabi_uidivmod.S.obj           64      0         0      
       extendsfdf2.S.obj              64      0         0      
       muldsi3.S.obj                  58      0         0      
       floatsidf.S.obj                44      0         0      
       floatunsisf.S.obj              40      0         0      
       muldi3.S.obj                   36      0         0      
       ashldi3.S.obj                  30      0         0      
       aeabi_memset.S.obj             26      0         0      
       aeabi_uldivmod.S.obj           20      0         0      
       aeabi_memcpy.S.obj             8       0         0      
       aeabi_div0.c.obj               4       0         0      
    +--+------------------------------+-------+---------+---------+
       Total:                         2078    0         0      
                                                               
       Heap:                          0       0         2048   
       Stack:                         0       0         512    
       Linker Generated:              0       132       0      
    +--+------------------------------+-------+---------+---------+
       Grand Total:                   12482   807       13730  


LINKER GENERATED COPY TABLES

__TI_cinit_table @ 000033f4 records: 2, size/record: 8, table size: 16
	.data: load addr=00003380, load size=00000060 bytes, run addr=202031d0, run size=000001d5 bytes, compression=lzss
	.bss: load addr=000033ec, load size=00000008 bytes, run addr=20200000, run size=000029cd bytes, compression=zero_init


LINKER GENERATED HANDLER TABLE

__TI_handler_table @ 000033e0 records: 3, size/record: 4, table size: 12
	index: 0, handler: __TI_decompress_lzss
	index: 1, handler: __TI_decompress_none
	index: 2, handler: __TI_zero_init


FAR CALL TRAMPOLINES

callee name               trampoline name
   callee addr  tramp addr   call addr  call info
--------------  -----------  ---------  ----------------
__aeabi_dsub              $Tramp$TT$L$PI$$__aeabi_dsub
   00001261     00003130     0000312e   libc.a : _printfi.c.obj (.text.OUTLINED_FUNCTION_0)

[1 trampolines]
[1 trampoline calls]


GLOBAL SYMBOLS: SORTED ALPHABETICALLY BY Name 

address   name                          
-------   ----                          
000013f3  ADC0_IRQHandler               
000013f3  ADC1_IRQHandler               
000013f3  AES_IRQHandler                
00003182  C$$EXIT                       
00002d65  C$$IO$$                       
000013f3  CANFD0_IRQHandler             
000013f3  DAC0_IRQHandler               
0000311d  DL_Common_delayCycles         
000029f9  DL_DMA_initChannel            
00001969  DL_Timer_initTimerMode        
00003001  DL_Timer_setClockConfig       
0000301d  DMA_IRQHandler                
000013f3  Default_Handler               
000013f3  GROUP0_IRQHandler             
000013f3  GROUP1_IRQHandler             
00002a91  HOSTclose                     
00003183  HOSTexit                      
00002229  HOSTlseek                     
00002635  HOSTopen                      
0000274d  HOSTread                      
00002295  HOSTrename                    
00002ad9  HOSTunlink                    
000027a5  HOSTwrite                     
000013f3  HardFault_Handler             
000013f3  I2C0_IRQHandler               
000013f3  I2C1_IRQHandler               
000013f3  NMI_Handler                   
000013f3  PendSV_Handler                
000013f3  RTC_IRQHandler                
00003187  Reset_Handler                 
000013f3  SPI0_IRQHandler               
000013f3  SPI1_IRQHandler               
000013f3  SVC_Handler                   
00001e77  SYSCFG_DL_GPIO_init           
00002b21  SYSCFG_DL_SYSCTL_init         
0000308f  SYSCFG_DL_init                
00002e05  SYSCFG_DL_initPower           
000013f3  SysTick_Handler               
000013f3  TIMA0_IRQHandler              
000013f3  TIMA1_IRQHandler              
000013f3  TIMG0_IRQHandler              
000013f3  TIMG12_IRQHandler             
000013f3  TIMG6_IRQHandler              
000013f3  TIMG7_IRQHandler              
000013f3  TIMG8_IRQHandler              
000013f3  UART0_IRQHandler              
000013f3  UART1_IRQHandler              
000013f3  UART2_IRQHandler              
000013f3  UART3_IRQHandler              
20202800  _CIOBUF_                      
20202800  __CIOBUF_                     
20208000  __STACK_END                   
00000200  __STACK_SIZE                  
00000800  __SYSMEM_SIZE                 
00000000  __TI_ATRegion0_region_sz      
00000000  __TI_ATRegion0_src_addr       
00000000  __TI_ATRegion0_trg_addr       
00000000  __TI_ATRegion1_region_sz      
00000000  __TI_ATRegion1_src_addr       
00000000  __TI_ATRegion1_trg_addr       
00000000  __TI_ATRegion2_region_sz      
00000000  __TI_ATRegion2_src_addr       
00000000  __TI_ATRegion2_trg_addr       
000033f4  __TI_CINIT_Base               
00003404  __TI_CINIT_Limit              
00003404  __TI_CINIT_Warm               
000033e0  __TI_Handler_Table_Base       
000033ec  __TI_Handler_Table_Limit      
00002c21  __TI_auto_init_nobinit_nopinit
00002cd1  __TI_cleanup                  
20203388  __TI_cleanup_ptr              
000020bd  __TI_closefile                
00002139  __TI_decompress_lzss          
0000307d  __TI_decompress_none          
00002903  __TI_doflush                  
2020338c  __TI_dtors_ptr                
20203390  __TI_ft_end                   
000027fd  __TI_ltoa                     
ffffffff  __TI_pprof_out_hndl           
000000c1  __TI_printfi                  
ffffffff  __TI_prof_data_size           
ffffffff  __TI_prof_data_start          
00002d05  __TI_readmsg                  
00000000  __TI_static_base__            
20202920  __TI_tmpnams                  
00002d39  __TI_writemsg                 
000024a7  __TI_wrt_ok                   
000030af  __TI_zero_init                
0000126b  __adddf3                      
00003190  __aeabi_ctype_table_          
00003190  __aeabi_ctype_table_C         
00002a45  __aeabi_d2iz                  
0000126b  __aeabi_dadd                  
00002571  __aeabi_dcmpeq                
000025ad  __aeabi_dcmpge                
000025c1  __aeabi_dcmpgt                
00002599  __aeabi_dcmple                
00002585  __aeabi_dcmplt                
00001765  __aeabi_ddiv                  
00001b39  __aeabi_dmul                  
00001261  __aeabi_dsub                  
20203394  __aeabi_errno                 
0000314d  __aeabi_errno_addr            
00002ba1  __aeabi_f2d                   
00002039  __aeabi_fdiv                  
00002e31  __aeabi_i2d                   
000028ad  __aeabi_idiv                  
00001faf  __aeabi_idiv0                 
000028ad  __aeabi_idivmod               
000020bb  __aeabi_ldiv0                 
00002fe1  __aeabi_llsl                  
00002f51  __aeabi_lmul                  
00003105  __aeabi_memclr                
00003105  __aeabi_memclr4               
00003105  __aeabi_memclr8               
00003155  __aeabi_memcpy                
00003155  __aeabi_memcpy4               
00003155  __aeabi_memcpy8               
000030cd  __aeabi_memset                
000030cd  __aeabi_memset4               
000030cd  __aeabi_memset8               
00002e89  __aeabi_ui2f                  
00002b61  __aeabi_uidiv                 
00002b61  __aeabi_uidivmod              
00003055  __aeabi_uldivmod              
00002fe1  __ashldi3                     
ffffffff  __binit__                     
000023d9  __cmpdf2                      
00001765  __divdf3                      
00002039  __divsf3                      
000023d9  __eqdf2                       
00002ba1  __extendsfdf2                 
00002a45  __fixdfsi                     
00002e31  __floatsidf                   
00002e89  __floatunsisf                 
000021b5  __gedf2                       
000021b5  __gtdf2                       
000023d9  __ledf2                       
000023d9  __ltdf2                       
UNDEFED   __mpu_init                    
00001b39  __muldf3                      
00002f51  __muldi3                      
00002c5d  __muldsi3                     
000023d9  __nedf2                       
20207e00  __stack                       
20200000  __start___llvm_prf_bits       
20200000  __start___llvm_prf_cnts       
20200000  __stop___llvm_prf_bits        
20200000  __stop___llvm_prf_cnts        
00001261  __subdf3                      
00001dd5  __udivmoddi4                  
00002f29  _c_int00_noargs               
202032c0  _device                       
202031d0  _ftable                       
20203398  _lock                         
0000250b  _nop                          
20203338  _stream                       
202029d0  _sys_memory                   
UNDEFED   _system_post_cinit            
0000318b  _system_pre_init              
2020339c  _unlock                       
0000317d  abort                         
00001651  aligned_alloc                 
00002be1  atoi                          
ffffffff  binit                         
000029a9  close                         
202029cc  dma_done                      
00002d6d  exit                          
00002da1  finddevice                    
00001e79  fputc                         
00001871  fputs                         
00001a51  free                          
00002695  frexp                         
00002695  frexpl                        
0000316d  fseek                         
00002301  fseeko                        
0000236d  getdevice                     
00000000  interruptVectors              
00001cfd  ldexp                         
00001cfd  ldexpl                        
00002ed9  lseek                         
00000a91  main                          
00003111  malloc                        
00001651  memalign                      
00002fbd  memccpy                       
00001f15  memcpy                        
000025d3  memset                        
202029c0  parmbuf                       
000026f1  printf                        
00002f75  puts                          
00002c99  rand                          
00003175  remove                        
00001cfd  scalbn                        
00001cfd  scalbnl                       
00001c1d  setvbuf                       
00002f99  srand                         
00001fb1  strcmp                        
00002e5d  unlink                        
0000309f  wcslen                        
00002f01  write                         


GLOBAL SYMBOLS: SORTED BY Symbol Address 

address   name                          
-------   ----                          
00000000  __TI_ATRegion0_region_sz      
00000000  __TI_ATRegion0_src_addr       
00000000  __TI_ATRegion0_trg_addr       
00000000  __TI_ATRegion1_region_sz      
00000000  __TI_ATRegion1_src_addr       
00000000  __TI_ATRegion1_trg_addr       
00000000  __TI_ATRegion2_region_sz      
00000000  __TI_ATRegion2_src_addr       
00000000  __TI_ATRegion2_trg_addr       
00000000  __TI_static_base__            
00000000  interruptVectors              
000000c1  __TI_printfi                  
00000200  __STACK_SIZE                  
00000800  __SYSMEM_SIZE                 
00000a91  main                          
00001261  __aeabi_dsub                  
00001261  __subdf3                      
0000126b  __adddf3                      
0000126b  __aeabi_dadd                  
000013f3  ADC0_IRQHandler               
000013f3  ADC1_IRQHandler               
000013f3  AES_IRQHandler                
000013f3  CANFD0_IRQHandler             
000013f3  DAC0_IRQHandler               
000013f3  Default_Handler               
000013f3  GROUP0_IRQHandler             
000013f3  GROUP1_IRQHandler             
000013f3  HardFault_Handler             
000013f3  I2C0_IRQHandler               
000013f3  I2C1_IRQHandler               
000013f3  NMI_Handler                   
000013f3  PendSV_Handler                
000013f3  RTC_IRQHandler                
000013f3  SPI0_IRQHandler               
000013f3  SPI1_IRQHandler               
000013f3  SVC_Handler                   
000013f3  SysTick_Handler               
000013f3  TIMA0_IRQHandler              
000013f3  TIMA1_IRQHandler              
000013f3  TIMG0_IRQHandler              
000013f3  TIMG12_IRQHandler             
000013f3  TIMG6_IRQHandler              
000013f3  TIMG7_IRQHandler              
000013f3  TIMG8_IRQHandler              
000013f3  UART0_IRQHandler              
000013f3  UART1_IRQHandler              
000013f3  UART2_IRQHandler              
000013f3  UART3_IRQHandler              
00001651  aligned_alloc                 
00001651  memalign                      
00001765  __aeabi_ddiv                  
00001765  __divdf3                      
00001871  fputs                         
00001969  DL_Timer_initTimerMode        
00001a51  free                          
00001b39  __aeabi_dmul                  
00001b39  __muldf3                      
00001c1d  setvbuf                       
00001cfd  ldexp                         
00001cfd  ldexpl                        
00001cfd  scalbn                        
00001cfd  scalbnl                       
00001dd5  __udivmoddi4                  
00001e77  SYSCFG_DL_GPIO_init           
00001e79  fputc                         
00001f15  memcpy                        
00001faf  __aeabi_idiv0                 
00001fb1  strcmp                        
00002039  __aeabi_fdiv                  
00002039  __divsf3                      
000020bb  __aeabi_ldiv0                 
000020bd  __TI_closefile                
00002139  __TI_decompress_lzss          
000021b5  __gedf2                       
000021b5  __gtdf2                       
00002229  HOSTlseek                     
00002295  HOSTrename                    
00002301  fseeko                        
0000236d  getdevice                     
000023d9  __cmpdf2                      
000023d9  __eqdf2                       
000023d9  __ledf2                       
000023d9  __ltdf2                       
000023d9  __nedf2                       
000024a7  __TI_wrt_ok                   
0000250b  _nop                          
00002571  __aeabi_dcmpeq                
00002585  __aeabi_dcmplt                
00002599  __aeabi_dcmple                
000025ad  __aeabi_dcmpge                
000025c1  __aeabi_dcmpgt                
000025d3  memset                        
00002635  HOSTopen                      
00002695  frexp                         
00002695  frexpl                        
000026f1  printf                        
0000274d  HOSTread                      
000027a5  HOSTwrite                     
000027fd  __TI_ltoa                     
000028ad  __aeabi_idiv                  
000028ad  __aeabi_idivmod               
00002903  __TI_doflush                  
000029a9  close                         
000029f9  DL_DMA_initChannel            
00002a45  __aeabi_d2iz                  
00002a45  __fixdfsi                     
00002a91  HOSTclose                     
00002ad9  HOSTunlink                    
00002b21  SYSCFG_DL_SYSCTL_init         
00002b61  __aeabi_uidiv                 
00002b61  __aeabi_uidivmod              
00002ba1  __aeabi_f2d                   
00002ba1  __extendsfdf2                 
00002be1  atoi                          
00002c21  __TI_auto_init_nobinit_nopinit
00002c5d  __muldsi3                     
00002c99  rand                          
00002cd1  __TI_cleanup                  
00002d05  __TI_readmsg                  
00002d39  __TI_writemsg                 
00002d65  C$$IO$$                       
00002d6d  exit                          
00002da1  finddevice                    
00002e05  SYSCFG_DL_initPower           
00002e31  __aeabi_i2d                   
00002e31  __floatsidf                   
00002e5d  unlink                        
00002e89  __aeabi_ui2f                  
00002e89  __floatunsisf                 
00002ed9  lseek                         
00002f01  write                         
00002f29  _c_int00_noargs               
00002f51  __aeabi_lmul                  
00002f51  __muldi3                      
00002f75  puts                          
00002f99  srand                         
00002fbd  memccpy                       
00002fe1  __aeabi_llsl                  
00002fe1  __ashldi3                     
00003001  DL_Timer_setClockConfig       
0000301d  DMA_IRQHandler                
00003055  __aeabi_uldivmod              
0000307d  __TI_decompress_none          
0000308f  SYSCFG_DL_init                
0000309f  wcslen                        
000030af  __TI_zero_init                
000030cd  __aeabi_memset                
000030cd  __aeabi_memset4               
000030cd  __aeabi_memset8               
00003105  __aeabi_memclr                
00003105  __aeabi_memclr4               
00003105  __aeabi_memclr8               
00003111  malloc                        
0000311d  DL_Common_delayCycles         
0000314d  __aeabi_errno_addr            
00003155  __aeabi_memcpy                
00003155  __aeabi_memcpy4               
00003155  __aeabi_memcpy8               
0000316d  fseek                         
00003175  remove                        
0000317d  abort                         
00003182  C$$EXIT                       
00003183  HOSTexit                      
00003187  Reset_Handler                 
0000318b  _system_pre_init              
00003190  __aeabi_ctype_table_          
00003190  __aeabi_ctype_table_C         
000033e0  __TI_Handler_Table_Base       
000033ec  __TI_Handler_Table_Limit      
000033f4  __TI_CINIT_Base               
00003404  __TI_CINIT_Limit              
00003404  __TI_CINIT_Warm               
20200000  __start___llvm_prf_bits       
20200000  __start___llvm_prf_cnts       
20200000  __stop___llvm_prf_bits        
20200000  __stop___llvm_prf_cnts        
20202800  _CIOBUF_                      
20202800  __CIOBUF_                     
20202920  __TI_tmpnams                  
202029c0  parmbuf                       
202029cc  dma_done                      
202029d0  _sys_memory                   
202031d0  _ftable                       
202032c0  _device                       
20203338  _stream                       
20203388  __TI_cleanup_ptr              
2020338c  __TI_dtors_ptr                
20203390  __TI_ft_end                   
20203394  __aeabi_errno                 
20203398  _lock                         
2020339c  _unlock                       
20207e00  __stack                       
20208000  __STACK_END                   
ffffffff  __TI_pprof_out_hndl           
ffffffff  __TI_prof_data_size           
ffffffff  __TI_prof_data_start          
ffffffff  __binit__                     
ffffffff  binit                         
UNDEFED   __mpu_init                    
UNDEFED   _system_post_cinit            

[200 symbols]
