<?xml version="1.0" encoding="ISO-8859-1" ?>
<link_info>
   <banner>TI ARM Clang Linker PC v4.0.3.LTS</banner>
   <copyright>Copyright (c) 1996-2018 Texas Instruments Incorporated</copyright>
   <command_line>C:\ti\ccs2020\ccs\tools\compiler\ti-cgt-armllvm_4.0.3.LTS\bin\tiarmlnk -IC:\ti\ccs2020\ccs\tools\compiler\ti-cgt-armllvm_4.0.3.LTS\lib -o Lab2_3.out -mLab2_3.map -iC:/ti/mspm0_sdk_2_05_01_00/source -iC:/Users/panda/Documents/CMPE 146/CMPE146Lab/Lab2_3 -iC:/Users/panda/Documents/CMPE 146/CMPE146Lab/Lab2_3/Debug/syscfg -iC:/ti/ccs2020/ccs/tools/compiler/ti-cgt-armllvm_4.0.3.LTS/lib --diag_wrap=off --display_error_number --warn_sections --xml_link_info=Lab2_3_linkInfo.xml --rom_model ./Lab2_3.o ./ti_msp_dl_config.o ./startup_mspm0g350x_ticlang.o -l./device_linker.cmd -ldevice.cmd.genlibs -llibc.a --start-group -llibc++.a -llibc++abi.a -llibc.a -llibsys.a -llibsysbm.a -llibclang_rt.builtins.a -llibclang_rt.profile.a --end-group --cg_opt_level=2</command_line>
   <link_time>0x68d09e68</link_time>
   <link_errors>0x0</link_errors>
   <output_file>C:\Users\panda\Documents\CMPE 146\CMPE146Lab\Lab2_3\Debug\Lab2_3.out</output_file>
   <entry_point>
      <name>_c_int00_noargs</name>
      <address>0x19b9</address>
   </entry_point>
   <input_file_list>
      <input_file id="fl-1">
         <path>C:\Users\panda\Documents\CMPE 146\CMPE146Lab\Lab2_3\Debug\.\</path>
         <kind>object</kind>
         <file>Lab2_3.o</file>
         <name>Lab2_3.o</name>
      </input_file>
      <input_file id="fl-2">
         <path>C:\Users\panda\Documents\CMPE 146\CMPE146Lab\Lab2_3\Debug\.\</path>
         <kind>object</kind>
         <file>ti_msp_dl_config.o</file>
         <name>ti_msp_dl_config.o</name>
      </input_file>
      <input_file id="fl-3">
         <path>C:\Users\panda\Documents\CMPE 146\CMPE146Lab\Lab2_3\Debug\.\</path>
         <kind>object</kind>
         <file>startup_mspm0g350x_ticlang.o</file>
         <name>startup_mspm0g350x_ticlang.o</name>
      </input_file>
      <input_file id="fl-10">
         <path>C:\Users\panda\Documents\CMPE 146\CMPE146Lab\Lab2_3\Debug\</path>
         <kind>object</kind>
         <file>&lt;internal&gt;</file>
         <name>&lt;internal&gt;</name>
      </input_file>
      <input_file id="fl-11">
         <path>C:\ti\mspm0_sdk_2_05_01_00\source\ti\driverlib\lib\ticlang\m0p\mspm0g1x0x_g3x0x\</path>
         <kind>archive</kind>
         <file>driverlib.a</file>
         <name>dl_common.o</name>
      </input_file>
      <input_file id="fl-28">
         <path>C:\ti\ccs2020\ccs\tools\compiler\ti-cgt-armllvm_4.0.3.LTS\lib\armv6m-ti-none-eabi\c\</path>
         <kind>archive</kind>
         <file>libc.a</file>
         <name>printf.c.obj</name>
      </input_file>
      <input_file id="fl-29">
         <path>C:\ti\ccs2020\ccs\tools\compiler\ti-cgt-armllvm_4.0.3.LTS\lib\armv6m-ti-none-eabi\c\</path>
         <kind>archive</kind>
         <file>libc.a</file>
         <name>_printfi.c.obj</name>
      </input_file>
      <input_file id="fl-2a">
         <path>C:\ti\ccs2020\ccs\tools\compiler\ti-cgt-armllvm_4.0.3.LTS\lib\armv6m-ti-none-eabi\c\</path>
         <kind>archive</kind>
         <file>libc.a</file>
         <name>fputc.c.obj</name>
      </input_file>
      <input_file id="fl-2b">
         <path>C:\ti\ccs2020\ccs\tools\compiler\ti-cgt-armllvm_4.0.3.LTS\lib\armv6m-ti-none-eabi\c\</path>
         <kind>archive</kind>
         <file>libc.a</file>
         <name>fputs.c.obj</name>
      </input_file>
      <input_file id="fl-2c">
         <path>C:\ti\ccs2020\ccs\tools\compiler\ti-cgt-armllvm_4.0.3.LTS\lib\armv6m-ti-none-eabi\c\</path>
         <kind>archive</kind>
         <file>libc.a</file>
         <name>_io_perm.c.obj</name>
      </input_file>
      <input_file id="fl-2d">
         <path>C:\ti\ccs2020\ccs\tools\compiler\ti-cgt-armllvm_4.0.3.LTS\lib\armv6m-ti-none-eabi\c\</path>
         <kind>archive</kind>
         <file>libc.a</file>
         <name>setvbuf.c.obj</name>
      </input_file>
      <input_file id="fl-2e">
         <path>C:\ti\ccs2020\ccs\tools\compiler\ti-cgt-armllvm_4.0.3.LTS\lib\armv6m-ti-none-eabi\c\</path>
         <kind>archive</kind>
         <file>libc.a</file>
         <name>s_frexp.c.obj</name>
      </input_file>
      <input_file id="fl-2f">
         <path>C:\ti\ccs2020\ccs\tools\compiler\ti-cgt-armllvm_4.0.3.LTS\lib\armv6m-ti-none-eabi\c\</path>
         <kind>archive</kind>
         <file>libc.a</file>
         <name>s_scalbn.c.obj</name>
      </input_file>
      <input_file id="fl-30">
         <path>C:\ti\ccs2020\ccs\tools\compiler\ti-cgt-armllvm_4.0.3.LTS\lib\armv6m-ti-none-eabi\c\</path>
         <kind>archive</kind>
         <file>libc.a</file>
         <name>wcslen.c.obj</name>
      </input_file>
      <input_file id="fl-31">
         <path>C:\ti\ccs2020\ccs\tools\compiler\ti-cgt-armllvm_4.0.3.LTS\lib\armv6m-ti-none-eabi\c\</path>
         <kind>archive</kind>
         <file>libc.a</file>
         <name>aeabi_portable.c.obj</name>
      </input_file>
      <input_file id="fl-32">
         <path>C:\ti\ccs2020\ccs\tools\compiler\ti-cgt-armllvm_4.0.3.LTS\lib\armv6m-ti-none-eabi\c\</path>
         <kind>archive</kind>
         <file>libc.a</file>
         <name>exit.c.obj</name>
      </input_file>
      <input_file id="fl-33">
         <path>C:\ti\ccs2020\ccs\tools\compiler\ti-cgt-armllvm_4.0.3.LTS\lib\armv6m-ti-none-eabi\c\</path>
         <kind>archive</kind>
         <file>libc.a</file>
         <name>_lock.c.obj</name>
      </input_file>
      <input_file id="fl-34">
         <path>C:\ti\ccs2020\ccs\tools\compiler\ti-cgt-armllvm_4.0.3.LTS\lib\armv6m-ti-none-eabi\c\</path>
         <kind>archive</kind>
         <file>libc.a</file>
         <name>_ltoa.c.obj</name>
      </input_file>
      <input_file id="fl-35">
         <path>C:\ti\ccs2020\ccs\tools\compiler\ti-cgt-armllvm_4.0.3.LTS\lib\armv6m-ti-none-eabi\c\</path>
         <kind>archive</kind>
         <file>libc.a</file>
         <name>assert.c.obj</name>
      </input_file>
      <input_file id="fl-36">
         <path>C:\ti\ccs2020\ccs\tools\compiler\ti-cgt-armllvm_4.0.3.LTS\lib\armv6m-ti-none-eabi\c\</path>
         <kind>archive</kind>
         <file>libc.a</file>
         <name>atoi.c.obj</name>
      </input_file>
      <input_file id="fl-37">
         <path>C:\ti\ccs2020\ccs\tools\compiler\ti-cgt-armllvm_4.0.3.LTS\lib\armv6m-ti-none-eabi\c\</path>
         <kind>archive</kind>
         <file>libc.a</file>
         <name>defs.c.obj</name>
      </input_file>
      <input_file id="fl-38">
         <path>C:\ti\ccs2020\ccs\tools\compiler\ti-cgt-armllvm_4.0.3.LTS\lib\armv6m-ti-none-eabi\c\</path>
         <kind>archive</kind>
         <file>libc.a</file>
         <name>memccpy.c.obj</name>
      </input_file>
      <input_file id="fl-39">
         <path>C:\ti\ccs2020\ccs\tools\compiler\ti-cgt-armllvm_4.0.3.LTS\lib\armv6m-ti-none-eabi\c\</path>
         <kind>archive</kind>
         <file>libc.a</file>
         <name>memory.c.obj</name>
      </input_file>
      <input_file id="fl-3a">
         <path>C:\ti\ccs2020\ccs\tools\compiler\ti-cgt-armllvm_4.0.3.LTS\lib\armv6m-ti-none-eabi\c\</path>
         <kind>archive</kind>
         <file>libc.a</file>
         <name>boot_cortex_m.c.obj</name>
      </input_file>
      <input_file id="fl-3b">
         <path>C:\ti\ccs2020\ccs\tools\compiler\ti-cgt-armllvm_4.0.3.LTS\lib\armv6m-ti-none-eabi\c\</path>
         <kind>archive</kind>
         <file>libc.a</file>
         <name>mathacl_init.c.obj</name>
      </input_file>
      <input_file id="fl-3c">
         <path>C:\ti\ccs2020\ccs\tools\compiler\ti-cgt-armllvm_4.0.3.LTS\lib\armv6m-ti-none-eabi\c\</path>
         <kind>archive</kind>
         <file>libc.a</file>
         <name>autoinit.c.obj</name>
      </input_file>
      <input_file id="fl-3d">
         <path>C:\ti\ccs2020\ccs\tools\compiler\ti-cgt-armllvm_4.0.3.LTS\lib\armv6m-ti-none-eabi\c\</path>
         <kind>archive</kind>
         <file>libc.a</file>
         <name>pre_init.c.obj</name>
      </input_file>
      <input_file id="fl-3e">
         <path>C:\ti\ccs2020\ccs\tools\compiler\ti-cgt-armllvm_4.0.3.LTS\lib\armv6m-ti-none-eabi\c\</path>
         <kind>archive</kind>
         <file>libc.a</file>
         <name>cpy_tbl.c.obj</name>
      </input_file>
      <input_file id="fl-3f">
         <path>C:\ti\ccs2020\ccs\tools\compiler\ti-cgt-armllvm_4.0.3.LTS\lib\armv6m-ti-none-eabi\c\</path>
         <kind>archive</kind>
         <file>libc.a</file>
         <name>copy_zero_init.c.obj</name>
      </input_file>
      <input_file id="fl-40">
         <path>C:\ti\ccs2020\ccs\tools\compiler\ti-cgt-armllvm_4.0.3.LTS\lib\armv6m-ti-none-eabi\c\</path>
         <kind>archive</kind>
         <file>libc.a</file>
         <name>copy_decompress_none.c.obj</name>
      </input_file>
      <input_file id="fl-41">
         <path>C:\ti\ccs2020\ccs\tools\compiler\ti-cgt-armllvm_4.0.3.LTS\lib\armv6m-ti-none-eabi\c\</path>
         <kind>archive</kind>
         <file>libc.a</file>
         <name>copy_decompress_lzss.c.obj</name>
      </input_file>
      <input_file id="fl-42">
         <path>C:\ti\ccs2020\ccs\tools\compiler\ti-cgt-armllvm_4.0.3.LTS\lib\armv6m-ti-none-eabi\c\</path>
         <kind>archive</kind>
         <file>libc.a</file>
         <name>sprintf.c.obj</name>
      </input_file>
      <input_file id="fl-43">
         <path>C:\ti\ccs2020\ccs\tools\compiler\ti-cgt-armllvm_4.0.3.LTS\lib\armv6m-ti-none-eabi\c\</path>
         <kind>archive</kind>
         <file>libc.a</file>
         <name>fflush.c.obj</name>
      </input_file>
      <input_file id="fl-44">
         <path>C:\ti\ccs2020\ccs\tools\compiler\ti-cgt-armllvm_4.0.3.LTS\lib\armv6m-ti-none-eabi\c\</path>
         <kind>archive</kind>
         <file>libc.a</file>
         <name>fopen.c.obj</name>
      </input_file>
      <input_file id="fl-45">
         <path>C:\ti\ccs2020\ccs\tools\compiler\ti-cgt-armllvm_4.0.3.LTS\lib\armv6m-ti-none-eabi\c\</path>
         <kind>archive</kind>
         <file>libc.a</file>
         <name>fseek.c.obj</name>
      </input_file>
      <input_file id="fl-46">
         <path>C:\ti\ccs2020\ccs\tools\compiler\ti-cgt-armllvm_4.0.3.LTS\lib\armv6m-ti-none-eabi\c\</path>
         <kind>archive</kind>
         <file>libc.a</file>
         <name>aeabi_ctype.S.obj</name>
      </input_file>
      <input_file id="fl-47">
         <path>C:\ti\ccs2020\ccs\tools\compiler\ti-cgt-armllvm_4.0.3.LTS\lib\armv6m-ti-none-eabi\c\</path>
         <kind>archive</kind>
         <file>libc.a</file>
         <name>args_main.c.obj</name>
      </input_file>
      <input_file id="fl-48">
         <path>C:\ti\ccs2020\ccs\tools\compiler\ti-cgt-armllvm_4.0.3.LTS\lib\armv6m-ti-none-eabi\c\</path>
         <kind>archive</kind>
         <file>libc.a</file>
         <name>fclose.c.obj</name>
      </input_file>
      <input_file id="fl-e8">
         <path>C:\ti\ccs2020\ccs\tools\compiler\ti-cgt-armllvm_4.0.3.LTS\lib\armv6m-ti-none-eabi\c\</path>
         <kind>archive</kind>
         <file>libsysbm.a</file>
         <name>hostexit.c.obj</name>
      </input_file>
      <input_file id="fl-e9">
         <path>C:\ti\ccs2020\ccs\tools\compiler\ti-cgt-armllvm_4.0.3.LTS\lib\armv6m-ti-none-eabi\c\</path>
         <kind>archive</kind>
         <file>libsysbm.a</file>
         <name>write.c.obj</name>
      </input_file>
      <input_file id="fl-ea">
         <path>C:\ti\ccs2020\ccs\tools\compiler\ti-cgt-armllvm_4.0.3.LTS\lib\armv6m-ti-none-eabi\c\</path>
         <kind>archive</kind>
         <file>libsysbm.a</file>
         <name>host_device.c.obj</name>
      </input_file>
      <input_file id="fl-eb">
         <path>C:\ti\ccs2020\ccs\tools\compiler\ti-cgt-armllvm_4.0.3.LTS\lib\armv6m-ti-none-eabi\c\</path>
         <kind>archive</kind>
         <file>libsysbm.a</file>
         <name>remove.c.obj</name>
      </input_file>
      <input_file id="fl-ec">
         <path>C:\ti\ccs2020\ccs\tools\compiler\ti-cgt-armllvm_4.0.3.LTS\lib\armv6m-ti-none-eabi\c\</path>
         <kind>archive</kind>
         <file>libsysbm.a</file>
         <name>open.c.obj</name>
      </input_file>
      <input_file id="fl-ed">
         <path>C:\ti\ccs2020\ccs\tools\compiler\ti-cgt-armllvm_4.0.3.LTS\lib\armv6m-ti-none-eabi\c\</path>
         <kind>archive</kind>
         <file>libsysbm.a</file>
         <name>lseek.c.obj</name>
      </input_file>
      <input_file id="fl-ee">
         <path>C:\ti\ccs2020\ccs\tools\compiler\ti-cgt-armllvm_4.0.3.LTS\lib\armv6m-ti-none-eabi\c\</path>
         <kind>archive</kind>
         <file>libsysbm.a</file>
         <name>close.c.obj</name>
      </input_file>
      <input_file id="fl-ef">
         <path>C:\ti\ccs2020\ccs\tools\compiler\ti-cgt-armllvm_4.0.3.LTS\lib\armv6m-ti-none-eabi\c\</path>
         <kind>archive</kind>
         <file>libsysbm.a</file>
         <name>unlink.c.obj</name>
      </input_file>
      <input_file id="fl-f0">
         <path>C:\ti\ccs2020\ccs\tools\compiler\ti-cgt-armllvm_4.0.3.LTS\lib\armv6m-ti-none-eabi\c\</path>
         <kind>archive</kind>
         <file>libsysbm.a</file>
         <name>hostclose.c.obj</name>
      </input_file>
      <input_file id="fl-f1">
         <path>C:\ti\ccs2020\ccs\tools\compiler\ti-cgt-armllvm_4.0.3.LTS\lib\armv6m-ti-none-eabi\c\</path>
         <kind>archive</kind>
         <file>libsysbm.a</file>
         <name>hostlseek.c.obj</name>
      </input_file>
      <input_file id="fl-f2">
         <path>C:\ti\ccs2020\ccs\tools\compiler\ti-cgt-armllvm_4.0.3.LTS\lib\armv6m-ti-none-eabi\c\</path>
         <kind>archive</kind>
         <file>libsysbm.a</file>
         <name>hostopen.c.obj</name>
      </input_file>
      <input_file id="fl-f3">
         <path>C:\ti\ccs2020\ccs\tools\compiler\ti-cgt-armllvm_4.0.3.LTS\lib\armv6m-ti-none-eabi\c\</path>
         <kind>archive</kind>
         <file>libsysbm.a</file>
         <name>hostread.c.obj</name>
      </input_file>
      <input_file id="fl-f4">
         <path>C:\ti\ccs2020\ccs\tools\compiler\ti-cgt-armllvm_4.0.3.LTS\lib\armv6m-ti-none-eabi\c\</path>
         <kind>archive</kind>
         <file>libsysbm.a</file>
         <name>hostrename.c.obj</name>
      </input_file>
      <input_file id="fl-f5">
         <path>C:\ti\ccs2020\ccs\tools\compiler\ti-cgt-armllvm_4.0.3.LTS\lib\armv6m-ti-none-eabi\c\</path>
         <kind>archive</kind>
         <file>libsysbm.a</file>
         <name>hostunlink.c.obj</name>
      </input_file>
      <input_file id="fl-f6">
         <path>C:\ti\ccs2020\ccs\tools\compiler\ti-cgt-armllvm_4.0.3.LTS\lib\armv6m-ti-none-eabi\c\</path>
         <kind>archive</kind>
         <file>libsysbm.a</file>
         <name>hostwrite.c.obj</name>
      </input_file>
      <input_file id="fl-f7">
         <path>C:\ti\ccs2020\ccs\tools\compiler\ti-cgt-armllvm_4.0.3.LTS\lib\armv6m-ti-none-eabi\c\</path>
         <kind>archive</kind>
         <file>libsysbm.a</file>
         <name>trgmsg.c.obj</name>
      </input_file>
      <input_file id="fl-f8">
         <path>C:\ti\ccs2020\ccs\tools\compiler\ti-cgt-armllvm_4.0.3.LTS\lib\armv6m-ti-none-eabi\</path>
         <kind>archive</kind>
         <file>libclang_rt.builtins.a</file>
         <name>adddf3.S.obj</name>
      </input_file>
      <input_file id="fl-f9">
         <path>C:\ti\ccs2020\ccs\tools\compiler\ti-cgt-armllvm_4.0.3.LTS\lib\armv6m-ti-none-eabi\</path>
         <kind>archive</kind>
         <file>libclang_rt.builtins.a</file>
         <name>muldf3.S.obj</name>
      </input_file>
      <input_file id="fl-fa">
         <path>C:\ti\ccs2020\ccs\tools\compiler\ti-cgt-armllvm_4.0.3.LTS\lib\armv6m-ti-none-eabi\</path>
         <kind>archive</kind>
         <file>libclang_rt.builtins.a</file>
         <name>muldsi3.S.obj</name>
      </input_file>
      <input_file id="fl-fb">
         <path>C:\ti\ccs2020\ccs\tools\compiler\ti-cgt-armllvm_4.0.3.LTS\lib\armv6m-ti-none-eabi\</path>
         <kind>archive</kind>
         <file>libclang_rt.builtins.a</file>
         <name>divdf3.S.obj</name>
      </input_file>
      <input_file id="fl-fc">
         <path>C:\ti\ccs2020\ccs\tools\compiler\ti-cgt-armllvm_4.0.3.LTS\lib\armv6m-ti-none-eabi\</path>
         <kind>archive</kind>
         <file>libclang_rt.builtins.a</file>
         <name>fixdfsi.S.obj</name>
      </input_file>
      <input_file id="fl-fd">
         <path>C:\ti\ccs2020\ccs\tools\compiler\ti-cgt-armllvm_4.0.3.LTS\lib\armv6m-ti-none-eabi\</path>
         <kind>archive</kind>
         <file>libclang_rt.builtins.a</file>
         <name>floatsidf.S.obj</name>
      </input_file>
      <input_file id="fl-fe">
         <path>C:\ti\ccs2020\ccs\tools\compiler\ti-cgt-armllvm_4.0.3.LTS\lib\armv6m-ti-none-eabi\</path>
         <kind>archive</kind>
         <file>libclang_rt.builtins.a</file>
         <name>muldi3.S.obj</name>
      </input_file>
      <input_file id="fl-ff">
         <path>C:\ti\ccs2020\ccs\tools\compiler\ti-cgt-armllvm_4.0.3.LTS\lib\armv6m-ti-none-eabi\</path>
         <kind>archive</kind>
         <file>libclang_rt.builtins.a</file>
         <name>aeabi_dcmp.S.obj</name>
      </input_file>
      <input_file id="fl-100">
         <path>C:\ti\ccs2020\ccs\tools\compiler\ti-cgt-armllvm_4.0.3.LTS\lib\armv6m-ti-none-eabi\</path>
         <kind>archive</kind>
         <file>libclang_rt.builtins.a</file>
         <name>aeabi_idivmod.S.obj</name>
      </input_file>
      <input_file id="fl-101">
         <path>C:\ti\ccs2020\ccs\tools\compiler\ti-cgt-armllvm_4.0.3.LTS\lib\armv6m-ti-none-eabi\</path>
         <kind>archive</kind>
         <file>libclang_rt.builtins.a</file>
         <name>aeabi_memcpy.S.obj</name>
      </input_file>
      <input_file id="fl-102">
         <path>C:\ti\ccs2020\ccs\tools\compiler\ti-cgt-armllvm_4.0.3.LTS\lib\armv6m-ti-none-eabi\</path>
         <kind>archive</kind>
         <file>libclang_rt.builtins.a</file>
         <name>aeabi_memset.S.obj</name>
      </input_file>
      <input_file id="fl-103">
         <path>C:\ti\ccs2020\ccs\tools\compiler\ti-cgt-armllvm_4.0.3.LTS\lib\armv6m-ti-none-eabi\</path>
         <kind>archive</kind>
         <file>libclang_rt.builtins.a</file>
         <name>aeabi_uidivmod.S.obj</name>
      </input_file>
      <input_file id="fl-104">
         <path>C:\ti\ccs2020\ccs\tools\compiler\ti-cgt-armllvm_4.0.3.LTS\lib\armv6m-ti-none-eabi\</path>
         <kind>archive</kind>
         <file>libclang_rt.builtins.a</file>
         <name>aeabi_uldivmod.S.obj</name>
      </input_file>
      <input_file id="fl-105">
         <path>C:\ti\ccs2020\ccs\tools\compiler\ti-cgt-armllvm_4.0.3.LTS\lib\armv6m-ti-none-eabi\</path>
         <kind>archive</kind>
         <file>libclang_rt.builtins.a</file>
         <name>udivmoddi4.S.obj</name>
      </input_file>
      <input_file id="fl-106">
         <path>C:\ti\ccs2020\ccs\tools\compiler\ti-cgt-armllvm_4.0.3.LTS\lib\armv6m-ti-none-eabi\</path>
         <kind>archive</kind>
         <file>libclang_rt.builtins.a</file>
         <name>ashldi3.S.obj</name>
      </input_file>
      <input_file id="fl-107">
         <path>C:\ti\ccs2020\ccs\tools\compiler\ti-cgt-armllvm_4.0.3.LTS\lib\armv6m-ti-none-eabi\</path>
         <kind>archive</kind>
         <file>libclang_rt.builtins.a</file>
         <name>comparedf2.c.obj</name>
      </input_file>
      <input_file id="fl-108">
         <path>C:\ti\ccs2020\ccs\tools\compiler\ti-cgt-armllvm_4.0.3.LTS\lib\armv6m-ti-none-eabi\</path>
         <kind>archive</kind>
         <file>libclang_rt.builtins.a</file>
         <name>aeabi_div0.c.obj</name>
      </input_file>
      <input_file id="fl-109">
         <path>C:\ti\ccs2020\ccs\tools\compiler\ti-cgt-armllvm_4.0.3.LTS\lib\armv6m-ti-none-eabi\c\</path>
         <kind>archive</kind>
         <file>libc.a</file>
         <name>getdevice.c.obj</name>
      </input_file>
      <input_file id="fl-10a">
         <path>C:\ti\ccs2020\ccs\tools\compiler\ti-cgt-armllvm_4.0.3.LTS\lib\armv6m-ti-none-eabi\c\</path>
         <kind>archive</kind>
         <file>libc.a</file>
         <name>memcpy16.S.obj</name>
      </input_file>
      <input_file id="fl-10b">
         <path>C:\ti\ccs2020\ccs\tools\compiler\ti-cgt-armllvm_4.0.3.LTS\lib\armv6m-ti-none-eabi\c\</path>
         <kind>archive</kind>
         <file>libc.a</file>
         <name>memset16.S.obj</name>
      </input_file>
      <input_file id="fl-10c">
         <path>C:\ti\ccs2020\ccs\tools\compiler\ti-cgt-armllvm_4.0.3.LTS\lib\armv6m-ti-none-eabi\c\</path>
         <kind>archive</kind>
         <file>libc.a</file>
         <name>strcmp-armv6m.S.obj</name>
      </input_file>
   </input_file_list>
   <object_component_list>
      <object_component id="oc-18">
         <name>.intvecs</name>
         <load_address>0x0</load_address>
         <readonly>true</readonly>
         <run_address>0x0</run_address>
         <size>0xc0</size>
         <alignment>0x4</alignment>
         <input_file_ref idref="fl-3"/>
      </object_component>
      <object_component id="oc-d4">
         <name>.text:__TI_printfi_nofloat</name>
         <load_address>0xc0</load_address>
         <readonly>true</readonly>
         <executable>true</executable>
         <run_address>0xc0</run_address>
         <size>0x868</size>
         <alignment>0x4</alignment>
         <input_file_ref idref="fl-29"/>
      </object_component>
      <object_component id="oc-1d3">
         <name>.text.aligned_alloc</name>
         <load_address>0x928</load_address>
         <readonly>true</readonly>
         <executable>true</executable>
         <run_address>0x928</run_address>
         <size>0x114</size>
         <alignment>0x4</alignment>
         <input_file_ref idref="fl-39"/>
      </object_component>
      <object_component id="oc-df">
         <name>.text.fputs</name>
         <load_address>0xa3c</load_address>
         <readonly>true</readonly>
         <executable>true</executable>
         <run_address>0xa3c</run_address>
         <size>0xf8</size>
         <alignment>0x4</alignment>
         <input_file_ref idref="fl-2b"/>
      </object_component>
      <object_component id="oc-1b3">
         <name>.text.free</name>
         <load_address>0xb34</load_address>
         <readonly>true</readonly>
         <executable>true</executable>
         <run_address>0xb34</run_address>
         <size>0xe8</size>
         <alignment>0x4</alignment>
         <input_file_ref idref="fl-39"/>
      </object_component>
      <object_component id="oc-185">
         <name>.text.setvbuf</name>
         <load_address>0xc1c</load_address>
         <readonly>true</readonly>
         <executable>true</executable>
         <run_address>0xc1c</run_address>
         <size>0xe0</size>
         <alignment>0x4</alignment>
         <input_file_ref idref="fl-2d"/>
      </object_component>
      <object_component id="oc-63">
         <name>.text.main</name>
         <load_address>0xcfc</load_address>
         <readonly>true</readonly>
         <executable>true</executable>
         <run_address>0xcfc</run_address>
         <size>0xcc</size>
         <alignment>0x4</alignment>
         <input_file_ref idref="fl-1"/>
      </object_component>
      <object_component id="oc-14b">
         <name>.text</name>
         <load_address>0xdc8</load_address>
         <readonly>true</readonly>
         <executable>true</executable>
         <run_address>0xdc8</run_address>
         <size>0xa2</size>
         <alignment>0x4</alignment>
         <input_file_ref idref="fl-105"/>
      </object_component>
      <object_component id="oc-33">
         <name>.text.Default_Handler</name>
         <load_address>0xe6a</load_address>
         <readonly>true</readonly>
         <executable>true</executable>
         <run_address>0xe6a</run_address>
         <size>0x2</size>
         <alignment>0x2</alignment>
         <input_file_ref idref="fl-3"/>
      </object_component>
      <object_component id="oc-e5">
         <name>.text.fputc</name>
         <load_address>0xe6c</load_address>
         <readonly>true</readonly>
         <executable>true</executable>
         <run_address>0xe6c</run_address>
         <size>0x9c</size>
         <alignment>0x4</alignment>
         <input_file_ref idref="fl-2a"/>
      </object_component>
      <object_component id="oc-76">
         <name>.text:memcpy</name>
         <load_address>0xf08</load_address>
         <readonly>true</readonly>
         <executable>true</executable>
         <run_address>0xf08</run_address>
         <size>0x9a</size>
         <alignment>0x1</alignment>
         <input_file_ref idref="fl-10a"/>
      </object_component>
      <object_component id="oc-1ce">
         <name>.text.OUTLINED_FUNCTION_0</name>
         <load_address>0xfa2</load_address>
         <readonly>true</readonly>
         <executable>true</executable>
         <run_address>0xfa2</run_address>
         <size>0xe</size>
         <alignment>0x2</alignment>
         <input_file_ref idref="fl-39"/>
      </object_component>
      <object_component id="oc-243">
         <name>.text:strcmp</name>
         <load_address>0xfb0</load_address>
         <readonly>true</readonly>
         <executable>true</executable>
         <run_address>0xfb0</run_address>
         <size>0x88</size>
         <alignment>0x10</alignment>
         <input_file_ref idref="fl-10c"/>
      </object_component>
      <object_component id="oc-1d4">
         <name>.text.__TI_closefile</name>
         <load_address>0x1038</load_address>
         <readonly>true</readonly>
         <executable>true</executable>
         <run_address>0x1038</run_address>
         <size>0x7c</size>
         <alignment>0x4</alignment>
         <input_file_ref idref="fl-48"/>
      </object_component>
      <object_component id="oc-1c">
         <name>.text:decompress:lzss</name>
         <load_address>0x10b4</load_address>
         <readonly>true</readonly>
         <executable>true</executable>
         <run_address>0x10b4</run_address>
         <size>0x7c</size>
         <alignment>0x4</alignment>
         <input_file_ref idref="fl-41"/>
      </object_component>
      <object_component id="oc-1ed">
         <name>.text.HOSTlseek</name>
         <load_address>0x1130</load_address>
         <readonly>true</readonly>
         <executable>true</executable>
         <run_address>0x1130</run_address>
         <size>0x6c</size>
         <alignment>0x4</alignment>
         <input_file_ref idref="fl-f1"/>
      </object_component>
      <object_component id="oc-1f5">
         <name>.text.HOSTrename</name>
         <load_address>0x119c</load_address>
         <readonly>true</readonly>
         <executable>true</executable>
         <run_address>0x119c</run_address>
         <size>0x6c</size>
         <alignment>0x4</alignment>
         <input_file_ref idref="fl-f4"/>
      </object_component>
      <object_component id="oc-1b0">
         <name>.text.fseeko</name>
         <load_address>0x1208</load_address>
         <readonly>true</readonly>
         <executable>true</executable>
         <run_address>0x1208</run_address>
         <size>0x6c</size>
         <alignment>0x4</alignment>
         <input_file_ref idref="fl-45"/>
      </object_component>
      <object_component id="oc-237">
         <name>.text.getdevice</name>
         <load_address>0x1274</load_address>
         <readonly>true</readonly>
         <executable>true</executable>
         <run_address>0x1274</run_address>
         <size>0x6c</size>
         <alignment>0x4</alignment>
         <input_file_ref idref="fl-109"/>
      </object_component>
      <object_component id="oc-11e">
         <name>.text.__TI_wrt_ok</name>
         <load_address>0x12e0</load_address>
         <readonly>true</readonly>
         <executable>true</executable>
         <run_address>0x12e0</run_address>
         <size>0x64</size>
         <alignment>0x2</alignment>
         <input_file_ref idref="fl-2c"/>
      </object_component>
      <object_component id="oc-1ff">
         <name>.text.split</name>
         <load_address>0x1344</load_address>
         <readonly>true</readonly>
         <executable>true</executable>
         <run_address>0x1344</run_address>
         <size>0x64</size>
         <alignment>0x4</alignment>
         <input_file_ref idref="fl-39"/>
      </object_component>
      <object_component id="oc-ab">
         <name>.text:memset</name>
         <load_address>0x13a8</load_address>
         <readonly>true</readonly>
         <executable>true</executable>
         <run_address>0x13a8</run_address>
         <size>0x62</size>
         <alignment>0x1</alignment>
         <input_file_ref idref="fl-10b"/>
      </object_component>
      <object_component id="oc-ad">
         <name>.text.SYSCFG_DL_GPIO_init</name>
         <load_address>0x140a</load_address>
         <readonly>true</readonly>
         <executable>true</executable>
         <run_address>0x140a</run_address>
         <size>0x2</size>
         <alignment>0x2</alignment>
         <input_file_ref idref="fl-2"/>
      </object_component>
      <object_component id="oc-1dd">
         <name>.text.HOSTopen</name>
         <load_address>0x140c</load_address>
         <readonly>true</readonly>
         <executable>true</executable>
         <run_address>0x140c</run_address>
         <size>0x60</size>
         <alignment>0x4</alignment>
         <input_file_ref idref="fl-f2"/>
      </object_component>
      <object_component id="oc-80">
         <name>.text.printf</name>
         <load_address>0x146c</load_address>
         <readonly>true</readonly>
         <executable>true</executable>
         <run_address>0x146c</run_address>
         <size>0x5c</size>
         <alignment>0x4</alignment>
         <input_file_ref idref="fl-28"/>
      </object_component>
      <object_component id="oc-1e5">
         <name>.text.HOSTread</name>
         <load_address>0x14c8</load_address>
         <readonly>true</readonly>
         <executable>true</executable>
         <run_address>0x14c8</run_address>
         <size>0x58</size>
         <alignment>0x4</alignment>
         <input_file_ref idref="fl-f3"/>
      </object_component>
      <object_component id="oc-1e9">
         <name>.text.HOSTwrite</name>
         <load_address>0x1520</load_address>
         <readonly>true</readonly>
         <executable>true</executable>
         <run_address>0x1520</run_address>
         <size>0x58</size>
         <alignment>0x4</alignment>
         <input_file_ref idref="fl-f6"/>
      </object_component>
      <object_component id="oc-128">
         <name>.text.__TI_doflush</name>
         <load_address>0x1578</load_address>
         <readonly>true</readonly>
         <executable>true</executable>
         <run_address>0x1578</run_address>
         <size>0x52</size>
         <alignment>0x2</alignment>
         <input_file_ref idref="fl-43"/>
      </object_component>
      <object_component id="oc-135">
         <name>.text.__aeabi_idiv0</name>
         <load_address>0x15ca</load_address>
         <readonly>true</readonly>
         <executable>true</executable>
         <run_address>0x15ca</run_address>
         <size>0x2</size>
         <alignment>0x2</alignment>
         <input_file_ref idref="fl-108"/>
      </object_component>
      <object_component id="oc-201">
         <name>.text.close</name>
         <load_address>0x15cc</load_address>
         <readonly>true</readonly>
         <executable>true</executable>
         <run_address>0x15cc</run_address>
         <size>0x50</size>
         <alignment>0x4</alignment>
         <input_file_ref idref="fl-ee"/>
      </object_component>
      <object_component id="oc-1e1">
         <name>.text.HOSTclose</name>
         <load_address>0x161c</load_address>
         <readonly>true</readonly>
         <executable>true</executable>
         <run_address>0x161c</run_address>
         <size>0x48</size>
         <alignment>0x4</alignment>
         <input_file_ref idref="fl-f0"/>
      </object_component>
      <object_component id="oc-1f1">
         <name>.text.HOSTunlink</name>
         <load_address>0x1664</load_address>
         <readonly>true</readonly>
         <executable>true</executable>
         <run_address>0x1664</run_address>
         <size>0x48</size>
         <alignment>0x4</alignment>
         <input_file_ref idref="fl-f5"/>
      </object_component>
      <object_component id="oc-ae">
         <name>.text.SYSCFG_DL_SYSCTL_init</name>
         <load_address>0x16ac</load_address>
         <readonly>true</readonly>
         <executable>true</executable>
         <run_address>0x16ac</run_address>
         <size>0x40</size>
         <alignment>0x4</alignment>
         <input_file_ref idref="fl-2"/>
      </object_component>
      <object_component id="oc-fa">
         <name>.text.__aeabi_uidivmod</name>
         <load_address>0x16ec</load_address>
         <readonly>true</readonly>
         <executable>true</executable>
         <run_address>0x16ec</run_address>
         <size>0x40</size>
         <alignment>0x4</alignment>
         <input_file_ref idref="fl-103"/>
      </object_component>
      <object_component id="oc-100">
         <name>.text.atoi</name>
         <load_address>0x172c</load_address>
         <readonly>true</readonly>
         <executable>true</executable>
         <run_address>0x172c</run_address>
         <size>0x40</size>
         <alignment>0x4</alignment>
         <input_file_ref idref="fl-36"/>
      </object_component>
      <object_component id="oc-93">
         <name>.text:__TI_auto_init_nobinit_nopinit</name>
         <load_address>0x176c</load_address>
         <readonly>true</readonly>
         <executable>true</executable>
         <run_address>0x176c</run_address>
         <size>0x3c</size>
         <alignment>0x4</alignment>
         <input_file_ref idref="fl-3c"/>
      </object_component>
      <object_component id="oc-146">
         <name>.text.__muldsi3</name>
         <load_address>0x17a8</load_address>
         <readonly>true</readonly>
         <executable>true</executable>
         <run_address>0x17a8</run_address>
         <size>0x3a</size>
         <alignment>0x4</alignment>
         <input_file_ref idref="fl-fa"/>
      </object_component>
      <object_component id="oc-196">
         <name>.text.__aeabi_ldiv0</name>
         <load_address>0x17e2</load_address>
         <readonly>true</readonly>
         <executable>true</executable>
         <run_address>0x17e2</run_address>
         <size>0x2</size>
         <alignment>0x2</alignment>
         <input_file_ref idref="fl-108"/>
      </object_component>
      <object_component id="oc-1ba">
         <name>.text.__TI_cleanup</name>
         <load_address>0x17e4</load_address>
         <readonly>true</readonly>
         <executable>true</executable>
         <run_address>0x17e4</run_address>
         <size>0x34</size>
         <alignment>0x4</alignment>
         <input_file_ref idref="fl-44"/>
      </object_component>
      <object_component id="oc-212">
         <name>.text.__TI_readmsg</name>
         <load_address>0x1818</load_address>
         <readonly>true</readonly>
         <executable>true</executable>
         <run_address>0x1818</run_address>
         <size>0x34</size>
         <alignment>0x4</alignment>
         <input_file_ref idref="fl-f7"/>
      </object_component>
      <object_component id="oc-20c">
         <name>.text.__TI_writemsg</name>
         <load_address>0x184c</load_address>
         <readonly>true</readonly>
         <executable>true</executable>
         <run_address>0x184c</run_address>
         <size>0x34</size>
         <alignment>0x4</alignment>
         <input_file_ref idref="fl-f7"/>
      </object_component>
      <object_component id="oc-91">
         <name>.text.exit</name>
         <load_address>0x1880</load_address>
         <readonly>true</readonly>
         <executable>true</executable>
         <run_address>0x1880</run_address>
         <size>0x34</size>
         <alignment>0x4</alignment>
         <input_file_ref idref="fl-32"/>
      </object_component>
      <object_component id="oc-240">
         <name>.text.finddevice</name>
         <load_address>0x18b4</load_address>
         <readonly>true</readonly>
         <executable>true</executable>
         <run_address>0x18b4</run_address>
         <size>0x34</size>
         <alignment>0x4</alignment>
         <input_file_ref idref="fl-109"/>
      </object_component>
      <object_component id="oc-ac">
         <name>.text.SYSCFG_DL_initPower</name>
         <load_address>0x18e8</load_address>
         <readonly>true</readonly>
         <executable>true</executable>
         <run_address>0x18e8</run_address>
         <size>0x2c</size>
         <alignment>0x4</alignment>
         <input_file_ref idref="fl-2"/>
      </object_component>
      <object_component id="oc-22d">
         <name>.text.unlink</name>
         <load_address>0x1914</load_address>
         <readonly>true</readonly>
         <executable>true</executable>
         <run_address>0x1914</run_address>
         <size>0x2c</size>
         <alignment>0x4</alignment>
         <input_file_ref idref="fl-ef"/>
      </object_component>
      <object_component id="oc-1cf">
         <name>.text.free_list_insert</name>
         <load_address>0x1940</load_address>
         <readonly>true</readonly>
         <executable>true</executable>
         <run_address>0x1940</run_address>
         <size>0x28</size>
         <alignment>0x4</alignment>
         <input_file_ref idref="fl-39"/>
      </object_component>
      <object_component id="oc-1c9">
         <name>.text.lseek</name>
         <load_address>0x1968</load_address>
         <readonly>true</readonly>
         <executable>true</executable>
         <run_address>0x1968</run_address>
         <size>0x28</size>
         <alignment>0x4</alignment>
         <input_file_ref idref="fl-ed"/>
      </object_component>
      <object_component id="oc-124">
         <name>.text.write</name>
         <load_address>0x1990</load_address>
         <readonly>true</readonly>
         <executable>true</executable>
         <run_address>0x1990</run_address>
         <size>0x28</size>
         <alignment>0x4</alignment>
         <input_file_ref idref="fl-e9"/>
      </object_component>
      <object_component id="oc-4f">
         <name>.text:_c_int00_noargs</name>
         <load_address>0x19b8</load_address>
         <readonly>true</readonly>
         <executable>true</executable>
         <run_address>0x19b8</run_address>
         <size>0x28</size>
         <alignment>0x4</alignment>
         <input_file_ref idref="fl-3a"/>
      </object_component>
      <object_component id="oc-10d">
         <name>.text.__muldi3</name>
         <load_address>0x19e0</load_address>
         <readonly>true</readonly>
         <executable>true</executable>
         <run_address>0x19e0</run_address>
         <size>0x24</size>
         <alignment>0x4</alignment>
         <input_file_ref idref="fl-fe"/>
      </object_component>
      <object_component id="oc-f5">
         <name>.text.memccpy</name>
         <load_address>0x1a04</load_address>
         <readonly>true</readonly>
         <executable>true</executable>
         <run_address>0x1a04</run_address>
         <size>0x22</size>
         <alignment>0x2</alignment>
         <input_file_ref idref="fl-38"/>
      </object_component>
      <object_component id="oc-d6">
         <name>.text._nop</name>
         <load_address>0x1a26</load_address>
         <readonly>true</readonly>
         <executable>true</executable>
         <run_address>0x1a26</run_address>
         <size>0x2</size>
         <alignment>0x2</alignment>
         <input_file_ref idref="fl-33"/>
      </object_component>
      <object_component id="oc-197">
         <name>.text.__ashldi3</name>
         <load_address>0x1a28</load_address>
         <readonly>true</readonly>
         <executable>true</executable>
         <run_address>0x1a28</run_address>
         <size>0x1e</size>
         <alignment>0x4</alignment>
         <input_file_ref idref="fl-106"/>
      </object_component>
      <object_component id="oc-1cd">
         <name>.text.free_list_remove</name>
         <load_address>0x1a48</load_address>
         <readonly>true</readonly>
         <executable>true</executable>
         <run_address>0x1a48</run_address>
         <size>0x1c</size>
         <alignment>0x4</alignment>
         <input_file_ref idref="fl-39"/>
      </object_component>
      <object_component id="oc-46">
         <name>.text:decompress:ZI:__TI_zero_init_nomemset</name>
         <load_address>0x1a64</load_address>
         <readonly>true</readonly>
         <executable>true</executable>
         <run_address>0x1a64</run_address>
         <size>0x16</size>
         <alignment>0x2</alignment>
         <input_file_ref idref="fl-3f"/>
      </object_component>
      <object_component id="oc-112">
         <name>.text.__aeabi_uldivmod</name>
         <load_address>0x1a7c</load_address>
         <readonly>true</readonly>
         <executable>true</executable>
         <run_address>0x1a7c</run_address>
         <size>0x14</size>
         <alignment>0x4</alignment>
         <input_file_ref idref="fl-104"/>
      </object_component>
      <object_component id="oc-20">
         <name>.text:decompress:none</name>
         <load_address>0x1a90</load_address>
         <readonly>true</readonly>
         <executable>true</executable>
         <run_address>0x1a90</run_address>
         <size>0x12</size>
         <alignment>0x2</alignment>
         <input_file_ref idref="fl-40"/>
      </object_component>
      <object_component id="oc-7b">
         <name>.text.SYSCFG_DL_init</name>
         <load_address>0x1aa2</load_address>
         <readonly>true</readonly>
         <executable>true</executable>
         <run_address>0x1aa2</run_address>
         <size>0x10</size>
         <alignment>0x2</alignment>
         <input_file_ref idref="fl-2"/>
      </object_component>
      <object_component id="oc-104">
         <name>.text.wcslen</name>
         <load_address>0x1ab2</load_address>
         <readonly>true</readonly>
         <executable>true</executable>
         <run_address>0x1ab2</run_address>
         <size>0x10</size>
         <alignment>0x2</alignment>
         <input_file_ref idref="fl-30"/>
      </object_component>
      <object_component id="oc-f4">
         <name>.text.__aeabi_memset</name>
         <load_address>0x1ac4</load_address>
         <readonly>true</readonly>
         <executable>true</executable>
         <run_address>0x1ac4</run_address>
         <size>0xe</size>
         <alignment>0x4</alignment>
         <input_file_ref idref="fl-102"/>
      </object_component>
      <object_component id="oc-226">
         <name>.text.strcpy</name>
         <load_address>0x1ad2</load_address>
         <readonly>true</readonly>
         <executable>true</executable>
         <run_address>0x1ad2</run_address>
         <size>0xe</size>
         <alignment>0x2</alignment>
         <input_file_ref idref="fl-f4"/>
      </object_component>
      <object_component id="oc-f3">
         <name>.text.strlen</name>
         <load_address>0x1ae0</load_address>
         <readonly>true</readonly>
         <executable>true</executable>
         <run_address>0x1ae0</run_address>
         <size>0xe</size>
         <alignment>0x2</alignment>
         <input_file_ref idref="fl-29"/>
      </object_component>
      <object_component id="oc-227">
         <name>.text.strlen</name>
         <load_address>0x1aee</load_address>
         <readonly>true</readonly>
         <executable>true</executable>
         <run_address>0x1aee</run_address>
         <size>0xe</size>
         <alignment>0x2</alignment>
         <input_file_ref idref="fl-f4"/>
      </object_component>
      <object_component id="oc-5a">
         <name>.text.__aeabi_memclr</name>
         <load_address>0x1afc</load_address>
         <readonly>true</readonly>
         <executable>true</executable>
         <run_address>0x1afc</run_address>
         <size>0xc</size>
         <alignment>0x4</alignment>
         <input_file_ref idref="fl-102"/>
      </object_component>
      <object_component id="oc-1b9">
         <name>.text.malloc</name>
         <load_address>0x1b08</load_address>
         <readonly>true</readonly>
         <executable>true</executable>
         <run_address>0x1b08</run_address>
         <size>0xc</size>
         <alignment>0x2</alignment>
         <input_file_ref idref="fl-39"/>
      </object_component>
      <object_component id="oc-ca">
         <name>.text.DL_Common_delayCycles</name>
         <load_address>0x1b14</load_address>
         <readonly>true</readonly>
         <executable>true</executable>
         <run_address>0x1b14</run_address>
         <size>0xa</size>
         <alignment>0x2</alignment>
         <input_file_ref idref="fl-11"/>
      </object_component>
      <object_component id="oc-108">
         <name>.text.__aeabi_errno_addr</name>
         <load_address>0x1b20</load_address>
         <readonly>true</readonly>
         <executable>true</executable>
         <run_address>0x1b20</run_address>
         <size>0x8</size>
         <alignment>0x4</alignment>
         <input_file_ref idref="fl-31"/>
      </object_component>
      <object_component id="oc-3f">
         <name>.text.__aeabi_memcpy</name>
         <load_address>0x1b28</load_address>
         <readonly>true</readonly>
         <executable>true</executable>
         <run_address>0x1b28</run_address>
         <size>0x8</size>
         <alignment>0x4</alignment>
         <input_file_ref idref="fl-101"/>
      </object_component>
      <object_component id="oc-b8">
         <name>.text._outc</name>
         <load_address>0x1b30</load_address>
         <readonly>true</readonly>
         <executable>true</executable>
         <run_address>0x1b30</run_address>
         <size>0x8</size>
         <alignment>0x2</alignment>
         <input_file_ref idref="fl-28"/>
      </object_component>
      <object_component id="oc-b7">
         <name>.text._outs</name>
         <load_address>0x1b38</load_address>
         <readonly>true</readonly>
         <executable>true</executable>
         <run_address>0x1b38</run_address>
         <size>0x8</size>
         <alignment>0x2</alignment>
         <input_file_ref idref="fl-28"/>
      </object_component>
      <object_component id="oc-17f">
         <name>.text.fseek</name>
         <load_address>0x1b40</load_address>
         <readonly>true</readonly>
         <executable>true</executable>
         <run_address>0x1b40</run_address>
         <size>0x8</size>
         <alignment>0x2</alignment>
         <input_file_ref idref="fl-45"/>
      </object_component>
      <object_component id="oc-205">
         <name>.text.remove</name>
         <load_address>0x1b48</load_address>
         <readonly>true</readonly>
         <executable>true</executable>
         <run_address>0x1b48</run_address>
         <size>0x8</size>
         <alignment>0x2</alignment>
         <input_file_ref idref="fl-eb"/>
      </object_component>
      <object_component id="oc-8c">
         <name>.text:abort</name>
         <load_address>0x1b50</load_address>
         <readonly>true</readonly>
         <executable>true</executable>
         <run_address>0x1b50</run_address>
         <size>0x6</size>
         <alignment>0x2</alignment>
         <input_file_ref idref="fl-32"/>
      </object_component>
      <object_component id="oc-bc">
         <name>.text.HOSTexit</name>
         <load_address>0x1b56</load_address>
         <readonly>true</readonly>
         <executable>true</executable>
         <run_address>0x1b56</run_address>
         <size>0x4</size>
         <alignment>0x2</alignment>
         <input_file_ref idref="fl-e8"/>
      </object_component>
      <object_component id="oc-2f">
         <name>.text.Reset_Handler</name>
         <load_address>0x1b5a</load_address>
         <readonly>true</readonly>
         <executable>true</executable>
         <run_address>0x1b5a</run_address>
         <size>0x4</size>
         <alignment>0x2</alignment>
         <input_file_ref idref="fl-3"/>
      </object_component>
      <object_component id="oc-5f">
         <name>.text._system_pre_init</name>
         <load_address>0x1b5e</load_address>
         <readonly>true</readonly>
         <executable>true</executable>
         <run_address>0x1b5e</run_address>
         <size>0x4</size>
         <alignment>0x2</alignment>
         <input_file_ref idref="fl-3d"/>
      </object_component>
      <object_component id="oc-28b">
         <name>.cinit..data.load</name>
         <load_address>0x1cc0</load_address>
         <readonly>true</readonly>
         <run_address>0x1cc0</run_address>
         <size>0x61</size>
         <alignment>0x1</alignment>
      </object_component>
      <object_component id="oc-289">
         <name>__TI_handler_table</name>
         <load_address>0x1d24</load_address>
         <readonly>true</readonly>
         <run_address>0x1d24</run_address>
         <size>0xc</size>
         <alignment>0x4</alignment>
      </object_component>
      <object_component id="oc-28c">
         <name>.cinit..bss.load</name>
         <load_address>0x1d30</load_address>
         <readonly>true</readonly>
         <run_address>0x1d30</run_address>
         <size>0x8</size>
         <alignment>0x4</alignment>
      </object_component>
      <object_component id="oc-28a">
         <name>__TI_cinit_table</name>
         <load_address>0x1d38</load_address>
         <readonly>true</readonly>
         <run_address>0x1d38</run_address>
         <size>0x10</size>
         <alignment>0x4</alignment>
      </object_component>
      <object_component id="oc-13b">
         <name>.rodata:__aeabi_ctype_table_</name>
         <load_address>0x1b70</load_address>
         <readonly>true</readonly>
         <run_address>0x1b70</run_address>
         <size>0x101</size>
         <alignment>0x10</alignment>
         <input_file_ref idref="fl-46"/>
      </object_component>
      <object_component id="oc-86">
         <name>.rodata.str1.15468075293549766998.1</name>
         <load_address>0x1c71</load_address>
         <readonly>true</readonly>
         <run_address>0x1c71</run_address>
         <size>0x16</size>
         <alignment>0x1</alignment>
         <input_file_ref idref="fl-1"/>
      </object_component>
      <object_component id="oc-87">
         <name>.rodata.str1.4801013514390543193.1</name>
         <load_address>0x1c87</load_address>
         <readonly>true</readonly>
         <run_address>0x1c87</run_address>
         <size>0x16</size>
         <alignment>0x1</alignment>
         <input_file_ref idref="fl-1"/>
      </object_component>
      <object_component id="oc-111">
         <name>.rodata.str1.10348868589481759720.1</name>
         <load_address>0x1c9d</load_address>
         <readonly>true</readonly>
         <run_address>0x1c9d</run_address>
         <size>0x11</size>
         <alignment>0x1</alignment>
         <input_file_ref idref="fl-29"/>
      </object_component>
      <object_component id="oc-f9">
         <name>.rodata.str1.15363888844622738466.1</name>
         <load_address>0x1cae</load_address>
         <readonly>true</readonly>
         <run_address>0x1cae</run_address>
         <size>0x11</size>
         <alignment>0x1</alignment>
         <input_file_ref idref="fl-29"/>
      </object_component>
      <object_component id="oc-251">
         <name>.binit</name>
         <load_address>0x0</load_address>
         <readonly>true</readonly>
         <run_address>0x0</run_address>
         <size>0x0</size>
         <alignment>0x4</alignment>
      </object_component>
      <object_component id="oc-142">
         <name>.data.__aeabi_errno</name>
         <load_address>0x202009c4</load_address>
         <readwrite>true</readwrite>
         <run_address>0x202009c4</run_address>
         <size>0x4</size>
         <alignment>0x4</alignment>
         <input_file_ref idref="fl-31"/>
      </object_component>
      <object_component id="oc-c2">
         <name>.data..L_MergedGlobals</name>
         <load_address>0x202009b8</load_address>
         <readwrite>true</readwrite>
         <run_address>0x202009b8</run_address>
         <size>0x8</size>
         <alignment>0x4</alignment>
         <input_file_ref idref="fl-32"/>
      </object_component>
      <object_component id="oc-b3">
         <name>.data._lock</name>
         <load_address>0x202009c8</load_address>
         <readwrite>true</readwrite>
         <run_address>0x202009c8</run_address>
         <size>0x4</size>
         <alignment>0x4</alignment>
         <input_file_ref idref="fl-33"/>
      </object_component>
      <object_component id="oc-b9">
         <name>.data._unlock</name>
         <load_address>0x202009cc</load_address>
         <readwrite>true</readwrite>
         <run_address>0x202009cc</run_address>
         <size>0x4</size>
         <alignment>0x4</alignment>
         <input_file_ref idref="fl-33"/>
      </object_component>
      <object_component id="oc-b5">
         <name>.data._ftable</name>
         <load_address>0x20200800</load_address>
         <readwrite>true</readwrite>
         <run_address>0x20200800</run_address>
         <size>0xf0</size>
         <alignment>0x4</alignment>
         <input_file_ref idref="fl-37"/>
      </object_component>
      <object_component id="oc-1da">
         <name>.data.__TI_ft_end</name>
         <load_address>0x202009c0</load_address>
         <readwrite>true</readwrite>
         <run_address>0x202009c0</run_address>
         <size>0x4</size>
         <alignment>0x4</alignment>
         <input_file_ref idref="fl-37"/>
      </object_component>
      <object_component id="oc-200">
         <name>.data.memory_is_initialized</name>
         <load_address>0x202009d0</load_address>
         <readwrite>true</readwrite>
         <run_address>0x202009d0</run_address>
         <size>0x1</size>
         <alignment>0x4</alignment>
         <input_file_ref idref="fl-39"/>
      </object_component>
      <object_component id="oc-1c3">
         <name>.data._device</name>
         <load_address>0x202008f0</load_address>
         <readwrite>true</readwrite>
         <run_address>0x202008f0</run_address>
         <size>0x78</size>
         <alignment>0x4</alignment>
         <input_file_ref idref="fl-ea"/>
      </object_component>
      <object_component id="oc-18b">
         <name>.data._stream</name>
         <load_address>0x20200968</load_address>
         <readwrite>true</readwrite>
         <run_address>0x20200968</run_address>
         <size>0x50</size>
         <alignment>0x4</alignment>
         <input_file_ref idref="fl-ea"/>
      </object_component>
      <object_component id="oc-209">
         <name>.bss.__TI_tmpnams</name>
         <uninitialized>true</uninitialized>
         <readwrite>true</readwrite>
         <run_address>0x20200af4</run_address>
         <size>0xa0</size>
         <alignment>0x1</alignment>
         <input_file_ref idref="fl-37"/>
      </object_component>
      <object_component id="oc-1fe">
         <name>.bss.sys_free</name>
         <uninitialized>true</uninitialized>
         <readwrite>true</readwrite>
         <run_address>0x20200b9c</run_address>
         <size>0x4</size>
         <alignment>0x4</alignment>
         <input_file_ref idref="fl-39"/>
      </object_component>
      <object_component id="oc-213">
         <name>.bss.parmbuf</name>
         <uninitialized>true</uninitialized>
         <readwrite>true</readwrite>
         <run_address>0x20200b94</run_address>
         <size>0x8</size>
         <alignment>0x1</alignment>
         <input_file_ref idref="fl-f2"/>
      </object_component>
      <object_component id="oc-234">
         <name>.bss:_CIOBUF_</name>
         <uninitialized>true</uninitialized>
         <readwrite>true</readwrite>
         <run_address>0x202009d4</run_address>
         <size>0x120</size>
         <alignment>0x4</alignment>
         <input_file_ref idref="fl-f7"/>
      </object_component>
      <object_component id="oc-1d0">
         <name>.sysmem</name>
         <uninitialized>true</uninitialized>
         <readwrite>true</readwrite>
         <run_address>0x20200000</run_address>
         <size>0x10</size>
         <alignment>0x8</alignment>
         <input_file_ref idref="fl-39"/>
      </object_component>
      <object_component id="oc-28f">
         <name>.sysmem</name>
         <uninitialized>true</uninitialized>
         <readwrite>true</readwrite>
         <run_address>0x20200000</run_address>
         <size>0x0</size>
         <alignment>0x4</alignment>
      </object_component>
      <object_component id="oc-1a">
         <name>.stack</name>
         <uninitialized>true</uninitialized>
         <readwrite>true</readwrite>
         <run_address>0x20207e00</run_address>
         <size>0x4</size>
         <alignment>0x4</alignment>
         <input_file_ref idref="fl-3a"/>
      </object_component>
      <object_component id="oc-28e">
         <name>.stack</name>
         <uninitialized>true</uninitialized>
         <readwrite>true</readwrite>
         <run_address>0x20207e00</run_address>
         <size>0x0</size>
         <alignment>0x8</alignment>
      </object_component>
      <object_component id="oc-8a">
         <name>.debug_loc</name>
         <load_address>0x0</load_address>
         <run_address>0x0</run_address>
         <size>0xc6</size>
         <alignment>0x1</alignment>
         <input_file_ref idref="fl-1"/>
      </object_component>
      <object_component id="oc-af">
         <name>.debug_loc</name>
         <load_address>0xc6</load_address>
         <run_address>0xc6</run_address>
         <size>0x5c</size>
         <alignment>0x1</alignment>
         <input_file_ref idref="fl-2"/>
      </object_component>
      <object_component id="oc-f2">
         <name>.debug_loc</name>
         <load_address>0x122</load_address>
         <run_address>0x122</run_address>
         <size>0x13</size>
         <alignment>0x1</alignment>
         <input_file_ref idref="fl-11"/>
      </object_component>
      <object_component id="oc-85">
         <name>.debug_loc</name>
         <load_address>0x135</load_address>
         <run_address>0x135</run_address>
         <size>0x10a</size>
         <alignment>0x1</alignment>
         <input_file_ref idref="fl-28"/>
      </object_component>
      <object_component id="oc-d1">
         <name>.debug_loc</name>
         <load_address>0x23f</load_address>
         <run_address>0x23f</run_address>
         <size>0x32d8</size>
         <alignment>0x1</alignment>
         <input_file_ref idref="fl-29"/>
      </object_component>
      <object_component id="oc-e6">
         <name>.debug_loc</name>
         <load_address>0x3517</load_address>
         <run_address>0x3517</run_address>
         <size>0x150</size>
         <alignment>0x1</alignment>
         <input_file_ref idref="fl-2a"/>
      </object_component>
      <object_component id="oc-e0">
         <name>.debug_loc</name>
         <load_address>0x3667</load_address>
         <run_address>0x3667</run_address>
         <size>0x219</size>
         <alignment>0x1</alignment>
         <input_file_ref idref="fl-2b"/>
      </object_component>
      <object_component id="oc-123">
         <name>.debug_loc</name>
         <load_address>0x3880</load_address>
         <run_address>0x3880</run_address>
         <size>0xbf</size>
         <alignment>0x1</alignment>
         <input_file_ref idref="fl-2c"/>
      </object_component>
      <object_component id="oc-1c2">
         <name>.debug_loc</name>
         <load_address>0x393f</load_address>
         <run_address>0x393f</run_address>
         <size>0xa8</size>
         <alignment>0x1</alignment>
         <input_file_ref idref="fl-2d"/>
      </object_component>
      <object_component id="oc-141">
         <name>.debug_loc</name>
         <load_address>0x39e7</load_address>
         <run_address>0x39e7</run_address>
         <size>0x33</size>
         <alignment>0x1</alignment>
         <input_file_ref idref="fl-30"/>
      </object_component>
      <object_component id="oc-145">
         <name>.debug_loc</name>
         <load_address>0x3a1a</load_address>
         <run_address>0x3a1a</run_address>
         <size>0x101</size>
         <alignment>0x1</alignment>
         <input_file_ref idref="fl-31"/>
      </object_component>
      <object_component id="oc-92">
         <name>.debug_loc</name>
         <load_address>0x3b1b</load_address>
         <run_address>0x3b1b</run_address>
         <size>0x26</size>
         <alignment>0x1</alignment>
         <input_file_ref idref="fl-32"/>
      </object_component>
      <object_component id="oc-13e">
         <name>.debug_loc</name>
         <load_address>0x3b41</load_address>
         <run_address>0x3b41</run_address>
         <size>0x66</size>
         <alignment>0x1</alignment>
         <input_file_ref idref="fl-36"/>
      </object_component>
      <object_component id="oc-134">
         <name>.debug_loc</name>
         <load_address>0x3ba7</load_address>
         <run_address>0x3ba7</run_address>
         <size>0xbf</size>
         <alignment>0x1</alignment>
         <input_file_ref idref="fl-38"/>
      </object_component>
      <object_component id="oc-1b6">
         <name>.debug_loc</name>
         <load_address>0x3c66</load_address>
         <run_address>0x3c66</run_address>
         <size>0x714</size>
         <alignment>0x1</alignment>
         <input_file_ref idref="fl-39"/>
      </object_component>
      <object_component id="oc-3a">
         <name>.debug_loc</name>
         <load_address>0x437a</load_address>
         <run_address>0x437a</run_address>
         <size>0xd8</size>
         <alignment>0x1</alignment>
         <input_file_ref idref="fl-3a"/>
      </object_component>
      <object_component id="oc-96">
         <name>.debug_loc</name>
         <load_address>0x4452</load_address>
         <run_address>0x4452</run_address>
         <size>0x424</size>
         <alignment>0x1</alignment>
         <input_file_ref idref="fl-3c"/>
      </object_component>
      <object_component id="oc-4a">
         <name>.debug_loc</name>
         <load_address>0x4876</load_address>
         <run_address>0x4876</run_address>
         <size>0x16c</size>
         <alignment>0x1</alignment>
         <input_file_ref idref="fl-3f"/>
      </object_component>
      <object_component id="oc-45">
         <name>.debug_loc</name>
         <load_address>0x49e2</load_address>
         <run_address>0x49e2</run_address>
         <size>0x6f</size>
         <alignment>0x1</alignment>
         <input_file_ref idref="fl-40"/>
      </object_component>
      <object_component id="oc-3d">
         <name>.debug_loc</name>
         <load_address>0x4a51</load_address>
         <run_address>0x4a51</run_address>
         <size>0x167</size>
         <alignment>0x1</alignment>
         <input_file_ref idref="fl-41"/>
      </object_component>
      <object_component id="oc-129">
         <name>.debug_loc</name>
         <load_address>0x4bb8</load_address>
         <run_address>0x4bb8</run_address>
         <size>0x10c</size>
         <alignment>0x1</alignment>
         <input_file_ref idref="fl-43"/>
      </object_component>
      <object_component id="oc-1bb">
         <name>.debug_loc</name>
         <load_address>0x4cc4</load_address>
         <run_address>0x4cc4</run_address>
         <size>0x460</size>
         <alignment>0x1</alignment>
         <input_file_ref idref="fl-44"/>
      </object_component>
      <object_component id="oc-183">
         <name>.debug_loc</name>
         <load_address>0x5124</load_address>
         <run_address>0x5124</run_address>
         <size>0x10f</size>
         <alignment>0x1</alignment>
         <input_file_ref idref="fl-45"/>
      </object_component>
      <object_component id="oc-1d9">
         <name>.debug_loc</name>
         <load_address>0x5233</load_address>
         <run_address>0x5233</run_address>
         <size>0xf2</size>
         <alignment>0x1</alignment>
         <input_file_ref idref="fl-48"/>
      </object_component>
      <object_component id="oc-18f">
         <name>.debug_loc</name>
         <load_address>0x5325</load_address>
         <run_address>0x5325</run_address>
         <size>0x44</size>
         <alignment>0x1</alignment>
         <input_file_ref idref="fl-e9"/>
      </object_component>
      <object_component id="oc-233">
         <name>.debug_loc</name>
         <load_address>0x5369</load_address>
         <run_address>0x5369</run_address>
         <size>0x20</size>
         <alignment>0x1</alignment>
         <input_file_ref idref="fl-eb"/>
      </object_component>
      <object_component id="oc-1fd">
         <name>.debug_loc</name>
         <load_address>0x5389</load_address>
         <run_address>0x5389</run_address>
         <size>0x44</size>
         <alignment>0x1</alignment>
         <input_file_ref idref="fl-ed"/>
      </object_component>
      <object_component id="oc-22c">
         <name>.debug_loc</name>
         <load_address>0x53cd</load_address>
         <run_address>0x53cd</run_address>
         <size>0x3e</size>
         <alignment>0x1</alignment>
         <input_file_ref idref="fl-ee"/>
      </object_component>
      <object_component id="oc-23f">
         <name>.debug_loc</name>
         <load_address>0x540b</load_address>
         <run_address>0x540b</run_address>
         <size>0x5d</size>
         <alignment>0x1</alignment>
         <input_file_ref idref="fl-ef"/>
      </object_component>
      <object_component id="oc-219">
         <name>.debug_loc</name>
         <load_address>0x5468</load_address>
         <run_address>0x5468</run_address>
         <size>0x3e</size>
         <alignment>0x1</alignment>
         <input_file_ref idref="fl-f0"/>
      </object_component>
      <object_component id="oc-222">
         <name>.debug_loc</name>
         <load_address>0x54a6</load_address>
         <run_address>0x54a6</run_address>
         <size>0x7a</size>
         <alignment>0x1</alignment>
         <input_file_ref idref="fl-f1"/>
      </object_component>
      <object_component id="oc-216">
         <name>.debug_loc</name>
         <load_address>0x5520</load_address>
         <run_address>0x5520</run_address>
         <size>0x80</size>
         <alignment>0x1</alignment>
         <input_file_ref idref="fl-f2"/>
      </object_component>
      <object_component id="oc-21c">
         <name>.debug_loc</name>
         <load_address>0x55a0</load_address>
         <run_address>0x55a0</run_address>
         <size>0x78</size>
         <alignment>0x1</alignment>
         <input_file_ref idref="fl-f3"/>
      </object_component>
      <object_component id="oc-1f8">
         <name>.debug_loc</name>
         <load_address>0x5618</load_address>
         <run_address>0x5618</run_address>
         <size>0x115</size>
         <alignment>0x1</alignment>
         <input_file_ref idref="fl-f4"/>
      </object_component>
      <object_component id="oc-225">
         <name>.debug_loc</name>
         <load_address>0x572d</load_address>
         <run_address>0x572d</run_address>
         <size>0x51</size>
         <alignment>0x1</alignment>
         <input_file_ref idref="fl-f5"/>
      </object_component>
      <object_component id="oc-21f">
         <name>.debug_loc</name>
         <load_address>0x577e</load_address>
         <run_address>0x577e</run_address>
         <size>0x78</size>
         <alignment>0x1</alignment>
         <input_file_ref idref="fl-f6"/>
      </object_component>
      <object_component id="oc-211">
         <name>.debug_loc</name>
         <load_address>0x57f6</load_address>
         <run_address>0x57f6</run_address>
         <size>0x16f</size>
         <alignment>0x1</alignment>
         <input_file_ref idref="fl-f7"/>
      </object_component>
      <object_component id="oc-194">
         <name>.debug_loc</name>
         <load_address>0x5965</load_address>
         <run_address>0x5965</run_address>
         <size>0x20</size>
         <alignment>0x1</alignment>
         <input_file_ref idref="fl-108"/>
      </object_component>
      <object_component id="oc-238">
         <name>.debug_loc</name>
         <load_address>0x5985</load_address>
         <run_address>0x5985</run_address>
         <size>0x15b</size>
         <alignment>0x1</alignment>
         <input_file_ref idref="fl-109"/>
      </object_component>
      <object_component id="oc-88">
         <name>.debug_abbrev</name>
         <load_address>0x0</load_address>
         <run_address>0x0</run_address>
         <size>0x157</size>
         <alignment>0x1</alignment>
         <input_file_ref idref="fl-1"/>
      </object_component>
      <object_component id="oc-b0">
         <name>.debug_abbrev</name>
         <load_address>0x157</load_address>
         <run_address>0x157</run_address>
         <size>0x191</size>
         <alignment>0x1</alignment>
         <input_file_ref idref="fl-2"/>
      </object_component>
      <object_component id="oc-34">
         <name>.debug_abbrev</name>
         <load_address>0x2e8</load_address>
         <run_address>0x2e8</run_address>
         <size>0x6d</size>
         <alignment>0x1</alignment>
         <input_file_ref idref="fl-3"/>
      </object_component>
      <object_component id="oc-f0">
         <name>.debug_abbrev</name>
         <load_address>0x355</load_address>
         <run_address>0x355</run_address>
         <size>0x62</size>
         <alignment>0x1</alignment>
         <input_file_ref idref="fl-11"/>
      </object_component>
      <object_component id="oc-ba">
         <name>.debug_abbrev</name>
         <load_address>0x3b7</load_address>
         <run_address>0x3b7</run_address>
         <size>0x102</size>
         <alignment>0x1</alignment>
         <input_file_ref idref="fl-28"/>
      </object_component>
      <object_component id="oc-fe">
         <name>.debug_abbrev</name>
         <load_address>0x4b9</load_address>
         <run_address>0x4b9</run_address>
         <size>0x2a3</size>
         <alignment>0x1</alignment>
         <input_file_ref idref="fl-29"/>
      </object_component>
      <object_component id="oc-130">
         <name>.debug_abbrev</name>
         <load_address>0x75c</load_address>
         <run_address>0x75c</run_address>
         <size>0x100</size>
         <alignment>0x1</alignment>
         <input_file_ref idref="fl-2a"/>
      </object_component>
      <object_component id="oc-12e">
         <name>.debug_abbrev</name>
         <load_address>0x85c</load_address>
         <run_address>0x85c</run_address>
         <size>0x177</size>
         <alignment>0x1</alignment>
         <input_file_ref idref="fl-2b"/>
      </object_component>
      <object_component id="oc-189">
         <name>.debug_abbrev</name>
         <load_address>0x9d3</load_address>
         <run_address>0x9d3</run_address>
         <size>0x95</size>
         <alignment>0x1</alignment>
         <input_file_ref idref="fl-2c"/>
      </object_component>
      <object_component id="oc-1c0">
         <name>.debug_abbrev</name>
         <load_address>0xa68</load_address>
         <run_address>0xa68</run_address>
         <size>0x9c</size>
         <alignment>0x1</alignment>
         <input_file_ref idref="fl-2d"/>
      </object_component>
      <object_component id="oc-13f">
         <name>.debug_abbrev</name>
         <load_address>0xb04</load_address>
         <run_address>0xb04</run_address>
         <size>0x72</size>
         <alignment>0x1</alignment>
         <input_file_ref idref="fl-30"/>
      </object_component>
      <object_component id="oc-143">
         <name>.debug_abbrev</name>
         <load_address>0xb76</load_address>
         <run_address>0xb76</run_address>
         <size>0x148</size>
         <alignment>0x1</alignment>
         <input_file_ref idref="fl-31"/>
      </object_component>
      <object_component id="oc-c0">
         <name>.debug_abbrev</name>
         <load_address>0xcbe</load_address>
         <run_address>0xcbe</run_address>
         <size>0x98</size>
         <alignment>0x1</alignment>
         <input_file_ref idref="fl-32"/>
      </object_component>
      <object_component id="oc-da">
         <name>.debug_abbrev</name>
         <load_address>0xd56</load_address>
         <run_address>0xd56</run_address>
         <size>0x73</size>
         <alignment>0x1</alignment>
         <input_file_ref idref="fl-33"/>
      </object_component>
      <object_component id="oc-13c">
         <name>.debug_abbrev</name>
         <load_address>0xdc9</load_address>
         <run_address>0xdc9</run_address>
         <size>0x72</size>
         <alignment>0x1</alignment>
         <input_file_ref idref="fl-36"/>
      </object_component>
      <object_component id="oc-dc">
         <name>.debug_abbrev</name>
         <load_address>0xe3b</load_address>
         <run_address>0xe3b</run_address>
         <size>0x77</size>
         <alignment>0x1</alignment>
         <input_file_ref idref="fl-37"/>
      </object_component>
      <object_component id="oc-132">
         <name>.debug_abbrev</name>
         <load_address>0xeb2</load_address>
         <run_address>0xeb2</run_address>
         <size>0x8b</size>
         <alignment>0x1</alignment>
         <input_file_ref idref="fl-38"/>
      </object_component>
      <object_component id="oc-1d1">
         <name>.debug_abbrev</name>
         <load_address>0xf3d</load_address>
         <run_address>0xf3d</run_address>
         <size>0x299</size>
         <alignment>0x1</alignment>
         <input_file_ref idref="fl-39"/>
      </object_component>
      <object_component id="oc-36">
         <name>.debug_abbrev</name>
         <load_address>0x11d6</load_address>
         <run_address>0x11d6</run_address>
         <size>0xaf</size>
         <alignment>0x1</alignment>
         <input_file_ref idref="fl-3a"/>
      </object_component>
      <object_component id="oc-c3">
         <name>.debug_abbrev</name>
         <load_address>0x1285</load_address>
         <run_address>0x1285</run_address>
         <size>0x170</size>
         <alignment>0x1</alignment>
         <input_file_ref idref="fl-3c"/>
      </object_component>
      <object_component id="oc-79">
         <name>.debug_abbrev</name>
         <load_address>0x13f5</load_address>
         <run_address>0x13f5</run_address>
         <size>0x39</size>
         <alignment>0x1</alignment>
         <input_file_ref idref="fl-3d"/>
      </object_component>
      <object_component id="oc-58">
         <name>.debug_abbrev</name>
         <load_address>0x142e</load_address>
         <run_address>0x142e</run_address>
         <size>0xc2</size>
         <alignment>0x1</alignment>
         <input_file_ref idref="fl-3f"/>
      </object_component>
      <object_component id="oc-43">
         <name>.debug_abbrev</name>
         <load_address>0x14f0</load_address>
         <run_address>0x14f0</run_address>
         <size>0x70</size>
         <alignment>0x1</alignment>
         <input_file_ref idref="fl-40"/>
      </object_component>
      <object_component id="oc-3b">
         <name>.debug_abbrev</name>
         <load_address>0x1560</load_address>
         <run_address>0x1560</run_address>
         <size>0x8d</size>
         <alignment>0x1</alignment>
         <input_file_ref idref="fl-41"/>
      </object_component>
      <object_component id="oc-190">
         <name>.debug_abbrev</name>
         <load_address>0x15ed</load_address>
         <run_address>0x15ed</run_address>
         <size>0xb2</size>
         <alignment>0x1</alignment>
         <input_file_ref idref="fl-43"/>
      </object_component>
      <object_component id="oc-1db">
         <name>.debug_abbrev</name>
         <load_address>0x169f</load_address>
         <run_address>0x169f</run_address>
         <size>0x151</size>
         <alignment>0x1</alignment>
         <input_file_ref idref="fl-44"/>
      </object_component>
      <object_component id="oc-1b1">
         <name>.debug_abbrev</name>
         <load_address>0x17f0</load_address>
         <run_address>0x17f0</run_address>
         <size>0x95</size>
         <alignment>0x1</alignment>
         <input_file_ref idref="fl-45"/>
      </object_component>
      <object_component id="oc-20a">
         <name>.debug_abbrev</name>
         <load_address>0x1885</load_address>
         <run_address>0x1885</run_address>
         <size>0xa4</size>
         <alignment>0x1</alignment>
         <input_file_ref idref="fl-48"/>
      </object_component>
      <object_component id="oc-eb">
         <name>.debug_abbrev</name>
         <load_address>0x1929</load_address>
         <run_address>0x1929</run_address>
         <size>0x2c</size>
         <alignment>0x1</alignment>
         <input_file_ref idref="fl-e8"/>
      </object_component>
      <object_component id="oc-18d">
         <name>.debug_abbrev</name>
         <load_address>0x1955</load_address>
         <run_address>0x1955</run_address>
         <size>0x77</size>
         <alignment>0x1</alignment>
         <input_file_ref idref="fl-e9"/>
      </object_component>
      <object_component id="oc-1c4">
         <name>.debug_abbrev</name>
         <load_address>0x19cc</load_address>
         <run_address>0x19cc</run_address>
         <size>0x99</size>
         <alignment>0x1</alignment>
         <input_file_ref idref="fl-ea"/>
      </object_component>
      <object_component id="oc-231">
         <name>.debug_abbrev</name>
         <load_address>0x1a65</load_address>
         <run_address>0x1a65</run_address>
         <size>0x64</size>
         <alignment>0x1</alignment>
         <input_file_ref idref="fl-eb"/>
      </object_component>
      <object_component id="oc-1fb">
         <name>.debug_abbrev</name>
         <load_address>0x1ac9</load_address>
         <run_address>0x1ac9</run_address>
         <size>0x76</size>
         <alignment>0x1</alignment>
         <input_file_ref idref="fl-ed"/>
      </object_component>
      <object_component id="oc-22a">
         <name>.debug_abbrev</name>
         <load_address>0x1b3f</load_address>
         <run_address>0x1b3f</run_address>
         <size>0x6b</size>
         <alignment>0x1</alignment>
         <input_file_ref idref="fl-ee"/>
      </object_component>
      <object_component id="oc-23d">
         <name>.debug_abbrev</name>
         <load_address>0x1baa</load_address>
         <run_address>0x1baa</run_address>
         <size>0xd4</size>
         <alignment>0x1</alignment>
         <input_file_ref idref="fl-ef"/>
      </object_component>
      <object_component id="oc-217">
         <name>.debug_abbrev</name>
         <load_address>0x1c7e</load_address>
         <run_address>0x1c7e</run_address>
         <size>0x81</size>
         <alignment>0x1</alignment>
         <input_file_ref idref="fl-f0"/>
      </object_component>
      <object_component id="oc-220">
         <name>.debug_abbrev</name>
         <load_address>0x1cff</load_address>
         <run_address>0x1cff</run_address>
         <size>0x81</size>
         <alignment>0x1</alignment>
         <input_file_ref idref="fl-f1"/>
      </object_component>
      <object_component id="oc-214">
         <name>.debug_abbrev</name>
         <load_address>0x1d80</load_address>
         <run_address>0x1d80</run_address>
         <size>0x109</size>
         <alignment>0x1</alignment>
         <input_file_ref idref="fl-f2"/>
      </object_component>
      <object_component id="oc-21a">
         <name>.debug_abbrev</name>
         <load_address>0x1e89</load_address>
         <run_address>0x1e89</run_address>
         <size>0x88</size>
         <alignment>0x1</alignment>
         <input_file_ref idref="fl-f3"/>
      </object_component>
      <object_component id="oc-228">
         <name>.debug_abbrev</name>
         <load_address>0x1f11</load_address>
         <run_address>0x1f11</run_address>
         <size>0x114</size>
         <alignment>0x1</alignment>
[...]
         <value>0x1b5b</value>
         <object_component_ref idref="oc-2f"/>
      </symbol>
      <symbol id="sm-62">
         <name>interruptVectors</name>
         <value>0x0</value>
         <object_component_ref idref="oc-18"/>
      </symbol>
      <symbol id="sm-63">
         <name>NMI_Handler</name>
         <value>0xe6b</value>
         <object_component_ref idref="oc-33"/>
      </symbol>
      <symbol id="sm-64">
         <name>HardFault_Handler</name>
         <value>0xe6b</value>
         <object_component_ref idref="oc-33"/>
      </symbol>
      <symbol id="sm-65">
         <name>SVC_Handler</name>
         <value>0xe6b</value>
         <object_component_ref idref="oc-33"/>
      </symbol>
      <symbol id="sm-66">
         <name>PendSV_Handler</name>
         <value>0xe6b</value>
         <object_component_ref idref="oc-33"/>
      </symbol>
      <symbol id="sm-67">
         <name>SysTick_Handler</name>
         <value>0xe6b</value>
         <object_component_ref idref="oc-33"/>
      </symbol>
      <symbol id="sm-68">
         <name>GROUP0_IRQHandler</name>
         <value>0xe6b</value>
         <object_component_ref idref="oc-33"/>
      </symbol>
      <symbol id="sm-69">
         <name>GROUP1_IRQHandler</name>
         <value>0xe6b</value>
         <object_component_ref idref="oc-33"/>
      </symbol>
      <symbol id="sm-6a">
         <name>TIMG8_IRQHandler</name>
         <value>0xe6b</value>
         <object_component_ref idref="oc-33"/>
      </symbol>
      <symbol id="sm-6b">
         <name>UART3_IRQHandler</name>
         <value>0xe6b</value>
         <object_component_ref idref="oc-33"/>
      </symbol>
      <symbol id="sm-6c">
         <name>ADC0_IRQHandler</name>
         <value>0xe6b</value>
         <object_component_ref idref="oc-33"/>
      </symbol>
      <symbol id="sm-6d">
         <name>ADC1_IRQHandler</name>
         <value>0xe6b</value>
         <object_component_ref idref="oc-33"/>
      </symbol>
      <symbol id="sm-6e">
         <name>CANFD0_IRQHandler</name>
         <value>0xe6b</value>
         <object_component_ref idref="oc-33"/>
      </symbol>
      <symbol id="sm-6f">
         <name>DAC0_IRQHandler</name>
         <value>0xe6b</value>
         <object_component_ref idref="oc-33"/>
      </symbol>
      <symbol id="sm-70">
         <name>SPI0_IRQHandler</name>
         <value>0xe6b</value>
         <object_component_ref idref="oc-33"/>
      </symbol>
      <symbol id="sm-71">
         <name>SPI1_IRQHandler</name>
         <value>0xe6b</value>
         <object_component_ref idref="oc-33"/>
      </symbol>
      <symbol id="sm-72">
         <name>UART1_IRQHandler</name>
         <value>0xe6b</value>
         <object_component_ref idref="oc-33"/>
      </symbol>
      <symbol id="sm-73">
         <name>UART2_IRQHandler</name>
         <value>0xe6b</value>
         <object_component_ref idref="oc-33"/>
      </symbol>
      <symbol id="sm-74">
         <name>UART0_IRQHandler</name>
         <value>0xe6b</value>
         <object_component_ref idref="oc-33"/>
      </symbol>
      <symbol id="sm-75">
         <name>TIMG0_IRQHandler</name>
         <value>0xe6b</value>
         <object_component_ref idref="oc-33"/>
      </symbol>
      <symbol id="sm-76">
         <name>TIMG6_IRQHandler</name>
         <value>0xe6b</value>
         <object_component_ref idref="oc-33"/>
      </symbol>
      <symbol id="sm-77">
         <name>TIMA0_IRQHandler</name>
         <value>0xe6b</value>
         <object_component_ref idref="oc-33"/>
      </symbol>
      <symbol id="sm-78">
         <name>TIMA1_IRQHandler</name>
         <value>0xe6b</value>
         <object_component_ref idref="oc-33"/>
      </symbol>
      <symbol id="sm-79">
         <name>TIMG7_IRQHandler</name>
         <value>0xe6b</value>
         <object_component_ref idref="oc-33"/>
      </symbol>
      <symbol id="sm-7a">
         <name>TIMG12_IRQHandler</name>
         <value>0xe6b</value>
         <object_component_ref idref="oc-33"/>
      </symbol>
      <symbol id="sm-7b">
         <name>I2C0_IRQHandler</name>
         <value>0xe6b</value>
         <object_component_ref idref="oc-33"/>
      </symbol>
      <symbol id="sm-7c">
         <name>I2C1_IRQHandler</name>
         <value>0xe6b</value>
         <object_component_ref idref="oc-33"/>
      </symbol>
      <symbol id="sm-7d">
         <name>AES_IRQHandler</name>
         <value>0xe6b</value>
         <object_component_ref idref="oc-33"/>
      </symbol>
      <symbol id="sm-7e">
         <name>RTC_IRQHandler</name>
         <value>0xe6b</value>
         <object_component_ref idref="oc-33"/>
      </symbol>
      <symbol id="sm-7f">
         <name>DMA_IRQHandler</name>
         <value>0xe6b</value>
         <object_component_ref idref="oc-33"/>
      </symbol>
      <symbol id="sm-80">
         <name>__TI_ATRegion0_src_addr</name>
         <value>0x0</value>
      </symbol>
      <symbol id="sm-81">
         <name>__TI_ATRegion0_trg_addr</name>
         <value>0x0</value>
      </symbol>
      <symbol id="sm-82">
         <name>__TI_ATRegion0_region_sz</name>
         <value>0x0</value>
      </symbol>
      <symbol id="sm-83">
         <name>__TI_ATRegion1_src_addr</name>
         <value>0x0</value>
      </symbol>
      <symbol id="sm-84">
         <name>__TI_ATRegion1_trg_addr</name>
         <value>0x0</value>
      </symbol>
      <symbol id="sm-85">
         <name>__TI_ATRegion1_region_sz</name>
         <value>0x0</value>
      </symbol>
      <symbol id="sm-86">
         <name>__TI_ATRegion2_src_addr</name>
         <value>0x0</value>
      </symbol>
      <symbol id="sm-87">
         <name>__TI_ATRegion2_trg_addr</name>
         <value>0x0</value>
      </symbol>
      <symbol id="sm-88">
         <name>__TI_ATRegion2_region_sz</name>
         <value>0x0</value>
      </symbol>
      <symbol id="sm-91">
         <name>DL_Common_delayCycles</name>
         <value>0x1b15</value>
         <object_component_ref idref="oc-ca"/>
      </symbol>
      <symbol id="sm-a2">
         <name>printf</name>
         <value>0x146d</value>
         <object_component_ref idref="oc-80"/>
      </symbol>
      <symbol id="sm-c4">
         <name>__TI_printfi_nofloat</name>
         <value>0xc1</value>
         <object_component_ref idref="oc-d4"/>
      </symbol>
      <symbol id="sm-cf">
         <name>fputc</name>
         <value>0xe6d</value>
         <object_component_ref idref="oc-e5"/>
      </symbol>
      <symbol id="sm-da">
         <name>fputs</name>
         <value>0xa3d</value>
         <object_component_ref idref="oc-df"/>
      </symbol>
      <symbol id="sm-e4">
         <name>__TI_wrt_ok</name>
         <value>0x12e1</value>
         <object_component_ref idref="oc-11e"/>
      </symbol>
      <symbol id="sm-ee">
         <name>setvbuf</name>
         <value>0xc1d</value>
         <object_component_ref idref="oc-185"/>
      </symbol>
      <symbol id="sm-f9">
         <name>wcslen</name>
         <value>0x1ab3</value>
         <object_component_ref idref="oc-104"/>
      </symbol>
      <symbol id="sm-104">
         <name>__aeabi_errno_addr</name>
         <value>0x1b21</value>
         <object_component_ref idref="oc-108"/>
      </symbol>
      <symbol id="sm-105">
         <name>__aeabi_errno</name>
         <value>0x202009c4</value>
         <object_component_ref idref="oc-142"/>
      </symbol>
      <symbol id="sm-113">
         <name>abort</name>
         <value>0x1b51</value>
         <object_component_ref idref="oc-8c"/>
      </symbol>
      <symbol id="sm-114">
         <name>__TI_cleanup_ptr</name>
         <value>0x202009b8</value>
         <object_component_ref idref="oc-c2"/>
      </symbol>
      <symbol id="sm-115">
         <name>__TI_dtors_ptr</name>
         <value>0x202009bc</value>
         <object_component_ref idref="oc-c2"/>
      </symbol>
      <symbol id="sm-116">
         <name>exit</name>
         <value>0x1881</value>
         <object_component_ref idref="oc-91"/>
      </symbol>
      <symbol id="sm-11f">
         <name>_nop</name>
         <value>0x1a27</value>
         <object_component_ref idref="oc-d6"/>
      </symbol>
      <symbol id="sm-120">
         <name>_lock</name>
         <value>0x202009c8</value>
         <object_component_ref idref="oc-b3"/>
      </symbol>
      <symbol id="sm-121">
         <name>_unlock</name>
         <value>0x202009cc</value>
         <object_component_ref idref="oc-b9"/>
      </symbol>
      <symbol id="sm-12d">
         <name>atoi</name>
         <value>0x172d</value>
         <object_component_ref idref="oc-100"/>
      </symbol>
      <symbol id="sm-132">
         <name>_ftable</name>
         <value>0x20200800</value>
         <object_component_ref idref="oc-b5"/>
      </symbol>
      <symbol id="sm-133">
         <name>__TI_ft_end</name>
         <value>0x202009c0</value>
         <object_component_ref idref="oc-1da"/>
      </symbol>
      <symbol id="sm-134">
         <name>__TI_tmpnams</name>
         <value>0x20200af4</value>
         <object_component_ref idref="oc-209"/>
      </symbol>
      <symbol id="sm-13d">
         <name>memccpy</name>
         <value>0x1a05</value>
         <object_component_ref idref="oc-f5"/>
      </symbol>
      <symbol id="sm-160">
         <name>malloc</name>
         <value>0x1b09</value>
         <object_component_ref idref="oc-1b9"/>
      </symbol>
      <symbol id="sm-161">
         <name>aligned_alloc</name>
         <value>0x929</value>
         <object_component_ref idref="oc-1d3"/>
      </symbol>
      <symbol id="sm-162">
         <name>free</name>
         <value>0xb35</value>
         <object_component_ref idref="oc-1b3"/>
      </symbol>
      <symbol id="sm-163">
         <name>_sys_memory</name>
         <value>0x20200000</value>
         <object_component_ref idref="oc-1d0"/>
      </symbol>
      <symbol id="sm-164">
         <name>memalign</name>
         <value>0x929</value>
         <object_component_ref idref="oc-1d3"/>
      </symbol>
      <symbol id="sm-16f">
         <name>_c_int00_noargs</name>
         <value>0x19b9</value>
         <object_component_ref idref="oc-4f"/>
      </symbol>
      <symbol id="sm-170">
         <name>__stack</name>
         <value>0x20207e00</value>
         <object_component_ref idref="oc-1a"/>
      </symbol>
      <symbol id="sm-17c">
         <name>__TI_auto_init_nobinit_nopinit</name>
         <value>0x176d</value>
         <object_component_ref idref="oc-93"/>
      </symbol>
      <symbol id="sm-184">
         <name>_system_pre_init</name>
         <value>0x1b5f</value>
         <object_component_ref idref="oc-5f"/>
      </symbol>
      <symbol id="sm-18f">
         <name>__TI_zero_init_nomemset</name>
         <value>0x1a65</value>
         <object_component_ref idref="oc-46"/>
      </symbol>
      <symbol id="sm-198">
         <name>__TI_decompress_none</name>
         <value>0x1a91</value>
         <object_component_ref idref="oc-20"/>
      </symbol>
      <symbol id="sm-1a3">
         <name>__TI_decompress_lzss</name>
         <value>0x10b5</value>
         <object_component_ref idref="oc-1c"/>
      </symbol>
      <symbol id="sm-1ae">
         <name>__TI_doflush</name>
         <value>0x1579</value>
         <object_component_ref idref="oc-128"/>
      </symbol>
      <symbol id="sm-1b9">
         <name>__TI_cleanup</name>
         <value>0x17e5</value>
         <object_component_ref idref="oc-1ba"/>
      </symbol>
      <symbol id="sm-1c6">
         <name>fseek</name>
         <value>0x1b41</value>
         <object_component_ref idref="oc-17f"/>
      </symbol>
      <symbol id="sm-1c7">
         <name>fseeko</name>
         <value>0x1209</value>
         <object_component_ref idref="oc-1b0"/>
      </symbol>
      <symbol id="sm-1c8">
         <name>__aeabi_ctype_table_</name>
         <value>0x1b70</value>
         <object_component_ref idref="oc-13b"/>
      </symbol>
      <symbol id="sm-1c9">
         <name>__aeabi_ctype_table_C</name>
         <value>0x1b70</value>
         <object_component_ref idref="oc-13b"/>
      </symbol>
      <symbol id="sm-1d5">
         <name>__TI_closefile</name>
         <value>0x1039</value>
         <object_component_ref idref="oc-1d4"/>
      </symbol>
      <symbol id="sm-1dd">
         <name>HOSTexit</name>
         <value>0x1b57</value>
         <object_component_ref idref="oc-bc"/>
      </symbol>
      <symbol id="sm-1de">
         <name>C$$EXIT</name>
         <value>0x1b56</value>
         <object_component_ref idref="oc-bc"/>
      </symbol>
      <symbol id="sm-1e8">
         <name>write</name>
         <value>0x1991</value>
         <object_component_ref idref="oc-124"/>
      </symbol>
      <symbol id="sm-1ed">
         <name>_device</name>
         <value>0x202008f0</value>
         <object_component_ref idref="oc-1c3"/>
      </symbol>
      <symbol id="sm-1ee">
         <name>_stream</name>
         <value>0x20200968</value>
         <object_component_ref idref="oc-18b"/>
      </symbol>
      <symbol id="sm-1f7">
         <name>remove</name>
         <value>0x1b49</value>
         <object_component_ref idref="oc-205"/>
      </symbol>
      <symbol id="sm-202">
         <name>lseek</name>
         <value>0x1969</value>
         <object_component_ref idref="oc-1c9"/>
      </symbol>
      <symbol id="sm-20c">
         <name>close</name>
         <value>0x15cd</value>
         <object_component_ref idref="oc-201"/>
      </symbol>
      <symbol id="sm-216">
         <name>unlink</name>
         <value>0x1915</value>
         <object_component_ref idref="oc-22d"/>
      </symbol>
      <symbol id="sm-220">
         <name>HOSTclose</name>
         <value>0x161d</value>
         <object_component_ref idref="oc-1e1"/>
      </symbol>
      <symbol id="sm-22a">
         <name>HOSTlseek</name>
         <value>0x1131</value>
         <object_component_ref idref="oc-1ed"/>
      </symbol>
      <symbol id="sm-234">
         <name>HOSTopen</name>
         <value>0x140d</value>
         <object_component_ref idref="oc-1dd"/>
      </symbol>
      <symbol id="sm-235">
         <name>parmbuf</name>
         <value>0x20200b94</value>
         <object_component_ref idref="oc-213"/>
      </symbol>
      <symbol id="sm-23f">
         <name>HOSTread</name>
         <value>0x14c9</value>
         <object_component_ref idref="oc-1e5"/>
      </symbol>
      <symbol id="sm-250">
         <name>HOSTrename</name>
         <value>0x119d</value>
         <object_component_ref idref="oc-1f5"/>
      </symbol>
      <symbol id="sm-25a">
         <name>HOSTunlink</name>
         <value>0x1665</value>
         <object_component_ref idref="oc-1f1"/>
      </symbol>
      <symbol id="sm-264">
         <name>HOSTwrite</name>
         <value>0x1521</value>
         <object_component_ref idref="oc-1e9"/>
      </symbol>
      <symbol id="sm-272">
         <name>C$$IO$$</name>
         <value>0x1879</value>
         <object_component_ref idref="oc-20c"/>
      </symbol>
      <symbol id="sm-273">
         <name>__TI_writemsg</name>
         <value>0x184d</value>
         <object_component_ref idref="oc-20c"/>
      </symbol>
      <symbol id="sm-274">
         <name>__CIOBUF_</name>
         <value>0x202009d4</value>
         <object_component_ref idref="oc-234"/>
      </symbol>
      <symbol id="sm-275">
         <name>__TI_readmsg</name>
         <value>0x1819</value>
         <object_component_ref idref="oc-212"/>
      </symbol>
      <symbol id="sm-276">
         <name>_CIOBUF_</name>
         <value>0x202009d4</value>
         <object_component_ref idref="oc-234"/>
      </symbol>
      <symbol id="sm-27c">
         <name>__muldsi3</name>
         <value>0x17a9</value>
         <object_component_ref idref="oc-146"/>
      </symbol>
      <symbol id="sm-282">
         <name>__aeabi_lmul</name>
         <value>0x19e1</value>
         <object_component_ref idref="oc-10d"/>
      </symbol>
      <symbol id="sm-283">
         <name>__muldi3</name>
         <value>0x19e1</value>
         <object_component_ref idref="oc-10d"/>
      </symbol>
      <symbol id="sm-289">
         <name>__aeabi_memcpy</name>
         <value>0x1b29</value>
         <object_component_ref idref="oc-3f"/>
      </symbol>
      <symbol id="sm-28a">
         <name>__aeabi_memcpy4</name>
         <value>0x1b29</value>
         <object_component_ref idref="oc-3f"/>
      </symbol>
      <symbol id="sm-28b">
         <name>__aeabi_memcpy8</name>
         <value>0x1b29</value>
         <object_component_ref idref="oc-3f"/>
      </symbol>
      <symbol id="sm-294">
         <name>__aeabi_memset</name>
         <value>0x1ac5</value>
         <object_component_ref idref="oc-f4"/>
      </symbol>
      <symbol id="sm-295">
         <name>__aeabi_memset4</name>
         <value>0x1ac5</value>
         <object_component_ref idref="oc-f4"/>
      </symbol>
      <symbol id="sm-296">
         <name>__aeabi_memset8</name>
         <value>0x1ac5</value>
         <object_component_ref idref="oc-f4"/>
      </symbol>
      <symbol id="sm-297">
         <name>__aeabi_memclr</name>
         <value>0x1afd</value>
         <object_component_ref idref="oc-5a"/>
      </symbol>
      <symbol id="sm-298">
         <name>__aeabi_memclr4</name>
         <value>0x1afd</value>
         <object_component_ref idref="oc-5a"/>
      </symbol>
      <symbol id="sm-299">
         <name>__aeabi_memclr8</name>
         <value>0x1afd</value>
         <object_component_ref idref="oc-5a"/>
      </symbol>
      <symbol id="sm-29f">
         <name>__aeabi_uidiv</name>
         <value>0x16ed</value>
         <object_component_ref idref="oc-fa"/>
      </symbol>
      <symbol id="sm-2a0">
         <name>__aeabi_uidivmod</name>
         <value>0x16ed</value>
         <object_component_ref idref="oc-fa"/>
      </symbol>
      <symbol id="sm-2a6">
         <name>__aeabi_uldivmod</name>
         <value>0x1a7d</value>
         <object_component_ref idref="oc-112"/>
      </symbol>
      <symbol id="sm-2ac">
         <name>__udivmoddi4</name>
         <value>0xdc9</value>
         <object_component_ref idref="oc-14b"/>
      </symbol>
      <symbol id="sm-2b2">
         <name>__aeabi_llsl</name>
         <value>0x1a29</value>
         <object_component_ref idref="oc-197"/>
      </symbol>
      <symbol id="sm-2b3">
         <name>__ashldi3</name>
         <value>0x1a29</value>
         <object_component_ref idref="oc-197"/>
      </symbol>
      <symbol id="sm-2c0">
         <name>__aeabi_idiv0</name>
         <value>0x15cb</value>
         <object_component_ref idref="oc-135"/>
      </symbol>
      <symbol id="sm-2c1">
         <name>__aeabi_ldiv0</name>
         <value>0x17e3</value>
         <object_component_ref idref="oc-196"/>
      </symbol>
      <symbol id="sm-2cf">
         <name>finddevice</name>
         <value>0x18b5</value>
         <object_component_ref idref="oc-240"/>
      </symbol>
      <symbol id="sm-2d0">
         <name>getdevice</name>
         <value>0x1275</value>
         <object_component_ref idref="oc-237"/>
      </symbol>
      <symbol id="sm-2e9">
         <name>memcpy</name>
         <value>0xf09</value>
         <object_component_ref idref="oc-76"/>
      </symbol>
      <symbol id="sm-2f8">
         <name>memset</name>
         <value>0x13a9</value>
         <object_component_ref idref="oc-ab"/>
      </symbol>
      <symbol id="sm-300">
         <name>strcmp</name>
         <value>0xfb1</value>
         <object_component_ref idref="oc-243"/>
      </symbol>
      <symbol id="sm-301">
         <name>__TI_static_base__</name>
         <value>0x0</value>
      </symbol>
      <symbol id="sm-304">
         <name>__mpu_init</name>
         <value>0x0</value>
      </symbol>
      <symbol id="sm-305">
         <name>_system_post_cinit</name>
         <value>0x0</value>
      </symbol>
   </symbol_table>
   <title>Link successful</title>
</link_info>
