******************************************************************************
            TI ARM Clang Linker PC v4.0.3                      
******************************************************************************
>> Linked Wed Sep 24 14:07:14 2025

OUTPUT FILE NAME:   <Lab3_1.out>
ENTRY POINT SYMBOL: "_c_int00_noargs"  address: 000013dd


MEMORY CONFIGURATION

         name            origin    length      used     unused   attr    fill
----------------------  --------  ---------  --------  --------  ----  --------
  FLASH                 00000000   00020000  00001608  0001e9f8  R  X
  SRAM                  20200000   00008000  00000d99  00007267  RW X
  BCR_CONFIG            41c00000   000000ff  00000000  000000ff  R   
  BSL_CONFIG            41c00100   00000080  00000000  00000080  R   


SEGMENT ALLOCATION MAP

run origin  load origin   length   init length attrs members
----------  ----------- ---------- ----------- ----- -------
00000000    00000000    00001608   00001608    r-x
  00000000    00000000    000000c0   000000c0    r-- .intvecs
  000000c0    000000c0    00001470   00001470    r-x .text
  00001530    00001530    00000050   00000050    r-- .rodata
  00001580    00001580    00000088   00000088    r-- .cinit
20200000    20200000    00000b9c   00000000    rw-
  20200000    20200000    00000800   00000000    rw- .sysmem
  20200800    20200800    000001cd   00000000    rw- .data
  202009d0    202009d0    000001cc   00000000    rw- .bss
20207e00    20207e00    00000200   00000000    rw-
  20207e00    20207e00    00000200   00000000    rw- .stack


SECTION ALLOCATION MAP

 output                                  attributes/
section   page    origin      length       input sections
--------  ----  ----------  ----------   ----------------
.intvecs   0    00000000    000000c0     
                  00000000    000000c0     startup_mspm0g350x_ticlang.o (.intvecs)

.text      0    000000c0    00001470     
                  000000c0    00000284     libc.a : _printfi.c.obj (.text:__TI_printfi_minimal)
                  00000344    00000114            : memory.c.obj (.text.aligned_alloc)
                  00000458    0000010c     Lab3_1.o (.text.main)
                  00000564    000000f8     libc.a : fputs.c.obj (.text.fputs)
                  0000065c    000000e8     driverlib.a : dl_timer.o (.text.DL_Timer_initTimerMode)
                  00000744    000000e8     libc.a : memory.c.obj (.text.free)
                  0000082c    000000e0            : setvbuf.c.obj (.text.setvbuf)
                  0000090c    0000009c            : fputc.c.obj (.text.fputc)
                  000009a8    0000009a            : memcpy16.S.obj (.text:memcpy)
                  00000a42    0000000e            : memory.c.obj (.text.OUTLINED_FUNCTION_0)
                  00000a50    00000088            : strcmp-armv6m.S.obj (.text:strcmp)
                  00000ad8    0000007c            : fclose.c.obj (.text.__TI_closefile)
                  00000b54    0000007c            : copy_decompress_lzss.c.obj (.text:decompress:lzss)
                  00000bd0    0000006c     libsysbm.a : hostlseek.c.obj (.text.HOSTlseek)
                  00000c3c    0000006c                : hostrename.c.obj (.text.HOSTrename)
                  00000ca8    0000006c     libc.a : fseek.c.obj (.text.fseeko)
                  00000d14    0000006c            : getdevice.c.obj (.text.getdevice)
                  00000d80    00000064            : _io_perm.c.obj (.text.__TI_wrt_ok)
                  00000de4    00000064            : memory.c.obj (.text.split)
                  00000e48    00000062            : memset16.S.obj (.text:memset)
                  00000eaa    00000002     startup_mspm0g350x_ticlang.o (.text.Default_Handler)
                  00000eac    00000060     libsysbm.a : hostopen.c.obj (.text.HOSTopen)
                  00000f0c    0000005c     libc.a : printf.c.obj (.text.printf)
                  00000f68    00000058     libsysbm.a : hostread.c.obj (.text.HOSTread)
                  00000fc0    00000058                : hostwrite.c.obj (.text.HOSTwrite)
                  00001018    00000052     libc.a : fflush.c.obj (.text.__TI_doflush)
                  0000106a    00000002     ti_msp_dl_config.o (.text.SYSCFG_DL_GPIO_init)
                  0000106c    00000050     libsysbm.a : close.c.obj (.text.close)
                  000010bc    00000048                : hostclose.c.obj (.text.HOSTclose)
                  00001104    00000048                : hostunlink.c.obj (.text.HOSTunlink)
                  0000114c    00000040     ti_msp_dl_config.o (.text.SYSCFG_DL_SYSCTL_init)
                  0000118c    00000040     libclang_rt.builtins.a : aeabi_uidivmod.S.obj (.text.__aeabi_uidivmod)
                  000011cc    0000003c     libc.a : autoinit.c.obj (.text:__TI_auto_init_nobinit_nopinit)
                  00001208    00000034            : fopen.c.obj (.text.__TI_cleanup)
                  0000123c    00000034     libsysbm.a : trgmsg.c.obj (.text.__TI_readmsg)
                  00001270    00000034                : trgmsg.c.obj (.text.__TI_writemsg)
                  000012a4    00000034     libc.a : exit.c.obj (.text.exit)
                  000012d8    00000034            : getdevice.c.obj (.text.finddevice)
                  0000130c    0000002c     ti_msp_dl_config.o (.text.SYSCFG_DL_initPower)
                  00001338    0000002c     libsysbm.a : unlink.c.obj (.text.unlink)
                  00001364    00000028     libc.a : memory.c.obj (.text.free_list_insert)
                  0000138c    00000028     libsysbm.a : lseek.c.obj (.text.lseek)
                  000013b4    00000028                : write.c.obj (.text.write)
                  000013dc    00000028     libc.a : boot_cortex_m.c.obj (.text:_c_int00_noargs)
                  00001404    00000022            : memccpy.c.obj (.text.memccpy)
                  00001426    00000002     libclang_rt.builtins.a : aeabi_div0.c.obj (.text.__aeabi_idiv0)
                  00001428    0000001c     driverlib.a : dl_timer.o (.text.DL_Timer_setClockConfig)
                  00001444    0000001c     libc.a : memory.c.obj (.text.free_list_remove)
                  00001460    00000016            : copy_zero_init.c.obj (.text:decompress:ZI:__TI_zero_init_nomemset)
                  00001476    00000012            : copy_decompress_none.c.obj (.text:decompress:none)
                  00001488    00000010     ti_msp_dl_config.o (.text.SYSCFG_DL_init)
                  00001498    0000000e     libclang_rt.builtins.a : aeabi_memset.S.obj (.text.__aeabi_memset)
                  000014a6    0000000e     libsysbm.a : hostrename.c.obj (.text.strcpy)
                  000014b4    0000000e     libc.a : _printfi.c.obj (.text.strlen)
                  000014c2    0000000e     libsysbm.a : hostrename.c.obj (.text.strlen)
                  000014d0    0000000c     libclang_rt.builtins.a : aeabi_memset.S.obj (.text.__aeabi_memclr)
                  000014dc    0000000c     libc.a : memory.c.obj (.text.malloc)
                  000014e8    0000000a     driverlib.a : dl_common.o (.text.DL_Common_delayCycles)
                  000014f2    00000002     libc.a : _lock.c.obj (.text._nop)
                  000014f4    00000008     libclang_rt.builtins.a : aeabi_memcpy.S.obj (.text.__aeabi_memcpy)
                  000014fc    00000008     libc.a : printf.c.obj (.text._outc)
                  00001504    00000008            : printf.c.obj (.text._outs)
                  0000150c    00000008            : fseek.c.obj (.text.fseek)
                  00001514    00000008     libsysbm.a : remove.c.obj (.text.remove)
                  0000151c    00000006     libc.a : exit.c.obj (.text:abort)
                  00001522    00000004     libsysbm.a : hostexit.c.obj (.text.HOSTexit)
                  00001526    00000004     startup_mspm0g350x_ticlang.o (.text.Reset_Handler)
                  0000152a    00000004     libc.a : pre_init.c.obj (.text._system_pre_init)
                  0000152e    00000002     --HOLE-- [fill = 0]

.cinit     0    00001580    00000088     
                  00001580    00000064     (.cinit..data.load) [load image, compression = lzss]
                  000015e4    0000000c     (__TI_handler_table)
                  000015f0    00000008     (.cinit..bss.load) [load image, compression = zero_init]
                  000015f8    00000010     (__TI_cinit_table)

.rodata    0    00001530    00000050     
                  00001530    00000017     Lab3_1.o (.rodata.str1.1035297522026782221.1)
                  00001547    00000016     Lab3_1.o (.rodata.str1.3540339524295152574.1)
                  0000155d    00000011     libc.a : _printfi.c.obj (.rodata.str1.15363888844622738466.1)
                  0000156e    00000010     Lab3_1.o (.rodata.str1.9507313432119510939.1)
                  0000157e    00000002     --HOLE-- [fill = 0]

.init_array 
*          0    00000000    00000000     UNINITIALIZED

.binit     0    00000000    00000000     

.sysmem    0    20200000    00000800     UNINITIALIZED
                  20200000    00000010     libc.a : memory.c.obj (.sysmem)
                  20200010    000007f0     --HOLE--

.data      0    20200800    000001cd     UNINITIALIZED
                  20200800    000000f0     libc.a : defs.c.obj (.data._ftable)
                  202008f0    00000078     libsysbm.a : host_device.c.obj (.data._device)
                  20200968    00000050                : host_device.c.obj (.data._stream)
                  202009b8    00000008     libc.a : exit.c.obj (.data..L_MergedGlobals)
                  202009c0    00000004            : defs.c.obj (.data.__TI_ft_end)
                  202009c4    00000004            : _lock.c.obj (.data._lock)
                  202009c8    00000004            : _lock.c.obj (.data._unlock)
                  202009cc    00000001            : memory.c.obj (.data.memory_is_initialized)

.bss       0    202009d0    000001cc     UNINITIALIZED
                  202009d0    00000120     libsysbm.a : trgmsg.c.obj (.bss:_CIOBUF_)
                  20200af0    000000a0     libc.a : defs.c.obj (.bss.__TI_tmpnams)
                  20200b90    00000008     libsysbm.a : hostopen.c.obj (.bss.parmbuf)
                  20200b98    00000004     libc.a : memory.c.obj (.bss.sys_free)

.stack     0    20207e00    00000200     UNINITIALIZED
                  20207e00    00000004     libc.a : boot_cortex_m.c.obj (.stack)
                  20207e04    000001fc     --HOLE--

__llvm_prf_cnts 
*          0    20200000    00000000     UNINITIALIZED

__llvm_prf_bits 
*          0    20200000    00000000     UNINITIALIZED

MODULE SUMMARY

       Module                         code   ro data   rw data
       ------                         ----   -------   -------
    .\
       Lab3_1.o                       268    61        0      
       startup_mspm0g350x_ticlang.o   6      192       0      
       ti_msp_dl_config.o             126    0         0      
    +--+------------------------------+------+---------+---------+
       Total:                         400    253       0      
                                                              
    C:/ti/mspm0_sdk_2_05_01_00/source/ti/driverlib/lib/ticlang/m0p/mspm0g1x0x_g3x0x/driverlib.a
       dl_timer.o                     260    0         0      
       dl_common.o                    10     0         0      
    +--+------------------------------+------+---------+---------+
       Total:                         270    0         0      
                                                              
    C:\ti\ccs2020\ccs\tools\compiler\ti-cgt-armllvm_4.0.3.LTS\lib\armv6m-ti-none-eabi/c/libc.a
       memory.c.obj                   702    0         5      
       _printfi.c.obj                 658    17        0      
       defs.c.obj                     0      0         404    
       fputs.c.obj                    248    0         0      
       setvbuf.c.obj                  224    0         0      
       getdevice.c.obj                160    0         0      
       fputc.c.obj                    156    0         0      
       memcpy16.S.obj                 154    0         0      
       strcmp-armv6m.S.obj            136    0         0      
       copy_decompress_lzss.c.obj     124    0         0      
       fclose.c.obj                   124    0         0      
       fseek.c.obj                    116    0         0      
       printf.c.obj                   108    0         0      
       _io_perm.c.obj                 100    0         0      
       memset16.S.obj                 98     0         0      
       fflush.c.obj                   82     0         0      
       exit.c.obj                     58     0         8      
       autoinit.c.obj                 60     0         0      
       fopen.c.obj                    52     0         0      
       boot_cortex_m.c.obj            40     0         0      
       memccpy.c.obj                  34     0         0      
       copy_zero_init.c.obj           22     0         0      
       copy_decompress_none.c.obj     18     0         0      
       _lock.c.obj                    2      0         8      
       pre_init.c.obj                 4      0         0      
    +--+------------------------------+------+---------+---------+
       Total:                         3480   17        425    
                                                              
    C:\ti\ccs2020\ccs\tools\compiler\ti-cgt-armllvm_4.0.3.LTS\lib\armv6m-ti-none-eabi/c/libsysbm.a
       trgmsg.c.obj                   104    0         288    
       host_device.c.obj              0      0         200    
       hostrename.c.obj               136    0         0      
       hostlseek.c.obj                108    0         0      
       hostopen.c.obj                 96     0         8      
       hostread.c.obj                 88     0         0      
       hostwrite.c.obj                88     0         0      
       close.c.obj                    80     0         0      
       hostclose.c.obj                72     0         0      
       hostunlink.c.obj               72     0         0      
       unlink.c.obj                   44     0         0      
       lseek.c.obj                    40     0         0      
       write.c.obj                    40     0         0      
       remove.c.obj                   8      0         0      
       hostexit.c.obj                 4      0         0      
    +--+------------------------------+------+---------+---------+
       Total:                         980    0         496    
                                                              
    C:\ti\ccs2020\ccs\tools\compiler\ti-cgt-armllvm_4.0.3.LTS\lib\armv6m-ti-none-eabi/libclang_rt.builtins.a
       aeabi_uidivmod.S.obj           64     0         0      
       aeabi_memset.S.obj             26     0         0      
       aeabi_memcpy.S.obj             8      0         0      
       aeabi_div0.c.obj               2      0         0      
    +--+------------------------------+------+---------+---------+
       Total:                         100    0         0      
                                                              
       Heap:                          0      0         2048   
       Stack:                         0      0         512    
       Linker Generated:              0      136       0      
    +--+------------------------------+------+---------+---------+
       Grand Total:                   5230   406       3481   


LINKER GENERATED COPY TABLES

__TI_cinit_table @ 000015f8 records: 2, size/record: 8, table size: 16
	.data: load addr=00001580, load size=00000064 bytes, run addr=20200800, run size=000001cd bytes, compression=lzss
	.bss: load addr=000015f0, load size=00000008 bytes, run addr=202009d0, run size=000001cc bytes, compression=zero_init


LINKER GENERATED HANDLER TABLE

__TI_handler_table @ 000015e4 records: 3, size/record: 4, table size: 12
	index: 0, handler: __TI_decompress_lzss
	index: 1, handler: __TI_decompress_none
	index: 2, handler: __TI_zero_init


GLOBAL SYMBOLS: SORTED ALPHABETICALLY BY Name 

address   name                          
-------   ----                          
00000eab  ADC0_IRQHandler               
00000eab  ADC1_IRQHandler               
00000eab  AES_IRQHandler                
00001522  C$$EXIT                       
0000129d  C$$IO$$                       
00000eab  CANFD0_IRQHandler             
00000eab  DAC0_IRQHandler               
000014e9  DL_Common_delayCycles         
0000065d  DL_Timer_initTimerMode        
00001429  DL_Timer_setClockConfig       
00000eab  DMA_IRQHandler                
00000eab  Default_Handler               
00000eab  GROUP0_IRQHandler             
00000eab  GROUP1_IRQHandler             
000010bd  HOSTclose                     
00001523  HOSTexit                      
00000bd1  HOSTlseek                     
00000ead  HOSTopen                      
00000f69  HOSTread                      
00000c3d  HOSTrename                    
00001105  HOSTunlink                    
00000fc1  HOSTwrite                     
00000eab  HardFault_Handler             
00000eab  I2C0_IRQHandler               
00000eab  I2C1_IRQHandler               
00000eab  NMI_Handler                   
00000eab  PendSV_Handler                
00000eab  RTC_IRQHandler                
00001527  Reset_Handler                 
00000eab  SPI0_IRQHandler               
00000eab  SPI1_IRQHandler               
00000eab  SVC_Handler                   
0000106b  SYSCFG_DL_GPIO_init           
0000114d  SYSCFG_DL_SYSCTL_init         
00001489  SYSCFG_DL_init                
0000130d  SYSCFG_DL_initPower           
00000eab  SysTick_Handler               
00000eab  TIMA0_IRQHandler              
00000eab  TIMA1_IRQHandler              
00000eab  TIMG0_IRQHandler              
00000eab  TIMG12_IRQHandler             
00000eab  TIMG6_IRQHandler              
00000eab  TIMG7_IRQHandler              
00000eab  TIMG8_IRQHandler              
00000eab  UART0_IRQHandler              
00000eab  UART1_IRQHandler              
00000eab  UART2_IRQHandler              
00000eab  UART3_IRQHandler              
202009d0  _CIOBUF_                      
202009d0  __CIOBUF_                     
20208000  __STACK_END                   
00000200  __STACK_SIZE                  
00000800  __SYSMEM_SIZE                 
00000000  __TI_ATRegion0_region_sz      
00000000  __TI_ATRegion0_src_addr       
00000000  __TI_ATRegion0_trg_addr       
00000000  __TI_ATRegion1_region_sz      
00000000  __TI_ATRegion1_src_addr       
00000000  __TI_ATRegion1_trg_addr       
00000000  __TI_ATRegion2_region_sz      
00000000  __TI_ATRegion2_src_addr       
00000000  __TI_ATRegion2_trg_addr       
000015f8  __TI_CINIT_Base               
00001608  __TI_CINIT_Limit              
00001608  __TI_CINIT_Warm               
000015e4  __TI_Handler_Table_Base       
000015f0  __TI_Handler_Table_Limit      
000011cd  __TI_auto_init_nobinit_nopinit
00001209  __TI_cleanup                  
202009b8  __TI_cleanup_ptr              
00000ad9  __TI_closefile                
00000b55  __TI_decompress_lzss          
00001477  __TI_decompress_none          
00001019  __TI_doflush                  
202009bc  __TI_dtors_ptr                
202009c0  __TI_ft_end                   
ffffffff  __TI_pprof_out_hndl           
000000c1  __TI_printfi_minimal          
ffffffff  __TI_prof_data_size           
ffffffff  __TI_prof_data_start          
0000123d  __TI_readmsg                  
00000000  __TI_static_base__            
20200af0  __TI_tmpnams                  
00001271  __TI_writemsg                 
00000d81  __TI_wrt_ok                   
00001461  __TI_zero_init_nomemset       
00001427  __aeabi_idiv0                 
000014d1  __aeabi_memclr                
000014d1  __aeabi_memclr4               
000014d1  __aeabi_memclr8               
000014f5  __aeabi_memcpy                
000014f5  __aeabi_memcpy4               
000014f5  __aeabi_memcpy8               
00001499  __aeabi_memset                
00001499  __aeabi_memset4               
00001499  __aeabi_memset8               
0000118d  __aeabi_uidiv                 
0000118d  __aeabi_uidivmod              
ffffffff  __binit__                     
UNDEFED   __mpu_init                    
20207e00  __stack                       
20200000  __start___llvm_prf_bits       
20200000  __start___llvm_prf_cnts       
20200000  __stop___llvm_prf_bits        
20200000  __stop___llvm_prf_cnts        
000013dd  _c_int00_noargs               
202008f0  _device                       
20200800  _ftable                       
202009c4  _lock                         
000014f3  _nop                          
20200968  _stream                       
20200000  _sys_memory                   
UNDEFED   _system_post_cinit            
0000152b  _system_pre_init              
202009c8  _unlock                       
0000151d  abort                         
00000345  aligned_alloc                 
ffffffff  binit                         
0000106d  close                         
000012a5  exit                          
000012d9  finddevice                    
0000090d  fputc                         
00000565  fputs                         
00000745  free                          
0000150d  fseek                         
00000ca9  fseeko                        
00000d15  getdevice                     
00000000  interruptVectors              
0000138d  lseek                         
00000459  main                          
000014dd  malloc                        
00000345  memalign                      
00001405  memccpy                       
000009a9  memcpy                        
00000e49  memset                        
20200b90  parmbuf                       
00000f0d  printf                        
00001515  remove                        
0000082d  setvbuf                       
00000a51  strcmp                        
00001339  unlink                        
000013b5  write                         


GLOBAL SYMBOLS: SORTED BY Symbol Address 

address   name                          
-------   ----                          
00000000  __TI_ATRegion0_region_sz      
00000000  __TI_ATRegion0_src_addr       
00000000  __TI_ATRegion0_trg_addr       
00000000  __TI_ATRegion1_region_sz      
00000000  __TI_ATRegion1_src_addr       
00000000  __TI_ATRegion1_trg_addr       
00000000  __TI_ATRegion2_region_sz      
00000000  __TI_ATRegion2_src_addr       
00000000  __TI_ATRegion2_trg_addr       
00000000  __TI_static_base__            
00000000  interruptVectors              
000000c1  __TI_printfi_minimal          
00000200  __STACK_SIZE                  
00000345  aligned_alloc                 
00000345  memalign                      
00000459  main                          
00000565  fputs                         
0000065d  DL_Timer_initTimerMode        
00000745  free                          
00000800  __SYSMEM_SIZE                 
0000082d  setvbuf                       
0000090d  fputc                         
000009a9  memcpy                        
00000a51  strcmp                        
00000ad9  __TI_closefile                
00000b55  __TI_decompress_lzss          
00000bd1  HOSTlseek                     
00000c3d  HOSTrename                    
00000ca9  fseeko                        
00000d15  getdevice                     
00000d81  __TI_wrt_ok                   
00000e49  memset                        
00000eab  ADC0_IRQHandler               
00000eab  ADC1_IRQHandler               
00000eab  AES_IRQHandler                
00000eab  CANFD0_IRQHandler             
00000eab  DAC0_IRQHandler               
00000eab  DMA_IRQHandler                
00000eab  Default_Handler               
00000eab  GROUP0_IRQHandler             
00000eab  GROUP1_IRQHandler             
00000eab  HardFault_Handler             
00000eab  I2C0_IRQHandler               
00000eab  I2C1_IRQHandler               
00000eab  NMI_Handler                   
00000eab  PendSV_Handler                
00000eab  RTC_IRQHandler                
00000eab  SPI0_IRQHandler               
00000eab  SPI1_IRQHandler               
00000eab  SVC_Handler                   
00000eab  SysTick_Handler               
00000eab  TIMA0_IRQHandler              
00000eab  TIMA1_IRQHandler              
00000eab  TIMG0_IRQHandler              
00000eab  TIMG12_IRQHandler             
00000eab  TIMG6_IRQHandler              
00000eab  TIMG7_IRQHandler              
00000eab  TIMG8_IRQHandler              
00000eab  UART0_IRQHandler              
00000eab  UART1_IRQHandler              
00000eab  UART2_IRQHandler              
00000eab  UART3_IRQHandler              
00000ead  HOSTopen                      
00000f0d  printf                        
00000f69  HOSTread                      
00000fc1  HOSTwrite                     
00001019  __TI_doflush                  
0000106b  SYSCFG_DL_GPIO_init           
0000106d  close                         
000010bd  HOSTclose                     
00001105  HOSTunlink                    
0000114d  SYSCFG_DL_SYSCTL_init         
0000118d  __aeabi_uidiv                 
0000118d  __aeabi_uidivmod              
000011cd  __TI_auto_init_nobinit_nopinit
00001209  __TI_cleanup                  
0000123d  __TI_readmsg                  
00001271  __TI_writemsg                 
0000129d  C$$IO$$                       
000012a5  exit                          
000012d9  finddevice                    
0000130d  SYSCFG_DL_initPower           
00001339  unlink                        
0000138d  lseek                         
000013b5  write                         
000013dd  _c_int00_noargs               
00001405  memccpy                       
00001427  __aeabi_idiv0                 
00001429  DL_Timer_setClockConfig       
00001461  __TI_zero_init_nomemset       
00001477  __TI_decompress_none          
00001489  SYSCFG_DL_init                
00001499  __aeabi_memset                
00001499  __aeabi_memset4               
00001499  __aeabi_memset8               
000014d1  __aeabi_memclr                
000014d1  __aeabi_memclr4               
000014d1  __aeabi_memclr8               
000014dd  malloc                        
000014e9  DL_Common_delayCycles         
000014f3  _nop                          
000014f5  __aeabi_memcpy                
000014f5  __aeabi_memcpy4               
000014f5  __aeabi_memcpy8               
0000150d  fseek                         
00001515  remove                        
0000151d  abort                         
00001522  C$$EXIT                       
00001523  HOSTexit                      
00001527  Reset_Handler                 
0000152b  _system_pre_init              
000015e4  __TI_Handler_Table_Base       
000015f0  __TI_Handler_Table_Limit      
000015f8  __TI_CINIT_Base               
00001608  __TI_CINIT_Limit              
00001608  __TI_CINIT_Warm               
20200000  __start___llvm_prf_bits       
20200000  __start___llvm_prf_cnts       
20200000  __stop___llvm_prf_bits        
20200000  __stop___llvm_prf_cnts        
20200000  _sys_memory                   
20200800  _ftable                       
202008f0  _device                       
20200968  _stream                       
202009b8  __TI_cleanup_ptr              
202009bc  __TI_dtors_ptr                
202009c0  __TI_ft_end                   
202009c4  _lock                         
202009c8  _unlock                       
202009d0  _CIOBUF_                      
202009d0  __CIOBUF_                     
20200af0  __TI_tmpnams                  
20200b90  parmbuf                       
20207e00  __stack                       
20208000  __STACK_END                   
ffffffff  __TI_pprof_out_hndl           
ffffffff  __TI_prof_data_size           
ffffffff  __TI_prof_data_start          
ffffffff  __binit__                     
ffffffff  binit                         
UNDEFED   __mpu_init                    
UNDEFED   _system_post_cinit            

[142 symbols]
