******************************************************************************
            TI ARM Clang Linker PC v4.0.3                      
******************************************************************************
>> Linked Sun Sep 21 21:59:56 2025

OUTPUT FILE NAME:   <Lab2_2.out>
ENTRY POINT SYMBOL: "_c_int00_noargs"  address: 00001989


MEMORY CONFIGURATION

         name            origin    length      used     unused   attr    fill
----------------------  --------  ---------  --------  --------  ----  --------
  FLASH                 00000000   00020000  00001d38  0001e2c8  R  X
  SRAM                  20200000   00008000  00000d9d  00007263  RW X
  BCR_CONFIG            41c00000   000000ff  00000000  000000ff  R   
  BSL_CONFIG            41c00100   00000080  00000000  00000080  R   


SEGMENT ALLOCATION MAP

run origin  load origin   length   init length attrs members
----------  ----------- ---------- ----------- ----- -------
00000000    00000000    00001d38   00001d38    r-x
  00000000    00000000    000000c0   000000c0    r-- .intvecs
  000000c0    000000c0    00001a80   00001a80    r-x .text
  00001b40    00001b40    00000170   00000170    r-- .rodata
  00001cb0    00001cb0    00000088   00000088    r-- .cinit
20200000    20200000    00000ba0   00000000    rw-
  20200000    20200000    00000800   00000000    rw- .sysmem
  20200800    20200800    000001d1   00000000    rw- .data
  202009d4    202009d4    000001cc   00000000    rw- .bss
20207e00    20207e00    00000200   00000000    rw-
  20207e00    20207e00    00000200   00000000    rw- .stack


SECTION ALLOCATION MAP

 output                                  attributes/
section   page    origin      length       input sections
--------  ----  ----------  ----------   ----------------
.intvecs   0    00000000    000000c0     
                  00000000    000000c0     startup_mspm0g350x_ticlang.o (.intvecs)

.text      0    000000c0    00001a80     
                  000000c0    00000868     libc.a : _printfi.c.obj (.text:__TI_printfi_nofloat)
                  00000928    00000114            : memory.c.obj (.text.aligned_alloc)
                  00000a3c    000000f8            : fputs.c.obj (.text.fputs)
                  00000b34    000000e8            : memory.c.obj (.text.free)
                  00000c1c    000000e0            : setvbuf.c.obj (.text.setvbuf)
                  00000cfc    000000a2     libclang_rt.builtins.a : udivmoddi4.S.obj (.text)
                  00000d9e    00000002     startup_mspm0g350x_ticlang.o (.text.Default_Handler)
                  00000da0    000000a0     Lab2_2.o (.text.main)
                  00000e40    0000009c     libc.a : fputc.c.obj (.text.fputc)
                  00000edc    0000009a            : memcpy16.S.obj (.text:memcpy)
                  00000f76    0000000a     driverlib.a : dl_common.o (.text.DL_Common_delayCycles)
                  00000f80    00000088     libc.a : strcmp-armv6m.S.obj (.text:strcmp)
                  00001008    0000007c            : fclose.c.obj (.text.__TI_closefile)
                  00001084    0000007c            : copy_decompress_lzss.c.obj (.text:decompress:lzss)
                  00001100    0000006c     libsysbm.a : hostlseek.c.obj (.text.HOSTlseek)
                  0000116c    0000006c                : hostrename.c.obj (.text.HOSTrename)
                  000011d8    0000006c     libc.a : fseek.c.obj (.text.fseeko)
                  00001244    0000006c            : getdevice.c.obj (.text.getdevice)
                  000012b0    00000064            : _io_perm.c.obj (.text.__TI_wrt_ok)
                  00001314    00000064            : memory.c.obj (.text.split)
                  00001378    00000062            : memset16.S.obj (.text:memset)
                  000013da    00000002     ti_msp_dl_config.o (.text.SYSCFG_DL_GPIO_init)
                  000013dc    00000060     libsysbm.a : hostopen.c.obj (.text.HOSTopen)
                  0000143c    0000005c     libc.a : printf.c.obj (.text.printf)
                  00001498    00000058     libsysbm.a : hostread.c.obj (.text.HOSTread)
                  000014f0    00000058                : hostwrite.c.obj (.text.HOSTwrite)
                  00001548    00000052     libc.a : fflush.c.obj (.text.__TI_doflush)
                  0000159a    00000002     libclang_rt.builtins.a : aeabi_div0.c.obj (.text.__aeabi_idiv0)
                  0000159c    00000050     libsysbm.a : close.c.obj (.text.close)
                  000015ec    00000048                : hostclose.c.obj (.text.HOSTclose)
                  00001634    00000048                : hostunlink.c.obj (.text.HOSTunlink)
                  0000167c    00000040     ti_msp_dl_config.o (.text.SYSCFG_DL_SYSCTL_init)
                  000016bc    00000040     libclang_rt.builtins.a : aeabi_uidivmod.S.obj (.text.__aeabi_uidivmod)
                  000016fc    00000040     libc.a : atoi.c.obj (.text.atoi)
                  0000173c    0000003c            : autoinit.c.obj (.text:__TI_auto_init_nobinit_nopinit)
                  00001778    0000003a     libclang_rt.builtins.a : muldsi3.S.obj (.text.__muldsi3)
                  000017b2    00000002                            : aeabi_div0.c.obj (.text.__aeabi_ldiv0)
                  000017b4    00000034     libc.a : fopen.c.obj (.text.__TI_cleanup)
                  000017e8    00000034     libsysbm.a : trgmsg.c.obj (.text.__TI_readmsg)
                  0000181c    00000034                : trgmsg.c.obj (.text.__TI_writemsg)
                  00001850    00000034     libc.a : exit.c.obj (.text.exit)
                  00001884    00000034            : getdevice.c.obj (.text.finddevice)
                  000018b8    0000002c     ti_msp_dl_config.o (.text.SYSCFG_DL_initPower)
                  000018e4    0000002c     libsysbm.a : unlink.c.obj (.text.unlink)
                  00001910    00000028     libc.a : memory.c.obj (.text.free_list_insert)
                  00001938    00000028     libsysbm.a : lseek.c.obj (.text.lseek)
                  00001960    00000028                : write.c.obj (.text.write)
                  00001988    00000028     libc.a : boot_cortex_m.c.obj (.text:_c_int00_noargs)
                  000019b0    00000024     libclang_rt.builtins.a : muldi3.S.obj (.text.__muldi3)
                  000019d4    00000022     libc.a : memccpy.c.obj (.text.memccpy)
                  000019f6    00000002            : _lock.c.obj (.text._nop)
                  000019f8    0000001e     libclang_rt.builtins.a : ashldi3.S.obj (.text.__ashldi3)
                  00001a16    00000002     --HOLE-- [fill = 0]
                  00001a18    0000001c     libc.a : memory.c.obj (.text.free_list_remove)
                  00001a34    00000016            : copy_zero_init.c.obj (.text:decompress:ZI:__TI_zero_init_nomemset)
                  00001a4a    00000002     --HOLE-- [fill = 0]
                  00001a4c    00000014     libclang_rt.builtins.a : aeabi_uldivmod.S.obj (.text.__aeabi_uldivmod)
                  00001a60    00000012     libc.a : copy_decompress_none.c.obj (.text:decompress:none)
                  00001a72    00000010     ti_msp_dl_config.o (.text.SYSCFG_DL_init)
                  00001a82    00000010     libc.a : wcslen.c.obj (.text.wcslen)
                  00001a92    0000000e            : memory.c.obj (.text.OUTLINED_FUNCTION_0)
                  00001aa0    0000000e     libclang_rt.builtins.a : aeabi_memset.S.obj (.text.__aeabi_memset)
                  00001aae    0000000e     libsysbm.a : hostrename.c.obj (.text.strcpy)
                  00001abc    0000000e     libc.a : _printfi.c.obj (.text.strlen)
                  00001aca    0000000e     libsysbm.a : hostrename.c.obj (.text.strlen)
                  00001ad8    0000000c     libclang_rt.builtins.a : aeabi_memset.S.obj (.text.__aeabi_memclr)
                  00001ae4    0000000c     libc.a : memory.c.obj (.text.malloc)
                  00001af0    00000008            : aeabi_portable.c.obj (.text.__aeabi_errno_addr)
                  00001af8    00000008     libclang_rt.builtins.a : aeabi_memcpy.S.obj (.text.__aeabi_memcpy)
                  00001b00    00000008     libc.a : printf.c.obj (.text._outc)
                  00001b08    00000008            : printf.c.obj (.text._outs)
                  00001b10    00000008            : fseek.c.obj (.text.fseek)
                  00001b18    00000008     libsysbm.a : remove.c.obj (.text.remove)
                  00001b20    00000006     libc.a : exit.c.obj (.text:abort)
                  00001b26    00000004     libsysbm.a : hostexit.c.obj (.text.HOSTexit)
                  00001b2a    00000004     startup_mspm0g350x_ticlang.o (.text.Reset_Handler)
                  00001b2e    00000004     libc.a : pre_init.c.obj (.text._system_pre_init)
                  00001b32    0000000e     --HOLE-- [fill = 0]

.cinit     0    00001cb0    00000088     
                  00001cb0    00000062     (.cinit..data.load) [load image, compression = lzss]
                  00001d12    00000002     --HOLE-- [fill = 0]
                  00001d14    0000000c     (__TI_handler_table)
                  00001d20    00000008     (.cinit..bss.load) [load image, compression = zero_init]
                  00001d28    00000010     (__TI_cinit_table)

.rodata    0    00001b40    00000170     
                  00001b40    00000101     libc.a : aeabi_ctype.S.obj (.rodata:__aeabi_ctype_table_)
                  00001c41    00000022     Lab2_2.o (.rodata.str1.1728573997640754570.1)
                  00001c63    00000020     Lab2_2.o (.rodata.str1.10272851260971730017.1)
                  00001c83    00000011     libc.a : _printfi.c.obj (.rodata.str1.10348868589481759720.1)
                  00001c94    00000011            : _printfi.c.obj (.rodata.str1.15363888844622738466.1)
                  00001ca5    0000000b     --HOLE-- [fill = 0]

.init_array 
*          0    00000000    00000000     UNINITIALIZED

.binit     0    00000000    00000000     

.sysmem    0    20200000    00000800     UNINITIALIZED
                  20200000    00000010     libc.a : memory.c.obj (.sysmem)
                  20200010    000007f0     --HOLE--

.data      0    20200800    000001d1     UNINITIALIZED
                  20200800    000000f0     libc.a : defs.c.obj (.data._ftable)
                  202008f0    00000078     libsysbm.a : host_device.c.obj (.data._device)
                  20200968    00000050                : host_device.c.obj (.data._stream)
                  202009b8    00000008     libc.a : exit.c.obj (.data..L_MergedGlobals)
                  202009c0    00000004            : defs.c.obj (.data.__TI_ft_end)
                  202009c4    00000004            : aeabi_portable.c.obj (.data.__aeabi_errno)
                  202009c8    00000004            : _lock.c.obj (.data._lock)
                  202009cc    00000004            : _lock.c.obj (.data._unlock)
                  202009d0    00000001            : memory.c.obj (.data.memory_is_initialized)

.bss       0    202009d4    000001cc     UNINITIALIZED
                  202009d4    00000120     libsysbm.a : trgmsg.c.obj (.bss:_CIOBUF_)
                  20200af4    000000a0     libc.a : defs.c.obj (.bss.__TI_tmpnams)
                  20200b94    00000008     libsysbm.a : hostopen.c.obj (.bss.parmbuf)
                  20200b9c    00000004     libc.a : memory.c.obj (.bss.sys_free)

.stack     0    20207e00    00000200     UNINITIALIZED
                  20207e00    00000004     libc.a : boot_cortex_m.c.obj (.stack)
                  20207e04    000001fc     --HOLE--

__llvm_prf_cnts 
*          0    20200000    00000000     UNINITIALIZED

__llvm_prf_bits 
*          0    20200000    00000000     UNINITIALIZED

MODULE SUMMARY

       Module                         code   ro data   rw data
       ------                         ----   -------   -------
    .\
       Lab2_2.o                       160    66        0      
       startup_mspm0g350x_ticlang.o   6      192       0      
       ti_msp_dl_config.o             126    0         0      
    +--+------------------------------+------+---------+---------+
       Total:                         292    258       0      
                                                              
    C:/ti/mspm0_sdk_2_05_01_00/source/ti/driverlib/lib/ticlang/m0p/mspm0g1x0x_g3x0x/driverlib.a
       dl_common.o                    10     0         0      
    +--+------------------------------+------+---------+---------+
       Total:                         10     0         0      
                                                              
    C:\ti\ccs2020\ccs\tools\compiler\ti-cgt-armllvm_4.0.3.LTS\lib\armv6m-ti-none-eabi/c/libc.a
       _printfi.c.obj                 2166   34        0      
       memory.c.obj                   702    0         5      
       defs.c.obj                     0      0         404    
       aeabi_ctype.S.obj              0      257       0      
       fputs.c.obj                    248    0         0      
       setvbuf.c.obj                  224    0         0      
       getdevice.c.obj                160    0         0      
       fputc.c.obj                    156    0         0      
       memcpy16.S.obj                 154    0         0      
       strcmp-armv6m.S.obj            136    0         0      
       copy_decompress_lzss.c.obj     124    0         0      
       fclose.c.obj                   124    0         0      
       fseek.c.obj                    116    0         0      
       printf.c.obj                   108    0         0      
       _io_perm.c.obj                 100    0         0      
       memset16.S.obj                 98     0         0      
       fflush.c.obj                   82     0         0      
       exit.c.obj                     58     0         8      
       atoi.c.obj                     64     0         0      
       autoinit.c.obj                 60     0         0      
       fopen.c.obj                    52     0         0      
       boot_cortex_m.c.obj            40     0         0      
       memccpy.c.obj                  34     0         0      
       copy_zero_init.c.obj           22     0         0      
       copy_decompress_none.c.obj     18     0         0      
       wcslen.c.obj                   16     0         0      
       aeabi_portable.c.obj           8      0         4      
       _lock.c.obj                    2      0         8      
       pre_init.c.obj                 4      0         0      
    +--+------------------------------+------+---------+---------+
       Total:                         5076   291       429    
                                                              
    C:\ti\ccs2020\ccs\tools\compiler\ti-cgt-armllvm_4.0.3.LTS\lib\armv6m-ti-none-eabi/c/libsysbm.a
       trgmsg.c.obj                   104    0         288    
       host_device.c.obj              0      0         200    
       hostrename.c.obj               136    0         0      
       hostlseek.c.obj                108    0         0      
       hostopen.c.obj                 96     0         8      
       hostread.c.obj                 88     0         0      
       hostwrite.c.obj                88     0         0      
       close.c.obj                    80     0         0      
       hostclose.c.obj                72     0         0      
       hostunlink.c.obj               72     0         0      
       unlink.c.obj                   44     0         0      
       lseek.c.obj                    40     0         0      
       write.c.obj                    40     0         0      
       remove.c.obj                   8      0         0      
       hostexit.c.obj                 4      0         0      
    +--+------------------------------+------+---------+---------+
       Total:                         980    0         496    
                                                              
    C:\ti\ccs2020\ccs\tools\compiler\ti-cgt-armllvm_4.0.3.LTS\lib\armv6m-ti-none-eabi/libclang_rt.builtins.a
       udivmoddi4.S.obj               162    0         0      
       aeabi_uidivmod.S.obj           64     0         0      
       muldsi3.S.obj                  58     0         0      
       muldi3.S.obj                   36     0         0      
       ashldi3.S.obj                  30     0         0      
       aeabi_memset.S.obj             26     0         0      
       aeabi_uldivmod.S.obj           20     0         0      
       aeabi_memcpy.S.obj             8      0         0      
       aeabi_div0.c.obj               4      0         0      
    +--+------------------------------+------+---------+---------+
       Total:                         408    0         0      
                                                              
       Heap:                          0      0         2048   
       Stack:                         0      0         512    
       Linker Generated:              0      134       0      
    +--+------------------------------+------+---------+---------+
       Grand Total:                   6766   683       3485   


LINKER GENERATED COPY TABLES

__TI_cinit_table @ 00001d28 records: 2, size/record: 8, table size: 16
	.data: load addr=00001cb0, load size=00000062 bytes, run addr=20200800, run size=000001d1 bytes, compression=lzss
	.bss: load addr=00001d20, load size=00000008 bytes, run addr=202009d4, run size=000001cc bytes, compression=zero_init


LINKER GENERATED HANDLER TABLE

__TI_handler_table @ 00001d14 records: 3, size/record: 4, table size: 12
	index: 0, handler: __TI_decompress_lzss
	index: 1, handler: __TI_decompress_none
	index: 2, handler: __TI_zero_init


GLOBAL SYMBOLS: SORTED ALPHABETICALLY BY Name 

address   name                          
-------   ----                          
00000d9f  ADC0_IRQHandler               
00000d9f  ADC1_IRQHandler               
00000d9f  AES_IRQHandler                
00001b26  C$$EXIT                       
00001849  C$$IO$$                       
00000d9f  CANFD0_IRQHandler             
00000d9f  DAC0_IRQHandler               
00000f77  DL_Common_delayCycles         
00000d9f  DMA_IRQHandler                
00000d9f  Default_Handler               
00000d9f  GROUP0_IRQHandler             
00000d9f  GROUP1_IRQHandler             
000015ed  HOSTclose                     
00001b27  HOSTexit                      
00001101  HOSTlseek                     
000013dd  HOSTopen                      
00001499  HOSTread                      
0000116d  HOSTrename                    
00001635  HOSTunlink                    
000014f1  HOSTwrite                     
00000d9f  HardFault_Handler             
00000d9f  I2C0_IRQHandler               
00000d9f  I2C1_IRQHandler               
00000d9f  NMI_Handler                   
00000d9f  PendSV_Handler                
00000d9f  RTC_IRQHandler                
00001b2b  Reset_Handler                 
00000d9f  SPI0_IRQHandler               
00000d9f  SPI1_IRQHandler               
00000d9f  SVC_Handler                   
000013db  SYSCFG_DL_GPIO_init           
0000167d  SYSCFG_DL_SYSCTL_init         
00001a73  SYSCFG_DL_init                
000018b9  SYSCFG_DL_initPower           
00000d9f  SysTick_Handler               
00000d9f  TIMA0_IRQHandler              
00000d9f  TIMA1_IRQHandler              
00000d9f  TIMG0_IRQHandler              
00000d9f  TIMG12_IRQHandler             
00000d9f  TIMG6_IRQHandler              
00000d9f  TIMG7_IRQHandler              
00000d9f  TIMG8_IRQHandler              
00000d9f  UART0_IRQHandler              
00000d9f  UART1_IRQHandler              
00000d9f  UART2_IRQHandler              
00000d9f  UART3_IRQHandler              
202009d4  _CIOBUF_                      
202009d4  __CIOBUF_                     
20208000  __STACK_END                   
00000200  __STACK_SIZE                  
00000800  __SYSMEM_SIZE                 
00000000  __TI_ATRegion0_region_sz      
00000000  __TI_ATRegion0_src_addr       
00000000  __TI_ATRegion0_trg_addr       
00000000  __TI_ATRegion1_region_sz      
00000000  __TI_ATRegion1_src_addr       
00000000  __TI_ATRegion1_trg_addr       
00000000  __TI_ATRegion2_region_sz      
00000000  __TI_ATRegion2_src_addr       
00000000  __TI_ATRegion2_trg_addr       
00001d28  __TI_CINIT_Base               
00001d38  __TI_CINIT_Limit              
00001d38  __TI_CINIT_Warm               
00001d14  __TI_Handler_Table_Base       
00001d20  __TI_Handler_Table_Limit      
0000173d  __TI_auto_init_nobinit_nopinit
000017b5  __TI_cleanup                  
202009b8  __TI_cleanup_ptr              
00001009  __TI_closefile                
00001085  __TI_decompress_lzss          
00001a61  __TI_decompress_none          
00001549  __TI_doflush                  
202009bc  __TI_dtors_ptr                
202009c0  __TI_ft_end                   
ffffffff  __TI_pprof_out_hndl           
000000c1  __TI_printfi_nofloat          
ffffffff  __TI_prof_data_size           
ffffffff  __TI_prof_data_start          
000017e9  __TI_readmsg                  
00000000  __TI_static_base__            
20200af4  __TI_tmpnams                  
0000181d  __TI_writemsg                 
000012b1  __TI_wrt_ok                   
00001a35  __TI_zero_init_nomemset       
00001b40  __aeabi_ctype_table_          
00001b40  __aeabi_ctype_table_C         
202009c4  __aeabi_errno                 
00001af1  __aeabi_errno_addr            
0000159b  __aeabi_idiv0                 
000017b3  __aeabi_ldiv0                 
000019f9  __aeabi_llsl                  
000019b1  __aeabi_lmul                  
00001ad9  __aeabi_memclr                
00001ad9  __aeabi_memclr4               
00001ad9  __aeabi_memclr8               
00001af9  __aeabi_memcpy                
00001af9  __aeabi_memcpy4               
00001af9  __aeabi_memcpy8               
00001aa1  __aeabi_memset                
00001aa1  __aeabi_memset4               
00001aa1  __aeabi_memset8               
000016bd  __aeabi_uidiv                 
000016bd  __aeabi_uidivmod              
00001a4d  __aeabi_uldivmod              
000019f9  __ashldi3                     
ffffffff  __binit__                     
UNDEFED   __mpu_init                    
000019b1  __muldi3                      
00001779  __muldsi3                     
20207e00  __stack                       
20200000  __start___llvm_prf_bits       
20200000  __start___llvm_prf_cnts       
20200000  __stop___llvm_prf_bits        
20200000  __stop___llvm_prf_cnts        
00000cfd  __udivmoddi4                  
00001989  _c_int00_noargs               
202008f0  _device                       
20200800  _ftable                       
202009c8  _lock                         
000019f7  _nop                          
20200968  _stream                       
20200000  _sys_memory                   
UNDEFED   _system_post_cinit            
00001b2f  _system_pre_init              
202009cc  _unlock                       
00001b21  abort                         
00000929  aligned_alloc                 
000016fd  atoi                          
ffffffff  binit                         
0000159d  close                         
00001851  exit                          
00001885  finddevice                    
00000e41  fputc                         
00000a3d  fputs                         
00000b35  free                          
00001b11  fseek                         
000011d9  fseeko                        
00001245  getdevice                     
00000000  interruptVectors              
00001939  lseek                         
00000da1  main                          
00001ae5  malloc                        
00000929  memalign                      
000019d5  memccpy                       
00000edd  memcpy                        
00001379  memset                        
20200b94  parmbuf                       
0000143d  printf                        
00001b19  remove                        
00000c1d  setvbuf                       
00000f81  strcmp                        
000018e5  unlink                        
00001a83  wcslen                        
00001961  write                         


GLOBAL SYMBOLS: SORTED BY Symbol Address 

address   name                          
-------   ----                          
00000000  __TI_ATRegion0_region_sz      
00000000  __TI_ATRegion0_src_addr       
00000000  __TI_ATRegion0_trg_addr       
00000000  __TI_ATRegion1_region_sz      
00000000  __TI_ATRegion1_src_addr       
00000000  __TI_ATRegion1_trg_addr       
00000000  __TI_ATRegion2_region_sz      
00000000  __TI_ATRegion2_src_addr       
00000000  __TI_ATRegion2_trg_addr       
00000000  __TI_static_base__            
00000000  interruptVectors              
000000c1  __TI_printfi_nofloat          
00000200  __STACK_SIZE                  
00000800  __SYSMEM_SIZE                 
00000929  aligned_alloc                 
00000929  memalign                      
00000a3d  fputs                         
00000b35  free                          
00000c1d  setvbuf                       
00000cfd  __udivmoddi4                  
00000d9f  ADC0_IRQHandler               
00000d9f  ADC1_IRQHandler               
00000d9f  AES_IRQHandler                
00000d9f  CANFD0_IRQHandler             
00000d9f  DAC0_IRQHandler               
00000d9f  DMA_IRQHandler                
00000d9f  Default_Handler               
00000d9f  GROUP0_IRQHandler             
00000d9f  GROUP1_IRQHandler             
00000d9f  HardFault_Handler             
00000d9f  I2C0_IRQHandler               
00000d9f  I2C1_IRQHandler               
00000d9f  NMI_Handler                   
00000d9f  PendSV_Handler                
00000d9f  RTC_IRQHandler                
00000d9f  SPI0_IRQHandler               
00000d9f  SPI1_IRQHandler               
00000d9f  SVC_Handler                   
00000d9f  SysTick_Handler               
00000d9f  TIMA0_IRQHandler              
00000d9f  TIMA1_IRQHandler              
00000d9f  TIMG0_IRQHandler              
00000d9f  TIMG12_IRQHandler             
00000d9f  TIMG6_IRQHandler              
00000d9f  TIMG7_IRQHandler              
00000d9f  TIMG8_IRQHandler              
00000d9f  UART0_IRQHandler              
00000d9f  UART1_IRQHandler              
00000d9f  UART2_IRQHandler              
00000d9f  UART3_IRQHandler              
00000da1  main                          
00000e41  fputc                         
00000edd  memcpy                        
00000f77  DL_Common_delayCycles         
00000f81  strcmp                        
00001009  __TI_closefile                
00001085  __TI_decompress_lzss          
00001101  HOSTlseek                     
0000116d  HOSTrename                    
000011d9  fseeko                        
00001245  getdevice                     
000012b1  __TI_wrt_ok                   
00001379  memset                        
000013db  SYSCFG_DL_GPIO_init           
000013dd  HOSTopen                      
0000143d  printf                        
00001499  HOSTread                      
000014f1  HOSTwrite                     
00001549  __TI_doflush                  
0000159b  __aeabi_idiv0                 
0000159d  close                         
000015ed  HOSTclose                     
00001635  HOSTunlink                    
0000167d  SYSCFG_DL_SYSCTL_init         
000016bd  __aeabi_uidiv                 
000016bd  __aeabi_uidivmod              
000016fd  atoi                          
0000173d  __TI_auto_init_nobinit_nopinit
00001779  __muldsi3                     
000017b3  __aeabi_ldiv0                 
000017b5  __TI_cleanup                  
000017e9  __TI_readmsg                  
0000181d  __TI_writemsg                 
00001849  C$$IO$$                       
00001851  exit                          
00001885  finddevice                    
000018b9  SYSCFG_DL_initPower           
000018e5  unlink                        
00001939  lseek                         
00001961  write                         
00001989  _c_int00_noargs               
000019b1  __aeabi_lmul                  
000019b1  __muldi3                      
000019d5  memccpy                       
000019f7  _nop                          
000019f9  __aeabi_llsl                  
000019f9  __ashldi3                     
00001a35  __TI_zero_init_nomemset       
00001a4d  __aeabi_uldivmod              
00001a61  __TI_decompress_none          
00001a73  SYSCFG_DL_init                
00001a83  wcslen                        
00001aa1  __aeabi_memset                
00001aa1  __aeabi_memset4               
00001aa1  __aeabi_memset8               
00001ad9  __aeabi_memclr                
00001ad9  __aeabi_memclr4               
00001ad9  __aeabi_memclr8               
00001ae5  malloc                        
00001af1  __aeabi_errno_addr            
00001af9  __aeabi_memcpy                
00001af9  __aeabi_memcpy4               
00001af9  __aeabi_memcpy8               
00001b11  fseek                         
00001b19  remove                        
00001b21  abort                         
00001b26  C$$EXIT                       
00001b27  HOSTexit                      
00001b2b  Reset_Handler                 
00001b2f  _system_pre_init              
00001b40  __aeabi_ctype_table_          
00001b40  __aeabi_ctype_table_C         
00001d14  __TI_Handler_Table_Base       
00001d20  __TI_Handler_Table_Limit      
00001d28  __TI_CINIT_Base               
00001d38  __TI_CINIT_Limit              
00001d38  __TI_CINIT_Warm               
20200000  __start___llvm_prf_bits       
20200000  __start___llvm_prf_cnts       
20200000  __stop___llvm_prf_bits        
20200000  __stop___llvm_prf_cnts        
20200000  _sys_memory                   
20200800  _ftable                       
202008f0  _device                       
20200968  _stream                       
202009b8  __TI_cleanup_ptr              
202009bc  __TI_dtors_ptr                
202009c0  __TI_ft_end                   
202009c4  __aeabi_errno                 
202009c8  _lock                         
202009cc  _unlock                       
202009d4  _CIOBUF_                      
202009d4  __CIOBUF_                     
20200af4  __TI_tmpnams                  
20200b94  parmbuf                       
20207e00  __stack                       
20208000  __STACK_END                   
ffffffff  __TI_pprof_out_hndl           
ffffffff  __TI_prof_data_size           
ffffffff  __TI_prof_data_start          
ffffffff  __binit__                     
ffffffff  binit                         
UNDEFED   __mpu_init                    
UNDEFED   _system_post_cinit            

[154 symbols]
