<?xml version="1.0" encoding="ISO-8859-1" ?>
<link_info>
   <banner>TI ARM Clang Linker PC v4.0.3.LTS</banner>
   <copyright>Copyright (c) 1996-2018 Texas Instruments Incorporated</copyright>
   <command_line>C:\ti\ccs2020\ccs\tools\compiler\ti-cgt-armllvm_4.0.3.LTS\bin\tiarmlnk -IC:\ti\ccs2020\ccs\tools\compiler\ti-cgt-armllvm_4.0.3.LTS\lib -o Lab7_3.1.out -mLab7_3.1.map -iC:/Users/panda/Documents/CMPE 146/CMPE146Lab/freertos_builds_LP_MSPM0G3507_release_ticlang/Debug -iC:/ti/mspm0_sdk_2_05_01_00/source -iC:/Users/panda/Documents/CMPE 146/CMPE146Lab/Lab7_3.1 -iC:/Users/panda/Documents/CMPE 146/CMPE146Lab/Lab7_3.1/Debug/syscfg -iC:/ti/ccs2020/ccs/tools/compiler/ti-cgt-armllvm_4.0.3.LTS/lib --diag_wrap=off --display_error_number --warn_sections --xml_link_info=Lab7_3.1_linkInfo.xml --rom_model ./Lab7_3.1.o ./main-posix.o ./ti_msp_dl_config.o ./freertos/ticlang/startup_mspm0g350x_ticlang.o ../mspm0g3507.cmd -lfreertos_builds_LP_MSPM0G3507_release_ticlang.lib -lC:/ti/mspm0_sdk_2_05_01_00/source/ti/driverlib/lib/ticlang/m0p/mspm0g1x0x_g3x0x/driverlib.a -llibc.a --start-group -llibc++.a -llibc++abi.a -llibc.a -llibsys.a -llibsysbm.a -llibclang_rt.builtins.a -llibclang_rt.profile.a --end-group --cg_opt_level=2</command_line>
   <link_time>0x692cf423</link_time>
   <link_errors>0x0</link_errors>
   <output_file>C:\Users\panda\Documents\CMPE 146\CMPE146Lab\Lab7_3.1\Debug\Lab7_3.1.out</output_file>
   <entry_point>
      <name>_c_int00_noargs</name>
      <address>0x30d9</address>
   </entry_point>
   <input_file_list>
      <input_file id="fl-1">
         <path>C:\Users\panda\Documents\CMPE 146\CMPE146Lab\Lab7_3.1\Debug\.\</path>
         <kind>object</kind>
         <file>Lab7_3.1.o</file>
         <name>Lab7_3.1.o</name>
      </input_file>
      <input_file id="fl-2">
         <path>C:\Users\panda\Documents\CMPE 146\CMPE146Lab\Lab7_3.1\Debug\.\</path>
         <kind>object</kind>
         <file>main-posix.o</file>
         <name>main-posix.o</name>
      </input_file>
      <input_file id="fl-3">
         <path>C:\Users\panda\Documents\CMPE 146\CMPE146Lab\Lab7_3.1\Debug\.\</path>
         <kind>object</kind>
         <file>ti_msp_dl_config.o</file>
         <name>ti_msp_dl_config.o</name>
      </input_file>
      <input_file id="fl-4">
         <path>C:\Users\panda\Documents\CMPE 146\CMPE146Lab\Lab7_3.1\Debug\.\freertos\ticlang\</path>
         <kind>object</kind>
         <file>startup_mspm0g350x_ticlang.o</file>
         <name>startup_mspm0g350x_ticlang.o</name>
      </input_file>
      <input_file id="fl-11">
         <path>C:\Users\panda\Documents\CMPE 146\CMPE146Lab\Lab7_3.1\Debug\</path>
         <kind>object</kind>
         <file>&lt;internal&gt;</file>
         <name>&lt;internal&gt;</name>
      </input_file>
      <input_file id="fl-12">
         <path>C:\Users\panda\Documents\CMPE 146\CMPE146Lab\freertos_builds_LP_MSPM0G3507_release_ticlang\Debug\</path>
         <kind>archive</kind>
         <file>freertos_builds_LP_MSPM0G3507_release_ticlang.lib</file>
         <name>tasks.o</name>
      </input_file>
      <input_file id="fl-13">
         <path>C:\Users\panda\Documents\CMPE 146\CMPE146Lab\freertos_builds_LP_MSPM0G3507_release_ticlang\Debug\</path>
         <kind>archive</kind>
         <file>freertos_builds_LP_MSPM0G3507_release_ticlang.lib</file>
         <name>timers.o</name>
      </input_file>
      <input_file id="fl-14">
         <path>C:\Users\panda\Documents\CMPE 146\CMPE146Lab\freertos_builds_LP_MSPM0G3507_release_ticlang\Debug\</path>
         <kind>archive</kind>
         <file>freertos_builds_LP_MSPM0G3507_release_ticlang.lib</file>
         <name>port.o</name>
      </input_file>
      <input_file id="fl-15">
         <path>C:\Users\panda\Documents\CMPE 146\CMPE146Lab\freertos_builds_LP_MSPM0G3507_release_ticlang\Debug\</path>
         <kind>archive</kind>
         <file>freertos_builds_LP_MSPM0G3507_release_ticlang.lib</file>
         <name>PTLS.o</name>
      </input_file>
      <input_file id="fl-16">
         <path>C:\Users\panda\Documents\CMPE 146\CMPE146Lab\freertos_builds_LP_MSPM0G3507_release_ticlang\Debug\</path>
         <kind>archive</kind>
         <file>freertos_builds_LP_MSPM0G3507_release_ticlang.lib</file>
         <name>pthread.o</name>
      </input_file>
      <input_file id="fl-17">
         <path>C:\Users\panda\Documents\CMPE 146\CMPE146Lab\freertos_builds_LP_MSPM0G3507_release_ticlang\Debug\</path>
         <kind>archive</kind>
         <file>freertos_builds_LP_MSPM0G3507_release_ticlang.lib</file>
         <name>sleep.o</name>
      </input_file>
      <input_file id="fl-18">
         <path>C:\Users\panda\Documents\CMPE 146\CMPE146Lab\freertos_builds_LP_MSPM0G3507_release_ticlang\Debug\</path>
         <kind>archive</kind>
         <file>freertos_builds_LP_MSPM0G3507_release_ticlang.lib</file>
         <name>StaticAllocs_freertos.o</name>
      </input_file>
      <input_file id="fl-19">
         <path>C:\Users\panda\Documents\CMPE 146\CMPE146Lab\freertos_builds_LP_MSPM0G3507_release_ticlang\Debug\</path>
         <kind>archive</kind>
         <file>freertos_builds_LP_MSPM0G3507_release_ticlang.lib</file>
         <name>heap_4.o</name>
      </input_file>
      <input_file id="fl-1a">
         <path>C:\Users\panda\Documents\CMPE 146\CMPE146Lab\freertos_builds_LP_MSPM0G3507_release_ticlang\Debug\</path>
         <kind>archive</kind>
         <file>freertos_builds_LP_MSPM0G3507_release_ticlang.lib</file>
         <name>list.o</name>
      </input_file>
      <input_file id="fl-1b">
         <path>C:\Users\panda\Documents\CMPE 146\CMPE146Lab\freertos_builds_LP_MSPM0G3507_release_ticlang\Debug\</path>
         <kind>archive</kind>
         <file>freertos_builds_LP_MSPM0G3507_release_ticlang.lib</file>
         <name>queue.o</name>
      </input_file>
      <input_file id="fl-1c">
         <path>C:\Users\panda\Documents\CMPE 146\CMPE146Lab\freertos_builds_LP_MSPM0G3507_release_ticlang\Debug\</path>
         <kind>archive</kind>
         <file>freertos_builds_LP_MSPM0G3507_release_ticlang.lib</file>
         <name>aeabi_portable.o</name>
      </input_file>
      <input_file id="fl-1d">
         <path>C:\ti\mspm0_sdk_2_05_01_00\source\ti\driverlib\lib\ticlang\m0p\mspm0g1x0x_g3x0x\</path>
         <kind>archive</kind>
         <file>driverlib.a</file>
         <name>dl_common.o</name>
      </input_file>
      <input_file id="fl-34">
         <path>C:\ti\ccs2020\ccs\tools\compiler\ti-cgt-armllvm_4.0.3.LTS\lib\armv6m-ti-none-eabi\c\</path>
         <kind>archive</kind>
         <file>libc.a</file>
         <name>boot_cortex_m.c.obj</name>
      </input_file>
      <input_file id="fl-35">
         <path>C:\ti\ccs2020\ccs\tools\compiler\ti-cgt-armllvm_4.0.3.LTS\lib\armv6m-ti-none-eabi\c\</path>
         <kind>archive</kind>
         <file>libc.a</file>
         <name>mathacl_init.c.obj</name>
      </input_file>
      <input_file id="fl-36">
         <path>C:\ti\ccs2020\ccs\tools\compiler\ti-cgt-armllvm_4.0.3.LTS\lib\armv6m-ti-none-eabi\c\</path>
         <kind>archive</kind>
         <file>libc.a</file>
         <name>autoinit.c.obj</name>
      </input_file>
      <input_file id="fl-37">
         <path>C:\ti\ccs2020\ccs\tools\compiler\ti-cgt-armllvm_4.0.3.LTS\lib\armv6m-ti-none-eabi\c\</path>
         <kind>archive</kind>
         <file>libc.a</file>
         <name>pre_init.c.obj</name>
      </input_file>
      <input_file id="fl-38">
         <path>C:\ti\ccs2020\ccs\tools\compiler\ti-cgt-armllvm_4.0.3.LTS\lib\armv6m-ti-none-eabi\c\</path>
         <kind>archive</kind>
         <file>libc.a</file>
         <name>cpy_tbl.c.obj</name>
      </input_file>
      <input_file id="fl-39">
         <path>C:\ti\ccs2020\ccs\tools\compiler\ti-cgt-armllvm_4.0.3.LTS\lib\armv6m-ti-none-eabi\c\</path>
         <kind>archive</kind>
         <file>libc.a</file>
         <name>copy_zero_init.c.obj</name>
      </input_file>
      <input_file id="fl-3a">
         <path>C:\ti\ccs2020\ccs\tools\compiler\ti-cgt-armllvm_4.0.3.LTS\lib\armv6m-ti-none-eabi\c\</path>
         <kind>archive</kind>
         <file>libc.a</file>
         <name>copy_decompress_none.c.obj</name>
      </input_file>
      <input_file id="fl-3b">
         <path>C:\ti\ccs2020\ccs\tools\compiler\ti-cgt-armllvm_4.0.3.LTS\lib\armv6m-ti-none-eabi\c\</path>
         <kind>archive</kind>
         <file>libc.a</file>
         <name>copy_decompress_lzss.c.obj</name>
      </input_file>
      <input_file id="fl-3c">
         <path>C:\ti\ccs2020\ccs\tools\compiler\ti-cgt-armllvm_4.0.3.LTS\lib\armv6m-ti-none-eabi\c\</path>
         <kind>archive</kind>
         <file>libc.a</file>
         <name>exit.c.obj</name>
      </input_file>
      <input_file id="fl-3d">
         <path>C:\ti\ccs2020\ccs\tools\compiler\ti-cgt-armllvm_4.0.3.LTS\lib\armv6m-ti-none-eabi\c\</path>
         <kind>archive</kind>
         <file>libc.a</file>
         <name>_lock.c.obj</name>
      </input_file>
      <input_file id="fl-3e">
         <path>C:\ti\ccs2020\ccs\tools\compiler\ti-cgt-armllvm_4.0.3.LTS\lib\armv6m-ti-none-eabi\c\</path>
         <kind>archive</kind>
         <file>libc.a</file>
         <name>args_main.c.obj</name>
      </input_file>
      <input_file id="fl-de">
         <path>C:\ti\ccs2020\ccs\tools\compiler\ti-cgt-armllvm_4.0.3.LTS\lib\armv6m-ti-none-eabi\c\</path>
         <kind>archive</kind>
         <file>libsysbm.a</file>
         <name>hostexit.c.obj</name>
      </input_file>
      <input_file id="fl-df">
         <path>C:\ti\ccs2020\ccs\tools\compiler\ti-cgt-armllvm_4.0.3.LTS\lib\armv6m-ti-none-eabi\</path>
         <kind>archive</kind>
         <file>libclang_rt.builtins.a</file>
         <name>aeabi_memcpy.S.obj</name>
      </input_file>
      <input_file id="fl-e0">
         <path>C:\ti\ccs2020\ccs\tools\compiler\ti-cgt-armllvm_4.0.3.LTS\lib\armv6m-ti-none-eabi\</path>
         <kind>archive</kind>
         <file>libclang_rt.builtins.a</file>
         <name>aeabi_memset.S.obj</name>
      </input_file>
      <input_file id="fl-e1">
         <path>C:\ti\ccs2020\ccs\tools\compiler\ti-cgt-armllvm_4.0.3.LTS\lib\armv6m-ti-none-eabi\</path>
         <kind>archive</kind>
         <file>libclang_rt.builtins.a</file>
         <name>aeabi_uidivmod.S.obj</name>
      </input_file>
      <input_file id="fl-e2">
         <path>C:\ti\ccs2020\ccs\tools\compiler\ti-cgt-armllvm_4.0.3.LTS\lib\armv6m-ti-none-eabi\</path>
         <kind>archive</kind>
         <file>libclang_rt.builtins.a</file>
         <name>aeabi_div0.c.obj</name>
      </input_file>
      <input_file id="fl-e3">
         <path>C:\ti\ccs2020\ccs\tools\compiler\ti-cgt-armllvm_4.0.3.LTS\lib\armv6m-ti-none-eabi\c\</path>
         <kind>archive</kind>
         <file>libc.a</file>
         <name>memcpy16.S.obj</name>
      </input_file>
      <input_file id="fl-e4">
         <path>C:\ti\ccs2020\ccs\tools\compiler\ti-cgt-armllvm_4.0.3.LTS\lib\armv6m-ti-none-eabi\c\</path>
         <kind>archive</kind>
         <file>libc.a</file>
         <name>memset16.S.obj</name>
      </input_file>
   </input_file_list>
   <object_component_list>
      <object_component id="oc-18">
         <name>.intvecs</name>
         <load_address>0x0</load_address>
         <readonly>true</readonly>
         <run_address>0x0</run_address>
         <size>0xc0</size>
         <alignment>0x4</alignment>
         <input_file_ref idref="fl-4"/>
      </object_component>
      <object_component id="oc-173">
         <name>.text.xQueueGenericSend</name>
         <load_address>0xc0</load_address>
         <readonly>true</readonly>
         <executable>true</executable>
         <run_address>0xc0</run_address>
         <size>0x1d2</size>
         <alignment>0x2</alignment>
         <input_file_ref idref="fl-1b"/>
      </object_component>
      <object_component id="oc-38">
         <name>.text.Default_Handler</name>
         <load_address>0x292</load_address>
         <readonly>true</readonly>
         <executable>true</executable>
         <run_address>0x292</run_address>
         <size>0x2</size>
         <alignment>0x2</alignment>
         <input_file_ref idref="fl-4"/>
      </object_component>
      <object_component id="oc-e1">
         <name>.text.pvPortMalloc</name>
         <load_address>0x294</load_address>
         <readonly>true</readonly>
         <executable>true</executable>
         <run_address>0x294</run_address>
         <size>0x1c0</size>
         <alignment>0x4</alignment>
         <input_file_ref idref="fl-19"/>
      </object_component>
      <object_component id="oc-1a8">
         <name>.text.xQueueReceive</name>
         <load_address>0x454</load_address>
         <readonly>true</readonly>
         <executable>true</executable>
         <run_address>0x454</run_address>
         <size>0x1a4</size>
         <alignment>0x2</alignment>
         <input_file_ref idref="fl-1b"/>
      </object_component>
      <object_component id="oc-14c">
         <name>.text.vPortSuppressTicksAndSleep</name>
         <load_address>0x5f8</load_address>
         <readonly>true</readonly>
         <executable>true</executable>
         <run_address>0x5f8</run_address>
         <size>0x188</size>
         <alignment>0x4</alignment>
         <input_file_ref idref="fl-14"/>
      </object_component>
      <object_component id="oc-71">
         <name>.text.xTaskIncrementTick</name>
         <load_address>0x780</load_address>
         <readonly>true</readonly>
         <executable>true</executable>
         <run_address>0x780</run_address>
         <size>0x158</size>
         <alignment>0x4</alignment>
         <input_file_ref idref="fl-12"/>
      </object_component>
      <object_component id="oc-182">
         <name>.text.prvProcessReceivedCommands</name>
         <load_address>0x8d8</load_address>
         <readonly>true</readonly>
         <executable>true</executable>
         <run_address>0x8d8</run_address>
         <size>0x154</size>
         <alignment>0x4</alignment>
         <input_file_ref idref="fl-13"/>
      </object_component>
      <object_component id="oc-b2">
         <name>.text.pthread_create</name>
         <load_address>0xa2c</load_address>
         <readonly>true</readonly>
         <executable>true</executable>
         <run_address>0xa2c</run_address>
         <size>0x14c</size>
         <alignment>0x4</alignment>
         <input_file_ref idref="fl-16"/>
      </object_component>
      <object_component id="oc-f1">
         <name>.text.xTaskResumeAll</name>
         <load_address>0xb78</load_address>
         <readonly>true</readonly>
         <executable>true</executable>
         <run_address>0xb78</run_address>
         <size>0x134</size>
         <alignment>0x4</alignment>
         <input_file_ref idref="fl-12"/>
      </object_component>
      <object_component id="oc-1b8">
         <name>.text.xQueueGenericSendFromISR</name>
         <load_address>0xcac</load_address>
         <readonly>true</readonly>
         <executable>true</executable>
         <run_address>0xcac</run_address>
         <size>0x120</size>
         <alignment>0x2</alignment>
         <input_file_ref idref="fl-1b"/>
      </object_component>
      <object_component id="oc-132">
         <name>.text.prvInitialiseNewTask</name>
         <load_address>0xdcc</load_address>
         <readonly>true</readonly>
         <executable>true</executable>
         <run_address>0xdcc</run_address>
         <size>0x11c</size>
         <alignment>0x2</alignment>
         <input_file_ref idref="fl-12"/>
      </object_component>
      <object_component id="oc-174">
         <name>.text.vTaskSuspend</name>
         <load_address>0xee8</load_address>
         <readonly>true</readonly>
         <executable>true</executable>
         <run_address>0xee8</run_address>
         <size>0x110</size>
         <alignment>0x4</alignment>
         <input_file_ref idref="fl-12"/>
      </object_component>
      <object_component id="oc-1a">
         <name>.text.vTaskSwitchContext</name>
         <load_address>0xff8</load_address>
         <readonly>true</readonly>
         <executable>true</executable>
         <run_address>0xff8</run_address>
         <size>0xec</size>
         <alignment>0x4</alignment>
         <input_file_ref idref="fl-12"/>
      </object_component>
      <object_component id="oc-175">
         <name>.text.vTaskDelete</name>
         <load_address>0x10e4</load_address>
         <readonly>true</readonly>
         <executable>true</executable>
         <run_address>0x10e4</run_address>
         <size>0xe8</size>
         <alignment>0x4</alignment>
         <input_file_ref idref="fl-12"/>
      </object_component>
      <object_component id="oc-133">
         <name>.text.prvAddNewTaskToReadyList</name>
         <load_address>0x11cc</load_address>
         <readonly>true</readonly>
         <executable>true</executable>
         <run_address>0x11cc</run_address>
         <size>0xe0</size>
         <alignment>0x4</alignment>
         <input_file_ref idref="fl-12"/>
      </object_component>
      <object_component id="oc-19e">
         <name>.text.prvCopyDataToQueue</name>
         <load_address>0x12ac</load_address>
         <readonly>true</readonly>
         <executable>true</executable>
         <run_address>0x12ac</run_address>
         <size>0xd4</size>
         <alignment>0x2</alignment>
         <input_file_ref idref="fl-1b"/>
      </object_component>
      <object_component id="oc-1b0">
         <name>.text.xTaskPriorityDisinherit</name>
         <load_address>0x1380</load_address>
         <readonly>true</readonly>
         <executable>true</executable>
         <run_address>0x1380</run_address>
         <size>0xc4</size>
         <alignment>0x4</alignment>
         <input_file_ref idref="fl-12"/>
      </object_component>
      <object_component id="oc-177">
         <name>.text.xQueueGenericCreateStatic</name>
         <load_address>0x1444</load_address>
         <readonly>true</readonly>
         <executable>true</executable>
         <run_address>0x1444</run_address>
         <size>0xc0</size>
         <alignment>0x2</alignment>
         <input_file_ref idref="fl-1b"/>
      </object_component>
      <object_component id="oc-121">
         <name>.text.prvInsertBlockIntoFreeList</name>
         <load_address>0x1504</load_address>
         <readonly>true</readonly>
         <executable>true</executable>
         <run_address>0x1504</run_address>
         <size>0xbc</size>
         <alignment>0x4</alignment>
         <input_file_ref idref="fl-19"/>
      </object_component>
      <object_component id="oc-b3">
         <name>.text.vTaskStartScheduler</name>
         <load_address>0x15c0</load_address>
         <readonly>true</readonly>
         <executable>true</executable>
         <run_address>0x15c0</run_address>
         <size>0xbc</size>
         <alignment>0x4</alignment>
         <input_file_ref idref="fl-12"/>
      </object_component>
      <object_component id="oc-1a3">
         <name>.text.prvUnlockQueue</name>
         <load_address>0x167c</load_address>
         <readonly>true</readonly>
         <executable>true</executable>
         <run_address>0x167c</run_address>
         <size>0xb6</size>
         <alignment>0x2</alignment>
         <input_file_ref idref="fl-1b"/>
      </object_component>
      <object_component id="oc-39">
         <name>.text.SVC_Handler</name>
         <load_address>0x1732</load_address>
         <readonly>true</readonly>
         <executable>true</executable>
         <run_address>0x1732</run_address>
         <size>0x2</size>
         <alignment>0x2</alignment>
         <input_file_ref idref="fl-14"/>
      </object_component>
      <object_component id="oc-1a0">
         <name>.text.xTaskCheckForTimeOut</name>
         <load_address>0x1734</load_address>
         <readonly>true</readonly>
         <executable>true</executable>
         <run_address>0x1734</run_address>
         <size>0xb4</size>
         <alignment>0x4</alignment>
         <input_file_ref idref="fl-12"/>
      </object_component>
      <object_component id="oc-194">
         <name>.text.prvAddCurrentTaskToDelayedList</name>
         <load_address>0x17e8</load_address>
         <readonly>true</readonly>
         <executable>true</executable>
         <run_address>0x17e8</run_address>
         <size>0xb0</size>
         <alignment>0x4</alignment>
         <input_file_ref idref="fl-12"/>
      </object_component>
      <object_component id="oc-120">
         <name>.text.prvHeapInit</name>
         <load_address>0x1898</load_address>
         <readonly>true</readonly>
         <executable>true</executable>
         <run_address>0x1898</run_address>
         <size>0xb0</size>
         <alignment>0x4</alignment>
         <input_file_ref idref="fl-19"/>
      </object_component>
      <object_component id="oc-1b3">
         <name>.text.prvSwitchTimerLists</name>
         <load_address>0x1948</load_address>
         <readonly>true</readonly>
         <executable>true</executable>
         <run_address>0x1948</run_address>
         <size>0xb0</size>
         <alignment>0x4</alignment>
         <input_file_ref idref="fl-13"/>
      </object_component>
      <object_component id="oc-198">
         <name>.text.xTaskRemoveFromEventList</name>
         <load_address>0x19f8</load_address>
         <readonly>true</readonly>
         <executable>true</executable>
         <run_address>0x19f8</run_address>
         <size>0xb0</size>
         <alignment>0x4</alignment>
         <input_file_ref idref="fl-12"/>
      </object_component>
      <object_component id="oc-e6">
         <name>.text.xQueueGenericCreate</name>
         <load_address>0x1aa8</load_address>
         <readonly>true</readonly>
         <executable>true</executable>
         <run_address>0x1aa8</run_address>
         <size>0xaa</size>
         <alignment>0x2</alignment>
         <input_file_ref idref="fl-1b"/>
      </object_component>
      <object_component id="oc-163">
         <name>.text.__aeabi_idiv0</name>
         <load_address>0x1b52</load_address>
         <readonly>true</readonly>
         <executable>true</executable>
         <run_address>0x1b52</run_address>
         <size>0x2</size>
         <alignment>0x2</alignment>
         <input_file_ref idref="fl-e2"/>
      </object_component>
      <object_component id="oc-eb">
         <name>.text.vPortFree</name>
         <load_address>0x1b54</load_address>
         <readonly>true</readonly>
         <executable>true</executable>
         <run_address>0x1b54</run_address>
         <size>0xa0</size>
         <alignment>0x4</alignment>
         <input_file_ref idref="fl-19"/>
      </object_component>
      <object_component id="oc-169">
         <name>.text.xQueueGenericReset</name>
         <load_address>0x1bf4</load_address>
         <readonly>true</readonly>
         <executable>true</executable>
         <run_address>0x1bf4</run_address>
         <size>0xa0</size>
         <alignment>0x2</alignment>
         <input_file_ref idref="fl-1b"/>
      </object_component>
      <object_component id="oc-a0">
         <name>.text:memcpy</name>
         <load_address>0x1c94</load_address>
         <readonly>true</readonly>
         <executable>true</executable>
         <run_address>0x1c94</run_address>
         <size>0x9a</size>
         <alignment>0x1</alignment>
         <input_file_ref idref="fl-e3"/>
      </object_component>
      <object_component id="oc-f9">
         <name>.text.xTaskCreateStatic</name>
         <load_address>0x1d2e</load_address>
         <readonly>true</readonly>
         <executable>true</executable>
         <run_address>0x1d2e</run_address>
         <size>0x94</size>
         <alignment>0x2</alignment>
         <input_file_ref idref="fl-12"/>
      </object_component>
      <object_component id="oc-ee">
         <name>.text.xTaskCreate</name>
         <load_address>0x1dc2</load_address>
         <readonly>true</readonly>
         <executable>true</executable>
         <run_address>0x1dc2</run_address>
         <size>0x92</size>
         <alignment>0x2</alignment>
         <input_file_ref idref="fl-12"/>
      </object_component>
      <object_component id="oc-1aa">
         <name>.text.xTimerGenericCommand</name>
         <load_address>0x1e54</load_address>
         <readonly>true</readonly>
         <executable>true</executable>
         <run_address>0x1e54</run_address>
         <size>0x90</size>
         <alignment>0x4</alignment>
         <input_file_ref idref="fl-13"/>
      </object_component>
      <object_component id="oc-181">
         <name>.text.prvProcessTimerOrBlockTask</name>
         <load_address>0x1ee4</load_address>
         <readonly>true</readonly>
         <executable>true</executable>
         <run_address>0x1ee4</run_address>
         <size>0x8c</size>
         <alignment>0x4</alignment>
         <input_file_ref idref="fl-13"/>
      </object_component>
      <object_component id="oc-172">
         <name>.text.removeThreadKeys</name>
         <load_address>0x1f70</load_address>
         <readonly>true</readonly>
         <executable>true</executable>
         <run_address>0x1f70</run_address>
         <size>0x8c</size>
         <alignment>0x2</alignment>
         <input_file_ref idref="fl-16"/>
      </object_component>
      <object_component id="oc-1a9">
         <name>.text.prvInsertTimerInActiveList</name>
         <load_address>0x1ffc</load_address>
         <readonly>true</readonly>
         <executable>true</executable>
         <run_address>0x1ffc</run_address>
         <size>0x84</size>
         <alignment>0x4</alignment>
         <input_file_ref idref="fl-13"/>
      </object_component>
      <object_component id="oc-189">
         <name>.text.eTaskConfirmSleepModeStatus</name>
         <load_address>0x2080</load_address>
         <readonly>true</readonly>
         <executable>true</executable>
         <run_address>0x2080</run_address>
         <size>0x7c</size>
         <alignment>0x4</alignment>
         <input_file_ref idref="fl-12"/>
      </object_component>
      <object_component id="oc-16d">
         <name>.text.prvInitialiseTaskLists</name>
         <load_address>0x20fc</load_address>
         <readonly>true</readonly>
         <executable>true</executable>
         <run_address>0x20fc</run_address>
         <size>0x7c</size>
         <alignment>0x4</alignment>
         <input_file_ref idref="fl-12"/>
      </object_component>
      <object_component id="oc-1a6">
         <name>.text.prvProcessExpiredTimer</name>
         <load_address>0x2178</load_address>
         <readonly>true</readonly>
         <executable>true</executable>
         <run_address>0x2178</run_address>
         <size>0x7c</size>
         <alignment>0x4</alignment>
         <input_file_ref idref="fl-13"/>
      </object_component>
      <object_component id="oc-fa">
         <name>.text.xTimerCreateTimerTask</name>
         <load_address>0x21f4</load_address>
         <readonly>true</readonly>
         <executable>true</executable>
         <run_address>0x21f4</run_address>
         <size>0x7c</size>
         <alignment>0x4</alignment>
         <input_file_ref idref="fl-13"/>
      </object_component>
      <object_component id="oc-21">
         <name>.text:decompress:lzss</name>
         <load_address>0x2270</load_address>
         <readonly>true</readonly>
         <executable>true</executable>
         <run_address>0x2270</run_address>
         <size>0x7c</size>
         <alignment>0x4</alignment>
         <input_file_ref idref="fl-3b"/>
      </object_component>
      <object_component id="oc-14b">
         <name>.text.prvGetExpectedIdleTime</name>
         <load_address>0x22ec</load_address>
         <readonly>true</readonly>
         <executable>true</executable>
         <run_address>0x22ec</run_address>
         <size>0x74</size>
         <alignment>0x4</alignment>
         <input_file_ref idref="fl-12"/>
      </object_component>
      <object_component id="oc-83">
         <name>.text.main</name>
         <load_address>0x2360</load_address>
         <readonly>true</readonly>
         <executable>true</executable>
         <run_address>0x2360</run_address>
         <size>0x70</size>
         <alignment>0x4</alignment>
         <input_file_ref idref="fl-1"/>
      </object_component>
      <object_component id="oc-139">
         <name>.text.pthread_exit</name>
         <load_address>0x23d0</load_address>
         <readonly>true</readonly>
         <executable>true</executable>
         <run_address>0x23d0</run_address>
         <size>0x6e</size>
         <alignment>0x2</alignment>
         <input_file_ref idref="fl-16"/>
      </object_component>
      <object_component id="oc-42">
         <name>.text.vApplicationStackOverflowHook</name>
         <load_address>0x243e</load_address>
         <readonly>true</readonly>
         <executable>true</executable>
         <run_address>0x243e</run_address>
         <size>0x2</size>
         <alignment>0x2</alignment>
         <input_file_ref idref="fl-1"/>
      </object_component>
      <object_component id="oc-13e">
         <name>.text.prvCheckForValidListAndQueue</name>
         <load_address>0x2440</load_address>
         <readonly>true</readonly>
         <executable>true</executable>
         <run_address>0x2440</run_address>
         <size>0x6c</size>
         <alignment>0x4</alignment>
         <input_file_ref idref="fl-13"/>
      </object_component>
      <object_component id="oc-1af">
         <name>.text.vListInsert</name>
         <load_address>0x24ac</load_address>
         <readonly>true</readonly>
         <executable>true</executable>
         <run_address>0x24ac</run_address>
         <size>0x6c</size>
         <alignment>0x2</alignment>
         <input_file_ref idref="fl-1a"/>
      </object_component>
      <object_component id="oc-1a7">
         <name>.text.vQueueWaitForMessageRestricted</name>
         <load_address>0x2518</load_address>
         <readonly>true</readonly>
         <executable>true</executable>
         <run_address>0x2518</run_address>
         <size>0x6a</size>
         <alignment>0x2</alignment>
         <input_file_ref idref="fl-1b"/>
      </object_component>
      <object_component id="oc-d7">
         <name>.text:memset</name>
         <load_address>0x2582</load_address>
         <readonly>true</readonly>
         <executable>true</executable>
         <run_address>0x2582</run_address>
         <size>0x62</size>
         <alignment>0x1</alignment>
         <input_file_ref idref="fl-e4"/>
      </object_component>
      <object_component id="oc-100">
         <name>.text.prvIdleTask</name>
         <load_address>0x25e4</load_address>
         <readonly>true</readonly>
         <executable>true</executable>
         <run_address>0x25e4</run_address>
         <size>0x5c</size>
         <alignment>0x4</alignment>
         <input_file_ref idref="fl-12"/>
      </object_component>
      <object_component id="oc-170">
         <name>.text.pthread_setcancelstate</name>
         <load_address>0x2640</load_address>
         <readonly>true</readonly>
         <executable>true</executable>
         <run_address>0x2640</run_address>
         <size>0x5a</size>
         <alignment>0x2</alignment>
         <input_file_ref idref="fl-16"/>
      </object_component>
      <object_component id="oc-14d">
         <name>.text.__aeabi_errno_addr</name>
         <load_address>0x269c</load_address>
         <readonly>true</readonly>
         <executable>true</executable>
         <run_address>0x269c</run_address>
         <size>0x54</size>
         <alignment>0x4</alignment>
         <input_file_ref idref="fl-1c"/>
      </object_component>
      <object_component id="oc-146">
         <name>.text.vPortSetupTimerInterrupt</name>
         <load_address>0x26f0</load_address>
         <readonly>true</readonly>
         <executable>true</executable>
         <run_address>0x26f0</run_address>
         <size>0x54</size>
         <alignment>0x4</alignment>
         <input_file_ref idref="fl-14"/>
      </object_component>
      <object_component id="oc-14a">
         <name>.text.prvCheckTasksWaitingTermination</name>
         <load_address>0x2744</load_address>
         <readonly>true</readonly>
         <executable>true</executable>
         <run_address>0x2744</run_address>
         <size>0x50</size>
         <alignment>0x4</alignment>
         <input_file_ref idref="fl-12"/>
      </object_component>
      <object_component id="oc-186">
         <name>.text.prvDeleteTCB</name>
         <load_address>0x2794</load_address>
         <readonly>true</readonly>
         <executable>true</executable>
         <run_address>0x2794</run_address>
         <size>0x50</size>
         <alignment>0x2</alignment>
         <input_file_ref idref="fl-12"/>
      </object_component>
      <object_component id="oc-105">
         <name>.text.usleep</name>
         <load_address>0x27e4</load_address>
         <readonly>true</readonly>
         <executable>true</executable>
         <run_address>0x27e4</run_address>
         <size>0x50</size>
         <alignment>0x4</alignment>
         <input_file_ref idref="fl-17"/>
      </object_component>
      <object_component id="oc-151">
         <name>.text.vTaskDelay</name>
         <load_address>0x2834</load_address>
         <readonly>true</readonly>
         <executable>true</executable>
         <run_address>0x2834</run_address>
         <size>0x50</size>
         <alignment>0x4</alignment>
         <input_file_ref idref="fl-12"/>
      </object_component>
      <object_component id="oc-1ae">
         <name>.text.vTaskSetThreadLocalStoragePointer</name>
         <load_address>0x2884</load_address>
         <readonly>true</readonly>
         <executable>true</executable>
         <run_address>0x2884</run_address>
         <size>0x50</size>
         <alignment>0x4</alignment>
         <input_file_ref idref="fl-12"/>
      </object_component>
      <object_component id="oc-1ab">
         <name>.text.pvTaskGetThreadLocalStoragePointer</name>
         <load_address>0x28d4</load_address>
         <readonly>true</readonly>
         <executable>true</executable>
         <run_address>0x28d4</run_address>
         <size>0x4c</size>
         <alignment>0x4</alignment>
         <input_file_ref idref="fl-12"/>
      </object_component>
      <object_component id="oc-16c">
         <name>.text.pxPortInitialiseStack</name>
         <load_address>0x2920</load_address>
         <readonly>true</readonly>
         <executable>true</executable>
         <run_address>0x2920</run_address>
         <size>0x4c</size>
         <alignment>0x4</alignment>
         <input_file_ref idref="fl-14"/>
      </object_component>
      <object_component id="oc-b5">
         <name>.text.greenLEDThread</name>
         <load_address>0x296c</load_address>
         <readonly>true</readonly>
         <executable>true</executable>
         <run_address>0x296c</run_address>
         <size>0x48</size>
         <alignment>0x4</alignment>
         <input_file_ref idref="fl-1"/>
      </object_component>
      <object_component id="oc-b4">
         <name>.text.redLEDThread</name>
         <load_address>0x29b4</load_address>
         <readonly>true</readonly>
         <executable>true</executable>
         <run_address>0x29b4</run_address>
         <size>0x48</size>
         <alignment>0x4</alignment>
         <input_file_ref idref="fl-1"/>
      </object_component>
      <object_component id="oc-10a">
         <name>.text.sleep</name>
         <load_address>0x29fc</load_address>
         <readonly>true</readonly>
         <executable>true</executable>
         <run_address>0x29fc</run_address>
         <size>0x48</size>
         <alignment>0x4</alignment>
         <input_file_ref idref="fl-17"/>
      </object_component>
      <object_component id="oc-8f">
         <name>.text.uxListRemove</name>
         <load_address>0x2a44</load_address>
         <readonly>true</readonly>
         <executable>true</executable>
         <run_address>0x2a44</run_address>
         <size>0x48</size>
         <alignment>0x2</alignment>
         <input_file_ref idref="fl-1a"/>
      </object_component>
      <object_component id="oc-12e">
         <name>.text.prvInitialiseNewQueue</name>
         <load_address>0x2a8c</load_address>
         <readonly>true</readonly>
         <executable>true</executable>
         <run_address>0x2a8c</run_address>
         <size>0x46</size>
         <alignment>0x2</alignment>
         <input_file_ref idref="fl-1b"/>
      </object_component>
      <object_component id="oc-16b">
         <name>.text.vListInitialiseItem</name>
         <load_address>0x2ad2</load_address>
         <readonly>true</readonly>
         <executable>true</executable>
         <run_address>0x2ad2</run_address>
         <size>0xe</size>
         <alignment>0x2</alignment>
         <input_file_ref idref="fl-1a"/>
      </object_component>
      <object_component id="oc-3e">
         <name>.text.PendSV_Handler</name>
         <load_address>0x2ae0</load_address>
         <readonly>true</readonly>
         <executable>true</executable>
         <run_address>0x2ae0</run_address>
         <size>0x44</size>
         <alignment>0x10</alignment>
         <input_file_ref idref="fl-14"/>
      </object_component>
      <object_component id="oc-1b6">
         <name>.text.prvCopyDataFromQueue</name>
         <load_address>0x2b24</load_address>
         <readonly>true</readonly>
         <executable>true</executable>
         <run_address>0x2b24</run_address>
         <size>0x44</size>
         <alignment>0x2</alignment>
         <input_file_ref idref="fl-1b"/>
      </object_component>
      <object_component id="oc-1b5">
         <name>.text.vTaskPlaceOnEventListRestricted</name>
         <load_address>0x2b68</load_address>
         <readonly>true</readonly>
         <executable>true</executable>
         <run_address>0x2b68</run_address>
         <size>0x44</size>
         <alignment>0x4</alignment>
         <input_file_ref idref="fl-12"/>
      </object_component>
      <object_component id="oc-12a">
         <name>.text.__aeabi_uidivmod</name>
         <load_address>0x2bac</load_address>
         <readonly>true</readonly>
         <executable>true</executable>
         <run_address>0x2bac</run_address>
         <size>0x40</size>
         <alignment>0x4</alignment>
         <input_file_ref idref="fl-e1"/>
      </object_component>
      <object_component id="oc-ff">
         <name>.text.xPortStartScheduler</name>
         <load_address>0x2bec</load_address>
         <readonly>true</readonly>
         <executable>true</executable>
         <run_address>0x2bec</run_address>
         <size>0x40</size>
         <alignment>0x4</alignment>
         <input_file_ref idref="fl-14"/>
      </object_component>
      <object_component id="oc-1a5">
         <name>.text.prvSampleTimeNow</name>
         <load_address>0x2c2c</load_address>
         <readonly>true</readonly>
         <executable>true</executable>
         <run_address>0x2c2c</run_address>
         <size>0x3c</size>
         <alignment>0x4</alignment>
         <input_file_ref idref="fl-13"/>
      </object_component>
      <object_component id="oc-bd">
         <name>.text:__TI_auto_init_nobinit_nopinit</name>
         <load_address>0x2c68</load_address>
         <readonly>true</readonly>
         <executable>true</executable>
         <run_address>0x2c68</run_address>
         <size>0x3c</size>
         <alignment>0x4</alignment>
         <input_file_ref idref="fl-36"/>
      </object_component>
      <object_component id="oc-94">
         <name>.text.vListInsertEnd</name>
         <load_address>0x2ca4</load_address>
         <readonly>true</readonly>
         <executable>true</executable>
         <run_address>0x2ca4</run_address>
         <size>0x3a</size>
         <alignment>0x2</alignment>
         <input_file_ref idref="fl-1a"/>
      </object_component>
      <object_component id="oc-180">
         <name>.text.prvGetNextExpireTime</name>
         <load_address>0x2ce0</load_address>
         <readonly>true</readonly>
         <executable>true</executable>
         <run_address>0x2ce0</run_address>
         <size>0x38</size>
         <alignment>0x4</alignment>
         <input_file_ref idref="fl-13"/>
      </object_component>
      <object_component id="oc-19d">
         <name>.text.xTaskGetApplicationTaskTag</name>
         <load_address>0x2d18</load_address>
         <readonly>true</readonly>
         <executable>true</executable>
         <run_address>0x2d18</run_address>
         <size>0x38</size>
         <alignment>0x4</alignment>
         <input_file_ref idref="fl-12"/>
      </object_component>
      <object_component id="oc-ec">
         <name>.text.xTaskGetSchedulerState</name>
         <load_address>0x2d50</load_address>
         <readonly>true</readonly>
         <executable>true</executable>
         <run_address>0x2d50</run_address>
         <size>0x38</size>
         <alignment>0x4</alignment>
         <input_file_ref idref="fl-12"/>
      </object_component>
      <object_component id="oc-af">
         <name>.text.pthread_attr_setschedparam</name>
         <load_address>0x2d88</load_address>
         <readonly>true</readonly>
         <executable>true</executable>
         <run_address>0x2d88</run_address>
         <size>0x34</size>
         <alignment>0x2</alignment>
         <input_file_ref idref="fl-16"/>
      </object_component>
      <object_component id="oc-10b">
         <name>.text.HOSTexit</name>
         <load_address>0x2dbc</load_address>
         <readonly>true</readonly>
         <executable>true</executable>
         <run_address>0x2dbc</run_address>
         <size>0x4</size>
         <alignment>0x2</alignment>
         <input_file_ref idref="fl-de"/>
      </object_component>
      <object_component id="oc-147">
         <name>.text.vPortStartFirstTask</name>
         <load_address>0x2dc0</load_address>
         <readonly>true</readonly>
         <executable>true</executable>
         <run_address>0x2dc0</run_address>
         <size>0x34</size>
         <alignment>0x10</alignment>
         <input_file_ref idref="fl-14"/>
      </object_component>
      <object_component id="oc-1a2">
         <name>.text.vTaskPlaceOnEventList</name>
         <load_address>0x2df4</load_address>
         <readonly>true</readonly>
         <executable>true</executable>
         <run_address>0x2df4</run_address>
         <size>0x34</size>
         <alignment>0x4</alignment>
         <input_file_ref idref="fl-12"/>
      </object_component>
      <object_component id="oc-ef">
         <name>.text.vTaskSetApplicationTaskTag</name>
         <load_address>0x2e28</load_address>
         <readonly>true</readonly>
         <executable>true</executable>
         <run_address>0x2e28</run_address>
         <size>0x34</size>
         <alignment>0x4</alignment>
         <input_file_ref idref="fl-12"/>
      </object_component>
      <object_component id="oc-18a">
         <name>.text.vTaskStepTick</name>
         <load_address>0x2e5c</load_address>
         <readonly>true</readonly>
         <executable>true</executable>
         <run_address>0x2e5c</run_address>
         <size>0x34</size>
         <alignment>0x4</alignment>
         <input_file_ref idref="fl-12"/>
      </object_component>
      <object_component id="oc-f0">
         <name>.text.vQueueDelete</name>
         <load_address>0x2e90</load_address>
         <readonly>true</readonly>
         <executable>true</executable>
         <run_address>0x2e90</run_address>
         <size>0x32</size>
         <alignment>0x2</alignment>
         <input_file_ref idref="fl-1b"/>
      </object_component>
      <object_component id="oc-8e">
         <name>.text.prvResetNextTaskUnblockTime</name>
         <load_address>0x2ec4</load_address>
         <readonly>true</readonly>
         <executable>true</executable>
         <run_address>0x2ec4</run_address>
         <size>0x30</size>
         <alignment>0x4</alignment>
         <input_file_ref idref="fl-12"/>
      </object_component>
      <object_component id="oc-148">
         <name>.text.prvTaskExitError</name>
         <load_address>0x2ef4</load_address>
         <readonly>true</readonly>
         <executable>true</executable>
         <run_address>0x2ef4</run_address>
         <size>0x30</size>
         <alignment>0x4</alignment>
         <input_file_ref idref="fl-14"/>
      </object_component>
      <object_component id="oc-1a1">
         <name>.text.prvIsQueueFull</name>
         <load_address>0x2f24</load_address>
         <readonly>true</readonly>
         <executable>true</executable>
         <run_address>0x2f24</run_address>
         <size>0x2e</size>
         <alignment>0x2</alignment>
         <input_file_ref idref="fl-1b"/>
      </object_component>
      <object_component id="oc-b0">
         <name>.text.pthread_attr_setdetachstate</name>
         <load_address>0x2f52</load_address>
         <readonly>true</readonly>
         <executable>true</executable>
         <run_address>0x2f52</run_address>
         <size>0x2e</size>
         <alignment>0x2</alignment>
         <input_file_ref idref="fl-16"/>
      </object_component>
      <object_component id="oc-d8">
         <name>.text.SYSCFG_DL_initPower</name>
         <load_address>0x2f80</load_address>
         <readonly>true</readonly>
         <executable>true</executable>
         <run_address>0x2f80</run_address>
         <size>0x2c</size>
         <alignment>0x4</alignment>
         <input_file_ref idref="fl-3"/>
      </object_component>
      <object_component id="oc-3f">
         <name>.text.SysTick_Handler</name>
         <load_address>0x2fac</load_address>
         <readonly>true</readonly>
         <executable>true</executable>
         <run_address>0x2fac</run_address>
         <size>0x2c</size>
         <alignment>0x4</alignment>
         <input_file_ref idref="fl-14"/>
      </object_component>
      <object_component id="oc-171">
         <name>.text._pthread_cleanup_pop</name>
         <load_address>0x2fd8</load_address>
         <readonly>true</readonly>
         <executable>true</executable>
         <run_address>0x2fd8</run_address>
         <size>0x2c</size>
         <alignment>0x2</alignment>
         <input_file_ref idref="fl-16"/>
      </object_component>
      <object_component id="oc-176">
         <name>.text.vListInitialise</name>
         <load_address>0x3004</load_address>
         <readonly>true</readonly>
         <executable>true</executable>
         <run_address>0x3004</run_address>
         <size>0x2c</size>
         <alignment>0x2</alignment>
         <input_file_ref idref="fl-1a"/>
      </object_component>
      <object_component id="oc-135">
         <name>.text.vPortExitCritical</name>
         <load_address>0x3030</load_address>
         <readonly>true</readonly>
         <executable>true</executable>
         <run_address>0x3030</run_address>
         <size>0x2c</size>
         <alignment>0x4</alignment>
         <input_file_ref idref="fl-14"/>
      </object_component>
      <object_component id="oc-1b7">
         <name>.text.prvIsQueueEmpty</name>
         <load_address>0x305c</load_address>
         <readonly>true</readonly>
         <executable>true</executable>
         <run_address>0x305c</run_address>
         <size>0x2a</size>
         <alignment>0x2</alignment>
         <input_file_ref idref="fl-1b"/>
      </object_component>
      <object_component id="oc-f4">
         <name>.text.vApplicationGetIdleTaskMemory</name>
         <load_address>0x3088</load_address>
         <readonly>true</readonly>
         <executable>true</executable>
         <run_address>0x3088</run_address>
         <size>0x28</size>
         <alignment>0x4</alignment>
         <input_file_ref idref="fl-18"/>
      </object_component>
      <object_component id="oc-13f">
         <name>.text.vApplicationGetTimerTaskMemory</name>
         <load_address>0x30b0</load_address>
         <readonly>true</readonly>
         <executable>true</executable>
         <run_address>0x30b0</run_address>
         <size>0x28</size>
         <alignment>0x4</alignment>
         <input_file_ref idref="fl-18"/>
      </object_component>
      <object_component id="oc-67">
         <name>.text:_c_int00_noargs</name>
         <load_address>0x30d8</load_address>
         <readonly>true</readonly>
         <executable>true</executable>
         <run_address>0x30d8</run_address>
         <size>0x28</size>
         <alignment>0x4</alignment>
         <input_file_ref idref="fl-34"/>
      </object_component>
      <object_component id="oc-1a4">
         <name>.text.PTLS_taskDeleteHook</name>
         <load_address>0x3100</load_address>
         <readonly>true</readonly>
         <executable>true</executable>
         <run_address>0x3100</run_address>
         <size>0x24</size>
         <alignment>0x2</alignment>
         <input_file_ref idref="fl-15"/>
      </object_component>
      <object_component id="oc-19f">
         <name>.text.vTaskInternalSetTimeOutState</name>
         <load_address>0x3124</load_address>
         <readonly>true</readonly>
         <executable>true</executable>
         <run_address>0x3124</run_address>
         <size>0x20</size>
         <alignment>0x4</alignment>
         <input_file_ref idref="fl-12"/>
      </object_component>
      <object_component id="oc-f2">
         <name>.text._pthread_runStub</name>
         <load_address>0x3144</load_address>
         <readonly>true</readonly>
         <executable>true</executable>
         <run_address>0x3144</run_address>
         <size>0x1e</size>
         <alignment>0x2</alignment>
         <input_file_ref idref="fl-16"/>
      </object_component>
      <object_component id="oc-141">
         <name>.text.prvTimerTask</name>
         <load_address>0x3162</load_address>
         <readonly>true</readonly>
         <executable>true</executable>
         <run_address>0x3162</run_address>
         <size>0x1e</size>
         <alignment>0x2</alignment>
         <input_file_ref idref="fl-13"/>
      </object_component>
      <object_component id="oc-da">
         <name>.text.SYSCFG_DL_SYSCTL_init</name>
         <load_address>0x3180</load_address>
         <readonly>true</readonly>
         <executable>true</executable>
         <run_address>0x3180</run_address>
         <size>0x1c</size>
         <alignment>0x4</alignment>
         <input_file_ref idref="fl-3"/>
      </object_component>
      <object_component id="oc-aa">
         <name>.text.pthread_attr_init</name>
         <load_address>0x319c</load_address>
         <readonly>true</readonly>
         <executable>true</executable>
         <run_address>0x319c</run_address>
         <size>0x1c</size>
         <alignment>0x4</alignment>
         <input_file_ref idref="fl-16"/>
      </object_component>
      <object_component id="oc-18b">
         <name>.text.PTLS_getBuf</name>
         <load_address>0x31b8</load_address>
         <readonly>true</readonly>
         <executable>true</executable>
         <run_address>0x31b8</run_address>
         <size>0x1a</size>
         <alignment>0x2</alignment>
         <input_file_ref idref="fl-15"/>
      </object_component>
      <object_component id="oc-190">
         <name>.text.PTLS_setBuf</name>
         <load_address>0x31d2</load_address>
         <readonly>true</readonly>
         <executable>true</executable>
         <run_address>0x31d2</run_address>
         <size>0x1a</size>
         <alignment>0x2</alignment>
         <input_file_ref idref="fl-15"/>
      </object_component>
      <object_component id="oc-d9">
         <name>.text.SYSCFG_DL_GPIO_init</name>
         <load_address>0x31ec</load_address>
         <readonly>true</readonly>
         <executable>true</executable>
         <run_address>0x31ec</run_address>
         <size>0x18</size>
         <alignment>0x4</alignment>
         <input_file_ref idref="fl-3"/>
      </object_component>
      <object_component id="oc-16f">
         <name>.text.pthread_self</name>
         <load_address>0x3204</load_address>
         <readonly>true</readonly>
         <executable>true</executable>
         <run_address>0x3204</run_address>
         <size>0x18</size>
         <alignment>0x2</alignment>
         <input_file_ref idref="fl-16"/>
      </object_component>
      <object_component id="oc-134">
         <name>.text.vPortEnterCritical</name>
         <load_address>0x321c</load_address>
         <readonly>true</readonly>
         <executable>true</executable>
         <run_address>0x321c</run_address>
         <size>0x18</size>
         <alignment>0x4</alignment>
         <input_file_ref idref="fl-14"/>
      </object_component>
      <object_component id="oc-136">
         <name>.text.vPortYield</name>
         <load_address>0x3234</load_address>
         <readonly>true</readonly>
         <executable>true</executable>
         <run_address>0x3234</run_address>
         <size>0x18</size>
         <alignment>0x4</alignment>
         <input_file_ref idref="fl-14"/>
      </object_component>
      <object_component id="oc-19c">
         <name>.text.xTaskGetCurrentTaskHandle</name>
         <load_address>0x324c</load_address>
         <readonly>true</readonly>
         <executable>true</executable>
         <run_address>0x324c</run_address>
         <size>0x14</size>
         <alignment>0x4</alignment>
         <input_file_ref idref="fl-12"/>
      </object_component>
      <object_component id="oc-1b2">
         <name>.text.xTaskGetTickCount</name>
         <load_address>0x3260</load_address>
         <readonly>true</readonly>
         <executable>true</executable>
         <run_address>0x3260</run_address>
         <size>0x14</size>
         <alignment>0x4</alignment>
         <input_file_ref idref="fl-12"/>
      </object_component>
      <object_component id="oc-b1">
         <name>.text.pthread_attr_setstacksize</name>
         <load_address>0x3274</load_address>
         <readonly>true</readonly>
         <executable>true</executable>
         <run_address>0x3274</run_address>
         <size>0x12</size>
         <alignment>0x2</alignment>
         <input_file_ref idref="fl-16"/>
      </object_component>
      <object_component id="oc-25">
         <name>.text:decompress:none</name>
         <load_address>0x3286</load_address>
         <readonly>true</readonly>
         <executable>true</executable>
         <run_address>0x3286</run_address>
         <size>0x12</size>
         <alignment>0x2</alignment>
         <input_file_ref idref="fl-3a"/>
      </object_component>
      <object_component id="oc-a5">
         <name>.text.SYSCFG_DL_init</name>
         <load_address>0x3298</load_address>
         <readonly>true</readonly>
         <executable>true</executable>
         <run_address>0x3298</run_address>
         <size>0x10</size>
         <alignment>0x2</alignment>
         <input_file_ref idref="fl-3"/>
      </object_component>
      <object_component id="oc-ed">
         <name>.text.vTaskSuspendAll</name>
         <load_address>0x32a8</load_address>
         <readonly>true</readonly>
         <executable>true</executable>
         <run_address>0x32a8</run_address>
         <size>0x10</size>
         <alignment>0x4</alignment>
         <input_file_ref idref="fl-12"/>
      </object_component>
      <object_component id="oc-64">
         <name>.text:decompress:ZI</name>
         <load_address>0x32b8</load_address>
         <readonly>true</readonly>
         <executable>true</executable>
         <run_address>0x32b8</run_address>
         <size>0x10</size>
         <alignment>0x2</alignment>
         <input_file_ref idref="fl-39"/>
      </object_component>
      <object_component id="oc-16a">
         <name>.text.__aeabi_memset</name>
         <load_address>0x32c8</load_address>
         <readonly>true</readonly>
         <executable>true</executable>
         <run_address>0x32c8</run_address>
         <size>0xe</size>
         <alignment>0x4</alignment>
         <input_file_ref idref="fl-e0"/>
      </object_component>
      <object_component id="oc-7a">
         <name>.text.__aeabi_memclr</name>
         <load_address>0x32d8</load_address>
         <readonly>true</readonly>
         <executable>true</executable>
         <run_address>0x32d8</run_address>
         <size>0xc</size>
         <alignment>0x4</alignment>
         <input_file_ref idref="fl-e0"/>
      </object_component>
      <object_component id="oc-1b1">
         <name>.text.vTaskMissedYield</name>
         <load_address>0x32e4</load_address>
         <readonly>true</readonly>
         <executable>true</executable>
         <run_address>0x32e4</run_address>
         <size>0xc</size>
         <alignment>0x4</alignment>
         <input_file_ref idref="fl-12"/>
      </object_component>
      <object_component id="oc-11c">
         <name>.text.DL_Common_delayCycles</name>
         <load_address>0x32f0</load_address>
         <readonly>true</readonly>
         <executable>true</executable>
         <run_address>0x32f0</run_address>
         <size>0xa</size>
         <alignment>0x2</alignment>
         <input_file_ref idref="fl-1d"/>
      </object_component>
      <object_component id="oc-57">
         <name>.text.__aeabi_memcpy</name>
         <load_address>0x32fc</load_address>
         <readonly>true</readonly>
         <executable>true</executable>
         <run_address>0x32fc</run_address>
         <size>0x8</size>
         <alignment>0x4</alignment>
         <input_file_ref idref="fl-df"/>
      </object_component>
      <object_component id="oc-70">
         <name>.text.ulSetInterruptMaskFromISR</name>
         <load_address>0x3304</load_address>
         <readonly>true</readonly>
         <executable>true</executable>
         <run_address>0x3304</run_address>
         <size>0x8</size>
         <alignment>0x2</alignment>
         <input_file_ref idref="fl-14"/>
      </object_component>
      <object_component id="oc-72">
         <name>.text.vClearInterruptMaskFromISR</name>
         <load_address>0x330c</load_address>
         <readonly>true</readonly>
         <executable>true</executable>
         <run_address>0x330c</run_address>
         <size>0x6</size>
         <alignment>0x2</alignment>
         <input_file_ref idref="fl-14"/>
      </object_component>
      <object_component id="oc-b6">
         <name>.text:abort</name>
         <load_address>0x3312</load_address>
         <readonly>true</readonly>
         <executable>true</executable>
         <run_address>0x3312</run_address>
         <size>0x6</size>
         <alignment>0x2</alignment>
         <input_file_ref idref="fl-3c"/>
      </object_component>
      <object_component id="oc-34">
         <name>.text.Reset_Handler</name>
         <load_address>0x3318</load_address>
         <readonly>true</readonly>
         <executable>true</executable>
         <run_address>0x3318</run_address>
         <size>0x4</size>
         <alignment>0x2</alignment>
         <input_file_ref idref="fl-4"/>
      </object_component>
      <object_component id="oc-7f">
         <name>.text._system_pre_init</name>
         <load_address>0x331c</load_address>
         <readonly>true</readonly>
         <executable>true</executable>
         <run_address>0x331c</run_address>
         <size>0x4</size>
         <alignment>0x2</alignment>
         <input_file_ref idref="fl-37"/>
      </object_component>
      <object_component id="oc-1fa">
         <name>.cinit..data.load</name>
         <load_address>0x3338</load_address>
         <readonly>true</readonly>
         <run_address>0x3338</run_address>
         <size>0x18</size>
         <alignment>0x1</alignment>
      </object_component>
      <object_component id="oc-1f8">
         <name>__TI_handler_table</name>
         <load_address>0x3350</load_address>
         <readonly>true</readonly>
         <run_address>0x3350</run_address>
         <size>0xc</size>
         <alignment>0x4</alignment>
      </object_component>
      <object_component id="oc-1fb">
         <name>.cinit..bss.load</name>
         <load_address>0x335c</load_address>
         <readonly>true</readonly>
         <run_address>0x335c</run_address>
         <size>0x8</size>
         <alignment>0x4</alignment>
      </object_component>
      <object_component id="oc-1f9">
         <name>__TI_cinit_table</name>
         <load_address>0x3364</load_address>
         <readonly>true</readonly>
         <run_address>0x3364</run_address>
         <size>0x10</size>
         <alignment>0x4</alignment>
      </object_component>
      <object_component id="oc-142">
         <name>.rodata.str1.6031452896567546882.1</name>
         <load_address>0x3320</load_address>
         <readonly>true</readonly>
         <run_address>0x3320</run_address>
         <size>0x8</size>
         <alignment>0x1</alignment>
         <input_file_ref idref="fl-13"/>
      </object_component>
      <object_component id="oc-101">
         <name>.rodata.str1.13344916649340266805.1</name>
         <load_address>0x3328</load_address>
         <readonly>true</readonly>
         <run_address>0x3328</run_address>
         <size>0x5</size>
         <alignment>0x1</alignment>
         <input_file_ref idref="fl-12"/>
      </object_component>
      <object_component id="oc-f3">
         <name>.rodata.str1.301604644627550129.1</name>
         <load_address>0x332d</load_address>
         <readonly>true</readonly>
         <run_address>0x332d</run_address>
         <size>0x2</size>
         <alignment>0x1</alignment>
         <input_file_ref idref="fl-16"/>
      </object_component>
      <object_component id="oc-104">
         <name>.rodata.uxTopUsedPriority</name>
         <load_address>0x3330</load_address>
         <readonly>true</readonly>
         <run_address>0x3330</run_address>
         <size>0x4</size>
         <alignment>0x4</alignment>
         <input_file_ref idref="fl-12"/>
      </object_component>
      <object_component id="oc-1c2">
         <name>.binit</name>
         <load_address>0x0</load_address>
         <readonly>true</readonly>
         <run_address>0x0</run_address>
         <size>0x0</size>
         <alignment>0x4</alignment>
      </object_component>
      <object_component id="oc-49">
         <name>.data.pxCurrentTCB</name>
         <load_address>0x20201390</load_address>
         <readwrite>true</readwrite>
         <run_address>0x20201390</run_address>
         <size>0x4</size>
         <alignment>0x4</alignment>
         <input_file_ref idref="fl-12"/>
      </object_component>
      <object_component id="oc-16e">
         <name>.data.uxTaskNumber</name>
         <load_address>0x202013b0</load_address>
         <readwrite>true</readwrite>
         <run_address>0x202013b0</run_address>
         <size>0x4</size>
         <alignment>0x4</alignment>
         <input_file_ref idref="fl-12"/>
      </object_component>
      <object_component id="oc-187">
         <name>.data.uxDeletedTasksWaitingCleanUp</name>
         <load_address>0x202013a8</load_address>
         <readwrite>true</readwrite>
         <run_address>0x202013a8</run_address>
         <size>0x4</size>
         <alignment>0x4</alignment>
         <input_file_ref idref="fl-12"/>
      </object_component>
      <object_component id="oc-137">
         <name>.data.uxCurrentNumberOfTasks</name>
         <load_address>0x202013a4</load_address>
         <readwrite>true</readwrite>
         <run_address>0x202013a4</run_address>
         <size>0x4</size>
         <alignment>0x4</alignment>
         <input_file_ref idref="fl-12"/>
      </object_component>
      <object_component id="oc-103">
         <name>.data.xSchedulerRunning</name>
         <load_address>0x202013e0</load_address>
         <readwrite>true</readwrite>
         <run_address>0x202013e0</run_address>
         <size>0x4</size>
         <alignment>0x4</alignment>
         <input_file_ref idref="fl-12"/>
      </object_component>
      <object_component id="oc-47">
         <name>.data.uxSchedulerSuspended</name>
         <load_address>0x202013ac</load_address>
         <readwrite>true</readwrite>
         <run_address>0x202013ac</run_address>
         <size>0x4</size>
         <alignment>0x4</alignment>
         <input_file_ref idref="fl-12"/>
      </object_component>
      <object_component id="oc-96">
         <name>.data.xTickCount</name>
         <load_address>0x202013e4</load_address>
         <readwrite>true</readwrite>
         <run_address>0x202013e4</run_address>
         <size>0x4</size>
         <alignment>0x4</alignment>
         <input_file_ref idref="fl-12"/>
      </object_component>
      <object_component id="oc-4a">
         <name>.data.uxTopReadyPriority</name>
         <load_address>0x202013b4</load_address>
         <readwrite>true</readwrite>
         <run_address>0x202013b4</run_address>
         <size>0x4</size>
         <alignment>0x4</alignment>
         <input_file_ref idref="fl-12"/>
      </object_component>
      <object_component id="oc-102">
         <name>.data.xIdleTaskHandle</name>
         <load_address>0x202013c0</load_address>
         <readwrite>true</readwrite>
         <run_address>0x202013c0</run_address>
         <size>0x4</size>
         <alignment>0x4</alignment>
         <input_file_ref idref="fl-12"/>
      </object_component>
      <object_component id="oc-9a">
         <name>.data.xNextTaskUnblockTime</name>
         <load_address>0x202013cc</load_address>
         <readwrite>true</readwrite>
         <run_address>0x202013cc</run_address>
         <size>0x4</size>
         <alignment>0x4</alignment>
         <input_file_ref idref="fl-12"/>
      </object_component>
      <object_component id="oc-48">
         <name>.data.xYieldPending</name>
         <load_address>0x202013f0</load_address>
         <readwrite>true</readwrite>
         <run_address>0x202013f0</run_address>
         <size>0x4</size>
         <alignment>0x4</alignment>
         <input_file_ref idref="fl-12"/>
      </object_component>
      <object_component id="oc-95">
         <name>.data.xPendedTicks</name>
         <load_address>0x202013dc</load_address>
         <readwrite>true</readwrite>
         <run_address>0x202013dc</run_address>
         <size>0x4</size>
         <alignment>0x4</alignment>
         <input_file_ref idref="fl-12"/>
      </object_component>
      <object_component id="oc-99">
         <name>.data.xNumOfOverflows</name>
         <load_address>0x202013d0</load_address>
         <readwrite>true</readwrite>
         <run_address>0x202013d0</run_address>
         <size>0x4</size>
         <alignment>0x4</alignment>
         <input_file_ref idref="fl-12"/>
      </object_component>
      <object_component id="oc-140">
         <name>.data.xTimerQueue</name>
         <load_address>0x202013e8</load_address>
         <readwrite>true</readwrite>
         <run_address>0x202013e8</run_address>
         <size>0x4</size>
         <alignment>0x4</alignment>
         <input_file_ref idref="fl-13"/>
      </object_component>
      <object_component id="oc-143">
         <name>.data.xTimerTaskHandle</name>
         <load_address>0x202013ec</load_address>
         <readwrite>true</readwrite>
         <run_address>0x202013ec</run_address>
         <size>0x4</size>
         <alignment>0x4</alignment>
         <input_file_ref idref="fl-13"/>
      </object_component>
      <object_component id="oc-1b4">
         <name>.data.prvSampleTimeNow.xLastTime</name>
         <load_address>0x2020138c</load_address>
         <readwrite>true</readwrite>
         <run_address>0x2020138c</run_address>
         <size>0x4</size>
         <alignment>0x4</alignment>
         <input_file_ref idref="fl-13"/>
      </object_component>
      <object_component id="oc-149">
         <name>.data.uxCriticalNesting</name>
         <load_address>0x202013a0</load_address>
         <readwrite>true</readwrite>
         <run_address>0x202013a0</run_address>
         <size>0x4</size>
         <alignment>0x4</alignment>
         <input_file_ref idref="fl-14"/>
      </object_component>
      <object_component id="oc-183">
         <name>.data.ulTimerCountsForOneTick</name>
         <load_address>0x2020139c</load_address>
         <readwrite>true</readwrite>
         <run_address>0x2020139c</run_address>
         <size>0x4</size>
         <alignment>0x4</alignment>
         <input_file_ref idref="fl-14"/>
      </object_component>
      <object_component id="oc-184">
         <name>.data.xMaximumPossibleSuppressedTicks</name>
         <load_address>0x202013c4</load_address>
         <readwrite>true</readwrite>
         <run_address>0x202013c4</run_address>
         <size>0x4</size>
         <alignment>0x4</alignment>
         <input_file_ref idref="fl-14"/>
      </object_component>
      <object_component id="oc-185">
         <name>.data.ulStoppedTimerCompensation</name>
         <load_address>0x20201398</load_address>
         <readwrite>true</readwrite>
         <run_address>0x20201398</run_address>
         <size>0x4</size>
         <alignment>0x4</alignment>
         <input_file_ref idref="fl-14"/>
      </object_component>
      <object_component id="oc-de">
         <name>.data.defaultPthreadAttrs</name>
         <load_address>0x20201378</load_address>
         <readwrite>true</readwrite>
         <run_address>0x20201378</run_address>
         <size>0x14</size>
         <alignment>0x4</alignment>
         <input_file_ref idref="fl-16"/>
      </object_component>
      <object_component id="oc-122">
         <name>.data.pxEnd</name>
         <load_address>0x20201394</load_address>
         <readwrite>true</readwrite>
         <run_address>0x20201394</run_address>
         <size>0x4</size>
         <alignment>0x4</alignment>
         <input_file_ref idref="fl-19"/>
      </object_component>
      <object_component id="oc-123">
         <name>.data.xBlockAllocatedBit</name>
         <load_address>0x202013b8</load_address>
         <readwrite>true</readwrite>
         <run_address>0x202013b8</run_address>
         <size>0x4</size>
         <alignment>0x4</alignment>
         <input_file_ref idref="fl-19"/>
      </object_component>
      <object_component id="oc-124">
         <name>.data.xFreeBytesRemaining</name>
         <load_address>0x202013bc</load_address>
         <readwrite>true</readwrite>
         <run_address>0x202013bc</run_address>
         <size>0x4</size>
         <alignment>0x4</alignment>
         <input_file_ref idref="fl-19"/>
      </object_component>
      <object_component id="oc-126">
         <name>.data.xMinimumEverFreeBytesRemaining</name>
         <load_address>0x202013c8</load_address>
         <readwrite>true</readwrite>
         <run_address>0x202013c8</run_address>
         <size>0x4</size>
         <alignment>0x4</alignment>
         <input_file_ref idref="fl-19"/>
      </object_component>
      <object_component id="oc-127">
         <name>.data.xNumberOfSuccessfulAllocations</name>
         <load_address>0x202013d4</load_address>
         <readwrite>true</readwrite>
         <run_address>0x202013d4</run_address>
         <size>0x4</size>
         <alignment>0x4</alignment>
         <input_file_ref idref="fl-19"/>
      </object_component>
      <object_component id="oc-131">
         <name>.data.xNumberOfSuccessfulFrees</name>
         <load_address>0x202013d8</load_address>
         <readwrite>true</readwrite>
         <run_address>0x202013d8</run_address>
         <size>0x4</size>
         <alignment>0x4</alignment>
         <input_file_ref idref="fl-19"/>
      </object_component>
      <object_component id="oc-188">
         <name>.bss.xTasksWaitingTermination</name>
         <uninitialized>true</uninitialized>
         <readwrite>true</readwrite>
         <run_address>0x20201348</run_address>
         <size>0x14</size>
         <alignment>0x4</alignment>
         <input_file_ref idref="fl-12"/>
      </object_component>
      <object_component id="oc-97">
         <name>.bss.pxDelayedTaskList</name>
         <uninitialized>true</uninitialized>
         <readwrite>true</readwrite>
         <run_address>0x2020136c</run_address>
         <size>0x4</size>
         <alignment>0x4</alignment>
         <input_file_ref idref="fl-12"/>
      </object_component>
      <object_component id="oc-98">
         <name>.bss.pxOverflowDelayedTaskList</name>
         <uninitialized>true</uninitialized>
         <readwrite>true</readwrite>
         <run_address>0x20201370</run_address>
         <size>0x4</size>
         <alignment>0x4</alignment>
         <input_file_ref idref="fl-12"/>
      </object_component>
      <object_component id="oc-19b">
         <name>.bss.xSuspendedTaskList</name>
         <uninitialized>true</uninitialized>
         <readwrite>true</readwrite>
         <run_address>0x20201334</run_address>
         <size>0x14</size>
         <alignment>0x4</alignment>
         <input_file_ref idref="fl-12"/>
      </object_component>
      <object_component id="oc-4b">
         <name>.bss.pxReadyTasksLists</name>
         <uninitialized>true</uninitialized>
         <readwrite>true</readwrite>
         <run_address>0x202010f0</run_address>
         <size>0xc8</size>
         <alignment>0x4</alignment>
         <input_file_ref idref="fl-12"/>
      </object_component>
      <object_component id="oc-138">
         <name>.bss.xPendingReadyList</name>
         <uninitialized>true</uninitialized>
         <readwrite>true</readwrite>
         <run_address>0x20201320</run_address>
         <size>0x14</size>
         <alignment>0x4</alignment>
         <input_file_ref idref="fl-12"/>
      </object_component>
      <object_component id="oc-199">
         <name>.bss.xDelayedTaskList1</name>
         <uninitialized>true</uninitialized>
         <readwrite>true</readwrite>
         <run_address>0x202012f8</run_address>
         <size>0x14</size>
         <alignment>0x4</alignment>
         <input_file_ref idref="fl-12"/>
      </object_component>
      <object_component id="oc-19a">
         <name>.bss.xDelayedTaskList2</name>
         <uninitialized>true</uninitialized>
         <readwrite>true</readwrite>
         <run_address>0x2020130c</run_address>
         <size>0x14</size>
         <alignment>0x4</alignment>
         <input_file_ref idref="fl-12"/>
      </object_component>
      <object_component id="oc-17a">
         <name>.bss.pxCurrentTimerList</name>
         <uninitialized>true</uninitialized>
         <readwrite>true</readwrite>
         <run_address>0x20201368</run_address>
         <size>0x4</size>
         <alignment>0x4</alignment>
         <input_file_ref idref="fl-13"/>
      </object_component>
      <object_component id="oc-17b">
         <name>.bss.pxOverflowTimerList</name>
         <uninitialized>true</uninitialized>
         <readwrite>true</readwrite>
         <run_address>0x20201374</run_address>
         <size>0x4</size>
         <alignment>0x4</alignment>
         <input_file_ref idref="fl-13"/>
      </object_component>
      <object_component id="oc-178">
         <name>.bss.xActiveTimerList1</name>
         <uninitialized>true</uninitialized>
         <readwrite>true</readwrite>
         <run_address>0x202012d0</run_address>
         <size>0x14</size>
         <alignment>0x4</alignment>
         <input_file_ref idref="fl-13"/>
      </object_component>
      <object_component id="oc-179">
         <name>.bss.xActiveTimerList2</name>
         <uninitialized>true</uninitialized>
         <readwrite>true</readwrite>
         <run_address>0x202012e4</run_address>
         <size>0x14</size>
         <alignment>0x4</alignment>
         <input_file_ref idref="fl-13"/>
      </object_component>
      <object_component id="oc-17d">
         <name>.bss.prvCheckForValidListAndQueue.xStaticTimerQueue</name>
         <uninitialized>true</uninitialized>
         <readwrite>true</readwrite>
         <run_address>0x20201280</run_address>
         <size>0x50</size>
         <alignment>0x4</alignment>
         <input_file_ref idref="fl-13"/>
      </object_component>
      <object_component id="oc-17c">
         <name>.bss.prvCheckForValidListAndQueue.ucStaticTimerQueueStorage</name>
         <uninitialized>true</uninitialized>
         <readwrite>true</readwrite>
         <run_address>0x20201000</run_address>
         <size>0xf0</size>
         <alignment>0x1</alignment>
         <input_file_ref idref="fl-13"/>
      </object_component>
      <object_component id="oc-13a">
         <name>.bss.vApplicationGetIdleTaskMemory.xIdleTaskTCB</name>
         <uninitialized>true</uninitialized>
         <readwrite>true</readwrite>
         <run_address>0x202011b8</run_address>
         <size>0x64</size>
         <alignment>0x4</alignment>
         <input_file_ref idref="fl-18"/>
      </object_component>
      <object_component id="oc-13b">
         <name>.bss.vApplicationGetIdleTaskMemory.uxIdleTaskStack</name>
         <uninitialized>true</uninitialized>
         <readwrite>true</readwrite>
         <run_address>0x20200c00</run_address>
         <size>0x200</size>
         <alignment>0x4</alignment>
         <input_file_ref idref="fl-18"/>
      </object_component>
      <object_component id="oc-17e">
         <name>.bss.vApplicationGetTimerTaskMemory.xTimerTaskTCB</name>
         <uninitialized>true</uninitialized>
         <readwrite>true</readwrite>
         <run_address>0x2020121c</run_address>
         <size>0x64</size>
         <alignment>0x4</alignment>
         <input_file_ref idref="fl-18"/>
      </object_component>
      <object_component id="oc-17f">
         <name>.bss.vApplicationGetTimerTaskMemory.uxTimerTaskStack</name>
         <uninitialized>true</uninitialized>
         <readwrite>true</readwrite>
         <run_address>0x20200e00</run_address>
         <size>0x200</size>
         <alignment>0x4</alignment>
         <input_file_ref idref="fl-18"/>
      </object_component>
      <object_component id="oc-125">
         <name>.bss.xStart</name>
         <uninitialized>true</uninitialized>
         <readwrite>true</readwrite>
         <run_address>0x2020135c</run_address>
         <size>0x8</size>
         <alignment>0x4</alignment>
         <input_file_ref idref="fl-19"/>
      </object_component>
      <object_component id="oc-162">
         <name>.bss.ucHeap</name>
         <uninitialized>true</uninitialized>
         <readwrite>true</readwrite>
         <run_address>0x20200000</run_address>
         <size>0xc00</size>
         <alignment>0x1</alignment>
         <input_file_ref idref="fl-19"/>
      </object_component>
      <object_component id="oc-191">
         <name>.bss.main_reent</name>
         <uninitialized>true</uninitialized>
         <readwrite>true</readwrite>
         <run_address>0x20201364</run_address>
         <size>0x4</size>
         <alignment>0x4</alignment>
         <input_file_ref idref="fl-1c"/>
      </object_component>
      <object_component id="oc-1f">
         <name>.stack</name>
         <uninitialized>true</uninitialized>
         <readwrite>true</readwrite>
         <run_address>0x20207e00</run_address>
         <size>0x4</size>
         <alignment>0x4</alignment>
         <input_file_ref idref="fl-34"/>
      </object_component>
      <object_component id="oc-1fd">
         <name>.stack</name>
         <uninitialized>true</uninitialized>
         <readwrite>true</readwrite>
         <run_address>0x20207e00</run_address>
         <size>0x0</size>
         <alignment>0x8</alignment>
      </object_component>
      <object_component id="oc-75">
         <name>.debug_loc</name>
         <load_address>0x0</load_address>
         <run_address>0x0</run_address>
         <size>0x47</size>
         <alignment>0x1</alignment>
         <input_file_ref idref="fl-1"/>
      </object_component>
      <object_component id="oc-db">
         <name>.debug_loc</name>
         <load_address>0x47</load_address>
         <run_address>0x47</run_address>
         <size>0x1b</size>
[...]
      <symbol id="sm-77">
         <name>SPI0_IRQHandler</name>
         <value>0x293</value>
         <object_component_ref idref="oc-38"/>
      </symbol>
      <symbol id="sm-78">
         <name>SPI1_IRQHandler</name>
         <value>0x293</value>
         <object_component_ref idref="oc-38"/>
      </symbol>
      <symbol id="sm-79">
         <name>UART1_IRQHandler</name>
         <value>0x293</value>
         <object_component_ref idref="oc-38"/>
      </symbol>
      <symbol id="sm-7a">
         <name>UART2_IRQHandler</name>
         <value>0x293</value>
         <object_component_ref idref="oc-38"/>
      </symbol>
      <symbol id="sm-7b">
         <name>UART0_IRQHandler</name>
         <value>0x293</value>
         <object_component_ref idref="oc-38"/>
      </symbol>
      <symbol id="sm-7c">
         <name>TIMG0_IRQHandler</name>
         <value>0x293</value>
         <object_component_ref idref="oc-38"/>
      </symbol>
      <symbol id="sm-7d">
         <name>TIMG6_IRQHandler</name>
         <value>0x293</value>
         <object_component_ref idref="oc-38"/>
      </symbol>
      <symbol id="sm-7e">
         <name>TIMA0_IRQHandler</name>
         <value>0x293</value>
         <object_component_ref idref="oc-38"/>
      </symbol>
      <symbol id="sm-7f">
         <name>TIMA1_IRQHandler</name>
         <value>0x293</value>
         <object_component_ref idref="oc-38"/>
      </symbol>
      <symbol id="sm-80">
         <name>TIMG7_IRQHandler</name>
         <value>0x293</value>
         <object_component_ref idref="oc-38"/>
      </symbol>
      <symbol id="sm-81">
         <name>TIMG12_IRQHandler</name>
         <value>0x293</value>
         <object_component_ref idref="oc-38"/>
      </symbol>
      <symbol id="sm-82">
         <name>I2C0_IRQHandler</name>
         <value>0x293</value>
         <object_component_ref idref="oc-38"/>
      </symbol>
      <symbol id="sm-83">
         <name>I2C1_IRQHandler</name>
         <value>0x293</value>
         <object_component_ref idref="oc-38"/>
      </symbol>
      <symbol id="sm-84">
         <name>AES_IRQHandler</name>
         <value>0x293</value>
         <object_component_ref idref="oc-38"/>
      </symbol>
      <symbol id="sm-85">
         <name>RTC_IRQHandler</name>
         <value>0x293</value>
         <object_component_ref idref="oc-38"/>
      </symbol>
      <symbol id="sm-86">
         <name>DMA_IRQHandler</name>
         <value>0x293</value>
         <object_component_ref idref="oc-38"/>
      </symbol>
      <symbol id="sm-87">
         <name>__TI_ATRegion0_src_addr</name>
         <value>0x0</value>
      </symbol>
      <symbol id="sm-88">
         <name>__TI_ATRegion0_trg_addr</name>
         <value>0x0</value>
      </symbol>
      <symbol id="sm-89">
         <name>__TI_ATRegion0_region_sz</name>
         <value>0x0</value>
      </symbol>
      <symbol id="sm-8a">
         <name>__TI_ATRegion1_src_addr</name>
         <value>0x0</value>
      </symbol>
      <symbol id="sm-8b">
         <name>__TI_ATRegion1_trg_addr</name>
         <value>0x0</value>
      </symbol>
      <symbol id="sm-8c">
         <name>__TI_ATRegion1_region_sz</name>
         <value>0x0</value>
      </symbol>
      <symbol id="sm-8d">
         <name>__TI_ATRegion2_src_addr</name>
         <value>0x0</value>
      </symbol>
      <symbol id="sm-8e">
         <name>__TI_ATRegion2_trg_addr</name>
         <value>0x0</value>
      </symbol>
      <symbol id="sm-8f">
         <name>__TI_ATRegion2_region_sz</name>
         <value>0x0</value>
      </symbol>
      <symbol id="sm-12d">
         <name>xTaskCreateStatic</name>
         <value>0x1d2f</value>
         <object_component_ref idref="oc-f9"/>
      </symbol>
      <symbol id="sm-12e">
         <name>pxCurrentTCB</name>
         <value>0x20201390</value>
         <object_component_ref idref="oc-49"/>
      </symbol>
      <symbol id="sm-12f">
         <name>xTaskCreate</name>
         <value>0x1dc3</value>
         <object_component_ref idref="oc-ee"/>
      </symbol>
      <symbol id="sm-130">
         <name>vTaskDelete</name>
         <value>0x10e5</value>
         <object_component_ref idref="oc-175"/>
      </symbol>
      <symbol id="sm-131">
         <name>vTaskSuspendAll</name>
         <value>0x32a9</value>
         <object_component_ref idref="oc-ed"/>
      </symbol>
      <symbol id="sm-132">
         <name>xTaskResumeAll</name>
         <value>0xb79</value>
         <object_component_ref idref="oc-f1"/>
      </symbol>
      <symbol id="sm-133">
         <name>xTaskIncrementTick</name>
         <value>0x781</value>
         <object_component_ref idref="oc-71"/>
      </symbol>
      <symbol id="sm-134">
         <name>vTaskDelay</name>
         <value>0x2835</value>
         <object_component_ref idref="oc-151"/>
      </symbol>
      <symbol id="sm-135">
         <name>vTaskSuspend</name>
         <value>0xee9</value>
         <object_component_ref idref="oc-174"/>
      </symbol>
      <symbol id="sm-136">
         <name>vTaskSwitchContext</name>
         <value>0xff9</value>
         <object_component_ref idref="oc-1a"/>
      </symbol>
      <symbol id="sm-137">
         <name>vTaskStartScheduler</name>
         <value>0x15c1</value>
         <object_component_ref idref="oc-b3"/>
      </symbol>
      <symbol id="sm-138">
         <name>uxTopUsedPriority</name>
         <value>0x3330</value>
         <object_component_ref idref="oc-104"/>
      </symbol>
      <symbol id="sm-139">
         <name>xTaskGetTickCount</name>
         <value>0x3261</value>
         <object_component_ref idref="oc-1b2"/>
      </symbol>
      <symbol id="sm-13a">
         <name>vTaskStepTick</name>
         <value>0x2e5d</value>
         <object_component_ref idref="oc-18a"/>
      </symbol>
      <symbol id="sm-13b">
         <name>vTaskSetApplicationTaskTag</name>
         <value>0x2e29</value>
         <object_component_ref idref="oc-ef"/>
      </symbol>
      <symbol id="sm-13c">
         <name>xTaskGetApplicationTaskTag</name>
         <value>0x2d19</value>
         <object_component_ref idref="oc-19d"/>
      </symbol>
      <symbol id="sm-13d">
         <name>vTaskPlaceOnEventList</name>
         <value>0x2df5</value>
         <object_component_ref idref="oc-1a2"/>
      </symbol>
      <symbol id="sm-13e">
         <name>vTaskPlaceOnEventListRestricted</name>
         <value>0x2b69</value>
         <object_component_ref idref="oc-1b5"/>
      </symbol>
      <symbol id="sm-13f">
         <name>xTaskRemoveFromEventList</name>
         <value>0x19f9</value>
         <object_component_ref idref="oc-198"/>
      </symbol>
      <symbol id="sm-140">
         <name>vTaskInternalSetTimeOutState</name>
         <value>0x3125</value>
         <object_component_ref idref="oc-19f"/>
      </symbol>
      <symbol id="sm-141">
         <name>xTaskCheckForTimeOut</name>
         <value>0x1735</value>
         <object_component_ref idref="oc-1a0"/>
      </symbol>
      <symbol id="sm-142">
         <name>vTaskMissedYield</name>
         <value>0x32e5</value>
         <object_component_ref idref="oc-1b1"/>
      </symbol>
      <symbol id="sm-143">
         <name>eTaskConfirmSleepModeStatus</name>
         <value>0x2081</value>
         <object_component_ref idref="oc-189"/>
      </symbol>
      <symbol id="sm-144">
         <name>vTaskSetThreadLocalStoragePointer</name>
         <value>0x2885</value>
         <object_component_ref idref="oc-1ae"/>
      </symbol>
      <symbol id="sm-145">
         <name>pvTaskGetThreadLocalStoragePointer</name>
         <value>0x28d5</value>
         <object_component_ref idref="oc-1ab"/>
      </symbol>
      <symbol id="sm-146">
         <name>xTaskGetCurrentTaskHandle</name>
         <value>0x324d</value>
         <object_component_ref idref="oc-19c"/>
      </symbol>
      <symbol id="sm-147">
         <name>xTaskGetSchedulerState</name>
         <value>0x2d51</value>
         <object_component_ref idref="oc-ec"/>
      </symbol>
      <symbol id="sm-148">
         <name>xTaskPriorityDisinherit</name>
         <value>0x1381</value>
         <object_component_ref idref="oc-1b0"/>
      </symbol>
      <symbol id="sm-18d">
         <name>xTimerCreateTimerTask</name>
         <value>0x21f5</value>
         <object_component_ref idref="oc-fa"/>
      </symbol>
      <symbol id="sm-18e">
         <name>xTimerGenericCommand</name>
         <value>0x1e55</value>
         <object_component_ref idref="oc-1aa"/>
      </symbol>
      <symbol id="sm-1c8">
         <name>pxPortInitialiseStack</name>
         <value>0x2921</value>
         <object_component_ref idref="oc-16c"/>
      </symbol>
      <symbol id="sm-1c9">
         <name>SVC_Handler</name>
         <value>0x1733</value>
         <object_component_ref idref="oc-39"/>
      </symbol>
      <symbol id="sm-1ca">
         <name>xPortStartScheduler</name>
         <value>0x2bed</value>
         <object_component_ref idref="oc-ff"/>
      </symbol>
      <symbol id="sm-1cb">
         <name>vPortSetupTimerInterrupt</name>
         <value>0x26f1</value>
         <object_component_ref idref="oc-146"/>
      </symbol>
      <symbol id="sm-1cc">
         <name>vPortYield</name>
         <value>0x3235</value>
         <object_component_ref idref="oc-136"/>
      </symbol>
      <symbol id="sm-1cd">
         <name>vPortEnterCritical</name>
         <value>0x321d</value>
         <object_component_ref idref="oc-134"/>
      </symbol>
      <symbol id="sm-1ce">
         <name>vPortExitCritical</name>
         <value>0x3031</value>
         <object_component_ref idref="oc-135"/>
      </symbol>
      <symbol id="sm-1cf">
         <name>ulSetInterruptMaskFromISR</name>
         <value>0x3305</value>
         <object_component_ref idref="oc-70"/>
      </symbol>
      <symbol id="sm-1d0">
         <name>vClearInterruptMaskFromISR</name>
         <value>0x330d</value>
         <object_component_ref idref="oc-72"/>
      </symbol>
      <symbol id="sm-1d1">
         <name>PendSV_Handler</name>
         <value>0x2ae1</value>
         <object_component_ref idref="oc-3e"/>
      </symbol>
      <symbol id="sm-1d2">
         <name>SysTick_Handler</name>
         <value>0x2fad</value>
         <object_component_ref idref="oc-3f"/>
      </symbol>
      <symbol id="sm-1d3">
         <name>vPortSuppressTicksAndSleep</name>
         <value>0x5f9</value>
         <object_component_ref idref="oc-14c"/>
      </symbol>
      <symbol id="sm-1e0">
         <name>PTLS_getBuf</name>
         <value>0x31b9</value>
         <object_component_ref idref="oc-18b"/>
      </symbol>
      <symbol id="sm-1e1">
         <name>PTLS_setBuf</name>
         <value>0x31d3</value>
         <object_component_ref idref="oc-190"/>
      </symbol>
      <symbol id="sm-1e2">
         <name>PTLS_taskDeleteHook</name>
         <value>0x3101</value>
         <object_component_ref idref="oc-1a4"/>
      </symbol>
      <symbol id="sm-206">
         <name>pthread_attr_init</name>
         <value>0x319d</value>
         <object_component_ref idref="oc-aa"/>
      </symbol>
      <symbol id="sm-207">
         <name>pthread_attr_setdetachstate</name>
         <value>0x2f53</value>
         <object_component_ref idref="oc-b0"/>
      </symbol>
      <symbol id="sm-208">
         <name>pthread_attr_setschedparam</name>
         <value>0x2d89</value>
         <object_component_ref idref="oc-af"/>
      </symbol>
      <symbol id="sm-209">
         <name>pthread_attr_setstacksize</name>
         <value>0x3275</value>
         <object_component_ref idref="oc-b1"/>
      </symbol>
      <symbol id="sm-20a">
         <name>_pthread_cleanup_pop</name>
         <value>0x2fd9</value>
         <object_component_ref idref="oc-171"/>
      </symbol>
      <symbol id="sm-20b">
         <name>pthread_create</name>
         <value>0xa2d</value>
         <object_component_ref idref="oc-b2"/>
      </symbol>
      <symbol id="sm-20c">
         <name>pthread_exit</name>
         <value>0x23d1</value>
         <object_component_ref idref="oc-139"/>
      </symbol>
      <symbol id="sm-20d">
         <name>pthread_self</name>
         <value>0x3205</value>
         <object_component_ref idref="oc-16f"/>
      </symbol>
      <symbol id="sm-20e">
         <name>pthread_setcancelstate</name>
         <value>0x2641</value>
         <object_component_ref idref="oc-170"/>
      </symbol>
      <symbol id="sm-21b">
         <name>sleep</name>
         <value>0x29fd</value>
         <object_component_ref idref="oc-10a"/>
      </symbol>
      <symbol id="sm-21c">
         <name>usleep</name>
         <value>0x27e5</value>
         <object_component_ref idref="oc-105"/>
      </symbol>
      <symbol id="sm-231">
         <name>vApplicationGetIdleTaskMemory</name>
         <value>0x3089</value>
         <object_component_ref idref="oc-f4"/>
      </symbol>
      <symbol id="sm-232">
         <name>vApplicationGetTimerTaskMemory</name>
         <value>0x30b1</value>
         <object_component_ref idref="oc-13f"/>
      </symbol>
      <symbol id="sm-257">
         <name>pvPortMalloc</name>
         <value>0x295</value>
         <object_component_ref idref="oc-e1"/>
      </symbol>
      <symbol id="sm-258">
         <name>vPortFree</name>
         <value>0x1b55</value>
         <object_component_ref idref="oc-eb"/>
      </symbol>
      <symbol id="sm-269">
         <name>vListInitialise</name>
         <value>0x3005</value>
         <object_component_ref idref="oc-176"/>
      </symbol>
      <symbol id="sm-26a">
         <name>vListInitialiseItem</name>
         <value>0x2ad3</value>
         <object_component_ref idref="oc-16b"/>
      </symbol>
      <symbol id="sm-26b">
         <name>vListInsertEnd</name>
         <value>0x2ca5</value>
         <object_component_ref idref="oc-94"/>
      </symbol>
      <symbol id="sm-26c">
         <name>vListInsert</name>
         <value>0x24ad</value>
         <object_component_ref idref="oc-1af"/>
      </symbol>
      <symbol id="sm-26d">
         <name>uxListRemove</name>
         <value>0x2a45</value>
         <object_component_ref idref="oc-8f"/>
      </symbol>
      <symbol id="sm-296">
         <name>xQueueGenericReset</name>
         <value>0x1bf5</value>
         <object_component_ref idref="oc-169"/>
      </symbol>
      <symbol id="sm-297">
         <name>xQueueGenericCreateStatic</name>
         <value>0x1445</value>
         <object_component_ref idref="oc-177"/>
      </symbol>
      <symbol id="sm-298">
         <name>xQueueGenericCreate</name>
         <value>0x1aa9</value>
         <object_component_ref idref="oc-e6"/>
      </symbol>
      <symbol id="sm-299">
         <name>xQueueGenericSend</name>
         <value>0xc1</value>
         <object_component_ref idref="oc-173"/>
      </symbol>
      <symbol id="sm-29a">
         <name>xQueueGenericSendFromISR</name>
         <value>0xcad</value>
         <object_component_ref idref="oc-1b8"/>
      </symbol>
      <symbol id="sm-29b">
         <name>xQueueReceive</name>
         <value>0x455</value>
         <object_component_ref idref="oc-1a8"/>
      </symbol>
      <symbol id="sm-29c">
         <name>vQueueDelete</name>
         <value>0x2e91</value>
         <object_component_ref idref="oc-f0"/>
      </symbol>
      <symbol id="sm-29d">
         <name>vQueueWaitForMessageRestricted</name>
         <value>0x2519</value>
         <object_component_ref idref="oc-1a7"/>
      </symbol>
      <symbol id="sm-2a8">
         <name>__aeabi_errno_addr</name>
         <value>0x269d</value>
         <object_component_ref idref="oc-14d"/>
      </symbol>
      <symbol id="sm-2b1">
         <name>DL_Common_delayCycles</name>
         <value>0x32f1</value>
         <object_component_ref idref="oc-11c"/>
      </symbol>
      <symbol id="sm-2bc">
         <name>_c_int00_noargs</name>
         <value>0x30d9</value>
         <object_component_ref idref="oc-67"/>
      </symbol>
      <symbol id="sm-2bd">
         <name>__stack</name>
         <value>0x20207e00</value>
         <object_component_ref idref="oc-1f"/>
      </symbol>
      <symbol id="sm-2c9">
         <name>__TI_auto_init_nobinit_nopinit</name>
         <value>0x2c69</value>
         <object_component_ref idref="oc-bd"/>
      </symbol>
      <symbol id="sm-2d1">
         <name>_system_pre_init</name>
         <value>0x331d</value>
         <object_component_ref idref="oc-7f"/>
      </symbol>
      <symbol id="sm-2dc">
         <name>__TI_zero_init</name>
         <value>0x32b9</value>
         <object_component_ref idref="oc-64"/>
      </symbol>
      <symbol id="sm-2e5">
         <name>__TI_decompress_none</name>
         <value>0x3287</value>
         <object_component_ref idref="oc-25"/>
      </symbol>
      <symbol id="sm-2f0">
         <name>__TI_decompress_lzss</name>
         <value>0x2271</value>
         <object_component_ref idref="oc-21"/>
      </symbol>
      <symbol id="sm-2fa">
         <name>abort</name>
         <value>0x3313</value>
         <object_component_ref idref="oc-b6"/>
      </symbol>
      <symbol id="sm-304">
         <name>HOSTexit</name>
         <value>0x2dbd</value>
         <object_component_ref idref="oc-10b"/>
      </symbol>
      <symbol id="sm-305">
         <name>C$$EXIT</name>
         <value>0x2dbc</value>
         <object_component_ref idref="oc-10b"/>
      </symbol>
      <symbol id="sm-30b">
         <name>__aeabi_memcpy</name>
         <value>0x32fd</value>
         <object_component_ref idref="oc-57"/>
      </symbol>
      <symbol id="sm-30c">
         <name>__aeabi_memcpy4</name>
         <value>0x32fd</value>
         <object_component_ref idref="oc-57"/>
      </symbol>
      <symbol id="sm-30d">
         <name>__aeabi_memcpy8</name>
         <value>0x32fd</value>
         <object_component_ref idref="oc-57"/>
      </symbol>
      <symbol id="sm-316">
         <name>__aeabi_memset</name>
         <value>0x32c9</value>
         <object_component_ref idref="oc-16a"/>
      </symbol>
      <symbol id="sm-317">
         <name>__aeabi_memset4</name>
         <value>0x32c9</value>
         <object_component_ref idref="oc-16a"/>
      </symbol>
      <symbol id="sm-318">
         <name>__aeabi_memset8</name>
         <value>0x32c9</value>
         <object_component_ref idref="oc-16a"/>
      </symbol>
      <symbol id="sm-319">
         <name>__aeabi_memclr</name>
         <value>0x32d9</value>
         <object_component_ref idref="oc-7a"/>
      </symbol>
      <symbol id="sm-31a">
         <name>__aeabi_memclr4</name>
         <value>0x32d9</value>
         <object_component_ref idref="oc-7a"/>
      </symbol>
      <symbol id="sm-31b">
         <name>__aeabi_memclr8</name>
         <value>0x32d9</value>
         <object_component_ref idref="oc-7a"/>
      </symbol>
      <symbol id="sm-321">
         <name>__aeabi_uidiv</name>
         <value>0x2bad</value>
         <object_component_ref idref="oc-12a"/>
      </symbol>
      <symbol id="sm-322">
         <name>__aeabi_uidivmod</name>
         <value>0x2bad</value>
         <object_component_ref idref="oc-12a"/>
      </symbol>
      <symbol id="sm-32c">
         <name>__aeabi_idiv0</name>
         <value>0x1b53</value>
         <object_component_ref idref="oc-163"/>
      </symbol>
      <symbol id="sm-345">
         <name>memcpy</name>
         <value>0x1c95</value>
         <object_component_ref idref="oc-a0"/>
      </symbol>
      <symbol id="sm-354">
         <name>memset</name>
         <value>0x2583</value>
         <object_component_ref idref="oc-d7"/>
      </symbol>
      <symbol id="sm-355">
         <name>__TI_static_base__</name>
         <value>0x0</value>
      </symbol>
      <symbol id="sm-358">
         <name>__mpu_init</name>
         <value>0x0</value>
      </symbol>
      <symbol id="sm-359">
         <name>_system_post_cinit</name>
         <value>0x0</value>
      </symbol>
   </symbol_table>
   <title>Link successful</title>
</link_info>
