******************************************************************************
            TI ARM Clang Linker PC v4.0.3                      
******************************************************************************
>> Linked Fri Oct 31 15:47:28 2025

OUTPUT FILE NAME:   <Lab5_4.out>
ENTRY POINT SYMBOL: "_c_int00_noargs"  address: 00001bd9


MEMORY CONFIGURATION

         name            origin    length      used     unused   attr    fill
----------------------  --------  ---------  --------  --------  ----  --------
  FLASH                 00000000   00020000  00001fa8  0001e058  R  X
  SRAM                  20200000   00008000  00000d9d  00007263  RW X
  BCR_CONFIG            41c00000   000000ff  00000000  000000ff  R   
  BSL_CONFIG            41c00100   00000080  00000000  00000080  R   


SEGMENT ALLOCATION MAP

run origin  load origin   length   init length attrs members
----------  ----------- ---------- ----------- ----- -------
00000000    00000000    00001fa8   00001fa8    r-x
  00000000    00000000    000000c0   000000c0    r-- .intvecs
  000000c0    000000c0    00001ce0   00001ce0    r-x .text
  00001da0    00001da0    00000180   00000180    r-- .rodata
  00001f20    00001f20    00000088   00000088    r-- .cinit
20200000    20200000    00000ba0   00000000    rw-
  20200000    20200000    00000800   00000000    rw- .sysmem
  20200800    20200800    000001d1   00000000    rw- .data
  202009d4    202009d4    000001cc   00000000    rw- .bss
20207e00    20207e00    00000200   00000000    rw-
  20207e00    20207e00    00000200   00000000    rw- .stack


SECTION ALLOCATION MAP

 output                                  attributes/
section   page    origin      length       input sections
--------  ----  ----------  ----------   ----------------
.intvecs   0    00000000    000000c0     
                  00000000    000000c0     startup_mspm0g350x_ticlang.o (.intvecs)

.text      0    000000c0    00001ce0     
                  000000c0    00000868     libc.a : _printfi.c.obj (.text:__TI_printfi_nofloat)
                  00000928    00000204     Lab5_4.o (.text.main)
                  00000b2c    00000114     libc.a : memory.c.obj (.text.aligned_alloc)
                  00000c40    000000f8            : fputs.c.obj (.text.fputs)
                  00000d38    000000e8     driverlib.a : dl_timer.o (.text.DL_Timer_initTimerMode)
                  00000e20    000000e8     libc.a : memory.c.obj (.text.free)
                  00000f08    000000e0            : setvbuf.c.obj (.text.setvbuf)
                  00000fe8    000000a2     libclang_rt.builtins.a : udivmoddi4.S.obj (.text)
                  0000108a    00000002     startup_mspm0g350x_ticlang.o (.text.Default_Handler)
                  0000108c    0000009c     libc.a : fputc.c.obj (.text.fputc)
                  00001128    0000009a            : memcpy16.S.obj (.text:memcpy)
                  000011c2    0000000e            : memory.c.obj (.text.OUTLINED_FUNCTION_0)
                  000011d0    00000088            : strcmp-armv6m.S.obj (.text:strcmp)
                  00001258    0000007c            : fclose.c.obj (.text.__TI_closefile)
                  000012d4    0000007c            : copy_decompress_lzss.c.obj (.text:decompress:lzss)
                  00001350    0000006c     libsysbm.a : hostlseek.c.obj (.text.HOSTlseek)
                  000013bc    0000006c                : hostrename.c.obj (.text.HOSTrename)
                  00001428    0000006c     libc.a : fseek.c.obj (.text.fseeko)
                  00001494    0000006c            : getdevice.c.obj (.text.getdevice)
                  00001500    00000064            : _io_perm.c.obj (.text.__TI_wrt_ok)
                  00001564    00000064            : memory.c.obj (.text.split)
                  000015c8    00000062            : memset16.S.obj (.text:memset)
                  0000162a    00000002     ti_msp_dl_config.o (.text.SYSCFG_DL_GPIO_init)
                  0000162c    00000060     libsysbm.a : hostopen.c.obj (.text.HOSTopen)
                  0000168c    0000005c     libc.a : printf.c.obj (.text.printf)
                  000016e8    00000058     libsysbm.a : hostread.c.obj (.text.HOSTread)
                  00001740    00000058                : hostwrite.c.obj (.text.HOSTwrite)
                  00001798    00000052     libc.a : fflush.c.obj (.text.__TI_doflush)
                  000017ea    00000002     libclang_rt.builtins.a : aeabi_div0.c.obj (.text.__aeabi_idiv0)
                  000017ec    00000050     libsysbm.a : close.c.obj (.text.close)
                  0000183c    00000048                : hostclose.c.obj (.text.HOSTclose)
                  00001884    00000048                : hostunlink.c.obj (.text.HOSTunlink)
                  000018cc    00000040     ti_msp_dl_config.o (.text.SYSCFG_DL_SYSCTL_init)
                  0000190c    00000040     libclang_rt.builtins.a : aeabi_uidivmod.S.obj (.text.__aeabi_uidivmod)
                  0000194c    00000040     libc.a : atoi.c.obj (.text.atoi)
                  0000198c    0000003c            : autoinit.c.obj (.text:__TI_auto_init_nobinit_nopinit)
                  000019c8    0000003a     libclang_rt.builtins.a : muldsi3.S.obj (.text.__muldsi3)
                  00001a02    00000002                            : aeabi_div0.c.obj (.text.__aeabi_ldiv0)
                  00001a04    00000034     libc.a : fopen.c.obj (.text.__TI_cleanup)
                  00001a38    00000034     libsysbm.a : trgmsg.c.obj (.text.__TI_readmsg)
                  00001a6c    00000034                : trgmsg.c.obj (.text.__TI_writemsg)
                  00001aa0    00000034     libc.a : exit.c.obj (.text.exit)
                  00001ad4    00000034            : getdevice.c.obj (.text.finddevice)
                  00001b08    0000002c     ti_msp_dl_config.o (.text.SYSCFG_DL_initPower)
                  00001b34    0000002c     libsysbm.a : unlink.c.obj (.text.unlink)
                  00001b60    00000028     libc.a : memory.c.obj (.text.free_list_insert)
                  00001b88    00000028     libsysbm.a : lseek.c.obj (.text.lseek)
                  00001bb0    00000028                : write.c.obj (.text.write)
                  00001bd8    00000028     libc.a : boot_cortex_m.c.obj (.text:_c_int00_noargs)
                  00001c00    00000024     libclang_rt.builtins.a : muldi3.S.obj (.text.__muldi3)
                  00001c24    00000022     libc.a : memccpy.c.obj (.text.memccpy)
                  00001c46    00000002            : _lock.c.obj (.text._nop)
                  00001c48    0000001e     libclang_rt.builtins.a : ashldi3.S.obj (.text.__ashldi3)
                  00001c66    00000002     --HOLE-- [fill = 0]
                  00001c68    0000001c     driverlib.a : dl_timer.o (.text.DL_Timer_setClockConfig)
                  00001c84    0000001c     libc.a : memory.c.obj (.text.free_list_remove)
                  00001ca0    00000016            : copy_zero_init.c.obj (.text:decompress:ZI:__TI_zero_init_nomemset)
                  00001cb6    00000002     --HOLE-- [fill = 0]
                  00001cb8    00000014     libclang_rt.builtins.a : aeabi_uldivmod.S.obj (.text.__aeabi_uldivmod)
                  00001ccc    00000012     libc.a : copy_decompress_none.c.obj (.text:decompress:none)
                  00001cde    00000010     ti_msp_dl_config.o (.text.SYSCFG_DL_init)
                  00001cee    00000010     libc.a : wcslen.c.obj (.text.wcslen)
                  00001cfe    00000002     --HOLE-- [fill = 0]
                  00001d00    0000000e     libclang_rt.builtins.a : aeabi_memset.S.obj (.text.__aeabi_memset)
                  00001d0e    0000000e     libsysbm.a : hostrename.c.obj (.text.strcpy)
                  00001d1c    0000000e     libc.a : _printfi.c.obj (.text.strlen)
                  00001d2a    0000000e     libsysbm.a : hostrename.c.obj (.text.strlen)
                  00001d38    0000000c     libclang_rt.builtins.a : aeabi_memset.S.obj (.text.__aeabi_memclr)
                  00001d44    0000000c     libc.a : memory.c.obj (.text.malloc)
                  00001d50    0000000a     driverlib.a : dl_common.o (.text.DL_Common_delayCycles)
                  00001d5a    00000002     --HOLE-- [fill = 0]
                  00001d5c    00000008     libc.a : aeabi_portable.c.obj (.text.__aeabi_errno_addr)
                  00001d64    00000008     libclang_rt.builtins.a : aeabi_memcpy.S.obj (.text.__aeabi_memcpy)
                  00001d6c    00000008     libc.a : printf.c.obj (.text._outc)
                  00001d74    00000008            : printf.c.obj (.text._outs)
                  00001d7c    00000008            : fseek.c.obj (.text.fseek)
                  00001d84    00000008     libsysbm.a : remove.c.obj (.text.remove)
                  00001d8c    00000006     libc.a : exit.c.obj (.text:abort)
                  00001d92    00000004     libsysbm.a : hostexit.c.obj (.text.HOSTexit)
                  00001d96    00000004     startup_mspm0g350x_ticlang.o (.text.Reset_Handler)
                  00001d9a    00000004     libc.a : pre_init.c.obj (.text._system_pre_init)
                  00001d9e    00000002     --HOLE-- [fill = 0]

.cinit     0    00001f20    00000088     
                  00001f20    00000061     (.cinit..data.load) [load image, compression = lzss]
                  00001f81    00000003     --HOLE-- [fill = 0]
                  00001f84    0000000c     (__TI_handler_table)
                  00001f90    00000008     (.cinit..bss.load) [load image, compression = zero_init]
                  00001f98    00000010     (__TI_cinit_table)

.rodata    0    00001da0    00000180     
                  00001da0    00000101     libc.a : aeabi_ctype.S.obj (.rodata:__aeabi_ctype_table_)
                  00001ea1    00000003     --HOLE-- [fill = 0]
                  00001ea4    00000030     Lab5_4.o (.rodata.kPins)
                  00001ed4    00000011     libc.a : _printfi.c.obj (.rodata.str1.10348868589481759720.1)
                  00001ee5    00000011            : _printfi.c.obj (.rodata.str1.15363888844622738466.1)
                  00001ef6    0000000c     Lab5_4.o (.rodata.str1.3133153768117251732.1)
                  00001f02    00000005     Lab5_4.o (.rodata.str1.13183702183157060822.1)
                  00001f07    00000005     Lab5_4.o (.rodata.str1.8097779246951076557.1)
                  00001f0c    00000004     Lab5_4.o (.rodata.str1.2823431850967635768.1)
                  00001f10    00000004     Lab5_4.o (.rodata.str1.2984126968783035146.1)
                  00001f14    0000000c     --HOLE-- [fill = 0]

.init_array 
*          0    00000000    00000000     UNINITIALIZED

.binit     0    00000000    00000000     

.sysmem    0    20200000    00000800     UNINITIALIZED
                  20200000    00000010     libc.a : memory.c.obj (.sysmem)
                  20200010    000007f0     --HOLE--

.data      0    20200800    000001d1     UNINITIALIZED
                  20200800    000000f0     libc.a : defs.c.obj (.data._ftable)
                  202008f0    00000078     libsysbm.a : host_device.c.obj (.data._device)
                  20200968    00000050                : host_device.c.obj (.data._stream)
                  202009b8    00000008     libc.a : exit.c.obj (.data..L_MergedGlobals)
                  202009c0    00000004            : defs.c.obj (.data.__TI_ft_end)
                  202009c4    00000004            : aeabi_portable.c.obj (.data.__aeabi_errno)
                  202009c8    00000004            : _lock.c.obj (.data._lock)
                  202009cc    00000004            : _lock.c.obj (.data._unlock)
                  202009d0    00000001            : memory.c.obj (.data.memory_is_initialized)

.bss       0    202009d4    000001cc     UNINITIALIZED
                  202009d4    00000120     libsysbm.a : trgmsg.c.obj (.bss:_CIOBUF_)
                  20200af4    000000a0     libc.a : defs.c.obj (.bss.__TI_tmpnams)
                  20200b94    00000008     libsysbm.a : hostopen.c.obj (.bss.parmbuf)
                  20200b9c    00000004     libc.a : memory.c.obj (.bss.sys_free)

.stack     0    20207e00    00000200     UNINITIALIZED
                  20207e00    00000004     libc.a : boot_cortex_m.c.obj (.stack)
                  20207e04    000001fc     --HOLE--

__llvm_prf_cnts 
*          0    20200000    00000000     UNINITIALIZED

__llvm_prf_bits 
*          0    20200000    00000000     UNINITIALIZED

MODULE SUMMARY

       Module                         code   ro data   rw data
       ------                         ----   -------   -------
    .\
       Lab5_4.o                       516    78        0      
       startup_mspm0g350x_ticlang.o   6      192       0      
       ti_msp_dl_config.o             126    0         0      
    +--+------------------------------+------+---------+---------+
       Total:                         648    270       0      
                                                              
    C:/ti/mspm0_sdk_2_05_01_00/source/ti/driverlib/lib/ticlang/m0p/mspm0g1x0x_g3x0x/driverlib.a
       dl_timer.o                     260    0         0      
       dl_common.o                    10     0         0      
    +--+------------------------------+------+---------+---------+
       Total:                         270    0         0      
                                                              
    C:\ti\ccs2020\ccs\tools\compiler\ti-cgt-armllvm_4.0.3.LTS\lib\armv6m-ti-none-eabi/c/libc.a
       _printfi.c.obj                 2166   34        0      
       memory.c.obj                   702    0         5      
       defs.c.obj                     0      0         404    
       aeabi_ctype.S.obj              0      257       0      
       fputs.c.obj                    248    0         0      
       setvbuf.c.obj                  224    0         0      
       getdevice.c.obj                160    0         0      
       fputc.c.obj                    156    0         0      
       memcpy16.S.obj                 154    0         0      
       strcmp-armv6m.S.obj            136    0         0      
       copy_decompress_lzss.c.obj     124    0         0      
       fclose.c.obj                   124    0         0      
       fseek.c.obj                    116    0         0      
       printf.c.obj                   108    0         0      
       _io_perm.c.obj                 100    0         0      
       memset16.S.obj                 98     0         0      
       fflush.c.obj                   82     0         0      
       exit.c.obj                     58     0         8      
       atoi.c.obj                     64     0         0      
       autoinit.c.obj                 60     0         0      
       fopen.c.obj                    52     0         0      
       boot_cortex_m.c.obj            40     0         0      
       memccpy.c.obj                  34     0         0      
       copy_zero_init.c.obj           22     0         0      
       copy_decompress_none.c.obj     18     0         0      
       wcslen.c.obj                   16     0         0      
       aeabi_portable.c.obj           8      0         4      
       _lock.c.obj                    2      0         8      
       pre_init.c.obj                 4      0         0      
    +--+------------------------------+------+---------+---------+
       Total:                         5076   291       429    
                                                              
    C:\ti\ccs2020\ccs\tools\compiler\ti-cgt-armllvm_4.0.3.LTS\lib\armv6m-ti-none-eabi/c/libsysbm.a
       trgmsg.c.obj                   104    0         288    
       host_device.c.obj              0      0         200    
       hostrename.c.obj               136    0         0      
       hostlseek.c.obj                108    0         0      
       hostopen.c.obj                 96     0         8      
       hostread.c.obj                 88     0         0      
       hostwrite.c.obj                88     0         0      
       close.c.obj                    80     0         0      
       hostclose.c.obj                72     0         0      
       hostunlink.c.obj               72     0         0      
       unlink.c.obj                   44     0         0      
       lseek.c.obj                    40     0         0      
       write.c.obj                    40     0         0      
       remove.c.obj                   8      0         0      
       hostexit.c.obj                 4      0         0      
    +--+------------------------------+------+---------+---------+
       Total:                         980    0         496    
                                                              
    C:\ti\ccs2020\ccs\tools\compiler\ti-cgt-armllvm_4.0.3.LTS\lib\armv6m-ti-none-eabi/libclang_rt.builtins.a
       udivmoddi4.S.obj               162    0         0      
       aeabi_uidivmod.S.obj           64     0         0      
       muldsi3.S.obj                  58     0         0      
       muldi3.S.obj                   36     0         0      
       ashldi3.S.obj                  30     0         0      
       aeabi_memset.S.obj             26     0         0      
       aeabi_uldivmod.S.obj           20     0         0      
       aeabi_memcpy.S.obj             8      0         0      
       aeabi_div0.c.obj               4      0         0      
    +--+------------------------------+------+---------+---------+
       Total:                         408    0         0      
                                                              
       Heap:                          0      0         2048   
       Stack:                         0      0         512    
       Linker Generated:              0      133       0      
    +--+------------------------------+------+---------+---------+
       Grand Total:                   7382   694       3485   


LINKER GENERATED COPY TABLES

__TI_cinit_table @ 00001f98 records: 2, size/record: 8, table size: 16
	.data: load addr=00001f20, load size=00000061 bytes, run addr=20200800, run size=000001d1 bytes, compression=lzss
	.bss: load addr=00001f90, load size=00000008 bytes, run addr=202009d4, run size=000001cc bytes, compression=zero_init


LINKER GENERATED HANDLER TABLE

__TI_handler_table @ 00001f84 records: 3, size/record: 4, table size: 12
	index: 0, handler: __TI_decompress_lzss
	index: 1, handler: __TI_decompress_none
	index: 2, handler: __TI_zero_init


GLOBAL SYMBOLS: SORTED ALPHABETICALLY BY Name 

address   name                          
-------   ----                          
0000108b  ADC0_IRQHandler               
0000108b  ADC1_IRQHandler               
0000108b  AES_IRQHandler                
00001d92  C$$EXIT                       
00001a99  C$$IO$$                       
0000108b  CANFD0_IRQHandler             
0000108b  DAC0_IRQHandler               
00001d51  DL_Common_delayCycles         
00000d39  DL_Timer_initTimerMode        
00001c69  DL_Timer_setClockConfig       
0000108b  DMA_IRQHandler                
0000108b  Default_Handler               
0000108b  GROUP0_IRQHandler             
0000108b  GROUP1_IRQHandler             
0000183d  HOSTclose                     
00001d93  HOSTexit                      
00001351  HOSTlseek                     
0000162d  HOSTopen                      
000016e9  HOSTread                      
000013bd  HOSTrename                    
00001885  HOSTunlink                    
00001741  HOSTwrite                     
0000108b  HardFault_Handler             
0000108b  I2C0_IRQHandler               
0000108b  I2C1_IRQHandler               
0000108b  NMI_Handler                   
0000108b  PendSV_Handler                
0000108b  RTC_IRQHandler                
00001d97  Reset_Handler                 
0000108b  SPI0_IRQHandler               
0000108b  SPI1_IRQHandler               
0000108b  SVC_Handler                   
0000162b  SYSCFG_DL_GPIO_init           
000018cd  SYSCFG_DL_SYSCTL_init         
00001cdf  SYSCFG_DL_init                
00001b09  SYSCFG_DL_initPower           
0000108b  SysTick_Handler               
0000108b  TIMA0_IRQHandler              
0000108b  TIMA1_IRQHandler              
0000108b  TIMG0_IRQHandler              
0000108b  TIMG12_IRQHandler             
0000108b  TIMG6_IRQHandler              
0000108b  TIMG7_IRQHandler              
0000108b  TIMG8_IRQHandler              
0000108b  UART0_IRQHandler              
0000108b  UART1_IRQHandler              
0000108b  UART2_IRQHandler              
0000108b  UART3_IRQHandler              
202009d4  _CIOBUF_                      
202009d4  __CIOBUF_                     
20208000  __STACK_END                   
00000200  __STACK_SIZE                  
00000800  __SYSMEM_SIZE                 
00000000  __TI_ATRegion0_region_sz      
00000000  __TI_ATRegion0_src_addr       
00000000  __TI_ATRegion0_trg_addr       
00000000  __TI_ATRegion1_region_sz      
00000000  __TI_ATRegion1_src_addr       
00000000  __TI_ATRegion1_trg_addr       
00000000  __TI_ATRegion2_region_sz      
00000000  __TI_ATRegion2_src_addr       
00000000  __TI_ATRegion2_trg_addr       
00001f98  __TI_CINIT_Base               
00001fa8  __TI_CINIT_Limit              
00001fa8  __TI_CINIT_Warm               
00001f84  __TI_Handler_Table_Base       
00001f90  __TI_Handler_Table_Limit      
0000198d  __TI_auto_init_nobinit_nopinit
00001a05  __TI_cleanup                  
202009b8  __TI_cleanup_ptr              
00001259  __TI_closefile                
000012d5  __TI_decompress_lzss          
00001ccd  __TI_decompress_none          
00001799  __TI_doflush                  
202009bc  __TI_dtors_ptr                
202009c0  __TI_ft_end                   
ffffffff  __TI_pprof_out_hndl           
000000c1  __TI_printfi_nofloat          
ffffffff  __TI_prof_data_size           
ffffffff  __TI_prof_data_start          
00001a39  __TI_readmsg                  
00000000  __TI_static_base__            
20200af4  __TI_tmpnams                  
00001a6d  __TI_writemsg                 
00001501  __TI_wrt_ok                   
00001ca1  __TI_zero_init_nomemset       
00001da0  __aeabi_ctype_table_          
00001da0  __aeabi_ctype_table_C         
202009c4  __aeabi_errno                 
00001d5d  __aeabi_errno_addr            
000017eb  __aeabi_idiv0                 
00001a03  __aeabi_ldiv0                 
00001c49  __aeabi_llsl                  
00001c01  __aeabi_lmul                  
00001d39  __aeabi_memclr                
00001d39  __aeabi_memclr4               
00001d39  __aeabi_memclr8               
00001d65  __aeabi_memcpy                
00001d65  __aeabi_memcpy4               
00001d65  __aeabi_memcpy8               
00001d01  __aeabi_memset                
00001d01  __aeabi_memset4               
00001d01  __aeabi_memset8               
0000190d  __aeabi_uidiv                 
0000190d  __aeabi_uidivmod              
00001cb9  __aeabi_uldivmod              
00001c49  __ashldi3                     
ffffffff  __binit__                     
UNDEFED   __mpu_init                    
00001c01  __muldi3                      
000019c9  __muldsi3                     
20207e00  __stack                       
20200000  __start___llvm_prf_bits       
20200000  __start___llvm_prf_cnts       
20200000  __stop___llvm_prf_bits        
20200000  __stop___llvm_prf_cnts        
00000fe9  __udivmoddi4                  
00001bd9  _c_int00_noargs               
202008f0  _device                       
20200800  _ftable                       
202009c8  _lock                         
00001c47  _nop                          
20200968  _stream                       
20200000  _sys_memory                   
UNDEFED   _system_post_cinit            
00001d9b  _system_pre_init              
202009cc  _unlock                       
00001d8d  abort                         
00000b2d  aligned_alloc                 
0000194d  atoi                          
ffffffff  binit                         
000017ed  close                         
00001aa1  exit                          
00001ad5  finddevice                    
0000108d  fputc                         
00000c41  fputs                         
00000e21  free                          
00001d7d  fseek                         
00001429  fseeko                        
00001495  getdevice                     
00000000  interruptVectors              
00001b89  lseek                         
00000929  main                          
00001d45  malloc                        
00000b2d  memalign                      
00001c25  memccpy                       
00001129  memcpy                        
000015c9  memset                        
20200b94  parmbuf                       
0000168d  printf                        
00001d85  remove                        
00000f09  setvbuf                       
000011d1  strcmp                        
00001b35  unlink                        
00001cef  wcslen                        
00001bb1  write                         


GLOBAL SYMBOLS: SORTED BY Symbol Address 

address   name                          
-------   ----                          
00000000  __TI_ATRegion0_region_sz      
00000000  __TI_ATRegion0_src_addr       
00000000  __TI_ATRegion0_trg_addr       
00000000  __TI_ATRegion1_region_sz      
00000000  __TI_ATRegion1_src_addr       
00000000  __TI_ATRegion1_trg_addr       
00000000  __TI_ATRegion2_region_sz      
00000000  __TI_ATRegion2_src_addr       
00000000  __TI_ATRegion2_trg_addr       
00000000  __TI_static_base__            
00000000  interruptVectors              
000000c1  __TI_printfi_nofloat          
00000200  __STACK_SIZE                  
00000800  __SYSMEM_SIZE                 
00000929  main                          
00000b2d  aligned_alloc                 
00000b2d  memalign                      
00000c41  fputs                         
00000d39  DL_Timer_initTimerMode        
00000e21  free                          
00000f09  setvbuf                       
00000fe9  __udivmoddi4                  
0000108b  ADC0_IRQHandler               
0000108b  ADC1_IRQHandler               
0000108b  AES_IRQHandler                
0000108b  CANFD0_IRQHandler             
0000108b  DAC0_IRQHandler               
0000108b  DMA_IRQHandler                
0000108b  Default_Handler               
0000108b  GROUP0_IRQHandler             
0000108b  GROUP1_IRQHandler             
0000108b  HardFault_Handler             
0000108b  I2C0_IRQHandler               
0000108b  I2C1_IRQHandler               
0000108b  NMI_Handler                   
0000108b  PendSV_Handler                
0000108b  RTC_IRQHandler                
0000108b  SPI0_IRQHandler               
0000108b  SPI1_IRQHandler               
0000108b  SVC_Handler                   
0000108b  SysTick_Handler               
0000108b  TIMA0_IRQHandler              
0000108b  TIMA1_IRQHandler              
0000108b  TIMG0_IRQHandler              
0000108b  TIMG12_IRQHandler             
0000108b  TIMG6_IRQHandler              
0000108b  TIMG7_IRQHandler              
0000108b  TIMG8_IRQHandler              
0000108b  UART0_IRQHandler              
0000108b  UART1_IRQHandler              
0000108b  UART2_IRQHandler              
0000108b  UART3_IRQHandler              
0000108d  fputc                         
00001129  memcpy                        
000011d1  strcmp                        
00001259  __TI_closefile                
000012d5  __TI_decompress_lzss          
00001351  HOSTlseek                     
000013bd  HOSTrename                    
00001429  fseeko                        
00001495  getdevice                     
00001501  __TI_wrt_ok                   
000015c9  memset                        
0000162b  SYSCFG_DL_GPIO_init           
0000162d  HOSTopen                      
0000168d  printf                        
000016e9  HOSTread                      
00001741  HOSTwrite                     
00001799  __TI_doflush                  
000017eb  __aeabi_idiv0                 
000017ed  close                         
0000183d  HOSTclose                     
00001885  HOSTunlink                    
000018cd  SYSCFG_DL_SYSCTL_init         
0000190d  __aeabi_uidiv                 
0000190d  __aeabi_uidivmod              
0000194d  atoi                          
0000198d  __TI_auto_init_nobinit_nopinit
000019c9  __muldsi3                     
00001a03  __aeabi_ldiv0                 
00001a05  __TI_cleanup                  
00001a39  __TI_readmsg                  
00001a6d  __TI_writemsg                 
00001a99  C$$IO$$                       
00001aa1  exit                          
00001ad5  finddevice                    
00001b09  SYSCFG_DL_initPower           
00001b35  unlink                        
00001b89  lseek                         
00001bb1  write                         
00001bd9  _c_int00_noargs               
00001c01  __aeabi_lmul                  
00001c01  __muldi3                      
00001c25  memccpy                       
00001c47  _nop                          
00001c49  __aeabi_llsl                  
00001c49  __ashldi3                     
00001c69  DL_Timer_setClockConfig       
00001ca1  __TI_zero_init_nomemset       
00001cb9  __aeabi_uldivmod              
00001ccd  __TI_decompress_none          
00001cdf  SYSCFG_DL_init                
00001cef  wcslen                        
00001d01  __aeabi_memset                
00001d01  __aeabi_memset4               
00001d01  __aeabi_memset8               
00001d39  __aeabi_memclr                
00001d39  __aeabi_memclr4               
00001d39  __aeabi_memclr8               
00001d45  malloc                        
00001d51  DL_Common_delayCycles         
00001d5d  __aeabi_errno_addr            
00001d65  __aeabi_memcpy                
00001d65  __aeabi_memcpy4               
00001d65  __aeabi_memcpy8               
00001d7d  fseek                         
00001d85  remove                        
00001d8d  abort                         
00001d92  C$$EXIT                       
00001d93  HOSTexit                      
00001d97  Reset_Handler                 
00001d9b  _system_pre_init              
00001da0  __aeabi_ctype_table_          
00001da0  __aeabi_ctype_table_C         
00001f84  __TI_Handler_Table_Base       
00001f90  __TI_Handler_Table_Limit      
00001f98  __TI_CINIT_Base               
00001fa8  __TI_CINIT_Limit              
00001fa8  __TI_CINIT_Warm               
20200000  __start___llvm_prf_bits       
20200000  __start___llvm_prf_cnts       
20200000  __stop___llvm_prf_bits        
20200000  __stop___llvm_prf_cnts        
20200000  _sys_memory                   
20200800  _ftable                       
202008f0  _device                       
20200968  _stream                       
202009b8  __TI_cleanup_ptr              
202009bc  __TI_dtors_ptr                
202009c0  __TI_ft_end                   
202009c4  __aeabi_errno                 
202009c8  _lock                         
202009cc  _unlock                       
202009d4  _CIOBUF_                      
202009d4  __CIOBUF_                     
20200af4  __TI_tmpnams                  
20200b94  parmbuf                       
20207e00  __stack                       
20208000  __STACK_END                   
ffffffff  __TI_pprof_out_hndl           
ffffffff  __TI_prof_data_size           
ffffffff  __TI_prof_data_start          
ffffffff  __binit__                     
ffffffff  binit                         
UNDEFED   __mpu_init                    
UNDEFED   _system_post_cinit            

[156 symbols]
