******************************************************************************
            TI ARM Clang Linker PC v4.0.3                      
******************************************************************************
>> Linked Thu Nov 13 16:13:58 2025

OUTPUT FILE NAME:   <Lab6_1.2.out>
ENTRY POINT SYMBOL: "_c_int00_noinit_noargs"  address: 00000255


MEMORY CONFIGURATION

         name            origin    length      used     unused   attr    fill
----------------------  --------  ---------  --------  --------  ----  --------
  FLASH                 00000000   00020000  00000348  0001fcb8  R  X
  SRAM                  20200000   00008000  00000200  00007e00  RW X
  BCR_CONFIG            41c00000   000000ff  00000000  000000ff  R   
  BSL_CONFIG            41c00100   00000080  00000000  00000080  R   


SEGMENT ALLOCATION MAP

run origin  load origin   length   init length attrs members
----------  ----------- ---------- ----------- ----- -------
00000000    00000000    00000348   00000348    r-x
  00000000    00000000    000000c0   000000c0    r-- .intvecs
  000000c0    000000c0    000001f8   000001f8    r-x .text
  000002b8    000002b8    00000090   00000090    r-- .rodata
20207e00    20207e00    00000200   00000000    rw-
  20207e00    20207e00    00000200   00000000    rw- .stack


SECTION ALLOCATION MAP

 output                                  attributes/
section   page    origin      length       input sections
--------  ----  ----------  ----------   ----------------
.intvecs   0    00000000    000000c0     
                  00000000    000000c0     startup_mspm0g350x_ticlang.o (.intvecs)

.text      0    000000c0    000001f8     
                  000000c0    000000e0     Lab6_1.2.o (.text.main)
                  000001a0    00000048     driverlib.a : dl_uart.o (.text.DL_UART_init)
                  000001e8    00000040     ti_msp_dl_config.o (.text.SYSCFG_DL_SYSCTL_init)
                  00000228    0000002c     ti_msp_dl_config.o (.text.SYSCFG_DL_initPower)
                  00000254    00000020     libc.a : boot_cortex_m.c.obj (.text:_c_int00_noinit_noargs)
                  00000274    00000012     driverlib.a : dl_uart.o (.text.DL_UART_setClockConfig)
                  00000286    00000010     ti_msp_dl_config.o (.text.SYSCFG_DL_init)
                  00000296    0000000a     driverlib.a : dl_common.o (.text.DL_Common_delayCycles)
                  000002a0    00000006     libc.a : exit.c.obj (.text:abort)
                  000002a6    00000004     libsysbm.a : hostexit.c.obj (.text.HOSTexit)
                  000002aa    00000004     startup_mspm0g350x_ticlang.o (.text.Reset_Handler)
                  000002ae    00000004     libc.a : pre_init.c.obj (.text._system_pre_init)
                  000002b2    00000002     startup_mspm0g350x_ticlang.o (.text.Default_Handler)
                  000002b4    00000002     ti_msp_dl_config.o (.text.SYSCFG_DL_GPIO_init)
                  000002b6    00000002     --HOLE-- [fill = 0]

.cinit     0    00000000    00000000     

.rodata    0    000002b8    00000090     
                  000002b8    00000083     Lab6_1.2.o (.rodata.str1.10359792091645535240.1)
                  0000033b    00000001     --HOLE-- [fill = 0]
                  0000033c    0000000a     Lab6_1.2.o (.rodata.main.gUART_0Config)
                  00000346    00000002     Lab6_1.2.o (.rodata.main.gUART_0ClockConfig)

.init_array 
*          0    00000000    00000000     UNINITIALIZED

.binit     0    00000000    00000000     

.stack     0    20207e00    00000200     UNINITIALIZED
                  20207e00    00000004     libc.a : boot_cortex_m.c.obj (.stack)
                  20207e04    000001fc     --HOLE--

__llvm_prf_cnts 
*          0    20200000    00000000     UNINITIALIZED

__llvm_prf_bits 
*          0    20200000    00000000     UNINITIALIZED

MODULE SUMMARY

       Module                         code   ro data   rw data
       ------                         ----   -------   -------
    .\
       Lab6_1.2.o                     224    143       0      
       startup_mspm0g350x_ticlang.o   6      192       0      
       ti_msp_dl_config.o             126    0         0      
    +--+------------------------------+------+---------+---------+
       Total:                         356    335       0      
                                                              
    C:/ti/mspm0_sdk_2_05_01_00/source/ti/driverlib/lib/ticlang/m0p/mspm0g1x0x_g3x0x/driverlib.a
       dl_uart.o                      90     0         0      
       dl_common.o                    10     0         0      
    +--+------------------------------+------+---------+---------+
       Total:                         100    0         0      
                                                              
    C:\ti\ccs2020\ccs\tools\compiler\ti-cgt-armllvm_4.0.3.LTS\lib\armv6m-ti-none-eabi/c/libc.a
       boot_cortex_m.c.obj            32     0         0      
       exit.c.obj                     6      0         0      
       pre_init.c.obj                 4      0         0      
    +--+------------------------------+------+---------+---------+
       Total:                         42     0         0      
                                                              
    C:\ti\ccs2020\ccs\tools\compiler\ti-cgt-armllvm_4.0.3.LTS\lib\armv6m-ti-none-eabi/c/libsysbm.a
       hostexit.c.obj                 4      0         0      
    +--+------------------------------+------+---------+---------+
       Total:                         4      0         0      
                                                              
       Stack:                         0      0         512    
    +--+------------------------------+------+---------+---------+
       Grand Total:                   502    335       512    


GLOBAL SYMBOLS: SORTED ALPHABETICALLY BY Name 

address   name                    
-------   ----                    
000002b3  ADC0_IRQHandler         
000002b3  ADC1_IRQHandler         
000002b3  AES_IRQHandler          
000002a6  C$$EXIT                 
000002b3  CANFD0_IRQHandler       
000002b3  DAC0_IRQHandler         
00000297  DL_Common_delayCycles   
000001a1  DL_UART_init            
00000275  DL_UART_setClockConfig  
000002b3  DMA_IRQHandler          
000002b3  Default_Handler         
000002b3  GROUP0_IRQHandler       
000002b3  GROUP1_IRQHandler       
000002a7  HOSTexit                
000002b3  HardFault_Handler       
000002b3  I2C0_IRQHandler         
000002b3  I2C1_IRQHandler         
000002b3  NMI_Handler             
000002b3  PendSV_Handler          
000002b3  RTC_IRQHandler          
000002ab  Reset_Handler           
000002b3  SPI0_IRQHandler         
000002b3  SPI1_IRQHandler         
000002b3  SVC_Handler             
000002b5  SYSCFG_DL_GPIO_init     
000001e9  SYSCFG_DL_SYSCTL_init   
00000287  SYSCFG_DL_init          
00000229  SYSCFG_DL_initPower     
000002b3  SysTick_Handler         
000002b3  TIMA0_IRQHandler        
000002b3  TIMA1_IRQHandler        
000002b3  TIMG0_IRQHandler        
000002b3  TIMG12_IRQHandler       
000002b3  TIMG6_IRQHandler        
000002b3  TIMG7_IRQHandler        
000002b3  TIMG8_IRQHandler        
000002b3  UART0_IRQHandler        
000002b3  UART1_IRQHandler        
000002b3  UART2_IRQHandler        
000002b3  UART3_IRQHandler        
20208000  __STACK_END             
00000200  __STACK_SIZE            
00000000  __TI_ATRegion0_region_sz
00000000  __TI_ATRegion0_src_addr 
00000000  __TI_ATRegion0_trg_addr 
00000000  __TI_ATRegion1_region_sz
00000000  __TI_ATRegion1_src_addr 
00000000  __TI_ATRegion1_trg_addr 
00000000  __TI_ATRegion2_region_sz
00000000  __TI_ATRegion2_src_addr 
00000000  __TI_ATRegion2_trg_addr 
00000000  __TI_CINIT_Base         
00000000  __TI_CINIT_Limit        
00000000  __TI_CINIT_Warm         
ffffffff  __TI_pprof_out_hndl     
ffffffff  __TI_prof_data_size     
ffffffff  __TI_prof_data_start    
00000000  __TI_static_base__      
ffffffff  __binit__               
UNDEFED   __mpu_init              
20207e00  __stack                 
20200000  __start___llvm_prf_bits 
20200000  __start___llvm_prf_cnts 
20200000  __stop___llvm_prf_bits  
20200000  __stop___llvm_prf_cnts  
00000255  _c_int00_noinit_noargs  
000002af  _system_pre_init        
000002a1  abort                   
ffffffff  binit                   
00000000  interruptVectors        
000000c1  main                    


GLOBAL SYMBOLS: SORTED BY Symbol Address 

address   name                    
-------   ----                    
00000000  __TI_ATRegion0_region_sz
00000000  __TI_ATRegion0_src_addr 
00000000  __TI_ATRegion0_trg_addr 
00000000  __TI_ATRegion1_region_sz
00000000  __TI_ATRegion1_src_addr 
00000000  __TI_ATRegion1_trg_addr 
00000000  __TI_ATRegion2_region_sz
00000000  __TI_ATRegion2_src_addr 
00000000  __TI_ATRegion2_trg_addr 
00000000  __TI_CINIT_Base         
00000000  __TI_CINIT_Limit        
00000000  __TI_CINIT_Warm         
00000000  __TI_static_base__      
00000000  interruptVectors        
000000c1  main                    
000001a1  DL_UART_init            
000001e9  SYSCFG_DL_SYSCTL_init   
00000200  __STACK_SIZE            
00000229  SYSCFG_DL_initPower     
00000255  _c_int00_noinit_noargs  
00000275  DL_UART_setClockConfig  
00000287  SYSCFG_DL_init          
00000297  DL_Common_delayCycles   
000002a1  abort                   
000002a6  C$$EXIT                 
000002a7  HOSTexit                
000002ab  Reset_Handler           
000002af  _system_pre_init        
000002b3  ADC0_IRQHandler         
000002b3  ADC1_IRQHandler         
000002b3  AES_IRQHandler          
000002b3  CANFD0_IRQHandler       
000002b3  DAC0_IRQHandler         
000002b3  DMA_IRQHandler          
000002b3  Default_Handler         
000002b3  GROUP0_IRQHandler       
000002b3  GROUP1_IRQHandler       
000002b3  HardFault_Handler       
000002b3  I2C0_IRQHandler         
000002b3  I2C1_IRQHandler         
000002b3  NMI_Handler             
000002b3  PendSV_Handler          
000002b3  RTC_IRQHandler          
000002b3  SPI0_IRQHandler         
000002b3  SPI1_IRQHandler         
000002b3  SVC_Handler             
000002b3  SysTick_Handler         
000002b3  TIMA0_IRQHandler        
000002b3  TIMA1_IRQHandler        
000002b3  TIMG0_IRQHandler        
000002b3  TIMG12_IRQHandler       
000002b3  TIMG6_IRQHandler        
000002b3  TIMG7_IRQHandler        
000002b3  TIMG8_IRQHandler        
000002b3  UART0_IRQHandler        
000002b3  UART1_IRQHandler        
000002b3  UART2_IRQHandler        
000002b3  UART3_IRQHandler        
000002b5  SYSCFG_DL_GPIO_init     
20200000  __start___llvm_prf_bits 
20200000  __start___llvm_prf_cnts 
20200000  __stop___llvm_prf_bits  
20200000  __stop___llvm_prf_cnts  
20207e00  __stack                 
20208000  __STACK_END             
ffffffff  __TI_pprof_out_hndl     
ffffffff  __TI_prof_data_size     
ffffffff  __TI_prof_data_start    
ffffffff  __binit__               
ffffffff  binit                   
UNDEFED   __mpu_init              

[71 symbols]
