******************************************************************************
            TI ARM Clang Linker PC v4.0.3                      
******************************************************************************
>> Linked Wed Oct 15 07:12:07 2025

OUTPUT FILE NAME:   <Lab4_1.2.out>
ENTRY POINT SYMBOL: "_c_int00_noargs"  address: 00002e99


MEMORY CONFIGURATION

         name            origin    length      used     unused   attr    fill
----------------------  --------  ---------  --------  --------  ----  --------
  FLASH                 00000000   00020000  000033a8  0001cc58  R  X
  SRAM                  20200000   00008000  00000dd6  0000722a  RW X
  BCR_CONFIG            41c00000   000000ff  00000000  000000ff  R   
  BSL_CONFIG            41c00100   00000080  00000000  00000080  R   


SEGMENT ALLOCATION MAP

run origin  load origin   length   init length attrs members
----------  ----------- ---------- ----------- ----- -------
00000000    00000000    000033a8   000033a8    r-x
  00000000    00000000    000000c0   000000c0    r-- .intvecs
  000000c0    000000c0    00003040   00003040    r-x .text
  00003100    00003100    00000200   00000200    r-- .rodata
  00003300    00003300    000000a8   000000a8    r-- .cinit
20200000    20200000    00000bd9   00000000    rw-
  20200000    20200000    00000800   00000000    rw- .sysmem
  20200800    20200800    00000209   00000000    rw- .data
  20200a0c    20200a0c    000001cd   00000000    rw- .bss
20207e00    20207e00    00000200   00000000    rw-
  20207e00    20207e00    00000200   00000000    rw- .stack


SECTION ALLOCATION MAP

 output                                  attributes/
section   page    origin      length       input sections
--------  ----  ----------  ----------   ----------------
.intvecs   0    00000000    000000c0     
                  00000000    000000c0     startup_mspm0g350x_ticlang.o (.intvecs)

.text      0    000000c0    00003040     
                  000000c0    000009d0     libc.a : _printfi.c.obj (.text:__TI_printfi)
                  00000a90    0000033c     Lab4_1.2.o (.text.main)
                  00000dcc    00000220     libc.a : _printfi.c.obj (.text._pconv_a)
                  00000fec    000001dc            : _printfi.c.obj (.text._pconv_g)
                  000011c8    00000192     libclang_rt.builtins.a : adddf3.S.obj (.text.adddf3_subdf3)
                  0000135a    00000002     startup_mspm0g350x_ticlang.o (.text.Default_Handler)
                  0000135c    0000013c     libc.a : _printfi.c.obj (.text.fcvt)
                  00001498    00000120            : _printfi.c.obj (.text._pconv_e)
                  000015b8    00000114            : memory.c.obj (.text.aligned_alloc)
                  000016cc    0000010c     libclang_rt.builtins.a : divdf3.S.obj (.text.__divdf3)
                  000017d8    000000f8     libc.a : fputs.c.obj (.text.fputs)
                  000018d0    000000e8     driverlib.a : dl_timer.o (.text.DL_Timer_initTimerMode)
                  000019b8    000000e8     libc.a : memory.c.obj (.text.free)
                  00001aa0    000000e4     libclang_rt.builtins.a : muldf3.S.obj (.text.__muldf3)
                  00001b84    000000e0     libc.a : setvbuf.c.obj (.text.setvbuf)
                  00001c64    000000d8            : s_scalbn.c.obj (.text.scalbn)
                  00001d3c    000000a2     libclang_rt.builtins.a : udivmoddi4.S.obj (.text)
                  00001dde    00000002     ti_msp_dl_config.o (.text.SYSCFG_DL_GPIO_init)
                  00001de0    0000009c     libc.a : fputc.c.obj (.text.fputc)
                  00001e7c    0000009a            : memcpy16.S.obj (.text:memcpy)
                  00001f16    0000000a     driverlib.a : dl_common.o (.text.DL_Common_delayCycles)
                  00001f20    00000088     libc.a : strcmp-armv6m.S.obj (.text:strcmp)
                  00001fa8    00000082     libclang_rt.builtins.a : divsf3.S.obj (.text.__divsf3)
                  0000202a    00000002                            : aeabi_div0.c.obj (.text.__aeabi_idiv0)
                  0000202c    0000007c     libc.a : fclose.c.obj (.text.__TI_closefile)
                  000020a8    0000007c            : copy_decompress_lzss.c.obj (.text:decompress:lzss)
                  00002124    00000074     libclang_rt.builtins.a : comparedf2.c.obj (.text.__gedf2)
                  00002198    0000006c     libsysbm.a : hostlseek.c.obj (.text.HOSTlseek)
                  00002204    0000006c                : hostrename.c.obj (.text.HOSTrename)
                  00002270    0000006c     libc.a : fseek.c.obj (.text.fseeko)
                  000022dc    0000006c            : getdevice.c.obj (.text.getdevice)
                  00002348    00000068     libclang_rt.builtins.a : comparedf2.c.obj (.text.__ledf2)
                  000023b0    00000066     libc.a : _printfi.c.obj (.text._mcpy)
                  00002416    00000064            : _io_perm.c.obj (.text.__TI_wrt_ok)
                  0000247a    00000002     libclang_rt.builtins.a : aeabi_div0.c.obj (.text.__aeabi_ldiv0)
                  0000247c    00000064     libc.a : memory.c.obj (.text.split)
                  000024e0    00000062     libclang_rt.builtins.a : aeabi_dcmp.S.obj (.text.__aeabi_dcmp)
                  00002542    00000062     libc.a : memset16.S.obj (.text:memset)
                  000025a4    00000060     libsysbm.a : hostopen.c.obj (.text.HOSTopen)
                  00002604    0000005c     libc.a : s_frexp.c.obj (.text.frexp)
                  00002660    0000005c            : printf.c.obj (.text.printf)
                  000026bc    00000058     libsysbm.a : hostread.c.obj (.text.HOSTread)
                  00002714    00000058                : hostwrite.c.obj (.text.HOSTwrite)
                  0000276c    00000058     libc.a : _ltoa.c.obj (.text.__TI_ltoa)
                  000027c4    00000058            : _printfi.c.obj (.text._pconv_f)
                  0000281c    00000056     libclang_rt.builtins.a : aeabi_idivmod.S.obj (.text.__aeabi_idivmod)
                  00002872    00000052     libc.a : fflush.c.obj (.text.__TI_doflush)
                  000028c4    00000052            : _printfi.c.obj (.text._ecpy)
                  00002916    00000002            : _lock.c.obj (.text._nop)
                  00002918    00000050     libsysbm.a : close.c.obj (.text.close)
                  00002968    0000004c     driverlib.a : dl_dma.o (.text.DL_DMA_initChannel)
                  000029b4    0000004a     libclang_rt.builtins.a : fixdfsi.S.obj (.text.__fixdfsi)
                  000029fe    00000002     --HOLE-- [fill = 0]
                  00002a00    00000048     libsysbm.a : hostclose.c.obj (.text.HOSTclose)
                  00002a48    00000048                : hostunlink.c.obj (.text.HOSTunlink)
                  00002a90    00000040     ti_msp_dl_config.o (.text.SYSCFG_DL_SYSCTL_init)
                  00002ad0    00000040     libclang_rt.builtins.a : aeabi_uidivmod.S.obj (.text.__aeabi_uidivmod)
                  00002b10    00000040                            : extendsfdf2.S.obj (.text.__extendsfdf2)
                  00002b50    00000040     libc.a : atoi.c.obj (.text.atoi)
                  00002b90    0000003c            : autoinit.c.obj (.text:__TI_auto_init_nobinit_nopinit)
                  00002bcc    0000003a     libclang_rt.builtins.a : muldsi3.S.obj (.text.__muldsi3)
                  00002c06    00000002     --HOLE-- [fill = 0]
                  00002c08    00000038     libc.a : rand.c.obj (.text.rand)
                  00002c40    00000034            : fopen.c.obj (.text.__TI_cleanup)
                  00002c74    00000034     libsysbm.a : trgmsg.c.obj (.text.__TI_readmsg)
                  00002ca8    00000034                : trgmsg.c.obj (.text.__TI_writemsg)
                  00002cdc    00000034     libc.a : exit.c.obj (.text.exit)
                  00002d10    00000034            : getdevice.c.obj (.text.finddevice)
                  00002d44    00000030            : _printfi.c.obj (.text._fcpy)
                  00002d74    0000002c     ti_msp_dl_config.o (.text.SYSCFG_DL_initPower)
                  00002da0    0000002c     libclang_rt.builtins.a : floatsidf.S.obj (.text.__floatsidf)
                  00002dcc    0000002c     libsysbm.a : unlink.c.obj (.text.unlink)
                  00002df8    00000028     libclang_rt.builtins.a : floatunsisf.S.obj (.text.__floatunsisf)
                  00002e20    00000028     libc.a : memory.c.obj (.text.free_list_insert)
                  00002e48    00000028     libsysbm.a : lseek.c.obj (.text.lseek)
                  00002e70    00000028                : write.c.obj (.text.write)
                  00002e98    00000028     libc.a : boot_cortex_m.c.obj (.text:_c_int00_noargs)
                  00002ec0    00000024     libclang_rt.builtins.a : muldi3.S.obj (.text.__muldi3)
                  00002ee4    00000024     libc.a : fputs.c.obj (.text.puts)
                  00002f08    00000024            : rand.c.obj (.text.srand)
                  00002f2c    00000022            : memccpy.c.obj (.text.memccpy)
                  00002f4e    00000002     --HOLE-- [fill = 0]
                  00002f50    0000001e     libclang_rt.builtins.a : ashldi3.S.obj (.text.__ashldi3)
                  00002f6e    00000002     --HOLE-- [fill = 0]
                  00002f70    0000001c     driverlib.a : dl_timer.o (.text.DL_Timer_setClockConfig)
                  00002f8c    0000001c     Lab4_1.2.o (.text.DMA_IRQHandler)
                  00002fa8    0000001c     libc.a : memory.c.obj (.text.free_list_remove)
                  00002fc4    00000016            : copy_zero_init.c.obj (.text:decompress:ZI:__TI_zero_init_nomemset)
                  00002fda    00000002     --HOLE-- [fill = 0]
                  00002fdc    00000014     libclang_rt.builtins.a : aeabi_uldivmod.S.obj (.text.__aeabi_uldivmod)
                  00002ff0    00000014     libc.a : _printfi.c.obj (.text.strchr)
                  00003004    00000012            : copy_decompress_none.c.obj (.text:decompress:none)
                  00003016    00000010     ti_msp_dl_config.o (.text.SYSCFG_DL_init)
                  00003026    00000010     libc.a : wcslen.c.obj (.text.wcslen)
                  00003036    0000000e            : memory.c.obj (.text.OUTLINED_FUNCTION_0)
                  00003044    0000000e     libclang_rt.builtins.a : aeabi_memset.S.obj (.text.__aeabi_memset)
                  00003052    0000000e     libsysbm.a : hostrename.c.obj (.text.strcpy)
                  00003060    0000000e     libc.a : _printfi.c.obj (.text.strlen)
                  0000306e    0000000e     libsysbm.a : hostrename.c.obj (.text.strlen)
                  0000307c    0000000c     libclang_rt.builtins.a : aeabi_memset.S.obj (.text.__aeabi_memclr)
                  00003088    0000000c     libc.a : memory.c.obj (.text.malloc)
                  00003094    0000000a            : _printfi.c.obj (.text.OUTLINED_FUNCTION_0)
                  0000309e    00000002     --HOLE-- [fill = 0]
                  000030a0    00000010     libclang_rt.builtins.a : adddf3.S.obj (.tramp.__aeabi_dsub.1)
                  000030b0    0000000a     libc.a : _printfi.c.obj (.text.OUTLINED_FUNCTION_1)
                  000030ba    00000002     --HOLE-- [fill = 0]
                  000030bc    00000008            : aeabi_portable.c.obj (.text.__aeabi_errno_addr)
                  000030c4    00000008     libclang_rt.builtins.a : aeabi_memcpy.S.obj (.text.__aeabi_memcpy)
                  000030cc    00000008     libc.a : printf.c.obj (.text._outc)
                  000030d4    00000008            : printf.c.obj (.text._outs)
                  000030dc    00000008            : fseek.c.obj (.text.fseek)
                  000030e4    00000008     libsysbm.a : remove.c.obj (.text.remove)
                  000030ec    00000006     libc.a : exit.c.obj (.text:abort)
                  000030f2    00000004     libsysbm.a : hostexit.c.obj (.text.HOSTexit)
                  000030f6    00000004     startup_mspm0g350x_ticlang.o (.text.Reset_Handler)
                  000030fa    00000004     libc.a : pre_init.c.obj (.text._system_pre_init)
                  000030fe    00000002     --HOLE-- [fill = 0]

.cinit     0    00003300    000000a8     
                  00003300    00000081     (.cinit..data.load) [load image, compression = lzss]
                  00003381    00000003     --HOLE-- [fill = 0]
                  00003384    0000000c     (__TI_handler_table)
                  00003390    00000008     (.cinit..bss.load) [load image, compression = zero_init]
                  00003398    00000010     (__TI_cinit_table)

.rodata    0    00003100    00000200     
                  00003100    00000101     libc.a : aeabi_ctype.S.obj (.rodata:__aeabi_ctype_table_)
                  00003201    00000021     Lab4_1.2.o (.rodata.str1.10371286416230721313.1)
                  00003222    00000020     Lab4_1.2.o (.rodata.str1.14871985925338069258.1)
                  00003242    00000020     Lab4_1.2.o (.rodata.str1.16976985351187170971.1)
                  00003262    00000019     Lab4_1.2.o (.rodata.str1.15093276806761054944.1)
                  0000327b    00000001     --HOLE-- [fill = 0]
                  0000327c    00000018     Lab4_1.2.o (.rodata..L__const.main.gDMA_CH0Config)
                  00003294    00000015     Lab4_1.2.o (.rodata.str1.7809740702571996853.1)
                  000032a9    00000012     Lab4_1.2.o (.rodata.str1.553117899063952447.1)
                  000032bb    00000011     libc.a : _printfi.c.obj (.rodata.str1.10348868589481759720.1)
                  000032cc    00000011            : _printfi.c.obj (.rodata.str1.15363888844622738466.1)
                  000032dd    0000000e     Lab4_1.2.o (.rodata.str1.8789531192862544580.1)
                  000032eb    00000006     Lab4_1.2.o (.rodata.str1.13253211758422377063.1)
                  000032f1    00000003     Lab4_1.2.o (.rodata.str1.11522116007456750519.1)
                  000032f4    00000002     libc.a : fputs.c.obj (.rodata.str1.16607721268415185390.1)
                  000032f6    0000000a     --HOLE-- [fill = 0]

.init_array 
*          0    00000000    00000000     UNINITIALIZED

.binit     0    00000000    00000000     

.sysmem    0    20200000    00000800     UNINITIALIZED
                  20200000    00000010     libc.a : memory.c.obj (.sysmem)
                  20200010    000007f0     --HOLE--

.data      0    20200800    00000209     UNINITIALIZED
                  20200800    000000f0     libc.a : defs.c.obj (.data._ftable)
                  202008f0    00000078     libsysbm.a : host_device.c.obj (.data._device)
                  20200968    00000050                : host_device.c.obj (.data._stream)
                  202009b8    00000034     Lab4_1.2.o (.data.size_array)
                  202009ec    00000008     libc.a : exit.c.obj (.data..L_MergedGlobals)
                  202009f4    00000004            : defs.c.obj (.data.__TI_ft_end)
                  202009f8    00000004            : aeabi_portable.c.obj (.data.__aeabi_errno)
                  202009fc    00000004            : _lock.c.obj (.data._lock)
                  20200a00    00000004            : _lock.c.obj (.data._unlock)
                  20200a04    00000004            : rand.c.obj (.data.next)
                  20200a08    00000001            : memory.c.obj (.data.memory_is_initialized)

.bss       0    20200a0c    000001cd     UNINITIALIZED
                  20200a0c    00000120     libsysbm.a : trgmsg.c.obj (.bss:_CIOBUF_)
                  20200b2c    000000a0     libc.a : defs.c.obj (.bss.__TI_tmpnams)
                  20200bcc    00000008     libsysbm.a : hostopen.c.obj (.bss.parmbuf)
                  20200bd4    00000004     libc.a : memory.c.obj (.bss.sys_free)
                  20200bd8    00000001     (.common:dma_done)

.stack     0    20207e00    00000200     UNINITIALIZED
                  20207e00    00000004     libc.a : boot_cortex_m.c.obj (.stack)
                  20207e04    000001fc     --HOLE--

__llvm_prf_cnts 
*          0    20200000    00000000     UNINITIALIZED

__llvm_prf_bits 
*          0    20200000    00000000     UNINITIALIZED

MODULE SUMMARY

       Module                         code    ro data   rw data
       ------                         ----    -------   -------
    .\
       Lab4_1.2.o                     856     208       53     
       startup_mspm0g350x_ticlang.o   6       192       0      
       ti_msp_dl_config.o             126     0         0      
    +--+------------------------------+-------+---------+---------+
       Total:                         988     400       53     
                                                               
    C:/ti/mspm0_sdk_2_05_01_00/source/ti/driverlib/lib/ticlang/m0p/mspm0g1x0x_g3x0x/driverlib.a
       dl_timer.o                     260     0         0      
       dl_dma.o                       76      0         0      
       dl_common.o                    10      0         0      
    +--+------------------------------+-------+---------+---------+
       Total:                         346     0         0      
                                                               
    C:\ti\ccs2020\ccs\tools\compiler\ti-cgt-armllvm_4.0.3.LTS\lib\armv6m-ti-none-eabi/c/libc.a
       _printfi.c.obj                 4510    34        0      
       memory.c.obj                   702     0         5      
       defs.c.obj                     0       0         404    
       fputs.c.obj                    284     2         0      
       aeabi_ctype.S.obj              0       257       0      
       setvbuf.c.obj                  224     0         0      
       s_scalbn.c.obj                 216     0         0      
       getdevice.c.obj                160     0         0      
       fputc.c.obj                    156     0         0      
       memcpy16.S.obj                 154     0         0      
       strcmp-armv6m.S.obj            136     0         0      
       copy_decompress_lzss.c.obj     124     0         0      
       fclose.c.obj                   124     0         0      
       fseek.c.obj                    116     0         0      
       printf.c.obj                   108     0         0      
       _io_perm.c.obj                 100     0         0      
       memset16.S.obj                 98      0         0      
       rand.c.obj                     92      0         4      
       s_frexp.c.obj                  92      0         0      
       _ltoa.c.obj                    88      0         0      
       fflush.c.obj                   82      0         0      
       exit.c.obj                     58      0         8      
       atoi.c.obj                     64      0         0      
       autoinit.c.obj                 60      0         0      
       fopen.c.obj                    52      0         0      
       boot_cortex_m.c.obj            40      0         0      
       memccpy.c.obj                  34      0         0      
       copy_zero_init.c.obj           22      0         0      
       copy_decompress_none.c.obj     18      0         0      
       wcslen.c.obj                   16      0         0      
       aeabi_portable.c.obj           8       0         4      
       _lock.c.obj                    2       0         8      
       pre_init.c.obj                 4       0         0      
    +--+------------------------------+-------+---------+---------+
       Total:                         7944    293       433    
                                                               
    C:\ti\ccs2020\ccs\tools\compiler\ti-cgt-armllvm_4.0.3.LTS\lib\armv6m-ti-none-eabi/c/libsysbm.a
       trgmsg.c.obj                   104     0         288    
       host_device.c.obj              0       0         200    
       hostrename.c.obj               136     0         0      
       hostlseek.c.obj                108     0         0      
       hostopen.c.obj                 96      0         8      
       hostread.c.obj                 88      0         0      
       hostwrite.c.obj                88      0         0      
       close.c.obj                    80      0         0      
       hostclose.c.obj                72      0         0      
       hostunlink.c.obj               72      0         0      
       unlink.c.obj                   44      0         0      
       lseek.c.obj                    40      0         0      
       write.c.obj                    40      0         0      
       remove.c.obj                   8       0         0      
       hostexit.c.obj                 4       0         0      
    +--+------------------------------+-------+---------+---------+
       Total:                         980     0         496    
                                                               
    C:\ti\ccs2020\ccs\tools\compiler\ti-cgt-armllvm_4.0.3.LTS\lib\armv6m-ti-none-eabi/libclang_rt.builtins.a
       adddf3.S.obj                   418     0         0      
       divdf3.S.obj                   268     0         0      
       muldf3.S.obj                   228     0         0      
       comparedf2.c.obj               220     0         0      
       udivmoddi4.S.obj               162     0         0      
       divsf3.S.obj                   130     0         0      
       aeabi_dcmp.S.obj               98      0         0      
       aeabi_idivmod.S.obj            86      0         0      
       fixdfsi.S.obj                  74      0         0      
       aeabi_uidivmod.S.obj           64      0         0      
       extendsfdf2.S.obj              64      0         0      
       muldsi3.S.obj                  58      0         0      
       floatsidf.S.obj                44      0         0      
       floatunsisf.S.obj              40      0         0      
       muldi3.S.obj                   36      0         0      
       ashldi3.S.obj                  30      0         0      
       aeabi_memset.S.obj             26      0         0      
       aeabi_uldivmod.S.obj           20      0         0      
       aeabi_memcpy.S.obj             8       0         0      
       aeabi_div0.c.obj               4       0         0      
    +--+------------------------------+-------+---------+---------+
       Total:                         2078    0         0      
                                                               
       Heap:                          0       0         2048   
       Stack:                         0       0         512    
       Linker Generated:              0       165       0      
    +--+------------------------------+-------+---------+---------+
       Grand Total:                   12336   858       3542   


LINKER GENERATED COPY TABLES

__TI_cinit_table @ 00003398 records: 2, size/record: 8, table size: 16
	.data: load addr=00003300, load size=00000081 bytes, run addr=20200800, run size=00000209 bytes, compression=lzss
	.bss: load addr=00003390, load size=00000008 bytes, run addr=20200a0c, run size=000001cd bytes, compression=zero_init


LINKER GENERATED HANDLER TABLE

__TI_handler_table @ 00003384 records: 3, size/record: 4, table size: 12
	index: 0, handler: __TI_decompress_lzss
	index: 1, handler: __TI_decompress_none
	index: 2, handler: __TI_zero_init


FAR CALL TRAMPOLINES

callee name               trampoline name
   callee addr  tramp addr   call addr  call info
--------------  -----------  ---------  ----------------
__aeabi_dsub              $Tramp$TT$L$PI$$__aeabi_dsub
   000011c9     000030a0     0000309c   libc.a : _printfi.c.obj (.text.OUTLINED_FUNCTION_0)

[1 trampolines]
[1 trampoline calls]


GLOBAL SYMBOLS: SORTED ALPHABETICALLY BY Name 

address   name                          
-------   ----                          
0000135b  ADC0_IRQHandler               
0000135b  ADC1_IRQHandler               
0000135b  AES_IRQHandler                
000030f2  C$$EXIT                       
00002cd5  C$$IO$$                       
0000135b  CANFD0_IRQHandler             
0000135b  DAC0_IRQHandler               
00001f17  DL_Common_delayCycles         
00002969  DL_DMA_initChannel            
000018d1  DL_Timer_initTimerMode        
00002f71  DL_Timer_setClockConfig       
00002f8d  DMA_IRQHandler                
0000135b  Default_Handler               
0000135b  GROUP0_IRQHandler             
0000135b  GROUP1_IRQHandler             
00002a01  HOSTclose                     
000030f3  HOSTexit                      
00002199  HOSTlseek                     
000025a5  HOSTopen                      
000026bd  HOSTread                      
00002205  HOSTrename                    
00002a49  HOSTunlink                    
00002715  HOSTwrite                     
0000135b  HardFault_Handler             
0000135b  I2C0_IRQHandler               
0000135b  I2C1_IRQHandler               
0000135b  NMI_Handler                   
0000135b  PendSV_Handler                
0000135b  RTC_IRQHandler                
000030f7  Reset_Handler                 
0000135b  SPI0_IRQHandler               
0000135b  SPI1_IRQHandler               
0000135b  SVC_Handler                   
00001ddf  SYSCFG_DL_GPIO_init           
00002a91  SYSCFG_DL_SYSCTL_init         
00003017  SYSCFG_DL_init                
00002d75  SYSCFG_DL_initPower           
0000135b  SysTick_Handler               
0000135b  TIMA0_IRQHandler              
0000135b  TIMA1_IRQHandler              
0000135b  TIMG0_IRQHandler              
0000135b  TIMG12_IRQHandler             
0000135b  TIMG6_IRQHandler              
0000135b  TIMG7_IRQHandler              
0000135b  TIMG8_IRQHandler              
0000135b  UART0_IRQHandler              
0000135b  UART1_IRQHandler              
0000135b  UART2_IRQHandler              
0000135b  UART3_IRQHandler              
20200a0c  _CIOBUF_                      
20200a0c  __CIOBUF_                     
20208000  __STACK_END                   
00000200  __STACK_SIZE                  
00000800  __SYSMEM_SIZE                 
00000000  __TI_ATRegion0_region_sz      
00000000  __TI_ATRegion0_src_addr       
00000000  __TI_ATRegion0_trg_addr       
00000000  __TI_ATRegion1_region_sz      
00000000  __TI_ATRegion1_src_addr       
00000000  __TI_ATRegion1_trg_addr       
00000000  __TI_ATRegion2_region_sz      
00000000  __TI_ATRegion2_src_addr       
00000000  __TI_ATRegion2_trg_addr       
00003398  __TI_CINIT_Base               
000033a8  __TI_CINIT_Limit              
000033a8  __TI_CINIT_Warm               
00003384  __TI_Handler_Table_Base       
00003390  __TI_Handler_Table_Limit      
00002b91  __TI_auto_init_nobinit_nopinit
00002c41  __TI_cleanup                  
202009ec  __TI_cleanup_ptr              
0000202d  __TI_closefile                
000020a9  __TI_decompress_lzss          
00003005  __TI_decompress_none          
00002873  __TI_doflush                  
202009f0  __TI_dtors_ptr                
202009f4  __TI_ft_end                   
0000276d  __TI_ltoa                     
ffffffff  __TI_pprof_out_hndl           
000000c1  __TI_printfi                  
ffffffff  __TI_prof_data_size           
ffffffff  __TI_prof_data_start          
00002c75  __TI_readmsg                  
00000000  __TI_static_base__            
20200b2c  __TI_tmpnams                  
00002ca9  __TI_writemsg                 
00002417  __TI_wrt_ok                   
00002fc5  __TI_zero_init_nomemset       
000011d3  __adddf3                      
00003100  __aeabi_ctype_table_          
00003100  __aeabi_ctype_table_C         
000029b5  __aeabi_d2iz                  
000011d3  __aeabi_dadd                  
000024e1  __aeabi_dcmpeq                
0000251d  __aeabi_dcmpge                
00002531  __aeabi_dcmpgt                
00002509  __aeabi_dcmple                
000024f5  __aeabi_dcmplt                
000016cd  __aeabi_ddiv                  
00001aa1  __aeabi_dmul                  
000011c9  __aeabi_dsub                  
202009f8  __aeabi_errno                 
000030bd  __aeabi_errno_addr            
00002b11  __aeabi_f2d                   
00001fa9  __aeabi_fdiv                  
00002da1  __aeabi_i2d                   
0000281d  __aeabi_idiv                  
0000202b  __aeabi_idiv0                 
0000281d  __aeabi_idivmod               
0000247b  __aeabi_ldiv0                 
00002f51  __aeabi_llsl                  
00002ec1  __aeabi_lmul                  
0000307d  __aeabi_memclr                
0000307d  __aeabi_memclr4               
0000307d  __aeabi_memclr8               
000030c5  __aeabi_memcpy                
000030c5  __aeabi_memcpy4               
000030c5  __aeabi_memcpy8               
00003045  __aeabi_memset                
00003045  __aeabi_memset4               
00003045  __aeabi_memset8               
00002df9  __aeabi_ui2f                  
00002ad1  __aeabi_uidiv                 
00002ad1  __aeabi_uidivmod              
00002fdd  __aeabi_uldivmod              
00002f51  __ashldi3                     
ffffffff  __binit__                     
00002349  __cmpdf2                      
000016cd  __divdf3                      
00001fa9  __divsf3                      
00002349  __eqdf2                       
00002b11  __extendsfdf2                 
000029b5  __fixdfsi                     
00002da1  __floatsidf                   
00002df9  __floatunsisf                 
00002125  __gedf2                       
00002125  __gtdf2                       
00002349  __ledf2                       
00002349  __ltdf2                       
UNDEFED   __mpu_init                    
00001aa1  __muldf3                      
00002ec1  __muldi3                      
00002bcd  __muldsi3                     
00002349  __nedf2                       
20207e00  __stack                       
20200000  __start___llvm_prf_bits       
20200000  __start___llvm_prf_cnts       
20200000  __stop___llvm_prf_bits        
20200000  __stop___llvm_prf_cnts        
000011c9  __subdf3                      
00001d3d  __udivmoddi4                  
00002e99  _c_int00_noargs               
202008f0  _device                       
20200800  _ftable                       
202009fc  _lock                         
00002917  _nop                          
20200968  _stream                       
20200000  _sys_memory                   
UNDEFED   _system_post_cinit            
000030fb  _system_pre_init              
20200a00  _unlock                       
000030ed  abort                         
000015b9  aligned_alloc                 
00002b51  atoi                          
ffffffff  binit                         
00002919  close                         
20200bd8  dma_done                      
00002cdd  exit                          
00002d11  finddevice                    
00001de1  fputc                         
000017d9  fputs                         
000019b9  free                          
00002605  frexp                         
00002605  frexpl                        
000030dd  fseek                         
00002271  fseeko                        
000022dd  getdevice                     
00000000  interruptVectors              
00001c65  ldexp                         
00001c65  ldexpl                        
00002e49  lseek                         
00000a91  main                          
00003089  malloc                        
000015b9  memalign                      
00002f2d  memccpy                       
00001e7d  memcpy                        
00002543  memset                        
20200bcc  parmbuf                       
00002661  printf                        
00002ee5  puts                          
00002c09  rand                          
000030e5  remove                        
00001c65  scalbn                        
00001c65  scalbnl                       
00001b85  setvbuf                       
202009b8  size_array                    
00002f09  srand                         
00001f21  strcmp                        
00002dcd  unlink                        
00003027  wcslen                        
00002e71  write                         


GLOBAL SYMBOLS: SORTED BY Symbol Address 

address   name                          
-------   ----                          
00000000  __TI_ATRegion0_region_sz      
00000000  __TI_ATRegion0_src_addr       
00000000  __TI_ATRegion0_trg_addr       
00000000  __TI_ATRegion1_region_sz      
00000000  __TI_ATRegion1_src_addr       
00000000  __TI_ATRegion1_trg_addr       
00000000  __TI_ATRegion2_region_sz      
00000000  __TI_ATRegion2_src_addr       
00000000  __TI_ATRegion2_trg_addr       
00000000  __TI_static_base__            
00000000  interruptVectors              
000000c1  __TI_printfi                  
00000200  __STACK_SIZE                  
00000800  __SYSMEM_SIZE                 
00000a91  main                          
000011c9  __aeabi_dsub                  
000011c9  __subdf3                      
000011d3  __adddf3                      
000011d3  __aeabi_dadd                  
0000135b  ADC0_IRQHandler               
0000135b  ADC1_IRQHandler               
0000135b  AES_IRQHandler                
0000135b  CANFD0_IRQHandler             
0000135b  DAC0_IRQHandler               
0000135b  Default_Handler               
0000135b  GROUP0_IRQHandler             
0000135b  GROUP1_IRQHandler             
0000135b  HardFault_Handler             
0000135b  I2C0_IRQHandler               
0000135b  I2C1_IRQHandler               
0000135b  NMI_Handler                   
0000135b  PendSV_Handler                
0000135b  RTC_IRQHandler                
0000135b  SPI0_IRQHandler               
0000135b  SPI1_IRQHandler               
0000135b  SVC_Handler                   
0000135b  SysTick_Handler               
0000135b  TIMA0_IRQHandler              
0000135b  TIMA1_IRQHandler              
0000135b  TIMG0_IRQHandler              
0000135b  TIMG12_IRQHandler             
0000135b  TIMG6_IRQHandler              
0000135b  TIMG7_IRQHandler              
0000135b  TIMG8_IRQHandler              
0000135b  UART0_IRQHandler              
0000135b  UART1_IRQHandler              
0000135b  UART2_IRQHandler              
0000135b  UART3_IRQHandler              
000015b9  aligned_alloc                 
000015b9  memalign                      
000016cd  __aeabi_ddiv                  
000016cd  __divdf3                      
000017d9  fputs                         
000018d1  DL_Timer_initTimerMode        
000019b9  free                          
00001aa1  __aeabi_dmul                  
00001aa1  __muldf3                      
00001b85  setvbuf                       
00001c65  ldexp                         
00001c65  ldexpl                        
00001c65  scalbn                        
00001c65  scalbnl                       
00001d3d  __udivmoddi4                  
00001ddf  SYSCFG_DL_GPIO_init           
00001de1  fputc                         
00001e7d  memcpy                        
00001f17  DL_Common_delayCycles         
00001f21  strcmp                        
00001fa9  __aeabi_fdiv                  
00001fa9  __divsf3                      
0000202b  __aeabi_idiv0                 
0000202d  __TI_closefile                
000020a9  __TI_decompress_lzss          
00002125  __gedf2                       
00002125  __gtdf2                       
00002199  HOSTlseek                     
00002205  HOSTrename                    
00002271  fseeko                        
000022dd  getdevice                     
00002349  __cmpdf2                      
00002349  __eqdf2                       
00002349  __ledf2                       
00002349  __ltdf2                       
00002349  __nedf2                       
00002417  __TI_wrt_ok                   
0000247b  __aeabi_ldiv0                 
000024e1  __aeabi_dcmpeq                
000024f5  __aeabi_dcmplt                
00002509  __aeabi_dcmple                
0000251d  __aeabi_dcmpge                
00002531  __aeabi_dcmpgt                
00002543  memset                        
000025a5  HOSTopen                      
00002605  frexp                         
00002605  frexpl                        
00002661  printf                        
000026bd  HOSTread                      
00002715  HOSTwrite                     
0000276d  __TI_ltoa                     
0000281d  __aeabi_idiv                  
0000281d  __aeabi_idivmod               
00002873  __TI_doflush                  
00002917  _nop                          
00002919  close                         
00002969  DL_DMA_initChannel            
000029b5  __aeabi_d2iz                  
000029b5  __fixdfsi                     
00002a01  HOSTclose                     
00002a49  HOSTunlink                    
00002a91  SYSCFG_DL_SYSCTL_init         
00002ad1  __aeabi_uidiv                 
00002ad1  __aeabi_uidivmod              
00002b11  __aeabi_f2d                   
00002b11  __extendsfdf2                 
00002b51  atoi                          
00002b91  __TI_auto_init_nobinit_nopinit
00002bcd  __muldsi3                     
00002c09  rand                          
00002c41  __TI_cleanup                  
00002c75  __TI_readmsg                  
00002ca9  __TI_writemsg                 
00002cd5  C$$IO$$                       
00002cdd  exit                          
00002d11  finddevice                    
00002d75  SYSCFG_DL_initPower           
00002da1  __aeabi_i2d                   
00002da1  __floatsidf                   
00002dcd  unlink                        
00002df9  __aeabi_ui2f                  
00002df9  __floatunsisf                 
00002e49  lseek                         
00002e71  write                         
00002e99  _c_int00_noargs               
00002ec1  __aeabi_lmul                  
00002ec1  __muldi3                      
00002ee5  puts                          
00002f09  srand                         
00002f2d  memccpy                       
00002f51  __aeabi_llsl                  
00002f51  __ashldi3                     
00002f71  DL_Timer_setClockConfig       
00002f8d  DMA_IRQHandler                
00002fc5  __TI_zero_init_nomemset       
00002fdd  __aeabi_uldivmod              
00003005  __TI_decompress_none          
00003017  SYSCFG_DL_init                
00003027  wcslen                        
00003045  __aeabi_memset                
00003045  __aeabi_memset4               
00003045  __aeabi_memset8               
0000307d  __aeabi_memclr                
0000307d  __aeabi_memclr4               
0000307d  __aeabi_memclr8               
00003089  malloc                        
000030bd  __aeabi_errno_addr            
000030c5  __aeabi_memcpy                
000030c5  __aeabi_memcpy4               
000030c5  __aeabi_memcpy8               
000030dd  fseek                         
000030e5  remove                        
000030ed  abort                         
000030f2  C$$EXIT                       
000030f3  HOSTexit                      
000030f7  Reset_Handler                 
000030fb  _system_pre_init              
00003100  __aeabi_ctype_table_          
00003100  __aeabi_ctype_table_C         
00003384  __TI_Handler_Table_Base       
00003390  __TI_Handler_Table_Limit      
00003398  __TI_CINIT_Base               
000033a8  __TI_CINIT_Limit              
000033a8  __TI_CINIT_Warm               
20200000  __start___llvm_prf_bits       
20200000  __start___llvm_prf_cnts       
20200000  __stop___llvm_prf_bits        
20200000  __stop___llvm_prf_cnts        
20200000  _sys_memory                   
20200800  _ftable                       
202008f0  _device                       
20200968  _stream                       
202009b8  size_array                    
202009ec  __TI_cleanup_ptr              
202009f0  __TI_dtors_ptr                
202009f4  __TI_ft_end                   
202009f8  __aeabi_errno                 
202009fc  _lock                         
20200a00  _unlock                       
20200a0c  _CIOBUF_                      
20200a0c  __CIOBUF_                     
20200b2c  __TI_tmpnams                  
20200bcc  parmbuf                       
20200bd8  dma_done                      
20207e00  __stack                       
20208000  __STACK_END                   
ffffffff  __TI_pprof_out_hndl           
ffffffff  __TI_prof_data_size           
ffffffff  __TI_prof_data_start          
ffffffff  __binit__                     
ffffffff  binit                         
UNDEFED   __mpu_init                    
UNDEFED   _system_post_cinit            

[201 symbols]
