<?xml version="1.0" encoding="ISO-8859-1" ?>
<link_info>
   <banner>TI ARM Clang Linker PC v4.0.3.LTS</banner>
   <copyright>Copyright (c) 1996-2018 Texas Instruments Incorporated</copyright>
   <command_line>C:\ti\ccs2020\ccs\tools\compiler\ti-cgt-armllvm_4.0.3.LTS\bin\tiarmlnk -IC:\ti\ccs2020\ccs\tools\compiler\ti-cgt-armllvm_4.0.3.LTS\lib -o Lab5_3.out -mLab5_3.map -iC:/ti/mspm0_sdk_2_05_01_00/source -iC:/Users/panda/Documents/CMPE 146/CMPE146Lab/Lab5_3 -iC:/Users/panda/Documents/CMPE 146/CMPE146Lab/Lab5_3/Debug/syscfg -iC:/ti/ccs2020/ccs/tools/compiler/ti-cgt-armllvm_4.0.3.LTS/lib --diag_wrap=off --display_error_number --warn_sections --xml_link_info=Lab5_3_linkInfo.xml --rom_model ./Lab5_3.o ./ti_msp_dl_config.o ./startup_mspm0g350x_ticlang.o -l./device_linker.cmd -ldevice.cmd.genlibs -llibc.a --start-group -llibc++.a -llibc++abi.a -llibc.a -llibsys.a -llibsysbm.a -llibclang_rt.builtins.a -llibclang_rt.profile.a --end-group --cg_opt_level=2</command_line>
   <link_time>0x69052597</link_time>
   <link_errors>0x0</link_errors>
   <output_file>C:\Users\panda\Documents\CMPE 146\CMPE146Lab\Lab5_3\Debug\Lab5_3.out</output_file>
   <entry_point>
      <name>_c_int00_noargs</name>
      <address>0x31e1</address>
   </entry_point>
   <input_file_list>
      <input_file id="fl-1">
         <path>C:\Users\panda\Documents\CMPE 146\CMPE146Lab\Lab5_3\Debug\.\</path>
         <kind>object</kind>
         <file>Lab5_3.o</file>
         <name>Lab5_3.o</name>
      </input_file>
      <input_file id="fl-2">
         <path>C:\Users\panda\Documents\CMPE 146\CMPE146Lab\Lab5_3\Debug\.\</path>
         <kind>object</kind>
         <file>ti_msp_dl_config.o</file>
         <name>ti_msp_dl_config.o</name>
      </input_file>
      <input_file id="fl-3">
         <path>C:\Users\panda\Documents\CMPE 146\CMPE146Lab\Lab5_3\Debug\.\</path>
         <kind>object</kind>
         <file>startup_mspm0g350x_ticlang.o</file>
         <name>startup_mspm0g350x_ticlang.o</name>
      </input_file>
      <input_file id="fl-10">
         <path>C:\Users\panda\Documents\CMPE 146\CMPE146Lab\Lab5_3\Debug\</path>
         <kind>object</kind>
         <file>&lt;internal&gt;</file>
         <name>&lt;internal&gt;</name>
      </input_file>
      <input_file id="fl-11">
         <path>C:\ti\mspm0_sdk_2_05_01_00\source\ti\driverlib\lib\ticlang\m0p\mspm0g1x0x_g3x0x\</path>
         <kind>archive</kind>
         <file>driverlib.a</file>
         <name>dl_common.o</name>
      </input_file>
      <input_file id="fl-12">
         <path>C:\ti\mspm0_sdk_2_05_01_00\source\ti\driverlib\lib\ticlang\m0p\mspm0g1x0x_g3x0x\</path>
         <kind>archive</kind>
         <file>driverlib.a</file>
         <name>dl_timer.o</name>
      </input_file>
      <input_file id="fl-29">
         <path>C:\ti\ccs2020\ccs\tools\compiler\ti-cgt-armllvm_4.0.3.LTS\lib\armv6m-ti-none-eabi\c\</path>
         <kind>archive</kind>
         <file>libc.a</file>
         <name>printf.c.obj</name>
      </input_file>
      <input_file id="fl-2a">
         <path>C:\ti\ccs2020\ccs\tools\compiler\ti-cgt-armllvm_4.0.3.LTS\lib\armv6m-ti-none-eabi\c\</path>
         <kind>archive</kind>
         <file>libc.a</file>
         <name>_printfi.c.obj</name>
      </input_file>
      <input_file id="fl-2b">
         <path>C:\ti\ccs2020\ccs\tools\compiler\ti-cgt-armllvm_4.0.3.LTS\lib\armv6m-ti-none-eabi\c\</path>
         <kind>archive</kind>
         <file>libc.a</file>
         <name>fputc.c.obj</name>
      </input_file>
      <input_file id="fl-2c">
         <path>C:\ti\ccs2020\ccs\tools\compiler\ti-cgt-armllvm_4.0.3.LTS\lib\armv6m-ti-none-eabi\c\</path>
         <kind>archive</kind>
         <file>libc.a</file>
         <name>fputs.c.obj</name>
      </input_file>
      <input_file id="fl-2d">
         <path>C:\ti\ccs2020\ccs\tools\compiler\ti-cgt-armllvm_4.0.3.LTS\lib\armv6m-ti-none-eabi\c\</path>
         <kind>archive</kind>
         <file>libc.a</file>
         <name>_io_perm.c.obj</name>
      </input_file>
      <input_file id="fl-2e">
         <path>C:\ti\ccs2020\ccs\tools\compiler\ti-cgt-armllvm_4.0.3.LTS\lib\armv6m-ti-none-eabi\c\</path>
         <kind>archive</kind>
         <file>libc.a</file>
         <name>setvbuf.c.obj</name>
      </input_file>
      <input_file id="fl-2f">
         <path>C:\ti\ccs2020\ccs\tools\compiler\ti-cgt-armllvm_4.0.3.LTS\lib\armv6m-ti-none-eabi\c\</path>
         <kind>archive</kind>
         <file>libc.a</file>
         <name>s_frexp.c.obj</name>
      </input_file>
      <input_file id="fl-30">
         <path>C:\ti\ccs2020\ccs\tools\compiler\ti-cgt-armllvm_4.0.3.LTS\lib\armv6m-ti-none-eabi\c\</path>
         <kind>archive</kind>
         <file>libc.a</file>
         <name>s_scalbn.c.obj</name>
      </input_file>
      <input_file id="fl-31">
         <path>C:\ti\ccs2020\ccs\tools\compiler\ti-cgt-armllvm_4.0.3.LTS\lib\armv6m-ti-none-eabi\c\</path>
         <kind>archive</kind>
         <file>libc.a</file>
         <name>wcslen.c.obj</name>
      </input_file>
      <input_file id="fl-32">
         <path>C:\ti\ccs2020\ccs\tools\compiler\ti-cgt-armllvm_4.0.3.LTS\lib\armv6m-ti-none-eabi\c\</path>
         <kind>archive</kind>
         <file>libc.a</file>
         <name>aeabi_portable.c.obj</name>
      </input_file>
      <input_file id="fl-33">
         <path>C:\ti\ccs2020\ccs\tools\compiler\ti-cgt-armllvm_4.0.3.LTS\lib\armv6m-ti-none-eabi\c\</path>
         <kind>archive</kind>
         <file>libc.a</file>
         <name>exit.c.obj</name>
      </input_file>
      <input_file id="fl-34">
         <path>C:\ti\ccs2020\ccs\tools\compiler\ti-cgt-armllvm_4.0.3.LTS\lib\armv6m-ti-none-eabi\c\</path>
         <kind>archive</kind>
         <file>libc.a</file>
         <name>_lock.c.obj</name>
      </input_file>
      <input_file id="fl-35">
         <path>C:\ti\ccs2020\ccs\tools\compiler\ti-cgt-armllvm_4.0.3.LTS\lib\armv6m-ti-none-eabi\c\</path>
         <kind>archive</kind>
         <file>libc.a</file>
         <name>_ltoa.c.obj</name>
      </input_file>
      <input_file id="fl-36">
         <path>C:\ti\ccs2020\ccs\tools\compiler\ti-cgt-armllvm_4.0.3.LTS\lib\armv6m-ti-none-eabi\c\</path>
         <kind>archive</kind>
         <file>libc.a</file>
         <name>assert.c.obj</name>
      </input_file>
      <input_file id="fl-37">
         <path>C:\ti\ccs2020\ccs\tools\compiler\ti-cgt-armllvm_4.0.3.LTS\lib\armv6m-ti-none-eabi\c\</path>
         <kind>archive</kind>
         <file>libc.a</file>
         <name>atoi.c.obj</name>
      </input_file>
      <input_file id="fl-38">
         <path>C:\ti\ccs2020\ccs\tools\compiler\ti-cgt-armllvm_4.0.3.LTS\lib\armv6m-ti-none-eabi\c\</path>
         <kind>archive</kind>
         <file>libc.a</file>
         <name>defs.c.obj</name>
      </input_file>
      <input_file id="fl-39">
         <path>C:\ti\ccs2020\ccs\tools\compiler\ti-cgt-armllvm_4.0.3.LTS\lib\armv6m-ti-none-eabi\c\</path>
         <kind>archive</kind>
         <file>libc.a</file>
         <name>memccpy.c.obj</name>
      </input_file>
      <input_file id="fl-3a">
         <path>C:\ti\ccs2020\ccs\tools\compiler\ti-cgt-armllvm_4.0.3.LTS\lib\armv6m-ti-none-eabi\c\</path>
         <kind>archive</kind>
         <file>libc.a</file>
         <name>memory.c.obj</name>
      </input_file>
      <input_file id="fl-3b">
         <path>C:\ti\ccs2020\ccs\tools\compiler\ti-cgt-armllvm_4.0.3.LTS\lib\armv6m-ti-none-eabi\c\</path>
         <kind>archive</kind>
         <file>libc.a</file>
         <name>boot_cortex_m.c.obj</name>
      </input_file>
      <input_file id="fl-3c">
         <path>C:\ti\ccs2020\ccs\tools\compiler\ti-cgt-armllvm_4.0.3.LTS\lib\armv6m-ti-none-eabi\c\</path>
         <kind>archive</kind>
         <file>libc.a</file>
         <name>mathacl_init.c.obj</name>
      </input_file>
      <input_file id="fl-3d">
         <path>C:\ti\ccs2020\ccs\tools\compiler\ti-cgt-armllvm_4.0.3.LTS\lib\armv6m-ti-none-eabi\c\</path>
         <kind>archive</kind>
         <file>libc.a</file>
         <name>autoinit.c.obj</name>
      </input_file>
      <input_file id="fl-3e">
         <path>C:\ti\ccs2020\ccs\tools\compiler\ti-cgt-armllvm_4.0.3.LTS\lib\armv6m-ti-none-eabi\c\</path>
         <kind>archive</kind>
         <file>libc.a</file>
         <name>pre_init.c.obj</name>
      </input_file>
      <input_file id="fl-3f">
         <path>C:\ti\ccs2020\ccs\tools\compiler\ti-cgt-armllvm_4.0.3.LTS\lib\armv6m-ti-none-eabi\c\</path>
         <kind>archive</kind>
         <file>libc.a</file>
         <name>cpy_tbl.c.obj</name>
      </input_file>
      <input_file id="fl-40">
         <path>C:\ti\ccs2020\ccs\tools\compiler\ti-cgt-armllvm_4.0.3.LTS\lib\armv6m-ti-none-eabi\c\</path>
         <kind>archive</kind>
         <file>libc.a</file>
         <name>copy_zero_init.c.obj</name>
      </input_file>
      <input_file id="fl-41">
         <path>C:\ti\ccs2020\ccs\tools\compiler\ti-cgt-armllvm_4.0.3.LTS\lib\armv6m-ti-none-eabi\c\</path>
         <kind>archive</kind>
         <file>libc.a</file>
         <name>copy_decompress_none.c.obj</name>
      </input_file>
      <input_file id="fl-42">
         <path>C:\ti\ccs2020\ccs\tools\compiler\ti-cgt-armllvm_4.0.3.LTS\lib\armv6m-ti-none-eabi\c\</path>
         <kind>archive</kind>
         <file>libc.a</file>
         <name>copy_decompress_lzss.c.obj</name>
      </input_file>
      <input_file id="fl-43">
         <path>C:\ti\ccs2020\ccs\tools\compiler\ti-cgt-armllvm_4.0.3.LTS\lib\armv6m-ti-none-eabi\c\</path>
         <kind>archive</kind>
         <file>libc.a</file>
         <name>sprintf.c.obj</name>
      </input_file>
      <input_file id="fl-44">
         <path>C:\ti\ccs2020\ccs\tools\compiler\ti-cgt-armllvm_4.0.3.LTS\lib\armv6m-ti-none-eabi\c\</path>
         <kind>archive</kind>
         <file>libc.a</file>
         <name>fflush.c.obj</name>
      </input_file>
      <input_file id="fl-45">
         <path>C:\ti\ccs2020\ccs\tools\compiler\ti-cgt-armllvm_4.0.3.LTS\lib\armv6m-ti-none-eabi\c\</path>
         <kind>archive</kind>
         <file>libc.a</file>
         <name>fopen.c.obj</name>
      </input_file>
      <input_file id="fl-46">
         <path>C:\ti\ccs2020\ccs\tools\compiler\ti-cgt-armllvm_4.0.3.LTS\lib\armv6m-ti-none-eabi\c\</path>
         <kind>archive</kind>
         <file>libc.a</file>
         <name>fseek.c.obj</name>
      </input_file>
      <input_file id="fl-47">
         <path>C:\ti\ccs2020\ccs\tools\compiler\ti-cgt-armllvm_4.0.3.LTS\lib\armv6m-ti-none-eabi\c\</path>
         <kind>archive</kind>
         <file>libc.a</file>
         <name>aeabi_ctype.S.obj</name>
      </input_file>
      <input_file id="fl-48">
         <path>C:\ti\ccs2020\ccs\tools\compiler\ti-cgt-armllvm_4.0.3.LTS\lib\armv6m-ti-none-eabi\c\</path>
         <kind>archive</kind>
         <file>libc.a</file>
         <name>args_main.c.obj</name>
      </input_file>
      <input_file id="fl-49">
         <path>C:\ti\ccs2020\ccs\tools\compiler\ti-cgt-armllvm_4.0.3.LTS\lib\armv6m-ti-none-eabi\c\</path>
         <kind>archive</kind>
         <file>libc.a</file>
         <name>fclose.c.obj</name>
      </input_file>
      <input_file id="fl-e9">
         <path>C:\ti\ccs2020\ccs\tools\compiler\ti-cgt-armllvm_4.0.3.LTS\lib\armv6m-ti-none-eabi\c\</path>
         <kind>archive</kind>
         <file>libsysbm.a</file>
         <name>hostexit.c.obj</name>
      </input_file>
      <input_file id="fl-ea">
         <path>C:\ti\ccs2020\ccs\tools\compiler\ti-cgt-armllvm_4.0.3.LTS\lib\armv6m-ti-none-eabi\c\</path>
         <kind>archive</kind>
         <file>libsysbm.a</file>
         <name>write.c.obj</name>
      </input_file>
      <input_file id="fl-eb">
         <path>C:\ti\ccs2020\ccs\tools\compiler\ti-cgt-armllvm_4.0.3.LTS\lib\armv6m-ti-none-eabi\c\</path>
         <kind>archive</kind>
         <file>libsysbm.a</file>
         <name>host_device.c.obj</name>
      </input_file>
      <input_file id="fl-ec">
         <path>C:\ti\ccs2020\ccs\tools\compiler\ti-cgt-armllvm_4.0.3.LTS\lib\armv6m-ti-none-eabi\c\</path>
         <kind>archive</kind>
         <file>libsysbm.a</file>
         <name>remove.c.obj</name>
      </input_file>
      <input_file id="fl-ed">
         <path>C:\ti\ccs2020\ccs\tools\compiler\ti-cgt-armllvm_4.0.3.LTS\lib\armv6m-ti-none-eabi\c\</path>
         <kind>archive</kind>
         <file>libsysbm.a</file>
         <name>open.c.obj</name>
      </input_file>
      <input_file id="fl-ee">
         <path>C:\ti\ccs2020\ccs\tools\compiler\ti-cgt-armllvm_4.0.3.LTS\lib\armv6m-ti-none-eabi\c\</path>
         <kind>archive</kind>
         <file>libsysbm.a</file>
         <name>lseek.c.obj</name>
      </input_file>
      <input_file id="fl-ef">
         <path>C:\ti\ccs2020\ccs\tools\compiler\ti-cgt-armllvm_4.0.3.LTS\lib\armv6m-ti-none-eabi\c\</path>
         <kind>archive</kind>
         <file>libsysbm.a</file>
         <name>close.c.obj</name>
      </input_file>
      <input_file id="fl-f0">
         <path>C:\ti\ccs2020\ccs\tools\compiler\ti-cgt-armllvm_4.0.3.LTS\lib\armv6m-ti-none-eabi\c\</path>
         <kind>archive</kind>
         <file>libsysbm.a</file>
         <name>unlink.c.obj</name>
      </input_file>
      <input_file id="fl-f1">
         <path>C:\ti\ccs2020\ccs\tools\compiler\ti-cgt-armllvm_4.0.3.LTS\lib\armv6m-ti-none-eabi\c\</path>
         <kind>archive</kind>
         <file>libsysbm.a</file>
         <name>hostclose.c.obj</name>
      </input_file>
      <input_file id="fl-f2">
         <path>C:\ti\ccs2020\ccs\tools\compiler\ti-cgt-armllvm_4.0.3.LTS\lib\armv6m-ti-none-eabi\c\</path>
         <kind>archive</kind>
         <file>libsysbm.a</file>
         <name>hostlseek.c.obj</name>
      </input_file>
      <input_file id="fl-f3">
         <path>C:\ti\ccs2020\ccs\tools\compiler\ti-cgt-armllvm_4.0.3.LTS\lib\armv6m-ti-none-eabi\c\</path>
         <kind>archive</kind>
         <file>libsysbm.a</file>
         <name>hostopen.c.obj</name>
      </input_file>
      <input_file id="fl-f4">
         <path>C:\ti\ccs2020\ccs\tools\compiler\ti-cgt-armllvm_4.0.3.LTS\lib\armv6m-ti-none-eabi\c\</path>
         <kind>archive</kind>
         <file>libsysbm.a</file>
         <name>hostread.c.obj</name>
      </input_file>
      <input_file id="fl-f5">
         <path>C:\ti\ccs2020\ccs\tools\compiler\ti-cgt-armllvm_4.0.3.LTS\lib\armv6m-ti-none-eabi\c\</path>
         <kind>archive</kind>
         <file>libsysbm.a</file>
         <name>hostrename.c.obj</name>
      </input_file>
      <input_file id="fl-f6">
         <path>C:\ti\ccs2020\ccs\tools\compiler\ti-cgt-armllvm_4.0.3.LTS\lib\armv6m-ti-none-eabi\c\</path>
         <kind>archive</kind>
         <file>libsysbm.a</file>
         <name>hostunlink.c.obj</name>
      </input_file>
      <input_file id="fl-f7">
         <path>C:\ti\ccs2020\ccs\tools\compiler\ti-cgt-armllvm_4.0.3.LTS\lib\armv6m-ti-none-eabi\c\</path>
         <kind>archive</kind>
         <file>libsysbm.a</file>
         <name>hostwrite.c.obj</name>
      </input_file>
      <input_file id="fl-f8">
         <path>C:\ti\ccs2020\ccs\tools\compiler\ti-cgt-armllvm_4.0.3.LTS\lib\armv6m-ti-none-eabi\c\</path>
         <kind>archive</kind>
         <file>libsysbm.a</file>
         <name>trgmsg.c.obj</name>
      </input_file>
      <input_file id="fl-f9">
         <path>C:\ti\ccs2020\ccs\tools\compiler\ti-cgt-armllvm_4.0.3.LTS\lib\armv6m-ti-none-eabi\</path>
         <kind>archive</kind>
         <file>libclang_rt.builtins.a</file>
         <name>addsf3.S.obj</name>
      </input_file>
      <input_file id="fl-fa">
         <path>C:\ti\ccs2020\ccs\tools\compiler\ti-cgt-armllvm_4.0.3.LTS\lib\armv6m-ti-none-eabi\</path>
         <kind>archive</kind>
         <file>libclang_rt.builtins.a</file>
         <name>adddf3.S.obj</name>
      </input_file>
      <input_file id="fl-fb">
         <path>C:\ti\ccs2020\ccs\tools\compiler\ti-cgt-armllvm_4.0.3.LTS\lib\armv6m-ti-none-eabi\</path>
         <kind>archive</kind>
         <file>libclang_rt.builtins.a</file>
         <name>muldf3.S.obj</name>
      </input_file>
      <input_file id="fl-fc">
         <path>C:\ti\ccs2020\ccs\tools\compiler\ti-cgt-armllvm_4.0.3.LTS\lib\armv6m-ti-none-eabi\</path>
         <kind>archive</kind>
         <file>libclang_rt.builtins.a</file>
         <name>muldsi3.S.obj</name>
      </input_file>
      <input_file id="fl-fd">
         <path>C:\ti\ccs2020\ccs\tools\compiler\ti-cgt-armllvm_4.0.3.LTS\lib\armv6m-ti-none-eabi\</path>
         <kind>archive</kind>
         <file>libclang_rt.builtins.a</file>
         <name>mulsf3.S.obj</name>
      </input_file>
      <input_file id="fl-fe">
         <path>C:\ti\ccs2020\ccs\tools\compiler\ti-cgt-armllvm_4.0.3.LTS\lib\armv6m-ti-none-eabi\</path>
         <kind>archive</kind>
         <file>libclang_rt.builtins.a</file>
         <name>divsf3.S.obj</name>
      </input_file>
      <input_file id="fl-ff">
         <path>C:\ti\ccs2020\ccs\tools\compiler\ti-cgt-armllvm_4.0.3.LTS\lib\armv6m-ti-none-eabi\</path>
         <kind>archive</kind>
         <file>libclang_rt.builtins.a</file>
         <name>divdf3.S.obj</name>
      </input_file>
      <input_file id="fl-100">
         <path>C:\ti\ccs2020\ccs\tools\compiler\ti-cgt-armllvm_4.0.3.LTS\lib\armv6m-ti-none-eabi\</path>
         <kind>archive</kind>
         <file>libclang_rt.builtins.a</file>
         <name>extendsfdf2.S.obj</name>
      </input_file>
      <input_file id="fl-101">
         <path>C:\ti\ccs2020\ccs\tools\compiler\ti-cgt-armllvm_4.0.3.LTS\lib\armv6m-ti-none-eabi\</path>
         <kind>archive</kind>
         <file>libclang_rt.builtins.a</file>
         <name>fixdfsi.S.obj</name>
      </input_file>
      <input_file id="fl-102">
         <path>C:\ti\ccs2020\ccs\tools\compiler\ti-cgt-armllvm_4.0.3.LTS\lib\armv6m-ti-none-eabi\</path>
         <kind>archive</kind>
         <file>libclang_rt.builtins.a</file>
         <name>floatsidf.S.obj</name>
      </input_file>
      <input_file id="fl-103">
         <path>C:\ti\ccs2020\ccs\tools\compiler\ti-cgt-armllvm_4.0.3.LTS\lib\armv6m-ti-none-eabi\</path>
         <kind>archive</kind>
         <file>libclang_rt.builtins.a</file>
         <name>floatunsisf.S.obj</name>
      </input_file>
      <input_file id="fl-104">
         <path>C:\ti\ccs2020\ccs\tools\compiler\ti-cgt-armllvm_4.0.3.LTS\lib\armv6m-ti-none-eabi\</path>
         <kind>archive</kind>
         <file>libclang_rt.builtins.a</file>
         <name>muldi3.S.obj</name>
      </input_file>
      <input_file id="fl-105">
         <path>C:\ti\ccs2020\ccs\tools\compiler\ti-cgt-armllvm_4.0.3.LTS\lib\armv6m-ti-none-eabi\</path>
         <kind>archive</kind>
         <file>libclang_rt.builtins.a</file>
         <name>aeabi_dcmp.S.obj</name>
      </input_file>
      <input_file id="fl-106">
         <path>C:\ti\ccs2020\ccs\tools\compiler\ti-cgt-armllvm_4.0.3.LTS\lib\armv6m-ti-none-eabi\</path>
         <kind>archive</kind>
         <file>libclang_rt.builtins.a</file>
         <name>aeabi_fcmp.S.obj</name>
      </input_file>
      <input_file id="fl-107">
         <path>C:\ti\ccs2020\ccs\tools\compiler\ti-cgt-armllvm_4.0.3.LTS\lib\armv6m-ti-none-eabi\</path>
         <kind>archive</kind>
         <file>libclang_rt.builtins.a</file>
         <name>aeabi_idivmod.S.obj</name>
      </input_file>
      <input_file id="fl-108">
         <path>C:\ti\ccs2020\ccs\tools\compiler\ti-cgt-armllvm_4.0.3.LTS\lib\armv6m-ti-none-eabi\</path>
         <kind>archive</kind>
         <file>libclang_rt.builtins.a</file>
         <name>aeabi_memcpy.S.obj</name>
      </input_file>
      <input_file id="fl-109">
         <path>C:\ti\ccs2020\ccs\tools\compiler\ti-cgt-armllvm_4.0.3.LTS\lib\armv6m-ti-none-eabi\</path>
         <kind>archive</kind>
         <file>libclang_rt.builtins.a</file>
         <name>aeabi_memset.S.obj</name>
      </input_file>
      <input_file id="fl-10a">
         <path>C:\ti\ccs2020\ccs\tools\compiler\ti-cgt-armllvm_4.0.3.LTS\lib\armv6m-ti-none-eabi\</path>
         <kind>archive</kind>
         <file>libclang_rt.builtins.a</file>
         <name>aeabi_uidivmod.S.obj</name>
      </input_file>
      <input_file id="fl-10b">
         <path>C:\ti\ccs2020\ccs\tools\compiler\ti-cgt-armllvm_4.0.3.LTS\lib\armv6m-ti-none-eabi\</path>
         <kind>archive</kind>
         <file>libclang_rt.builtins.a</file>
         <name>aeabi_uldivmod.S.obj</name>
      </input_file>
      <input_file id="fl-10c">
         <path>C:\ti\ccs2020\ccs\tools\compiler\ti-cgt-armllvm_4.0.3.LTS\lib\armv6m-ti-none-eabi\</path>
         <kind>archive</kind>
         <file>libclang_rt.builtins.a</file>
         <name>comparesf2.S.obj</name>
      </input_file>
      <input_file id="fl-10d">
         <path>C:\ti\ccs2020\ccs\tools\compiler\ti-cgt-armllvm_4.0.3.LTS\lib\armv6m-ti-none-eabi\</path>
         <kind>archive</kind>
         <file>libclang_rt.builtins.a</file>
         <name>udivmoddi4.S.obj</name>
      </input_file>
      <input_file id="fl-10e">
         <path>C:\ti\ccs2020\ccs\tools\compiler\ti-cgt-armllvm_4.0.3.LTS\lib\armv6m-ti-none-eabi\</path>
         <kind>archive</kind>
         <file>libclang_rt.builtins.a</file>
         <name>ashldi3.S.obj</name>
      </input_file>
      <input_file id="fl-10f">
         <path>C:\ti\ccs2020\ccs\tools\compiler\ti-cgt-armllvm_4.0.3.LTS\lib\armv6m-ti-none-eabi\</path>
         <kind>archive</kind>
         <file>libclang_rt.builtins.a</file>
         <name>comparedf2.c.obj</name>
      </input_file>
      <input_file id="fl-110">
         <path>C:\ti\ccs2020\ccs\tools\compiler\ti-cgt-armllvm_4.0.3.LTS\lib\armv6m-ti-none-eabi\</path>
         <kind>archive</kind>
         <file>libclang_rt.builtins.a</file>
         <name>aeabi_div0.c.obj</name>
      </input_file>
      <input_file id="fl-111">
         <path>C:\ti\ccs2020\ccs\tools\compiler\ti-cgt-armllvm_4.0.3.LTS\lib\armv6m-ti-none-eabi\c\</path>
         <kind>archive</kind>
         <file>libc.a</file>
         <name>getdevice.c.obj</name>
      </input_file>
      <input_file id="fl-112">
         <path>C:\ti\ccs2020\ccs\tools\compiler\ti-cgt-armllvm_4.0.3.LTS\lib\armv6m-ti-none-eabi\c\</path>
         <kind>archive</kind>
         <file>libc.a</file>
         <name>memcpy16.S.obj</name>
      </input_file>
      <input_file id="fl-113">
         <path>C:\ti\ccs2020\ccs\tools\compiler\ti-cgt-armllvm_4.0.3.LTS\lib\armv6m-ti-none-eabi\c\</path>
         <kind>archive</kind>
         <file>libc.a</file>
         <name>memset16.S.obj</name>
      </input_file>
      <input_file id="fl-114">
         <path>C:\ti\ccs2020\ccs\tools\compiler\ti-cgt-armllvm_4.0.3.LTS\lib\armv6m-ti-none-eabi\c\</path>
         <kind>archive</kind>
         <file>libc.a</file>
         <name>strcmp-armv6m.S.obj</name>
      </input_file>
   </input_file_list>
   <object_component_list>
      <object_component id="oc-18">
         <name>.intvecs</name>
         <load_address>0x0</load_address>
         <readonly>true</readonly>
         <run_address>0x0</run_address>
         <size>0xc0</size>
         <alignment>0x4</alignment>
         <input_file_ref idref="fl-3"/>
      </object_component>
      <object_component id="oc-113">
         <name>.text:__TI_printfi</name>
         <load_address>0xc0</load_address>
         <readonly>true</readonly>
         <executable>true</executable>
         <run_address>0xc0</run_address>
         <size>0x9d0</size>
         <alignment>0x4</alignment>
         <input_file_ref idref="fl-2a"/>
      </object_component>
      <object_component id="oc-63">
         <name>.text.main</name>
         <load_address>0xa90</load_address>
         <readonly>true</readonly>
         <executable>true</executable>
         <run_address>0xa90</run_address>
         <size>0x4cc</size>
         <alignment>0x4</alignment>
         <input_file_ref idref="fl-1"/>
      </object_component>
      <object_component id="oc-151">
         <name>.text._pconv_a</name>
         <load_address>0xf5c</load_address>
         <readonly>true</readonly>
         <executable>true</executable>
         <run_address>0xf5c</run_address>
         <size>0x220</size>
         <alignment>0x4</alignment>
         <input_file_ref idref="fl-2a"/>
      </object_component>
      <object_component id="oc-156">
         <name>.text._pconv_g</name>
         <load_address>0x117c</load_address>
         <readonly>true</readonly>
         <executable>true</executable>
         <run_address>0x117c</run_address>
         <size>0x1dc</size>
         <alignment>0x4</alignment>
         <input_file_ref idref="fl-2a"/>
      </object_component>
      <object_component id="oc-1aa">
         <name>.text.adddf3_subdf3</name>
         <load_address>0x1358</load_address>
         <readonly>true</readonly>
         <executable>true</executable>
         <run_address>0x1358</run_address>
         <size>0x192</size>
         <alignment>0x4</alignment>
         <input_file_ref idref="fl-fa"/>
      </object_component>
      <object_component id="oc-33">
         <name>.text.Default_Handler</name>
         <load_address>0x14ea</load_address>
         <readonly>true</readonly>
         <executable>true</executable>
         <run_address>0x14ea</run_address>
         <size>0x2</size>
         <alignment>0x2</alignment>
         <input_file_ref idref="fl-3"/>
      </object_component>
      <object_component id="oc-1ae">
         <name>.text.fcvt</name>
         <load_address>0x14ec</load_address>
         <readonly>true</readonly>
         <executable>true</executable>
         <run_address>0x14ec</run_address>
         <size>0x13c</size>
         <alignment>0x4</alignment>
         <input_file_ref idref="fl-2a"/>
      </object_component>
      <object_component id="oc-158">
         <name>.text._pconv_e</name>
         <load_address>0x1628</load_address>
         <readonly>true</readonly>
         <executable>true</executable>
         <run_address>0x1628</run_address>
         <size>0x120</size>
         <alignment>0x4</alignment>
         <input_file_ref idref="fl-2a"/>
      </object_component>
      <object_component id="oc-200">
         <name>.text.aligned_alloc</name>
         <load_address>0x1748</load_address>
         <readonly>true</readonly>
         <executable>true</executable>
         <run_address>0x1748</run_address>
         <size>0x114</size>
         <alignment>0x4</alignment>
         <input_file_ref idref="fl-3a"/>
      </object_component>
      <object_component id="oc-1a6">
         <name>.text.__divdf3</name>
         <load_address>0x185c</load_address>
         <readonly>true</readonly>
         <executable>true</executable>
         <run_address>0x185c</run_address>
         <size>0x10c</size>
         <alignment>0x4</alignment>
         <input_file_ref idref="fl-ff"/>
      </object_component>
      <object_component id="oc-11d">
         <name>.text.fputs</name>
         <load_address>0x1968</load_address>
         <readonly>true</readonly>
         <executable>true</executable>
         <run_address>0x1968</run_address>
         <size>0xf8</size>
         <alignment>0x4</alignment>
         <input_file_ref idref="fl-2c"/>
      </object_component>
      <object_component id="oc-88">
         <name>.text.DL_Timer_initTimerMode</name>
         <load_address>0x1a60</load_address>
         <readonly>true</readonly>
         <executable>true</executable>
         <run_address>0x1a60</run_address>
         <size>0xe8</size>
         <alignment>0x4</alignment>
         <input_file_ref idref="fl-12"/>
      </object_component>
      <object_component id="oc-1e0">
         <name>.text.free</name>
         <load_address>0x1b48</load_address>
         <readonly>true</readonly>
         <executable>true</executable>
         <run_address>0x1b48</run_address>
         <size>0xe8</size>
         <alignment>0x4</alignment>
         <input_file_ref idref="fl-3a"/>
      </object_component>
      <object_component id="oc-196">
         <name>.text.__muldf3</name>
         <load_address>0x1c30</load_address>
         <readonly>true</readonly>
         <executable>true</executable>
         <run_address>0x1c30</run_address>
         <size>0xe4</size>
         <alignment>0x4</alignment>
         <input_file_ref idref="fl-fb"/>
      </object_component>
      <object_component id="oc-1b6">
         <name>.text.setvbuf</name>
         <load_address>0x1d14</load_address>
         <readonly>true</readonly>
         <executable>true</executable>
         <run_address>0x1d14</run_address>
         <size>0xe0</size>
         <alignment>0x4</alignment>
         <input_file_ref idref="fl-2e"/>
      </object_component>
      <object_component id="oc-185">
         <name>.text.scalbn</name>
         <load_address>0x1df4</load_address>
         <readonly>true</readonly>
         <executable>true</executable>
         <run_address>0x1df4</run_address>
         <size>0xd8</size>
         <alignment>0x4</alignment>
         <input_file_ref idref="fl-30"/>
      </object_component>
      <object_component id="oc-91">
         <name>.text</name>
         <load_address>0x1ecc</load_address>
         <readonly>true</readonly>
         <executable>true</executable>
         <run_address>0x1ecc</run_address>
         <size>0xd8</size>
         <alignment>0x4</alignment>
         <input_file_ref idref="fl-f9"/>
      </object_component>
      <object_component id="oc-17c">
         <name>.text</name>
         <load_address>0x1fa4</load_address>
         <readonly>true</readonly>
         <executable>true</executable>
         <run_address>0x1fa4</run_address>
         <size>0xa2</size>
         <alignment>0x4</alignment>
         <input_file_ref idref="fl-10d"/>
      </object_component>
      <object_component id="oc-cf">
         <name>.text.SYSCFG_DL_GPIO_init</name>
         <load_address>0x2046</load_address>
         <readonly>true</readonly>
         <executable>true</executable>
         <run_address>0x2046</run_address>
         <size>0x2</size>
         <alignment>0x2</alignment>
         <input_file_ref idref="fl-2"/>
      </object_component>
      <object_component id="oc-123">
         <name>.text.fputc</name>
         <load_address>0x2048</load_address>
         <readonly>true</readonly>
         <executable>true</executable>
         <run_address>0x2048</run_address>
         <size>0x9c</size>
         <alignment>0x4</alignment>
         <input_file_ref idref="fl-2b"/>
      </object_component>
      <object_component id="oc-78">
         <name>.text:memcpy</name>
         <load_address>0x20e4</load_address>
         <readonly>true</readonly>
         <executable>true</executable>
         <run_address>0x20e4</run_address>
         <size>0x9a</size>
         <alignment>0x1</alignment>
         <input_file_ref idref="fl-112"/>
      </object_component>
      <object_component id="oc-d6">
         <name>.text.__aeabi_idiv0</name>
         <load_address>0x217e</load_address>
         <readonly>true</readonly>
         <executable>true</executable>
         <run_address>0x217e</run_address>
         <size>0x2</size>
         <alignment>0x2</alignment>
         <input_file_ref idref="fl-110"/>
      </object_component>
      <object_component id="oc-99">
         <name>.text.__mulsf3</name>
         <load_address>0x2180</load_address>
         <readonly>true</readonly>
         <executable>true</executable>
         <run_address>0x2180</run_address>
         <size>0x8c</size>
         <alignment>0x4</alignment>
         <input_file_ref idref="fl-fd"/>
      </object_component>
      <object_component id="oc-f6">
         <name>.text.HOSTexit</name>
         <load_address>0x220c</load_address>
         <readonly>true</readonly>
         <executable>true</executable>
         <run_address>0x220c</run_address>
         <size>0x4</size>
         <alignment>0x2</alignment>
         <input_file_ref idref="fl-e9"/>
      </object_component>
      <object_component id="oc-270">
         <name>.text:strcmp</name>
         <load_address>0x2210</load_address>
         <readonly>true</readonly>
         <executable>true</executable>
         <run_address>0x2210</run_address>
         <size>0x88</size>
         <alignment>0x10</alignment>
         <input_file_ref idref="fl-114"/>
      </object_component>
      <object_component id="oc-95">
         <name>.text.__divsf3</name>
         <load_address>0x2298</load_address>
         <readonly>true</readonly>
         <executable>true</executable>
         <run_address>0x2298</run_address>
         <size>0x82</size>
         <alignment>0x4</alignment>
         <input_file_ref idref="fl-fe"/>
      </object_component>
      <object_component id="oc-1c3">
         <name>.text.__aeabi_ldiv0</name>
         <load_address>0x231a</load_address>
         <readonly>true</readonly>
         <executable>true</executable>
         <run_address>0x231a</run_address>
         <size>0x2</size>
         <alignment>0x2</alignment>
         <input_file_ref idref="fl-110"/>
      </object_component>
      <object_component id="oc-201">
         <name>.text.__TI_closefile</name>
         <load_address>0x231c</load_address>
         <readonly>true</readonly>
         <executable>true</executable>
         <run_address>0x231c</run_address>
         <size>0x7c</size>
         <alignment>0x4</alignment>
         <input_file_ref idref="fl-49"/>
      </object_component>
      <object_component id="oc-1c">
         <name>.text:decompress:lzss</name>
         <load_address>0x2398</load_address>
         <readonly>true</readonly>
         <executable>true</executable>
         <run_address>0x2398</run_address>
         <size>0x7c</size>
         <alignment>0x4</alignment>
         <input_file_ref idref="fl-42"/>
      </object_component>
      <object_component id="oc-1a4">
         <name>.text.__gedf2</name>
         <load_address>0x2414</load_address>
         <readonly>true</readonly>
         <executable>true</executable>
         <run_address>0x2414</run_address>
         <size>0x74</size>
         <alignment>0x4</alignment>
         <input_file_ref idref="fl-10f"/>
      </object_component>
      <object_component id="oc-21a">
         <name>.text.HOSTlseek</name>
         <load_address>0x2488</load_address>
         <readonly>true</readonly>
         <executable>true</executable>
         <run_address>0x2488</run_address>
         <size>0x6c</size>
         <alignment>0x4</alignment>
         <input_file_ref idref="fl-f2"/>
      </object_component>
      <object_component id="oc-222">
         <name>.text.HOSTrename</name>
         <load_address>0x24f4</load_address>
         <readonly>true</readonly>
         <executable>true</executable>
         <run_address>0x24f4</run_address>
         <size>0x6c</size>
         <alignment>0x4</alignment>
         <input_file_ref idref="fl-f5"/>
      </object_component>
      <object_component id="oc-1dd">
         <name>.text.fseeko</name>
         <load_address>0x2560</load_address>
         <readonly>true</readonly>
         <executable>true</executable>
         <run_address>0x2560</run_address>
         <size>0x6c</size>
         <alignment>0x4</alignment>
         <input_file_ref idref="fl-46"/>
      </object_component>
      <object_component id="oc-264">
         <name>.text.getdevice</name>
         <load_address>0x25cc</load_address>
         <readonly>true</readonly>
         <executable>true</executable>
         <run_address>0x25cc</run_address>
         <size>0x6c</size>
         <alignment>0x4</alignment>
         <input_file_ref idref="fl-111"/>
      </object_component>
      <object_component id="oc-19e">
         <name>.text.__ledf2</name>
         <load_address>0x2638</load_address>
         <readonly>true</readonly>
         <executable>true</executable>
         <run_address>0x2638</run_address>
         <size>0x68</size>
         <alignment>0x4</alignment>
         <input_file_ref idref="fl-10f"/>
      </object_component>
      <object_component id="oc-19d">
         <name>.text._mcpy</name>
         <load_address>0x26a0</load_address>
         <readonly>true</readonly>
         <executable>true</executable>
         <run_address>0x26a0</run_address>
         <size>0x66</size>
         <alignment>0x2</alignment>
         <input_file_ref idref="fl-2a"/>
      </object_component>
      <object_component id="oc-159">
         <name>.text.__TI_wrt_ok</name>
         <load_address>0x2706</load_address>
         <readonly>true</readonly>
         <executable>true</executable>
         <run_address>0x2706</run_address>
         <size>0x64</size>
         <alignment>0x2</alignment>
         <input_file_ref idref="fl-2d"/>
      </object_component>
      <object_component id="oc-114">
         <name>.text._nop</name>
         <load_address>0x276a</load_address>
         <readonly>true</readonly>
         <executable>true</executable>
         <run_address>0x276a</run_address>
         <size>0x2</size>
         <alignment>0x2</alignment>
         <input_file_ref idref="fl-34"/>
      </object_component>
      <object_component id="oc-22c">
         <name>.text.split</name>
         <load_address>0x276c</load_address>
         <readonly>true</readonly>
         <executable>true</executable>
         <run_address>0x276c</run_address>
         <size>0x64</size>
         <alignment>0x4</alignment>
         <input_file_ref idref="fl-3a"/>
      </object_component>
      <object_component id="oc-152">
         <name>.text.__aeabi_dcmp</name>
         <load_address>0x27d0</load_address>
         <readonly>true</readonly>
         <executable>true</executable>
         <run_address>0x27d0</run_address>
         <size>0x62</size>
         <alignment>0x4</alignment>
         <input_file_ref idref="fl-105"/>
      </object_component>
      <object_component id="oc-a7">
         <name>.text.__aeabi_fcmp</name>
         <load_address>0x2834</load_address>
         <readonly>true</readonly>
         <executable>true</executable>
         <run_address>0x2834</run_address>
         <size>0x62</size>
         <alignment>0x4</alignment>
         <input_file_ref idref="fl-106"/>
      </object_component>
      <object_component id="oc-cd">
         <name>.text:memset</name>
         <load_address>0x2896</load_address>
         <readonly>true</readonly>
         <executable>true</executable>
         <run_address>0x2896</run_address>
         <size>0x62</size>
         <alignment>0x1</alignment>
         <input_file_ref idref="fl-113"/>
      </object_component>
      <object_component id="oc-20a">
         <name>.text.HOSTopen</name>
         <load_address>0x28f8</load_address>
         <readonly>true</readonly>
         <executable>true</executable>
         <run_address>0x28f8</run_address>
         <size>0x60</size>
         <alignment>0x4</alignment>
         <input_file_ref idref="fl-f3"/>
      </object_component>
      <object_component id="oc-181">
         <name>.text.frexp</name>
         <load_address>0x2958</load_address>
         <readonly>true</readonly>
         <executable>true</executable>
         <run_address>0x2958</run_address>
         <size>0x5c</size>
         <alignment>0x4</alignment>
         <input_file_ref idref="fl-2f"/>
      </object_component>
      <object_component id="oc-a1">
         <name>.text.printf</name>
         <load_address>0x29b4</load_address>
         <readonly>true</readonly>
         <executable>true</executable>
         <run_address>0x29b4</run_address>
         <size>0x5c</size>
         <alignment>0x4</alignment>
         <input_file_ref idref="fl-29"/>
      </object_component>
      <object_component id="oc-212">
         <name>.text.HOSTread</name>
         <load_address>0x2a10</load_address>
         <readonly>true</readonly>
         <executable>true</executable>
         <run_address>0x2a10</run_address>
         <size>0x58</size>
         <alignment>0x4</alignment>
         <input_file_ref idref="fl-f4"/>
      </object_component>
      <object_component id="oc-216">
         <name>.text.HOSTwrite</name>
         <load_address>0x2a68</load_address>
         <readonly>true</readonly>
         <executable>true</executable>
         <run_address>0x2a68</run_address>
         <size>0x58</size>
         <alignment>0x4</alignment>
         <input_file_ref idref="fl-f7"/>
      </object_component>
      <object_component id="oc-18d">
         <name>.text.__TI_ltoa</name>
         <load_address>0x2ac0</load_address>
         <readonly>true</readonly>
         <executable>true</executable>
         <run_address>0x2ac0</run_address>
         <size>0x58</size>
         <alignment>0x2</alignment>
         <input_file_ref idref="fl-35"/>
      </object_component>
      <object_component id="oc-157">
         <name>.text._pconv_f</name>
         <load_address>0x2b18</load_address>
         <readonly>true</readonly>
         <executable>true</executable>
         <run_address>0x2b18</run_address>
         <size>0x58</size>
         <alignment>0x2</alignment>
         <input_file_ref idref="fl-2a"/>
      </object_component>
      <object_component id="oc-1d0">
         <name>.text.__aeabi_idivmod</name>
         <load_address>0x2b70</load_address>
         <readonly>true</readonly>
         <executable>true</executable>
         <run_address>0x2b70</run_address>
         <size>0x56</size>
         <alignment>0x4</alignment>
         <input_file_ref idref="fl-107"/>
      </object_component>
      <object_component id="oc-163">
         <name>.text.__TI_doflush</name>
         <load_address>0x2bc6</load_address>
         <readonly>true</readonly>
         <executable>true</executable>
         <run_address>0x2bc6</run_address>
         <size>0x52</size>
         <alignment>0x2</alignment>
         <input_file_ref idref="fl-44"/>
      </object_component>
      <object_component id="oc-19b">
         <name>.text._ecpy</name>
         <load_address>0x2c18</load_address>
         <readonly>true</readonly>
         <executable>true</executable>
         <run_address>0x2c18</run_address>
         <size>0x52</size>
         <alignment>0x2</alignment>
         <input_file_ref idref="fl-2a"/>
      </object_component>
      <object_component id="oc-22e">
         <name>.text.close</name>
         <load_address>0x2c6c</load_address>
         <readonly>true</readonly>
         <executable>true</executable>
         <run_address>0x2c6c</run_address>
         <size>0x50</size>
         <alignment>0x4</alignment>
         <input_file_ref idref="fl-ef"/>
      </object_component>
      <object_component id="oc-189">
         <name>.text.__fixdfsi</name>
         <load_address>0x2cbc</load_address>
         <readonly>true</readonly>
         <executable>true</executable>
         <run_address>0x2cbc</run_address>
         <size>0x4a</size>
         <alignment>0x4</alignment>
         <input_file_ref idref="fl-101"/>
      </object_component>
      <object_component id="oc-20e">
         <name>.text.HOSTclose</name>
         <load_address>0x2d08</load_address>
         <readonly>true</readonly>
         <executable>true</executable>
         <run_address>0x2d08</run_address>
         <size>0x48</size>
         <alignment>0x4</alignment>
         <input_file_ref idref="fl-f1"/>
      </object_component>
      <object_component id="oc-21e">
         <name>.text.HOSTunlink</name>
         <load_address>0x2d50</load_address>
         <readonly>true</readonly>
         <executable>true</executable>
         <run_address>0x2d50</run_address>
         <size>0x48</size>
         <alignment>0x4</alignment>
         <input_file_ref idref="fl-f6"/>
      </object_component>
      <object_component id="oc-d0">
         <name>.text.SYSCFG_DL_SYSCTL_init</name>
         <load_address>0x2d98</load_address>
         <readonly>true</readonly>
         <executable>true</executable>
         <run_address>0x2d98</run_address>
         <size>0x40</size>
         <alignment>0x4</alignment>
         <input_file_ref idref="fl-2"/>
      </object_component>
      <object_component id="oc-89">
         <name>.text.__aeabi_uidivmod</name>
         <load_address>0x2dd8</load_address>
         <readonly>true</readonly>
         <executable>true</executable>
         <run_address>0x2dd8</run_address>
         <size>0x40</size>
         <alignment>0x4</alignment>
         <input_file_ref idref="fl-10a"/>
      </object_component>
      <object_component id="oc-9d">
         <name>.text.__extendsfdf2</name>
         <load_address>0x2e18</load_address>
         <readonly>true</readonly>
         <executable>true</executable>
         <run_address>0x2e18</run_address>
         <size>0x40</size>
         <alignment>0x4</alignment>
         <input_file_ref idref="fl-100"/>
      </object_component>
      <object_component id="oc-13b">
         <name>.text.atoi</name>
         <load_address>0x2e58</load_address>
         <readonly>true</readonly>
         <executable>true</executable>
         <run_address>0x2e58</run_address>
         <size>0x40</size>
         <alignment>0x4</alignment>
         <input_file_ref idref="fl-37"/>
      </object_component>
      <object_component id="oc-f4">
         <name>.text.__gtsf2</name>
         <load_address>0x2e98</load_address>
         <readonly>true</readonly>
         <executable>true</executable>
         <run_address>0x2e98</run_address>
         <size>0x3c</size>
         <alignment>0x4</alignment>
         <input_file_ref idref="fl-10c"/>
      </object_component>
      <object_component id="oc-b5">
         <name>.text:__TI_auto_init_nobinit_nopinit</name>
         <load_address>0x2ed4</load_address>
         <readonly>true</readonly>
         <executable>true</executable>
         <run_address>0x2ed4</run_address>
         <size>0x3c</size>
         <alignment>0x4</alignment>
         <input_file_ref idref="fl-3d"/>
      </object_component>
      <object_component id="oc-ef">
         <name>.text.__eqsf2</name>
         <load_address>0x2f10</load_address>
         <readonly>true</readonly>
         <executable>true</executable>
         <run_address>0x2f10</run_address>
         <size>0x3a</size>
         <alignment>0x4</alignment>
         <input_file_ref idref="fl-10c"/>
      </object_component>
      <object_component id="oc-df">
         <name>.text.__muldsi3</name>
         <load_address>0x2f4c</load_address>
         <readonly>true</readonly>
         <executable>true</executable>
         <run_address>0x2f4c</run_address>
         <size>0x3a</size>
         <alignment>0x4</alignment>
         <input_file_ref idref="fl-fc"/>
      </object_component>
      <object_component id="oc-1e7">
         <name>.text.__TI_cleanup</name>
         <load_address>0x2f88</load_address>
         <readonly>true</readonly>
         <executable>true</executable>
         <run_address>0x2f88</run_address>
         <size>0x34</size>
         <alignment>0x4</alignment>
         <input_file_ref idref="fl-45"/>
      </object_component>
      <object_component id="oc-23f">
         <name>.text.__TI_readmsg</name>
         <load_address>0x2fbc</load_address>
         <readonly>true</readonly>
         <executable>true</executable>
         <run_address>0x2fbc</run_address>
         <size>0x34</size>
         <alignment>0x4</alignment>
         <input_file_ref idref="fl-f8"/>
      </object_component>
      <object_component id="oc-239">
         <name>.text.__TI_writemsg</name>
         <load_address>0x2ff0</load_address>
         <readonly>true</readonly>
         <executable>true</executable>
         <run_address>0x2ff0</run_address>
         <size>0x34</size>
         <alignment>0x4</alignment>
         <input_file_ref idref="fl-f8"/>
      </object_component>
      <object_component id="oc-b3">
         <name>.text.exit</name>
         <load_address>0x3024</load_address>
         <readonly>true</readonly>
         <executable>true</executable>
         <run_address>0x3024</run_address>
         <size>0x34</size>
         <alignment>0x4</alignment>
         <input_file_ref idref="fl-33"/>
      </object_component>
      <object_component id="oc-26d">
         <name>.text.finddevice</name>
         <load_address>0x3058</load_address>
         <readonly>true</readonly>
         <executable>true</executable>
         <run_address>0x3058</run_address>
         <size>0x34</size>
         <alignment>0x4</alignment>
         <input_file_ref idref="fl-111"/>
      </object_component>
      <object_component id="oc-19c">
         <name>.text._fcpy</name>
         <load_address>0x308c</load_address>
         <readonly>true</readonly>
         <executable>true</executable>
         <run_address>0x308c</run_address>
         <size>0x30</size>
         <alignment>0x2</alignment>
         <input_file_ref idref="fl-2a"/>
      </object_component>
      <object_component id="oc-ce">
         <name>.text.SYSCFG_DL_initPower</name>
         <load_address>0x30bc</load_address>
         <readonly>true</readonly>
         <executable>true</executable>
         <run_address>0x30bc</run_address>
         <size>0x2c</size>
         <alignment>0x4</alignment>
         <input_file_ref idref="fl-2"/>
      </object_component>
      <object_component id="oc-191">
         <name>.text.__floatsidf</name>
         <load_address>0x30e8</load_address>
         <readonly>true</readonly>
         <executable>true</executable>
         <run_address>0x30e8</run_address>
         <size>0x2c</size>
         <alignment>0x4</alignment>
         <input_file_ref idref="fl-102"/>
      </object_component>
      <object_component id="oc-25a">
         <name>.text.unlink</name>
         <load_address>0x3114</load_address>
         <readonly>true</readonly>
         <executable>true</executable>
         <run_address>0x3114</run_address>
         <size>0x2c</size>
         <alignment>0x4</alignment>
         <input_file_ref idref="fl-f0"/>
      </object_component>
      <object_component id="oc-8d">
         <name>.text.__floatunsisf</name>
         <load_address>0x3140</load_address>
         <readonly>true</readonly>
         <executable>true</executable>
         <run_address>0x3140</run_address>
         <size>0x28</size>
         <alignment>0x4</alignment>
         <input_file_ref idref="fl-103"/>
      </object_component>
      <object_component id="oc-1fc">
         <name>.text.free_list_insert</name>
         <load_address>0x3168</load_address>
         <readonly>true</readonly>
         <executable>true</executable>
         <run_address>0x3168</run_address>
         <size>0x28</size>
         <alignment>0x4</alignment>
         <input_file_ref idref="fl-3a"/>
      </object_component>
      <object_component id="oc-1f6">
         <name>.text.lseek</name>
         <load_address>0x3190</load_address>
         <readonly>true</readonly>
         <executable>true</executable>
         <run_address>0x3190</run_address>
         <size>0x28</size>
         <alignment>0x4</alignment>
         <input_file_ref idref="fl-ee"/>
      </object_component>
      <object_component id="oc-15f">
         <name>.text.write</name>
         <load_address>0x31b8</load_address>
         <readonly>true</readonly>
         <executable>true</executable>
         <run_address>0x31b8</run_address>
         <size>0x28</size>
         <alignment>0x4</alignment>
         <input_file_ref idref="fl-ea"/>
      </object_component>
      <object_component id="oc-4f">
         <name>.text:_c_int00_noargs</name>
         <load_address>0x31e0</load_address>
         <readonly>true</readonly>
         <executable>true</executable>
         <run_address>0x31e0</run_address>
         <size>0x28</size>
         <alignment>0x4</alignment>
         <input_file_ref idref="fl-3b"/>
      </object_component>
      <object_component id="oc-148">
         <name>.text.__muldi3</name>
         <load_address>0x3208</load_address>
         <readonly>true</readonly>
         <executable>true</executable>
         <run_address>0x3208</run_address>
         <size>0x24</size>
         <alignment>0x4</alignment>
         <input_file_ref idref="fl-104"/>
      </object_component>
      <object_component id="oc-134">
         <name>.text.memccpy</name>
         <load_address>0x322c</load_address>
         <readonly>true</readonly>
         <executable>true</executable>
         <run_address>0x322c</run_address>
         <size>0x22</size>
         <alignment>0x2</alignment>
         <input_file_ref idref="fl-39"/>
      </object_component>
      <object_component id="oc-1c4">
         <name>.text.__ashldi3</name>
         <load_address>0x3250</load_address>
         <readonly>true</readonly>
         <executable>true</executable>
         <run_address>0x3250</run_address>
         <size>0x1e</size>
         <alignment>0x4</alignment>
         <input_file_ref idref="fl-10e"/>
      </object_component>
      <object_component id="oc-82">
         <name>.text.DL_Timer_setClockConfig</name>
         <load_address>0x3270</load_address>
         <readonly>true</readonly>
         <executable>true</executable>
         <run_address>0x3270</run_address>
         <size>0x1c</size>
         <alignment>0x4</alignment>
         <input_file_ref idref="fl-12"/>
      </object_component>
      <object_component id="oc-1fa">
         <name>.text.free_list_remove</name>
         <load_address>0x328c</load_address>
         <readonly>true</readonly>
         <executable>true</executable>
         <run_address>0x328c</run_address>
         <size>0x1c</size>
         <alignment>0x4</alignment>
         <input_file_ref idref="fl-3a"/>
      </object_component>
      <object_component id="oc-46">
         <name>.text:decompress:ZI:__TI_zero_init_nomemset</name>
         <load_address>0x32a8</load_address>
         <readonly>true</readonly>
         <executable>true</executable>
         <run_address>0x32a8</run_address>
         <size>0x16</size>
         <alignment>0x2</alignment>
         <input_file_ref idref="fl-40"/>
      </object_component>
      <object_component id="oc-14d">
         <name>.text.__aeabi_uldivmod</name>
         <load_address>0x32c0</load_address>
         <readonly>true</readonly>
         <executable>true</executable>
         <run_address>0x32c0</run_address>
         <size>0x14</size>
         <alignment>0x4</alignment>
         <input_file_ref idref="fl-10b"/>
      </object_component>
      <object_component id="oc-19a">
         <name>.text.strchr</name>
         <load_address>0x32d4</load_address>
         <readonly>true</readonly>
         <executable>true</executable>
         <run_address>0x32d4</run_address>
         <size>0x14</size>
         <alignment>0x2</alignment>
         <input_file_ref idref="fl-2a"/>
      </object_component>
      <object_component id="oc-20">
         <name>.text:decompress:none</name>
         <load_address>0x32e8</load_address>
         <readonly>true</readonly>
         <executable>true</executable>
         <run_address>0x32e8</run_address>
         <size>0x12</size>
         <alignment>0x2</alignment>
         <input_file_ref idref="fl-41"/>
      </object_component>
      <object_component id="oc-7d">
         <name>.text.SYSCFG_DL_init</name>
         <load_address>0x32fa</load_address>
         <readonly>true</readonly>
         <executable>true</executable>
         <run_address>0x32fa</run_address>
         <size>0x10</size>
         <alignment>0x2</alignment>
         <input_file_ref idref="fl-2"/>
      </object_component>
      <object_component id="oc-13f">
         <name>.text.wcslen</name>
         <load_address>0x330a</load_address>
         <readonly>true</readonly>
         <executable>true</executable>
         <run_address>0x330a</run_address>
         <size>0x10</size>
         <alignment>0x2</alignment>
         <input_file_ref idref="fl-31"/>
      </object_component>
      <object_component id="oc-1fb">
         <name>.text.OUTLINED_FUNCTION_0</name>
         <load_address>0x331a</load_address>
         <readonly>true</readonly>
         <executable>true</executable>
         <run_address>0x331a</run_address>
         <size>0xe</size>
         <alignment>0x2</alignment>
         <input_file_ref idref="fl-3a"/>
      </object_component>
      <object_component id="oc-133">
         <name>.text.__aeabi_memset</name>
         <load_address>0x3328</load_address>
         <readonly>true</readonly>
         <executable>true</executable>
         <run_address>0x3328</run_address>
         <size>0xe</size>
         <alignment>0x4</alignment>
         <input_file_ref idref="fl-109"/>
      </object_component>
      <object_component id="oc-253">
         <name>.text.strcpy</name>
         <load_address>0x3336</load_address>
         <readonly>true</readonly>
         <executable>true</executable>
         <run_address>0x3336</run_address>
         <size>0xe</size>
         <alignment>0x2</alignment>
         <input_file_ref idref="fl-f5"/>
      </object_component>
      <object_component id="oc-132">
         <name>.text.strlen</name>
         <load_address>0x3344</load_address>
         <readonly>true</readonly>
         <executable>true</executable>
         <run_address>0x3344</run_address>
         <size>0xe</size>
         <alignment>0x2</alignment>
         <input_file_ref idref="fl-2a"/>
      </object_component>
      <object_component id="oc-254">
         <name>.text.strlen</name>
         <load_address>0x3352</load_address>
         <readonly>true</readonly>
         <executable>true</executable>
         <run_address>0x3352</run_address>
         <size>0xe</size>
         <alignment>0x2</alignment>
         <input_file_ref idref="fl-f5"/>
      </object_component>
      <object_component id="oc-5a">
         <name>.text.__aeabi_memclr</name>
         <load_address>0x3360</load_address>
         <readonly>true</readonly>
         <executable>true</executable>
         <run_address>0x3360</run_address>
         <size>0xc</size>
         <alignment>0x4</alignment>
         <input_file_ref idref="fl-109"/>
      </object_component>
      <object_component id="oc-1e6">
         <name>.text.malloc</name>
         <load_address>0x336c</load_address>
         <readonly>true</readonly>
         <executable>true</executable>
         <run_address>0x336c</run_address>
         <size>0xc</size>
         <alignment>0x2</alignment>
         <input_file_ref idref="fl-3a"/>
      </object_component>
      <object_component id="oc-104">
         <name>.text.DL_Common_delayCycles</name>
         <load_address>0x3378</load_address>
         <readonly>true</readonly>
         <executable>true</executable>
         <run_address>0x3378</run_address>
         <size>0xa</size>
         <alignment>0x2</alignment>
         <input_file_ref idref="fl-11"/>
      </object_component>
      <object_component id="oc-195">
         <name>.text.OUTLINED_FUNCTION_0</name>
         <load_address>0x3382</load_address>
         <readonly>true</readonly>
         <executable>true</executable>
         <run_address>0x3382</run_address>
         <size>0xa</size>
         <alignment>0x2</alignment>
         <input_file_ref idref="fl-2a"/>
      </object_component>
      <object_component id="oc-2bd">
         <name>.tramp.__aeabi_dsub.1</name>
         <load_address>0x338c</load_address>
         <readonly>true</readonly>
         <executable>true</executable>
         <run_address>0x338c</run_address>
         <size>0x10</size>
         <alignment>0x4</alignment>
         <input_file_ref idref="fl-fa"/>
      </object_component>
      <object_component id="oc-1af">
         <name>.text.OUTLINED_FUNCTION_1</name>
         <load_address>0x339c</load_address>
         <readonly>true</readonly>
         <executable>true</executable>
         <run_address>0x339c</run_address>
         <size>0xa</size>
         <alignment>0x2</alignment>
         <input_file_ref idref="fl-2a"/>
      </object_component>
      <object_component id="oc-143">
         <name>.text.__aeabi_errno_addr</name>
         <load_address>0x33a8</load_address>
         <readonly>true</readonly>
         <executable>true</executable>
         <run_address>0x33a8</run_address>
         <size>0x8</size>
         <alignment>0x4</alignment>
         <input_file_ref idref="fl-32"/>
      </object_component>
      <object_component id="oc-3f">
         <name>.text.__aeabi_memcpy</name>
         <load_address>0x33b0</load_address>
         <readonly>true</readonly>
         <executable>true</executable>
         <run_address>0x33b0</run_address>
         <size>0x8</size>
         <alignment>0x4</alignment>
         <input_file_ref idref="fl-108"/>
      </object_component>
      <object_component id="oc-eb">
         <name>.text._outc</name>
         <load_address>0x33b8</load_address>
         <readonly>true</readonly>
         <executable>true</executable>
         <run_address>0x33b8</run_address>
         <size>0x8</size>
         <alignment>0x2</alignment>
         <input_file_ref idref="fl-29"/>
      </object_component>
      <object_component id="oc-ea">
         <name>.text._outs</name>
         <load_address>0x33c0</load_address>
         <readonly>true</readonly>
         <executable>true</executable>
         <run_address>0x33c0</run_address>
         <size>0x8</size>
         <alignment>0x2</alignment>
         <input_file_ref idref="fl-29"/>
      </object_component>
      <object_component id="oc-1b0">
         <name>.text.fseek</name>
         <load_address>0x33c8</load_address>
         <readonly>true</readonly>
         <executable>true</executable>
         <run_address>0x33c8</run_address>
         <size>0x8</size>
         <alignment>0x2</alignment>
         <input_file_ref idref="fl-46"/>
      </object_component>
      <object_component id="oc-232">
         <name>.text.remove</name>
         <load_address>0x33d0</load_address>
         <readonly>true</readonly>
         <executable>true</executable>
         <run_address>0x33d0</run_address>
         <size>0x8</size>
         <alignment>0x2</alignment>
         <input_file_ref idref="fl-ec"/>
      </object_component>
      <object_component id="oc-ae">
         <name>.text:abort</name>
         <load_address>0x33d8</load_address>
         <readonly>true</readonly>
         <executable>true</executable>
         <run_address>0x33d8</run_address>
         <size>0x6</size>
         <alignment>0x2</alignment>
         <input_file_ref idref="fl-33"/>
      </object_component>
      <object_component id="oc-2f">
         <name>.text.Reset_Handler</name>
         <load_address>0x33de</load_address>
         <readonly>true</readonly>
         <executable>true</executable>
         <run_address>0x33de</run_address>
         <size>0x4</size>
         <alignment>0x2</alignment>
         <input_file_ref idref="fl-3"/>
      </object_component>
      <object_component id="oc-5f">
         <name>.text._system_pre_init</name>
         <load_address>0x33e2</load_address>
         <readonly>true</readonly>
         <executable>true</executable>
         <run_address>0x33e2</run_address>
         <size>0x4</size>
         <alignment>0x2</alignment>
         <input_file_ref idref="fl-3e"/>
      </object_component>
      <object_component id="oc-2b8">
         <name>.cinit..data.load</name>
         <load_address>0x3560</load_address>
         <readonly>true</readonly>
         <run_address>0x3560</run_address>
         <size>0x5f</size>
         <alignment>0x1</alignment>
      </object_component>
      <object_component id="oc-2b6">
         <name>__TI_handler_table</name>
         <load_address>0x35c0</load_address>
         <readonly>true</readonly>
         <run_address>0x35c0</run_address>
         <size>0xc</size>
         <alignment>0x4</alignment>
      </object_component>
      <object_component id="oc-2b9">
         <name>.cinit..bss.load</name>
         <load_address>0x35cc</load_address>
         <readonly>true</readonly>
         <run_address>0x35cc</run_address>
         <size>0x8</size>
         <alignment>0x4</alignment>
      </object_component>
      <object_component id="oc-2b7">
         <name>__TI_cinit_table</name>
         <load_address>0x35d4</load_address>
         <readonly>true</readonly>
         <run_address>0x35d4</run_address>
         <size>0x10</size>
         <alignment>0x4</alignment>
      </object_component>
      <object_component id="oc-170">
         <name>.rodata:__aeabi_ctype_table_</name>
         <load_address>0x33f0</load_address>
         <readonly>true</readonly>
         <run_address>0x33f0</run_address>
         <size>0x101</size>
         <alignment>0x10</alignment>
         <input_file_ref idref="fl-47"/>
      </object_component>
      <object_component id="oc-ab">
         <name>.rodata.str1.8135718461659766533.1</name>
         <load_address>0x34f1</load_address>
         <readonly>true</readonly>
         <run_address>0x34f1</run_address>
         <size>0x46</size>
         <alignment>0x1</alignment>
         <input_file_ref idref="fl-1"/>
      </object_component>
      <object_component id="oc-14c">
         <name>.rodata.str1.10348868589481759720.1</name>
         <load_address>0x3537</load_address>
         <readonly>true</readonly>
         <run_address>0x3537</run_address>
         <size>0x11</size>
         <alignment>0x1</alignment>
         <input_file_ref idref="fl-2a"/>
      </object_component>
      <object_component id="oc-138">
         <name>.rodata.str1.15363888844622738466.1</name>
         <load_address>0x3548</load_address>
         <readonly>true</readonly>
         <run_address>0x3548</run_address>
         <size>0x11</size>
         <alignment>0x1</alignment>
         <input_file_ref idref="fl-2a"/>
      </object_component>
      <object_component id="oc-27e">
         <name>.binit</name>
         <load_address>0x0</load_address>
         <readonly>true</readonly>
         <run_address>0x0</run_address>
         <size>0x0</size>
         <alignment>0x4</alignment>
      </object_component>
      <object_component id="oc-177">
         <name>.data.__aeabi_errno</name>
         <load_address>0x202009c4</load_address>
         <readwrite>true</readwrite>
         <run_address>0x202009c4</run_address>
         <size>0x4</size>
         <alignment>0x4</alignment>
         <input_file_ref idref="fl-32"/>
      </object_component>
      <object_component id="oc-fc">
         <name>.data..L_MergedGlobals</name>
         <load_address>0x202009b8</load_address>
         <readwrite>true</readwrite>
         <run_address>0x202009b8</run_address>
         <size>0x8</size>
         <alignment>0x4</alignment>
         <input_file_ref idref="fl-33"/>
      </object_component>
      <object_component id="oc-e6">
         <name>.data._lock</name>
         <load_address>0x202009c8</load_address>
         <readwrite>true</readwrite>
         <run_address>0x202009c8</run_address>
         <size>0x4</size>
         <alignment>0x4</alignment>
         <input_file_ref idref="fl-34"/>
      </object_component>
      <object_component id="oc-ec">
         <name>.data._unlock</name>
         <load_address>0x202009cc</load_address>
         <readwrite>true</readwrite>
         <run_address>0x202009cc</run_address>
         <size>0x4</size>
         <alignment>0x4</alignment>
         <input_file_ref idref="fl-34"/>
      </object_component>
      <object_component id="oc-e8">
         <name>.data._ftable</name>
         <load_address>0x20200800</load_address>
         <readwrite>true</readwrite>
         <run_address>0x20200800</run_address>
         <size>0xf0</size>
         <alignment>0x4</alignment>
         <input_file_ref idref="fl-38"/>
      </object_component>
      <object_component id="oc-207">
         <name>.data.__TI_ft_end</name>
         <load_address>0x202009c0</load_address>
         <readwrite>true</readwrite>
         <run_address>0x202009c0</run_address>
         <size>0x4</size>
         <alignment>0x4</alignment>
         <input_file_ref idref="fl-38"/>
      </object_component>
      <object_component id="oc-22d">
         <name>.data.memory_is_initialized</name>
         <load_address>0x202009d0</load_address>
         <readwrite>true</readwrite>
         <run_address>0x202009d0</run_address>
         <size>0x1</size>
         <alignment>0x4</alignment>
         <input_file_ref idref="fl-3a"/>
      </object_component>
      <object_component id="oc-1f0">
         <name>.data._device</name>
         <load_address>0x202008f0</load_address>
         <readwrite>true</readwrite>
         <run_address>0x202008f0</run_address>
         <size>0x78</size>
         <alignment>0x4</alignment>
         <input_file_ref idref="fl-eb"/>
      </object_component>
      <object_component id="oc-1bc">
         <name>.data._stream</name>
         <load_address>0x20200968</load_address>
         <readwrite>true</readwrite>
         <run_address>0x20200968</run_address>
         <size>0x50</size>
         <alignment>0x4</alignment>
         <input_file_ref idref="fl-eb"/>
      </object_component>
      <object_component id="oc-236">
         <name>.bss.__TI_tmpnams</name>
         <uninitialized>true</uninitialized>
         <readwrite>true</readwrite>
         <run_address>0x20200af4</run_address>
         <size>0xa0</size>
         <alignment>0x1</alignment>
         <input_file_ref idref="fl-38"/>
      </object_component>
      <object_component id="oc-22b">
         <name>.bss.sys_free</name>
         <uninitialized>true</uninitialized>
         <readwrite>true</readwrite>
         <run_address>0x20200b9c</run_address>
         <size>0x4</size>
         <alignment>0x4</alignment>
         <input_file_ref idref="fl-3a"/>
      </object_component>
      <object_component id="oc-240">
         <name>.bss.parmbuf</name>
         <uninitialized>true</uninitialized>
         <readwrite>true</readwrite>
         <run_address>0x20200b94</run_address>
         <size>0x8</size>
         <alignment>0x1</alignment>
         <input_file_ref idref="fl-f3"/>
      </object_component>
      <object_component id="oc-261">
         <name>.bss:_CIOBUF_</name>
         <uninitialized>true</uninitialized>
         <readwrite>true</readwrite>
         <run_address>0x202009d4</run_address>
         <size>0x120</size>
         <alignment>0x4</alignment>
         <input_file_ref idref="fl-f8"/>
      </object_component>
      <object_component id="oc-1fd">
         <name>.sysmem</name>
         <uninitialized>true</uninitialized>
         <readwrite>true</readwrite>
         <run_address>0x20200000</run_address>
         <size>0x10</size>
         <alignment>0x8</alignment>
         <input_file_ref idref="fl-3a"/>
      </object_component>
      <object_component id="oc-2bc">
         <name>.sysmem</name>
         <uninitialized>true</uninitialized>
         <readwrite>true</readwrite>
         <run_address>0x20200000</run_address>
         <size>0x0</size>
         <alignment>0x4</alignment>
      </object_component>
      <object_component id="oc-1a">
         <name>.stack</name>
         <uninitialized>true</uninitialized>
         <readwrite>true</readwrite>
         <run_address>0x20207e00</run_address>
         <size>0x4</size>
         <alignment>0x4</alignment>
         <input_file_ref idref="fl-3b"/>
      </object_component>
      <object_component id="oc-2bb">
         <name>.stack</name>
         <uninitialized>true</uninitialized>
         <readwrite>true</readwrite>
         <run_address>0x20207e00</run_address>
         <size>0x0</size>
         <alignment>0x8</alignment>
      </object_component>
      <object_component id="oc-65">
         <name>.debug_loc</name>
         <load_address>0x0</load_address>
         <run_address>0x0</run_address>
         <size>0x13f2</size>
         <alignment>0x1</alignment>
         <input_file_ref idref="fl-1"/>
      </object_component>
      <object_component id="oc-d1">
         <name>.debug_loc</name>
         <load_address>0x13f2</load_address>
         <run_address>0x13f2</run_address>
         <size>0x5c</size>
         <alignment>0x1</alignment>
         <input_file_ref idref="fl-2"/>
      </object_component>
      <object_component id="oc-131">
         <name>.debug_loc</name>
         <load_address>0x144e</load_address>
         <run_address>0x144e</run_address>
         <size>0x13</size>
         <alignment>0x1</alignment>
         <input_file_ref idref="fl-11"/>
      </object_component>
      <object_component id="oc-84">
         <name>.debug_loc</name>
         <load_address>0x1461</load_address>
         <run_address>0x1461</run_address>
         <size>0x1a27</size>
         <alignment>0x1</alignment>
         <input_file_ref idref="fl-12"/>
      </object_component>
      <object_component id="oc-a2">
         <name>.debug_loc</name>
         <load_address>0x2e88</load_address>
         <run_address>0x2e88</run_address>
         <size>0x10a</size>
         <alignment>0x1</alignment>
         <input_file_ref idref="fl-29"/>
      </object_component>
      <object_component id="oc-110">
         <name>.debug_loc</name>
         <load_address>0x2f92</load_address>
         <run_address>0x2f92</run_address>
         <size>0x32d8</size>
         <alignment>0x1</alignment>
         <input_file_ref idref="fl-2a"/>
      </object_component>
      <object_component id="oc-124">
         <name>.debug_loc</name>
         <load_address>0x626a</load_address>
         <run_address>0x626a</run_address>
         <size>0x150</size>
         <alignment>0x1</alignment>
         <input_file_ref idref="fl-2b"/>
      </object_component>
      <object_component id="oc-122">
         <name>.debug_loc</name>
         <load_address>0x63ba</load_address>
         <run_address>0x63ba</run_address>
         <size>0x219</size>
         <alignment>0x1</alignment>
         <input_file_ref idref="fl-2c"/>
      </object_component>
      <object_component id="oc-15e">
         <name>.debug_loc</name>
         <load_address>0x65d3</load_address>
         <run_address>0x65d3</run_address>
         <size>0xbf</size>
         <alignment>0x1</alignment>
         <input_file_ref idref="fl-2d"/>
      </object_component>
      <object_component id="oc-1ef">
         <name>.debug_loc</name>
         <load_address>0x6692</load_address>
         <run_address>0x6692</run_address>
         <size>0xa8</size>
         <alignment>0x1</alignment>
         <input_file_ref idref="fl-2e"/>
      </object_component>
      <object_component id="oc-1cb">
         <name>.debug_loc</name>
         <load_address>0x673a</load_address>
         <run_address>0x673a</run_address>
         <size>0x9c</size>
         <alignment>0x1</alignment>
         <input_file_ref idref="fl-2f"/>
      </object_component>
      <object_component id="oc-1ce">
         <name>.debug_loc</name>
         <load_address>0x67d6</load_address>
         <run_address>0x67d6</run_address>
         <size>0x127</size>
         <alignment>0x1</alignment>
         <input_file_ref idref="fl-30"/>
      </object_component>
      <object_component id="oc-176">
         <name>.debug_loc</name>
         <load_address>0x68fd</load_address>
         <run_address>0x68fd</run_address>
         <size>0x33</size>
         <alignment>0x1</alignment>
         <input_file_ref idref="fl-31"/>
      </object_component>
      <object_component id="oc-17a">
         <name>.debug_loc</name>
         <load_address>0x6930</load_address>
         <run_address>0x6930</run_address>
         <size>0x101</size>
         <alignment>0x1</alignment>
         <input_file_ref idref="fl-32"/>
      </object_component>
      <object_component id="oc-b4">
         <name>.debug_loc</name>
         <load_address>0x6a31</load_address>
         <run_address>0x6a31</run_address>
         <size>0x26</size>
         <alignment>0x1</alignment>
         <input_file_ref idref="fl-33"/>
      </object_component>
      <object_component id="oc-1d6">
         <name>.debug_loc</name>
         <load_address>0x6a57</load_address>
         <run_address>0x6a57</run_address>
         <size>0x8f</size>
         <alignment>0x1</alignment>
         <input_file_ref idref="fl-35"/>
      </object_component>
      <object_component id="oc-173">
         <name>.debug_loc</name>
         <load_address>0x6ae6</load_address>
         <run_address>0x6ae6</run_address>
         <size>0x66</size>
         <alignment>0x1</alignment>
         <input_file_ref idref="fl-37"/>
      </object_component>
      <object_component id="oc-16f">
         <name>.debug_loc</name>
         <load_address>0x6b4c</load_address>
         <run_address>0x6b4c</run_address>
         <size>0xbf</size>
         <alignment>0x1</alignment>
         <input_file_ref idref="fl-39"/>
      </object_component>
      <object_component id="oc-1e3">
         <name>.debug_loc</name>
         <load_address>0x6c0b</load_address>
         <run_address>0x6c0b</run_address>
         <size>0x714</size>
         <alignment>0x1</alignment>
         <input_file_ref idref="fl-3a"/>
      </object_component>
      <object_component id="oc-3a">
         <name>.debug_loc</name>
         <load_address>0x731f</load_address>
         <run_address>0x731f</run_address>
         <size>0xd8</size>
         <alignment>0x1</alignment>
         <input_file_ref idref="fl-3b"/>
      </object_component>
      <object_component id="oc-b6">
         <name>.debug_loc</name>
         <load_address>0x73f7</load_address>
         <run_address>0x73f7</run_address>
         <size>0x424</size>
         <alignment>0x1</alignment>
         <input_file_ref idref="fl-3d"/>
      </object_component>
      <object_component id="oc-48">
         <name>.debug_loc</name>
         <load_address>0x781b</load_address>
         <run_address>0x781b</run_address>
         <size>0x16c</size>
         <alignment>0x1</alignment>
         <input_file_ref idref="fl-40"/>
      </object_component>
      <object_component id="oc-45">
         <name>.debug_loc</name>
         <load_address>0x7987</load_address>
         <run_address>0x7987</run_address>
         <size>0x6f</size>
         <alignment>0x1</alignment>
         <input_file_ref idref="fl-41"/>
      </object_component>
      <object_component id="oc-3d">
         <name>.debug_loc</name>
         <load_address>0x79f6</load_address>
         <run_address>0x79f6</run_address>
         <size>0x167</size>
         <alignment>0x1</alignment>
         <input_file_ref idref="fl-42"/>
      </object_component>
      <object_component id="oc-168">
         <name>.debug_loc</name>
         <load_address>0x7b5d</load_address>
         <run_address>0x7b5d</run_address>
         <size>0x10c</size>
         <alignment>0x1</alignment>
         <input_file_ref idref="fl-44"/>
      </object_component>
      <object_component id="oc-1ea">
         <name>.debug_loc</name>
         <load_address>0x7c69</load_address>
         <run_address>0x7c69</run_address>
         <size>0x460</size>
         <alignment>0x1</alignment>
         <input_file_ref idref="fl-45"/>
      </object_component>
      <object_component id="oc-1b5">
         <name>.debug_loc</name>
         <load_address>0x80c9</load_address>
         <run_address>0x80c9</run_address>
         <size>0x10f</size>
         <alignment>0x1</alignment>
         <input_file_ref idref="fl-46"/>
      </object_component>
      <object_component id="oc-203">
         <name>.debug_loc</name>
         <load_address>0x81d8</load_address>
         <run_address>0x81d8</run_address>
         <size>0xf2</size>
         <alignment>0x1</alignment>
         <input_file_ref idref="fl-49"/>
      </object_component>
      <object_component id="oc-1c0">
         <name>.debug_loc</name>
         <load_address>0x82ca</load_address>
         <run_address>0x82ca</run_address>
         <size>0x44</size>
         <alignment>0x1</alignment>
         <input_file_ref idref="fl-ea"/>
      </object_component>
      <object_component id="oc-260">
         <name>.debug_loc</name>
         <load_address>0x830e</load_address>
[...]
      <symbol id="sm-167">
         <name>exit</name>
         <value>0x3025</value>
         <object_component_ref idref="oc-b3"/>
      </symbol>
      <symbol id="sm-170">
         <name>_nop</name>
         <value>0x276b</value>
         <object_component_ref idref="oc-114"/>
      </symbol>
      <symbol id="sm-171">
         <name>_lock</name>
         <value>0x202009c8</value>
         <object_component_ref idref="oc-e6"/>
      </symbol>
      <symbol id="sm-172">
         <name>_unlock</name>
         <value>0x202009cc</value>
         <object_component_ref idref="oc-ec"/>
      </symbol>
      <symbol id="sm-17b">
         <name>__TI_ltoa</name>
         <value>0x2ac1</value>
         <object_component_ref idref="oc-18d"/>
      </symbol>
      <symbol id="sm-186">
         <name>atoi</name>
         <value>0x2e59</value>
         <object_component_ref idref="oc-13b"/>
      </symbol>
      <symbol id="sm-18b">
         <name>_ftable</name>
         <value>0x20200800</value>
         <object_component_ref idref="oc-e8"/>
      </symbol>
      <symbol id="sm-18c">
         <name>__TI_ft_end</name>
         <value>0x202009c0</value>
         <object_component_ref idref="oc-207"/>
      </symbol>
      <symbol id="sm-18d">
         <name>__TI_tmpnams</name>
         <value>0x20200af4</value>
         <object_component_ref idref="oc-236"/>
      </symbol>
      <symbol id="sm-196">
         <name>memccpy</name>
         <value>0x322d</value>
         <object_component_ref idref="oc-134"/>
      </symbol>
      <symbol id="sm-1b9">
         <name>malloc</name>
         <value>0x336d</value>
         <object_component_ref idref="oc-1e6"/>
      </symbol>
      <symbol id="sm-1ba">
         <name>aligned_alloc</name>
         <value>0x1749</value>
         <object_component_ref idref="oc-200"/>
      </symbol>
      <symbol id="sm-1bb">
         <name>free</name>
         <value>0x1b49</value>
         <object_component_ref idref="oc-1e0"/>
      </symbol>
      <symbol id="sm-1bc">
         <name>_sys_memory</name>
         <value>0x20200000</value>
         <object_component_ref idref="oc-1fd"/>
      </symbol>
      <symbol id="sm-1bd">
         <name>memalign</name>
         <value>0x1749</value>
         <object_component_ref idref="oc-200"/>
      </symbol>
      <symbol id="sm-1c8">
         <name>_c_int00_noargs</name>
         <value>0x31e1</value>
         <object_component_ref idref="oc-4f"/>
      </symbol>
      <symbol id="sm-1c9">
         <name>__stack</name>
         <value>0x20207e00</value>
         <object_component_ref idref="oc-1a"/>
      </symbol>
      <symbol id="sm-1d5">
         <name>__TI_auto_init_nobinit_nopinit</name>
         <value>0x2ed5</value>
         <object_component_ref idref="oc-b5"/>
      </symbol>
      <symbol id="sm-1dd">
         <name>_system_pre_init</name>
         <value>0x33e3</value>
         <object_component_ref idref="oc-5f"/>
      </symbol>
      <symbol id="sm-1e8">
         <name>__TI_zero_init_nomemset</name>
         <value>0x32a9</value>
         <object_component_ref idref="oc-46"/>
      </symbol>
      <symbol id="sm-1f1">
         <name>__TI_decompress_none</name>
         <value>0x32e9</value>
         <object_component_ref idref="oc-20"/>
      </symbol>
      <symbol id="sm-1fc">
         <name>__TI_decompress_lzss</name>
         <value>0x2399</value>
         <object_component_ref idref="oc-1c"/>
      </symbol>
      <symbol id="sm-207">
         <name>__TI_doflush</name>
         <value>0x2bc7</value>
         <object_component_ref idref="oc-163"/>
      </symbol>
      <symbol id="sm-212">
         <name>__TI_cleanup</name>
         <value>0x2f89</value>
         <object_component_ref idref="oc-1e7"/>
      </symbol>
      <symbol id="sm-21f">
         <name>fseek</name>
         <value>0x33c9</value>
         <object_component_ref idref="oc-1b0"/>
      </symbol>
      <symbol id="sm-220">
         <name>fseeko</name>
         <value>0x2561</value>
         <object_component_ref idref="oc-1dd"/>
      </symbol>
      <symbol id="sm-221">
         <name>__aeabi_ctype_table_</name>
         <value>0x33f0</value>
         <object_component_ref idref="oc-170"/>
      </symbol>
      <symbol id="sm-222">
         <name>__aeabi_ctype_table_C</name>
         <value>0x33f0</value>
         <object_component_ref idref="oc-170"/>
      </symbol>
      <symbol id="sm-22e">
         <name>__TI_closefile</name>
         <value>0x231d</value>
         <object_component_ref idref="oc-201"/>
      </symbol>
      <symbol id="sm-236">
         <name>HOSTexit</name>
         <value>0x220d</value>
         <object_component_ref idref="oc-f6"/>
      </symbol>
      <symbol id="sm-237">
         <name>C$$EXIT</name>
         <value>0x220c</value>
         <object_component_ref idref="oc-f6"/>
      </symbol>
      <symbol id="sm-241">
         <name>write</name>
         <value>0x31b9</value>
         <object_component_ref idref="oc-15f"/>
      </symbol>
      <symbol id="sm-246">
         <name>_device</name>
         <value>0x202008f0</value>
         <object_component_ref idref="oc-1f0"/>
      </symbol>
      <symbol id="sm-247">
         <name>_stream</name>
         <value>0x20200968</value>
         <object_component_ref idref="oc-1bc"/>
      </symbol>
      <symbol id="sm-250">
         <name>remove</name>
         <value>0x33d1</value>
         <object_component_ref idref="oc-232"/>
      </symbol>
      <symbol id="sm-25b">
         <name>lseek</name>
         <value>0x3191</value>
         <object_component_ref idref="oc-1f6"/>
      </symbol>
      <symbol id="sm-265">
         <name>close</name>
         <value>0x2c6d</value>
         <object_component_ref idref="oc-22e"/>
      </symbol>
      <symbol id="sm-26f">
         <name>unlink</name>
         <value>0x3115</value>
         <object_component_ref idref="oc-25a"/>
      </symbol>
      <symbol id="sm-279">
         <name>HOSTclose</name>
         <value>0x2d09</value>
         <object_component_ref idref="oc-20e"/>
      </symbol>
      <symbol id="sm-283">
         <name>HOSTlseek</name>
         <value>0x2489</value>
         <object_component_ref idref="oc-21a"/>
      </symbol>
      <symbol id="sm-28d">
         <name>HOSTopen</name>
         <value>0x28f9</value>
         <object_component_ref idref="oc-20a"/>
      </symbol>
      <symbol id="sm-28e">
         <name>parmbuf</name>
         <value>0x20200b94</value>
         <object_component_ref idref="oc-240"/>
      </symbol>
      <symbol id="sm-298">
         <name>HOSTread</name>
         <value>0x2a11</value>
         <object_component_ref idref="oc-212"/>
      </symbol>
      <symbol id="sm-2a9">
         <name>HOSTrename</name>
         <value>0x24f5</value>
         <object_component_ref idref="oc-222"/>
      </symbol>
      <symbol id="sm-2b3">
         <name>HOSTunlink</name>
         <value>0x2d51</value>
         <object_component_ref idref="oc-21e"/>
      </symbol>
      <symbol id="sm-2bd">
         <name>HOSTwrite</name>
         <value>0x2a69</value>
         <object_component_ref idref="oc-216"/>
      </symbol>
      <symbol id="sm-2cb">
         <name>C$$IO$$</name>
         <value>0x301d</value>
         <object_component_ref idref="oc-239"/>
      </symbol>
      <symbol id="sm-2cc">
         <name>__TI_writemsg</name>
         <value>0x2ff1</value>
         <object_component_ref idref="oc-239"/>
      </symbol>
      <symbol id="sm-2cd">
         <name>__CIOBUF_</name>
         <value>0x202009d4</value>
         <object_component_ref idref="oc-261"/>
      </symbol>
      <symbol id="sm-2ce">
         <name>__TI_readmsg</name>
         <value>0x2fbd</value>
         <object_component_ref idref="oc-23f"/>
      </symbol>
      <symbol id="sm-2cf">
         <name>_CIOBUF_</name>
         <value>0x202009d4</value>
         <object_component_ref idref="oc-261"/>
      </symbol>
      <symbol id="sm-2d5">
         <name>__aeabi_fadd</name>
         <value>0x1ed7</value>
         <object_component_ref idref="oc-91"/>
      </symbol>
      <symbol id="sm-2d6">
         <name>__addsf3</name>
         <value>0x1ed7</value>
         <object_component_ref idref="oc-91"/>
      </symbol>
      <symbol id="sm-2d7">
         <name>__aeabi_fsub</name>
         <value>0x1ecd</value>
         <object_component_ref idref="oc-91"/>
      </symbol>
      <symbol id="sm-2d8">
         <name>__subsf3</name>
         <value>0x1ecd</value>
         <object_component_ref idref="oc-91"/>
      </symbol>
      <symbol id="sm-2de">
         <name>__aeabi_dadd</name>
         <value>0x1363</value>
         <object_component_ref idref="oc-1aa"/>
      </symbol>
      <symbol id="sm-2df">
         <name>__adddf3</name>
         <value>0x1363</value>
         <object_component_ref idref="oc-1aa"/>
      </symbol>
      <symbol id="sm-2e0">
         <name>__aeabi_dsub</name>
         <value>0x1359</value>
         <object_component_ref idref="oc-1aa"/>
      </symbol>
      <symbol id="sm-2e1">
         <name>__subdf3</name>
         <value>0x1359</value>
         <object_component_ref idref="oc-1aa"/>
      </symbol>
      <symbol id="sm-2ea">
         <name>__aeabi_dmul</name>
         <value>0x1c31</value>
         <object_component_ref idref="oc-196"/>
      </symbol>
      <symbol id="sm-2eb">
         <name>__muldf3</name>
         <value>0x1c31</value>
         <object_component_ref idref="oc-196"/>
      </symbol>
      <symbol id="sm-2f1">
         <name>__muldsi3</name>
         <value>0x2f4d</value>
         <object_component_ref idref="oc-df"/>
      </symbol>
      <symbol id="sm-2f7">
         <name>__aeabi_fmul</name>
         <value>0x2181</value>
         <object_component_ref idref="oc-99"/>
      </symbol>
      <symbol id="sm-2f8">
         <name>__mulsf3</name>
         <value>0x2181</value>
         <object_component_ref idref="oc-99"/>
      </symbol>
      <symbol id="sm-2fe">
         <name>__aeabi_fdiv</name>
         <value>0x2299</value>
         <object_component_ref idref="oc-95"/>
      </symbol>
      <symbol id="sm-2ff">
         <name>__divsf3</name>
         <value>0x2299</value>
         <object_component_ref idref="oc-95"/>
      </symbol>
      <symbol id="sm-305">
         <name>__aeabi_ddiv</name>
         <value>0x185d</value>
         <object_component_ref idref="oc-1a6"/>
      </symbol>
      <symbol id="sm-306">
         <name>__divdf3</name>
         <value>0x185d</value>
         <object_component_ref idref="oc-1a6"/>
      </symbol>
      <symbol id="sm-30c">
         <name>__aeabi_f2d</name>
         <value>0x2e19</value>
         <object_component_ref idref="oc-9d"/>
      </symbol>
      <symbol id="sm-30d">
         <name>__extendsfdf2</name>
         <value>0x2e19</value>
         <object_component_ref idref="oc-9d"/>
      </symbol>
      <symbol id="sm-313">
         <name>__aeabi_d2iz</name>
         <value>0x2cbd</value>
         <object_component_ref idref="oc-189"/>
      </symbol>
      <symbol id="sm-314">
         <name>__fixdfsi</name>
         <value>0x2cbd</value>
         <object_component_ref idref="oc-189"/>
      </symbol>
      <symbol id="sm-31a">
         <name>__aeabi_i2d</name>
         <value>0x30e9</value>
         <object_component_ref idref="oc-191"/>
      </symbol>
      <symbol id="sm-31b">
         <name>__floatsidf</name>
         <value>0x30e9</value>
         <object_component_ref idref="oc-191"/>
      </symbol>
      <symbol id="sm-321">
         <name>__aeabi_ui2f</name>
         <value>0x3141</value>
         <object_component_ref idref="oc-8d"/>
      </symbol>
      <symbol id="sm-322">
         <name>__floatunsisf</name>
         <value>0x3141</value>
         <object_component_ref idref="oc-8d"/>
      </symbol>
      <symbol id="sm-328">
         <name>__aeabi_lmul</name>
         <value>0x3209</value>
         <object_component_ref idref="oc-148"/>
      </symbol>
      <symbol id="sm-329">
         <name>__muldi3</name>
         <value>0x3209</value>
         <object_component_ref idref="oc-148"/>
      </symbol>
      <symbol id="sm-32f">
         <name>__aeabi_dcmpeq</name>
         <value>0x27d1</value>
         <object_component_ref idref="oc-152"/>
      </symbol>
      <symbol id="sm-330">
         <name>__aeabi_dcmplt</name>
         <value>0x27e5</value>
         <object_component_ref idref="oc-152"/>
      </symbol>
      <symbol id="sm-331">
         <name>__aeabi_dcmple</name>
         <value>0x27f9</value>
         <object_component_ref idref="oc-152"/>
      </symbol>
      <symbol id="sm-332">
         <name>__aeabi_dcmpge</name>
         <value>0x280d</value>
         <object_component_ref idref="oc-152"/>
      </symbol>
      <symbol id="sm-333">
         <name>__aeabi_dcmpgt</name>
         <value>0x2821</value>
         <object_component_ref idref="oc-152"/>
      </symbol>
      <symbol id="sm-339">
         <name>__aeabi_fcmpeq</name>
         <value>0x2835</value>
         <object_component_ref idref="oc-a7"/>
      </symbol>
      <symbol id="sm-33a">
         <name>__aeabi_fcmplt</name>
         <value>0x2849</value>
         <object_component_ref idref="oc-a7"/>
      </symbol>
      <symbol id="sm-33b">
         <name>__aeabi_fcmple</name>
         <value>0x285d</value>
         <object_component_ref idref="oc-a7"/>
      </symbol>
      <symbol id="sm-33c">
         <name>__aeabi_fcmpge</name>
         <value>0x2871</value>
         <object_component_ref idref="oc-a7"/>
      </symbol>
      <symbol id="sm-33d">
         <name>__aeabi_fcmpgt</name>
         <value>0x2885</value>
         <object_component_ref idref="oc-a7"/>
      </symbol>
      <symbol id="sm-343">
         <name>__aeabi_idiv</name>
         <value>0x2b71</value>
         <object_component_ref idref="oc-1d0"/>
      </symbol>
      <symbol id="sm-344">
         <name>__aeabi_idivmod</name>
         <value>0x2b71</value>
         <object_component_ref idref="oc-1d0"/>
      </symbol>
      <symbol id="sm-34a">
         <name>__aeabi_memcpy</name>
         <value>0x33b1</value>
         <object_component_ref idref="oc-3f"/>
      </symbol>
      <symbol id="sm-34b">
         <name>__aeabi_memcpy4</name>
         <value>0x33b1</value>
         <object_component_ref idref="oc-3f"/>
      </symbol>
      <symbol id="sm-34c">
         <name>__aeabi_memcpy8</name>
         <value>0x33b1</value>
         <object_component_ref idref="oc-3f"/>
      </symbol>
      <symbol id="sm-355">
         <name>__aeabi_memset</name>
         <value>0x3329</value>
         <object_component_ref idref="oc-133"/>
      </symbol>
      <symbol id="sm-356">
         <name>__aeabi_memset4</name>
         <value>0x3329</value>
         <object_component_ref idref="oc-133"/>
      </symbol>
      <symbol id="sm-357">
         <name>__aeabi_memset8</name>
         <value>0x3329</value>
         <object_component_ref idref="oc-133"/>
      </symbol>
      <symbol id="sm-358">
         <name>__aeabi_memclr</name>
         <value>0x3361</value>
         <object_component_ref idref="oc-5a"/>
      </symbol>
      <symbol id="sm-359">
         <name>__aeabi_memclr4</name>
         <value>0x3361</value>
         <object_component_ref idref="oc-5a"/>
      </symbol>
      <symbol id="sm-35a">
         <name>__aeabi_memclr8</name>
         <value>0x3361</value>
         <object_component_ref idref="oc-5a"/>
      </symbol>
      <symbol id="sm-360">
         <name>__aeabi_uidiv</name>
         <value>0x2dd9</value>
         <object_component_ref idref="oc-89"/>
      </symbol>
      <symbol id="sm-361">
         <name>__aeabi_uidivmod</name>
         <value>0x2dd9</value>
         <object_component_ref idref="oc-89"/>
      </symbol>
      <symbol id="sm-367">
         <name>__aeabi_uldivmod</name>
         <value>0x32c1</value>
         <object_component_ref idref="oc-14d"/>
      </symbol>
      <symbol id="sm-370">
         <name>__eqsf2</name>
         <value>0x2f11</value>
         <object_component_ref idref="oc-ef"/>
      </symbol>
      <symbol id="sm-371">
         <name>__lesf2</name>
         <value>0x2f11</value>
         <object_component_ref idref="oc-ef"/>
      </symbol>
      <symbol id="sm-372">
         <name>__ltsf2</name>
         <value>0x2f11</value>
         <object_component_ref idref="oc-ef"/>
      </symbol>
      <symbol id="sm-373">
         <name>__nesf2</name>
         <value>0x2f11</value>
         <object_component_ref idref="oc-ef"/>
      </symbol>
      <symbol id="sm-374">
         <name>__cmpsf2</name>
         <value>0x2f11</value>
         <object_component_ref idref="oc-ef"/>
      </symbol>
      <symbol id="sm-375">
         <name>__gtsf2</name>
         <value>0x2e99</value>
         <object_component_ref idref="oc-f4"/>
      </symbol>
      <symbol id="sm-376">
         <name>__gesf2</name>
         <value>0x2e99</value>
         <object_component_ref idref="oc-f4"/>
      </symbol>
      <symbol id="sm-37c">
         <name>__udivmoddi4</name>
         <value>0x1fa5</value>
         <object_component_ref idref="oc-17c"/>
      </symbol>
      <symbol id="sm-382">
         <name>__aeabi_llsl</name>
         <value>0x3251</value>
         <object_component_ref idref="oc-1c4"/>
      </symbol>
      <symbol id="sm-383">
         <name>__ashldi3</name>
         <value>0x3251</value>
         <object_component_ref idref="oc-1c4"/>
      </symbol>
      <symbol id="sm-391">
         <name>__ledf2</name>
         <value>0x2639</value>
         <object_component_ref idref="oc-19e"/>
      </symbol>
      <symbol id="sm-392">
         <name>__gedf2</name>
         <value>0x2415</value>
         <object_component_ref idref="oc-1a4"/>
      </symbol>
      <symbol id="sm-393">
         <name>__cmpdf2</name>
         <value>0x2639</value>
         <object_component_ref idref="oc-19e"/>
      </symbol>
      <symbol id="sm-394">
         <name>__eqdf2</name>
         <value>0x2639</value>
         <object_component_ref idref="oc-19e"/>
      </symbol>
      <symbol id="sm-395">
         <name>__ltdf2</name>
         <value>0x2639</value>
         <object_component_ref idref="oc-19e"/>
      </symbol>
      <symbol id="sm-396">
         <name>__nedf2</name>
         <value>0x2639</value>
         <object_component_ref idref="oc-19e"/>
      </symbol>
      <symbol id="sm-397">
         <name>__gtdf2</name>
         <value>0x2415</value>
         <object_component_ref idref="oc-1a4"/>
      </symbol>
      <symbol id="sm-3a3">
         <name>__aeabi_idiv0</name>
         <value>0x217f</value>
         <object_component_ref idref="oc-d6"/>
      </symbol>
      <symbol id="sm-3a4">
         <name>__aeabi_ldiv0</name>
         <value>0x231b</value>
         <object_component_ref idref="oc-1c3"/>
      </symbol>
      <symbol id="sm-3b2">
         <name>finddevice</name>
         <value>0x3059</value>
         <object_component_ref idref="oc-26d"/>
      </symbol>
      <symbol id="sm-3b3">
         <name>getdevice</name>
         <value>0x25cd</value>
         <object_component_ref idref="oc-264"/>
      </symbol>
      <symbol id="sm-3cc">
         <name>memcpy</name>
         <value>0x20e5</value>
         <object_component_ref idref="oc-78"/>
      </symbol>
      <symbol id="sm-3db">
         <name>memset</name>
         <value>0x2897</value>
         <object_component_ref idref="oc-cd"/>
      </symbol>
      <symbol id="sm-3e3">
         <name>strcmp</name>
         <value>0x2211</value>
         <object_component_ref idref="oc-270"/>
      </symbol>
      <symbol id="sm-3e4">
         <name>__TI_static_base__</name>
         <value>0x0</value>
      </symbol>
      <symbol id="sm-3e8">
         <name>__mpu_init</name>
         <value>0x0</value>
      </symbol>
      <symbol id="sm-3e9">
         <name>_system_post_cinit</name>
         <value>0x0</value>
      </symbol>
   </symbol_table>
   <title>Link successful</title>
</link_info>
