******************************************************************************
            TI ARM Clang Linker PC v4.0.3                      
******************************************************************************
>> Linked Fri Oct 31 14:09:43 2025

OUTPUT FILE NAME:   <Lab5_3.out>
ENTRY POINT SYMBOL: "_c_int00_noargs"  address: 000031e1


MEMORY CONFIGURATION

         name            origin    length      used     unused   attr    fill
----------------------  --------  ---------  --------  --------  ----  --------
  FLASH                 00000000   00020000  000035e8  0001ca18  R  X
  SRAM                  20200000   00008000  00000d9d  00007263  RW X
  BCR_CONFIG            41c00000   000000ff  00000000  000000ff  R   
  BSL_CONFIG            41c00100   00000080  00000000  00000080  R   


SEGMENT ALLOCATION MAP

run origin  load origin   length   init length attrs members
----------  ----------- ---------- ----------- ----- -------
00000000    00000000    000035e8   000035e8    r-x
  00000000    00000000    000000c0   000000c0    r-- .intvecs
  000000c0    000000c0    00003330   00003330    r-x .text
  000033f0    000033f0    00000170   00000170    r-- .rodata
  00003560    00003560    00000088   00000088    r-- .cinit
20200000    20200000    00000ba0   00000000    rw-
  20200000    20200000    00000800   00000000    rw- .sysmem
  20200800    20200800    000001d1   00000000    rw- .data
  202009d4    202009d4    000001cc   00000000    rw- .bss
20207e00    20207e00    00000200   00000000    rw-
  20207e00    20207e00    00000200   00000000    rw- .stack


SECTION ALLOCATION MAP

 output                                  attributes/
section   page    origin      length       input sections
--------  ----  ----------  ----------   ----------------
.intvecs   0    00000000    000000c0     
                  00000000    000000c0     startup_mspm0g350x_ticlang.o (.intvecs)

.text      0    000000c0    00003330     
                  000000c0    000009d0     libc.a : _printfi.c.obj (.text:__TI_printfi)
                  00000a90    000004cc     Lab5_3.o (.text.main)
                  00000f5c    00000220     libc.a : _printfi.c.obj (.text._pconv_a)
                  0000117c    000001dc            : _printfi.c.obj (.text._pconv_g)
                  00001358    00000192     libclang_rt.builtins.a : adddf3.S.obj (.text.adddf3_subdf3)
                  000014ea    00000002     startup_mspm0g350x_ticlang.o (.text.Default_Handler)
                  000014ec    0000013c     libc.a : _printfi.c.obj (.text.fcvt)
                  00001628    00000120            : _printfi.c.obj (.text._pconv_e)
                  00001748    00000114            : memory.c.obj (.text.aligned_alloc)
                  0000185c    0000010c     libclang_rt.builtins.a : divdf3.S.obj (.text.__divdf3)
                  00001968    000000f8     libc.a : fputs.c.obj (.text.fputs)
                  00001a60    000000e8     driverlib.a : dl_timer.o (.text.DL_Timer_initTimerMode)
                  00001b48    000000e8     libc.a : memory.c.obj (.text.free)
                  00001c30    000000e4     libclang_rt.builtins.a : muldf3.S.obj (.text.__muldf3)
                  00001d14    000000e0     libc.a : setvbuf.c.obj (.text.setvbuf)
                  00001df4    000000d8            : s_scalbn.c.obj (.text.scalbn)
                  00001ecc    000000d8     libclang_rt.builtins.a : addsf3.S.obj (.text)
                  00001fa4    000000a2                            : udivmoddi4.S.obj (.text)
                  00002046    00000002     ti_msp_dl_config.o (.text.SYSCFG_DL_GPIO_init)
                  00002048    0000009c     libc.a : fputc.c.obj (.text.fputc)
                  000020e4    0000009a            : memcpy16.S.obj (.text:memcpy)
                  0000217e    00000002     libclang_rt.builtins.a : aeabi_div0.c.obj (.text.__aeabi_idiv0)
                  00002180    0000008c                            : mulsf3.S.obj (.text.__mulsf3)
                  0000220c    00000004     libsysbm.a : hostexit.c.obj (.text.HOSTexit)
                  00002210    00000088     libc.a : strcmp-armv6m.S.obj (.text:strcmp)
                  00002298    00000082     libclang_rt.builtins.a : divsf3.S.obj (.text.__divsf3)
                  0000231a    00000002                            : aeabi_div0.c.obj (.text.__aeabi_ldiv0)
                  0000231c    0000007c     libc.a : fclose.c.obj (.text.__TI_closefile)
                  00002398    0000007c            : copy_decompress_lzss.c.obj (.text:decompress:lzss)
                  00002414    00000074     libclang_rt.builtins.a : comparedf2.c.obj (.text.__gedf2)
                  00002488    0000006c     libsysbm.a : hostlseek.c.obj (.text.HOSTlseek)
                  000024f4    0000006c                : hostrename.c.obj (.text.HOSTrename)
                  00002560    0000006c     libc.a : fseek.c.obj (.text.fseeko)
                  000025cc    0000006c            : getdevice.c.obj (.text.getdevice)
                  00002638    00000068     libclang_rt.builtins.a : comparedf2.c.obj (.text.__ledf2)
                  000026a0    00000066     libc.a : _printfi.c.obj (.text._mcpy)
                  00002706    00000064            : _io_perm.c.obj (.text.__TI_wrt_ok)
                  0000276a    00000002            : _lock.c.obj (.text._nop)
                  0000276c    00000064            : memory.c.obj (.text.split)
                  000027d0    00000062     libclang_rt.builtins.a : aeabi_dcmp.S.obj (.text.__aeabi_dcmp)
                  00002832    00000002     --HOLE-- [fill = 0]
                  00002834    00000062                            : aeabi_fcmp.S.obj (.text.__aeabi_fcmp)
                  00002896    00000062     libc.a : memset16.S.obj (.text:memset)
                  000028f8    00000060     libsysbm.a : hostopen.c.obj (.text.HOSTopen)
                  00002958    0000005c     libc.a : s_frexp.c.obj (.text.frexp)
                  000029b4    0000005c            : printf.c.obj (.text.printf)
                  00002a10    00000058     libsysbm.a : hostread.c.obj (.text.HOSTread)
                  00002a68    00000058                : hostwrite.c.obj (.text.HOSTwrite)
                  00002ac0    00000058     libc.a : _ltoa.c.obj (.text.__TI_ltoa)
                  00002b18    00000058            : _printfi.c.obj (.text._pconv_f)
                  00002b70    00000056     libclang_rt.builtins.a : aeabi_idivmod.S.obj (.text.__aeabi_idivmod)
                  00002bc6    00000052     libc.a : fflush.c.obj (.text.__TI_doflush)
                  00002c18    00000052            : _printfi.c.obj (.text._ecpy)
                  00002c6a    00000002     --HOLE-- [fill = 0]
                  00002c6c    00000050     libsysbm.a : close.c.obj (.text.close)
                  00002cbc    0000004a     libclang_rt.builtins.a : fixdfsi.S.obj (.text.__fixdfsi)
                  00002d06    00000002     --HOLE-- [fill = 0]
                  00002d08    00000048     libsysbm.a : hostclose.c.obj (.text.HOSTclose)
                  00002d50    00000048                : hostunlink.c.obj (.text.HOSTunlink)
                  00002d98    00000040     ti_msp_dl_config.o (.text.SYSCFG_DL_SYSCTL_init)
                  00002dd8    00000040     libclang_rt.builtins.a : aeabi_uidivmod.S.obj (.text.__aeabi_uidivmod)
                  00002e18    00000040                            : extendsfdf2.S.obj (.text.__extendsfdf2)
                  00002e58    00000040     libc.a : atoi.c.obj (.text.atoi)
                  00002e98    0000003c     libclang_rt.builtins.a : comparesf2.S.obj (.text.__gtsf2)
                  00002ed4    0000003c     libc.a : autoinit.c.obj (.text:__TI_auto_init_nobinit_nopinit)
                  00002f10    0000003a     libclang_rt.builtins.a : comparesf2.S.obj (.text.__eqsf2)
                  00002f4a    00000002     --HOLE-- [fill = 0]
                  00002f4c    0000003a                            : muldsi3.S.obj (.text.__muldsi3)
                  00002f86    00000002     --HOLE-- [fill = 0]
                  00002f88    00000034     libc.a : fopen.c.obj (.text.__TI_cleanup)
                  00002fbc    00000034     libsysbm.a : trgmsg.c.obj (.text.__TI_readmsg)
                  00002ff0    00000034                : trgmsg.c.obj (.text.__TI_writemsg)
                  00003024    00000034     libc.a : exit.c.obj (.text.exit)
                  00003058    00000034            : getdevice.c.obj (.text.finddevice)
                  0000308c    00000030            : _printfi.c.obj (.text._fcpy)
                  000030bc    0000002c     ti_msp_dl_config.o (.text.SYSCFG_DL_initPower)
                  000030e8    0000002c     libclang_rt.builtins.a : floatsidf.S.obj (.text.__floatsidf)
                  00003114    0000002c     libsysbm.a : unlink.c.obj (.text.unlink)
                  00003140    00000028     libclang_rt.builtins.a : floatunsisf.S.obj (.text.__floatunsisf)
                  00003168    00000028     libc.a : memory.c.obj (.text.free_list_insert)
                  00003190    00000028     libsysbm.a : lseek.c.obj (.text.lseek)
                  000031b8    00000028                : write.c.obj (.text.write)
                  000031e0    00000028     libc.a : boot_cortex_m.c.obj (.text:_c_int00_noargs)
                  00003208    00000024     libclang_rt.builtins.a : muldi3.S.obj (.text.__muldi3)
                  0000322c    00000022     libc.a : memccpy.c.obj (.text.memccpy)
                  0000324e    00000002     --HOLE-- [fill = 0]
                  00003250    0000001e     libclang_rt.builtins.a : ashldi3.S.obj (.text.__ashldi3)
                  0000326e    00000002     --HOLE-- [fill = 0]
                  00003270    0000001c     driverlib.a : dl_timer.o (.text.DL_Timer_setClockConfig)
                  0000328c    0000001c     libc.a : memory.c.obj (.text.free_list_remove)
                  000032a8    00000016            : copy_zero_init.c.obj (.text:decompress:ZI:__TI_zero_init_nomemset)
                  000032be    00000002     --HOLE-- [fill = 0]
                  000032c0    00000014     libclang_rt.builtins.a : aeabi_uldivmod.S.obj (.text.__aeabi_uldivmod)
                  000032d4    00000014     libc.a : _printfi.c.obj (.text.strchr)
                  000032e8    00000012            : copy_decompress_none.c.obj (.text:decompress:none)
                  000032fa    00000010     ti_msp_dl_config.o (.text.SYSCFG_DL_init)
                  0000330a    00000010     libc.a : wcslen.c.obj (.text.wcslen)
                  0000331a    0000000e            : memory.c.obj (.text.OUTLINED_FUNCTION_0)
                  00003328    0000000e     libclang_rt.builtins.a : aeabi_memset.S.obj (.text.__aeabi_memset)
                  00003336    0000000e     libsysbm.a : hostrename.c.obj (.text.strcpy)
                  00003344    0000000e     libc.a : _printfi.c.obj (.text.strlen)
                  00003352    0000000e     libsysbm.a : hostrename.c.obj (.text.strlen)
                  00003360    0000000c     libclang_rt.builtins.a : aeabi_memset.S.obj (.text.__aeabi_memclr)
                  0000336c    0000000c     libc.a : memory.c.obj (.text.malloc)
                  00003378    0000000a     driverlib.a : dl_common.o (.text.DL_Common_delayCycles)
                  00003382    0000000a     libc.a : _printfi.c.obj (.text.OUTLINED_FUNCTION_0)
                  0000338c    00000010     libclang_rt.builtins.a : adddf3.S.obj (.tramp.__aeabi_dsub.1)
                  0000339c    0000000a     libc.a : _printfi.c.obj (.text.OUTLINED_FUNCTION_1)
                  000033a6    00000002     --HOLE-- [fill = 0]
                  000033a8    00000008            : aeabi_portable.c.obj (.text.__aeabi_errno_addr)
                  000033b0    00000008     libclang_rt.builtins.a : aeabi_memcpy.S.obj (.text.__aeabi_memcpy)
                  000033b8    00000008     libc.a : printf.c.obj (.text._outc)
                  000033c0    00000008            : printf.c.obj (.text._outs)
                  000033c8    00000008            : fseek.c.obj (.text.fseek)
                  000033d0    00000008     libsysbm.a : remove.c.obj (.text.remove)
                  000033d8    00000006     libc.a : exit.c.obj (.text:abort)
                  000033de    00000004     startup_mspm0g350x_ticlang.o (.text.Reset_Handler)
                  000033e2    00000004     libc.a : pre_init.c.obj (.text._system_pre_init)
                  000033e6    0000000a     --HOLE-- [fill = 0]

.cinit     0    00003560    00000088     
                  00003560    0000005f     (.cinit..data.load) [load image, compression = lzss]
                  000035bf    00000001     --HOLE-- [fill = 0]
                  000035c0    0000000c     (__TI_handler_table)
                  000035cc    00000008     (.cinit..bss.load) [load image, compression = zero_init]
                  000035d4    00000010     (__TI_cinit_table)
                  000035e4    00000004     --HOLE-- [fill = 0]

.rodata    0    000033f0    00000170     
                  000033f0    00000101     libc.a : aeabi_ctype.S.obj (.rodata:__aeabi_ctype_table_)
                  000034f1    00000046     Lab5_3.o (.rodata.str1.8135718461659766533.1)
                  00003537    00000011     libc.a : _printfi.c.obj (.rodata.str1.10348868589481759720.1)
                  00003548    00000011            : _printfi.c.obj (.rodata.str1.15363888844622738466.1)
                  00003559    00000007     --HOLE-- [fill = 0]

.init_array 
*          0    00000000    00000000     UNINITIALIZED

.binit     0    00000000    00000000     

.sysmem    0    20200000    00000800     UNINITIALIZED
                  20200000    00000010     libc.a : memory.c.obj (.sysmem)
                  20200010    000007f0     --HOLE--

.data      0    20200800    000001d1     UNINITIALIZED
                  20200800    000000f0     libc.a : defs.c.obj (.data._ftable)
                  202008f0    00000078     libsysbm.a : host_device.c.obj (.data._device)
                  20200968    00000050                : host_device.c.obj (.data._stream)
                  202009b8    00000008     libc.a : exit.c.obj (.data..L_MergedGlobals)
                  202009c0    00000004            : defs.c.obj (.data.__TI_ft_end)
                  202009c4    00000004            : aeabi_portable.c.obj (.data.__aeabi_errno)
                  202009c8    00000004            : _lock.c.obj (.data._lock)
                  202009cc    00000004            : _lock.c.obj (.data._unlock)
                  202009d0    00000001            : memory.c.obj (.data.memory_is_initialized)

.bss       0    202009d4    000001cc     UNINITIALIZED
                  202009d4    00000120     libsysbm.a : trgmsg.c.obj (.bss:_CIOBUF_)
                  20200af4    000000a0     libc.a : defs.c.obj (.bss.__TI_tmpnams)
                  20200b94    00000008     libsysbm.a : hostopen.c.obj (.bss.parmbuf)
                  20200b9c    00000004     libc.a : memory.c.obj (.bss.sys_free)

.stack     0    20207e00    00000200     UNINITIALIZED
                  20207e00    00000004     libc.a : boot_cortex_m.c.obj (.stack)
                  20207e04    000001fc     --HOLE--

__llvm_prf_cnts 
*          0    20200000    00000000     UNINITIALIZED

__llvm_prf_bits 
*          0    20200000    00000000     UNINITIALIZED

MODULE SUMMARY

       Module                         code    ro data   rw data
       ------                         ----    -------   -------
    .\
       Lab5_3.o                       1228    70        0      
       startup_mspm0g350x_ticlang.o   6       192       0      
       ti_msp_dl_config.o             126     0         0      
    +--+------------------------------+-------+---------+---------+
       Total:                         1360    262       0      
                                                               
    C:/ti/mspm0_sdk_2_05_01_00/source/ti/driverlib/lib/ticlang/m0p/mspm0g1x0x_g3x0x/driverlib.a
       dl_timer.o                     260     0         0      
       dl_common.o                    10      0         0      
    +--+------------------------------+-------+---------+---------+
       Total:                         270     0         0      
                                                               
    C:\ti\ccs2020\ccs\tools\compiler\ti-cgt-armllvm_4.0.3.LTS\lib\armv6m-ti-none-eabi/c/libc.a
       _printfi.c.obj                 4510    34        0      
       memory.c.obj                   702     0         5      
       defs.c.obj                     0       0         404    
       aeabi_ctype.S.obj              0       257       0      
       fputs.c.obj                    248     0         0      
       setvbuf.c.obj                  224     0         0      
       s_scalbn.c.obj                 216     0         0      
       getdevice.c.obj                160     0         0      
       fputc.c.obj                    156     0         0      
       memcpy16.S.obj                 154     0         0      
       strcmp-armv6m.S.obj            136     0         0      
       copy_decompress_lzss.c.obj     124     0         0      
       fclose.c.obj                   124     0         0      
       fseek.c.obj                    116     0         0      
       printf.c.obj                   108     0         0      
       _io_perm.c.obj                 100     0         0      
       memset16.S.obj                 98      0         0      
       s_frexp.c.obj                  92      0         0      
       _ltoa.c.obj                    88      0         0      
       fflush.c.obj                   82      0         0      
       exit.c.obj                     58      0         8      
       atoi.c.obj                     64      0         0      
       autoinit.c.obj                 60      0         0      
       fopen.c.obj                    52      0         0      
       boot_cortex_m.c.obj            40      0         0      
       memccpy.c.obj                  34      0         0      
       copy_zero_init.c.obj           22      0         0      
       copy_decompress_none.c.obj     18      0         0      
       wcslen.c.obj                   16      0         0      
       aeabi_portable.c.obj           8       0         4      
       _lock.c.obj                    2       0         8      
       pre_init.c.obj                 4       0         0      
    +--+------------------------------+-------+---------+---------+
       Total:                         7816    291       429    
                                                               
    C:\ti\ccs2020\ccs\tools\compiler\ti-cgt-armllvm_4.0.3.LTS\lib\armv6m-ti-none-eabi/c/libsysbm.a
       trgmsg.c.obj                   104     0         288    
       host_device.c.obj              0       0         200    
       hostrename.c.obj               136     0         0      
       hostlseek.c.obj                108     0         0      
       hostopen.c.obj                 96      0         8      
       hostread.c.obj                 88      0         0      
       hostwrite.c.obj                88      0         0      
       close.c.obj                    80      0         0      
       hostclose.c.obj                72      0         0      
       hostunlink.c.obj               72      0         0      
       unlink.c.obj                   44      0         0      
       lseek.c.obj                    40      0         0      
       write.c.obj                    40      0         0      
       remove.c.obj                   8       0         0      
       hostexit.c.obj                 4       0         0      
    +--+------------------------------+-------+---------+---------+
       Total:                         980     0         496    
                                                               
    C:\ti\ccs2020\ccs\tools\compiler\ti-cgt-armllvm_4.0.3.LTS\lib\armv6m-ti-none-eabi/libclang_rt.builtins.a
       adddf3.S.obj                   418     0         0      
       divdf3.S.obj                   268     0         0      
       muldf3.S.obj                   228     0         0      
       comparedf2.c.obj               220     0         0      
       addsf3.S.obj                   216     0         0      
       udivmoddi4.S.obj               162     0         0      
       mulsf3.S.obj                   140     0         0      
       divsf3.S.obj                   130     0         0      
       comparesf2.S.obj               118     0         0      
       aeabi_dcmp.S.obj               98      0         0      
       aeabi_fcmp.S.obj               98      0         0      
       aeabi_idivmod.S.obj            86      0         0      
       fixdfsi.S.obj                  74      0         0      
       aeabi_uidivmod.S.obj           64      0         0      
       extendsfdf2.S.obj              64      0         0      
       muldsi3.S.obj                  58      0         0      
       floatsidf.S.obj                44      0         0      
       floatunsisf.S.obj              40      0         0      
       muldi3.S.obj                   36      0         0      
       ashldi3.S.obj                  30      0         0      
       aeabi_memset.S.obj             26      0         0      
       aeabi_uldivmod.S.obj           20      0         0      
       aeabi_memcpy.S.obj             8       0         0      
       aeabi_div0.c.obj               4       0         0      
    +--+------------------------------+-------+---------+---------+
       Total:                         2650    0         0      
                                                               
       Heap:                          0       0         2048   
       Stack:                         0       0         512    
       Linker Generated:              0       131       0      
    +--+------------------------------+-------+---------+---------+
       Grand Total:                   13076   684       3485   


LINKER GENERATED COPY TABLES

__TI_cinit_table @ 000035d4 records: 2, size/record: 8, table size: 16
	.data: load addr=00003560, load size=0000005f bytes, run addr=20200800, run size=000001d1 bytes, compression=lzss
	.bss: load addr=000035cc, load size=00000008 bytes, run addr=202009d4, run size=000001cc bytes, compression=zero_init


LINKER GENERATED HANDLER TABLE

__TI_handler_table @ 000035c0 records: 3, size/record: 4, table size: 12
	index: 0, handler: __TI_decompress_lzss
	index: 1, handler: __TI_decompress_none
	index: 2, handler: __TI_zero_init


FAR CALL TRAMPOLINES

callee name               trampoline name
   callee addr  tramp addr   call addr  call info
--------------  -----------  ---------  ----------------
__aeabi_dsub              $Tramp$TT$L$PI$$__aeabi_dsub
   00001359     0000338c     0000338a   libc.a : _printfi.c.obj (.text.OUTLINED_FUNCTION_0)

[1 trampolines]
[1 trampoline calls]


GLOBAL SYMBOLS: SORTED ALPHABETICALLY BY Name 

address   name                          
-------   ----                          
000014eb  ADC0_IRQHandler               
000014eb  ADC1_IRQHandler               
000014eb  AES_IRQHandler                
0000220c  C$$EXIT                       
0000301d  C$$IO$$                       
000014eb  CANFD0_IRQHandler             
000014eb  DAC0_IRQHandler               
00003379  DL_Common_delayCycles         
00001a61  DL_Timer_initTimerMode        
00003271  DL_Timer_setClockConfig       
000014eb  DMA_IRQHandler                
000014eb  Default_Handler               
000014eb  GROUP0_IRQHandler             
000014eb  GROUP1_IRQHandler             
00002d09  HOSTclose                     
0000220d  HOSTexit                      
00002489  HOSTlseek                     
000028f9  HOSTopen                      
00002a11  HOSTread                      
000024f5  HOSTrename                    
00002d51  HOSTunlink                    
00002a69  HOSTwrite                     
000014eb  HardFault_Handler             
000014eb  I2C0_IRQHandler               
000014eb  I2C1_IRQHandler               
000014eb  NMI_Handler                   
000014eb  PendSV_Handler                
000014eb  RTC_IRQHandler                
000033df  Reset_Handler                 
000014eb  SPI0_IRQHandler               
000014eb  SPI1_IRQHandler               
000014eb  SVC_Handler                   
00002047  SYSCFG_DL_GPIO_init           
00002d99  SYSCFG_DL_SYSCTL_init         
000032fb  SYSCFG_DL_init                
000030bd  SYSCFG_DL_initPower           
000014eb  SysTick_Handler               
000014eb  TIMA0_IRQHandler              
000014eb  TIMA1_IRQHandler              
000014eb  TIMG0_IRQHandler              
000014eb  TIMG12_IRQHandler             
000014eb  TIMG6_IRQHandler              
000014eb  TIMG7_IRQHandler              
000014eb  TIMG8_IRQHandler              
000014eb  UART0_IRQHandler              
000014eb  UART1_IRQHandler              
000014eb  UART2_IRQHandler              
000014eb  UART3_IRQHandler              
202009d4  _CIOBUF_                      
202009d4  __CIOBUF_                     
20208000  __STACK_END                   
00000200  __STACK_SIZE                  
00000800  __SYSMEM_SIZE                 
00000000  __TI_ATRegion0_region_sz      
00000000  __TI_ATRegion0_src_addr       
00000000  __TI_ATRegion0_trg_addr       
00000000  __TI_ATRegion1_region_sz      
00000000  __TI_ATRegion1_src_addr       
00000000  __TI_ATRegion1_trg_addr       
00000000  __TI_ATRegion2_region_sz      
00000000  __TI_ATRegion2_src_addr       
00000000  __TI_ATRegion2_trg_addr       
000035d4  __TI_CINIT_Base               
000035e4  __TI_CINIT_Limit              
000035e4  __TI_CINIT_Warm               
000035c0  __TI_Handler_Table_Base       
000035cc  __TI_Handler_Table_Limit      
00002ed5  __TI_auto_init_nobinit_nopinit
00002f89  __TI_cleanup                  
202009b8  __TI_cleanup_ptr              
0000231d  __TI_closefile                
00002399  __TI_decompress_lzss          
000032e9  __TI_decompress_none          
00002bc7  __TI_doflush                  
202009bc  __TI_dtors_ptr                
202009c0  __TI_ft_end                   
00002ac1  __TI_ltoa                     
ffffffff  __TI_pprof_out_hndl           
000000c1  __TI_printfi                  
ffffffff  __TI_prof_data_size           
ffffffff  __TI_prof_data_start          
00002fbd  __TI_readmsg                  
00000000  __TI_static_base__            
20200af4  __TI_tmpnams                  
00002ff1  __TI_writemsg                 
00002707  __TI_wrt_ok                   
000032a9  __TI_zero_init_nomemset       
00001363  __adddf3                      
00001ed7  __addsf3                      
000033f0  __aeabi_ctype_table_          
000033f0  __aeabi_ctype_table_C         
00002cbd  __aeabi_d2iz                  
00001363  __aeabi_dadd                  
000027d1  __aeabi_dcmpeq                
0000280d  __aeabi_dcmpge                
00002821  __aeabi_dcmpgt                
000027f9  __aeabi_dcmple                
000027e5  __aeabi_dcmplt                
0000185d  __aeabi_ddiv                  
00001c31  __aeabi_dmul                  
00001359  __aeabi_dsub                  
202009c4  __aeabi_errno                 
000033a9  __aeabi_errno_addr            
00002e19  __aeabi_f2d                   
00001ed7  __aeabi_fadd                  
00002835  __aeabi_fcmpeq                
00002871  __aeabi_fcmpge                
00002885  __aeabi_fcmpgt                
0000285d  __aeabi_fcmple                
00002849  __aeabi_fcmplt                
00002299  __aeabi_fdiv                  
00002181  __aeabi_fmul                  
00001ecd  __aeabi_fsub                  
000030e9  __aeabi_i2d                   
00002b71  __aeabi_idiv                  
0000217f  __aeabi_idiv0                 
00002b71  __aeabi_idivmod               
0000231b  __aeabi_ldiv0                 
00003251  __aeabi_llsl                  
00003209  __aeabi_lmul                  
00003361  __aeabi_memclr                
00003361  __aeabi_memclr4               
00003361  __aeabi_memclr8               
000033b1  __aeabi_memcpy                
000033b1  __aeabi_memcpy4               
000033b1  __aeabi_memcpy8               
00003329  __aeabi_memset                
00003329  __aeabi_memset4               
00003329  __aeabi_memset8               
00003141  __aeabi_ui2f                  
00002dd9  __aeabi_uidiv                 
00002dd9  __aeabi_uidivmod              
000032c1  __aeabi_uldivmod              
00003251  __ashldi3                     
ffffffff  __binit__                     
00002639  __cmpdf2                      
00002f11  __cmpsf2                      
0000185d  __divdf3                      
00002299  __divsf3                      
00002639  __eqdf2                       
00002f11  __eqsf2                       
00002e19  __extendsfdf2                 
00002cbd  __fixdfsi                     
000030e9  __floatsidf                   
00003141  __floatunsisf                 
00002415  __gedf2                       
00002e99  __gesf2                       
00002415  __gtdf2                       
00002e99  __gtsf2                       
00002639  __ledf2                       
00002f11  __lesf2                       
00002639  __ltdf2                       
00002f11  __ltsf2                       
UNDEFED   __mpu_init                    
00001c31  __muldf3                      
00003209  __muldi3                      
00002f4d  __muldsi3                     
00002181  __mulsf3                      
00002639  __nedf2                       
00002f11  __nesf2                       
20207e00  __stack                       
20200000  __start___llvm_prf_bits       
20200000  __start___llvm_prf_cnts       
20200000  __stop___llvm_prf_bits        
20200000  __stop___llvm_prf_cnts        
00001359  __subdf3                      
00001ecd  __subsf3                      
00001fa5  __udivmoddi4                  
000031e1  _c_int00_noargs               
202008f0  _device                       
20200800  _ftable                       
202009c8  _lock                         
0000276b  _nop                          
20200968  _stream                       
20200000  _sys_memory                   
UNDEFED   _system_post_cinit            
000033e3  _system_pre_init              
202009cc  _unlock                       
000033d9  abort                         
00001749  aligned_alloc                 
00002e59  atoi                          
ffffffff  binit                         
00002c6d  close                         
00003025  exit                          
00003059  finddevice                    
00002049  fputc                         
00001969  fputs                         
00001b49  free                          
00002959  frexp                         
00002959  frexpl                        
000033c9  fseek                         
00002561  fseeko                        
000025cd  getdevice                     
00000000  interruptVectors              
00001df5  ldexp                         
00001df5  ldexpl                        
00003191  lseek                         
00000a91  main                          
0000336d  malloc                        
00001749  memalign                      
0000322d  memccpy                       
000020e5  memcpy                        
00002897  memset                        
20200b94  parmbuf                       
000029b5  printf                        
000033d1  remove                        
00001df5  scalbn                        
00001df5  scalbnl                       
00001d15  setvbuf                       
00002211  strcmp                        
00003115  unlink                        
0000330b  wcslen                        
000031b9  write                         


GLOBAL SYMBOLS: SORTED BY Symbol Address 

address   name                          
-------   ----                          
00000000  __TI_ATRegion0_region_sz      
00000000  __TI_ATRegion0_src_addr       
00000000  __TI_ATRegion0_trg_addr       
00000000  __TI_ATRegion1_region_sz      
00000000  __TI_ATRegion1_src_addr       
00000000  __TI_ATRegion1_trg_addr       
00000000  __TI_ATRegion2_region_sz      
00000000  __TI_ATRegion2_src_addr       
00000000  __TI_ATRegion2_trg_addr       
00000000  __TI_static_base__            
00000000  interruptVectors              
000000c1  __TI_printfi                  
00000200  __STACK_SIZE                  
00000800  __SYSMEM_SIZE                 
00000a91  main                          
00001359  __aeabi_dsub                  
00001359  __subdf3                      
00001363  __adddf3                      
00001363  __aeabi_dadd                  
000014eb  ADC0_IRQHandler               
000014eb  ADC1_IRQHandler               
000014eb  AES_IRQHandler                
000014eb  CANFD0_IRQHandler             
000014eb  DAC0_IRQHandler               
000014eb  DMA_IRQHandler                
000014eb  Default_Handler               
000014eb  GROUP0_IRQHandler             
000014eb  GROUP1_IRQHandler             
000014eb  HardFault_Handler             
000014eb  I2C0_IRQHandler               
000014eb  I2C1_IRQHandler               
000014eb  NMI_Handler                   
000014eb  PendSV_Handler                
000014eb  RTC_IRQHandler                
000014eb  SPI0_IRQHandler               
000014eb  SPI1_IRQHandler               
000014eb  SVC_Handler                   
000014eb  SysTick_Handler               
000014eb  TIMA0_IRQHandler              
000014eb  TIMA1_IRQHandler              
000014eb  TIMG0_IRQHandler              
000014eb  TIMG12_IRQHandler             
000014eb  TIMG6_IRQHandler              
000014eb  TIMG7_IRQHandler              
000014eb  TIMG8_IRQHandler              
000014eb  UART0_IRQHandler              
000014eb  UART1_IRQHandler              
000014eb  UART2_IRQHandler              
000014eb  UART3_IRQHandler              
00001749  aligned_alloc                 
00001749  memalign                      
0000185d  __aeabi_ddiv                  
0000185d  __divdf3                      
00001969  fputs                         
00001a61  DL_Timer_initTimerMode        
00001b49  free                          
00001c31  __aeabi_dmul                  
00001c31  __muldf3                      
00001d15  setvbuf                       
00001df5  ldexp                         
00001df5  ldexpl                        
00001df5  scalbn                        
00001df5  scalbnl                       
00001ecd  __aeabi_fsub                  
00001ecd  __subsf3                      
00001ed7  __addsf3                      
00001ed7  __aeabi_fadd                  
00001fa5  __udivmoddi4                  
00002047  SYSCFG_DL_GPIO_init           
00002049  fputc                         
000020e5  memcpy                        
0000217f  __aeabi_idiv0                 
00002181  __aeabi_fmul                  
00002181  __mulsf3                      
0000220c  C$$EXIT                       
0000220d  HOSTexit                      
00002211  strcmp                        
00002299  __aeabi_fdiv                  
00002299  __divsf3                      
0000231b  __aeabi_ldiv0                 
0000231d  __TI_closefile                
00002399  __TI_decompress_lzss          
00002415  __gedf2                       
00002415  __gtdf2                       
00002489  HOSTlseek                     
000024f5  HOSTrename                    
00002561  fseeko                        
000025cd  getdevice                     
00002639  __cmpdf2                      
00002639  __eqdf2                       
00002639  __ledf2                       
00002639  __ltdf2                       
00002639  __nedf2                       
00002707  __TI_wrt_ok                   
0000276b  _nop                          
000027d1  __aeabi_dcmpeq                
000027e5  __aeabi_dcmplt                
000027f9  __aeabi_dcmple                
0000280d  __aeabi_dcmpge                
00002821  __aeabi_dcmpgt                
00002835  __aeabi_fcmpeq                
00002849  __aeabi_fcmplt                
0000285d  __aeabi_fcmple                
00002871  __aeabi_fcmpge                
00002885  __aeabi_fcmpgt                
00002897  memset                        
000028f9  HOSTopen                      
00002959  frexp                         
00002959  frexpl                        
000029b5  printf                        
00002a11  HOSTread                      
00002a69  HOSTwrite                     
00002ac1  __TI_ltoa                     
00002b71  __aeabi_idiv                  
00002b71  __aeabi_idivmod               
00002bc7  __TI_doflush                  
00002c6d  close                         
00002cbd  __aeabi_d2iz                  
00002cbd  __fixdfsi                     
00002d09  HOSTclose                     
00002d51  HOSTunlink                    
00002d99  SYSCFG_DL_SYSCTL_init         
00002dd9  __aeabi_uidiv                 
00002dd9  __aeabi_uidivmod              
00002e19  __aeabi_f2d                   
00002e19  __extendsfdf2                 
00002e59  atoi                          
00002e99  __gesf2                       
00002e99  __gtsf2                       
00002ed5  __TI_auto_init_nobinit_nopinit
00002f11  __cmpsf2                      
00002f11  __eqsf2                       
00002f11  __lesf2                       
00002f11  __ltsf2                       
00002f11  __nesf2                       
00002f4d  __muldsi3                     
00002f89  __TI_cleanup                  
00002fbd  __TI_readmsg                  
00002ff1  __TI_writemsg                 
0000301d  C$$IO$$                       
00003025  exit                          
00003059  finddevice                    
000030bd  SYSCFG_DL_initPower           
000030e9  __aeabi_i2d                   
000030e9  __floatsidf                   
00003115  unlink                        
00003141  __aeabi_ui2f                  
00003141  __floatunsisf                 
00003191  lseek                         
000031b9  write                         
000031e1  _c_int00_noargs               
00003209  __aeabi_lmul                  
00003209  __muldi3                      
0000322d  memccpy                       
00003251  __aeabi_llsl                  
00003251  __ashldi3                     
00003271  DL_Timer_setClockConfig       
000032a9  __TI_zero_init_nomemset       
000032c1  __aeabi_uldivmod              
000032e9  __TI_decompress_none          
000032fb  SYSCFG_DL_init                
0000330b  wcslen                        
00003329  __aeabi_memset                
00003329  __aeabi_memset4               
00003329  __aeabi_memset8               
00003361  __aeabi_memclr                
00003361  __aeabi_memclr4               
00003361  __aeabi_memclr8               
0000336d  malloc                        
00003379  DL_Common_delayCycles         
000033a9  __aeabi_errno_addr            
000033b1  __aeabi_memcpy                
000033b1  __aeabi_memcpy4               
000033b1  __aeabi_memcpy8               
000033c9  fseek                         
000033d1  remove                        
000033d9  abort                         
000033df  Reset_Handler                 
000033e3  _system_pre_init              
000033f0  __aeabi_ctype_table_          
000033f0  __aeabi_ctype_table_C         
000035c0  __TI_Handler_Table_Base       
000035cc  __TI_Handler_Table_Limit      
000035d4  __TI_CINIT_Base               
000035e4  __TI_CINIT_Limit              
000035e4  __TI_CINIT_Warm               
20200000  __start___llvm_prf_bits       
20200000  __start___llvm_prf_cnts       
20200000  __stop___llvm_prf_bits        
20200000  __stop___llvm_prf_cnts        
20200000  _sys_memory                   
20200800  _ftable                       
202008f0  _device                       
20200968  _stream                       
202009b8  __TI_cleanup_ptr              
202009bc  __TI_dtors_ptr                
202009c0  __TI_ft_end                   
202009c4  __aeabi_errno                 
202009c8  _lock                         
202009cc  _unlock                       
202009d4  _CIOBUF_                      
202009d4  __CIOBUF_                     
20200af4  __TI_tmpnams                  
20200b94  parmbuf                       
20207e00  __stack                       
20208000  __STACK_END                   
ffffffff  __TI_pprof_out_hndl           
ffffffff  __TI_prof_data_size           
ffffffff  __TI_prof_data_start          
ffffffff  __binit__                     
ffffffff  binit                         
UNDEFED   __mpu_init                    
UNDEFED   _system_post_cinit            

[213 symbols]
