******************************************************************************
            TI ARM Clang Linker PC v4.0.3                      
******************************************************************************
>> Linked Thu Nov 13 17:20:15 2025

OUTPUT FILE NAME:   <Lab6_1.3.out>
ENTRY POINT SYMBOL: "_c_int00_noinit_noargs"  address: 0000022d


MEMORY CONFIGURATION

         name            origin    length      used     unused   attr    fill
----------------------  --------  ---------  --------  --------  ----  --------
  FLASH                 00000000   00020000  00000308  0001fcf8  R  X
  SRAM                  20200000   00008000  00000200  00007e00  RW X
  BCR_CONFIG            41c00000   000000ff  00000000  000000ff  R   
  BSL_CONFIG            41c00100   00000080  00000000  00000080  R   


SEGMENT ALLOCATION MAP

run origin  load origin   length   init length attrs members
----------  ----------- ---------- ----------- ----- -------
00000000    00000000    00000308   00000308    r-x
  00000000    00000000    000000c0   000000c0    r-- .intvecs
  000000c0    000000c0    000001c0   000001c0    r-x .text
  00000280    00000280    00000088   00000088    r-- .rodata
20207e00    20207e00    00000200   00000000    rw-
  20207e00    20207e00    00000200   00000000    rw- .stack


SECTION ALLOCATION MAP

 output                                  attributes/
section   page    origin      length       input sections
--------  ----  ----------  ----------   ----------------
.intvecs   0    00000000    000000c0     
                  00000000    000000c0     startup_mspm0g350x_ticlang.o (.intvecs)

.text      0    000000c0    000001c0     
                  000000c0    00000100     Lab6_1.3.o (.text.main)
                  000001c0    00000040     ti_msp_dl_config.o (.text.SYSCFG_DL_SYSCTL_init)
                  00000200    0000002c     ti_msp_dl_config.o (.text.SYSCFG_DL_initPower)
                  0000022c    00000020     libc.a : boot_cortex_m.c.obj (.text:_c_int00_noinit_noargs)
                  0000024c    00000010     ti_msp_dl_config.o (.text.SYSCFG_DL_init)
                  0000025c    0000000a     driverlib.a : dl_common.o (.text.DL_Common_delayCycles)
                  00000266    00000006     libc.a : exit.c.obj (.text:abort)
                  0000026c    00000004     libsysbm.a : hostexit.c.obj (.text.HOSTexit)
                  00000270    00000004     startup_mspm0g350x_ticlang.o (.text.Reset_Handler)
                  00000274    00000004     libc.a : pre_init.c.obj (.text._system_pre_init)
                  00000278    00000002     startup_mspm0g350x_ticlang.o (.text.Default_Handler)
                  0000027a    00000002     ti_msp_dl_config.o (.text.SYSCFG_DL_GPIO_init)
                  0000027c    00000004     --HOLE-- [fill = 0]

.cinit     0    00000000    00000000     

.rodata    0    00000280    00000088     
                  00000280    00000083     Lab6_1.3.o (.rodata.str1.6603456849594117264.1)
                  00000303    00000005     --HOLE-- [fill = 0]

.init_array 
*          0    00000000    00000000     UNINITIALIZED

.binit     0    00000000    00000000     

.stack     0    20207e00    00000200     UNINITIALIZED
                  20207e00    00000004     libc.a : boot_cortex_m.c.obj (.stack)
                  20207e04    000001fc     --HOLE--

__llvm_prf_cnts 
*          0    20200000    00000000     UNINITIALIZED

__llvm_prf_bits 
*          0    20200000    00000000     UNINITIALIZED

MODULE SUMMARY

       Module                         code   ro data   rw data
       ------                         ----   -------   -------
    .\
       Lab6_1.3.o                     256    131       0      
       startup_mspm0g350x_ticlang.o   6      192       0      
       ti_msp_dl_config.o             126    0         0      
    +--+------------------------------+------+---------+---------+
       Total:                         388    323       0      
                                                              
    C:/ti/mspm0_sdk_2_05_01_00/source/ti/driverlib/lib/ticlang/m0p/mspm0g1x0x_g3x0x/driverlib.a
       dl_common.o                    10     0         0      
    +--+------------------------------+------+---------+---------+
       Total:                         10     0         0      
                                                              
    C:\ti\ccs2020\ccs\tools\compiler\ti-cgt-armllvm_4.0.3.LTS\lib\armv6m-ti-none-eabi/c/libc.a
       boot_cortex_m.c.obj            32     0         0      
       exit.c.obj                     6      0         0      
       pre_init.c.obj                 4      0         0      
    +--+------------------------------+------+---------+---------+
       Total:                         42     0         0      
                                                              
    C:\ti\ccs2020\ccs\tools\compiler\ti-cgt-armllvm_4.0.3.LTS\lib\armv6m-ti-none-eabi/c/libsysbm.a
       hostexit.c.obj                 4      0         0      
    +--+------------------------------+------+---------+---------+
       Total:                         4      0         0      
                                                              
       Stack:                         0      0         512    
    +--+------------------------------+------+---------+---------+
       Grand Total:                   444    323       512    


GLOBAL SYMBOLS: SORTED ALPHABETICALLY BY Name 

address   name                    
-------   ----                    
00000279  ADC0_IRQHandler         
00000279  ADC1_IRQHandler         
00000279  AES_IRQHandler          
0000026c  C$$EXIT                 
00000279  CANFD0_IRQHandler       
00000279  DAC0_IRQHandler         
0000025d  DL_Common_delayCycles   
00000279  DMA_IRQHandler          
00000279  Default_Handler         
00000279  GROUP0_IRQHandler       
00000279  GROUP1_IRQHandler       
0000026d  HOSTexit                
00000279  HardFault_Handler       
00000279  I2C0_IRQHandler         
00000279  I2C1_IRQHandler         
00000279  NMI_Handler             
00000279  PendSV_Handler          
00000279  RTC_IRQHandler          
00000271  Reset_Handler           
00000279  SPI0_IRQHandler         
00000279  SPI1_IRQHandler         
00000279  SVC_Handler             
0000027b  SYSCFG_DL_GPIO_init     
000001c1  SYSCFG_DL_SYSCTL_init   
0000024d  SYSCFG_DL_init          
00000201  SYSCFG_DL_initPower     
00000279  SysTick_Handler         
00000279  TIMA0_IRQHandler        
00000279  TIMA1_IRQHandler        
00000279  TIMG0_IRQHandler        
00000279  TIMG12_IRQHandler       
00000279  TIMG6_IRQHandler        
00000279  TIMG7_IRQHandler        
00000279  TIMG8_IRQHandler        
00000279  UART0_IRQHandler        
00000279  UART1_IRQHandler        
00000279  UART2_IRQHandler        
00000279  UART3_IRQHandler        
20208000  __STACK_END             
00000200  __STACK_SIZE            
00000000  __TI_ATRegion0_region_sz
00000000  __TI_ATRegion0_src_addr 
00000000  __TI_ATRegion0_trg_addr 
00000000  __TI_ATRegion1_region_sz
00000000  __TI_ATRegion1_src_addr 
00000000  __TI_ATRegion1_trg_addr 
00000000  __TI_ATRegion2_region_sz
00000000  __TI_ATRegion2_src_addr 
00000000  __TI_ATRegion2_trg_addr 
00000000  __TI_CINIT_Base         
00000000  __TI_CINIT_Limit        
00000000  __TI_CINIT_Warm         
ffffffff  __TI_pprof_out_hndl     
ffffffff  __TI_prof_data_size     
ffffffff  __TI_prof_data_start    
00000000  __TI_static_base__      
ffffffff  __binit__               
UNDEFED   __mpu_init              
20207e00  __stack                 
20200000  __start___llvm_prf_bits 
20200000  __start___llvm_prf_cnts 
20200000  __stop___llvm_prf_bits  
20200000  __stop___llvm_prf_cnts  
0000022d  _c_int00_noinit_noargs  
00000275  _system_pre_init        
00000267  abort                   
ffffffff  binit                   
00000000  interruptVectors        
000000c1  main                    


GLOBAL SYMBOLS: SORTED BY Symbol Address 

address   name                    
-------   ----                    
00000000  __TI_ATRegion0_region_sz
00000000  __TI_ATRegion0_src_addr 
00000000  __TI_ATRegion0_trg_addr 
00000000  __TI_ATRegion1_region_sz
00000000  __TI_ATRegion1_src_addr 
00000000  __TI_ATRegion1_trg_addr 
00000000  __TI_ATRegion2_region_sz
00000000  __TI_ATRegion2_src_addr 
00000000  __TI_ATRegion2_trg_addr 
00000000  __TI_CINIT_Base         
00000000  __TI_CINIT_Limit        
00000000  __TI_CINIT_Warm         
00000000  __TI_static_base__      
00000000  interruptVectors        
000000c1  main                    
000001c1  SYSCFG_DL_SYSCTL_init   
00000200  __STACK_SIZE            
00000201  SYSCFG_DL_initPower     
0000022d  _c_int00_noinit_noargs  
0000024d  SYSCFG_DL_init          
0000025d  DL_Common_delayCycles   
00000267  abort                   
0000026c  C$$EXIT                 
0000026d  HOSTexit                
00000271  Reset_Handler           
00000275  _system_pre_init        
00000279  ADC0_IRQHandler         
00000279  ADC1_IRQHandler         
00000279  AES_IRQHandler          
00000279  CANFD0_IRQHandler       
00000279  DAC0_IRQHandler         
00000279  DMA_IRQHandler          
00000279  Default_Handler         
00000279  GROUP0_IRQHandler       
00000279  GROUP1_IRQHandler       
00000279  HardFault_Handler       
00000279  I2C0_IRQHandler         
00000279  I2C1_IRQHandler         
00000279  NMI_Handler             
00000279  PendSV_Handler          
00000279  RTC_IRQHandler          
00000279  SPI0_IRQHandler         
00000279  SPI1_IRQHandler         
00000279  SVC_Handler             
00000279  SysTick_Handler         
00000279  TIMA0_IRQHandler        
00000279  TIMA1_IRQHandler        
00000279  TIMG0_IRQHandler        
00000279  TIMG12_IRQHandler       
00000279  TIMG6_IRQHandler        
00000279  TIMG7_IRQHandler        
00000279  TIMG8_IRQHandler        
00000279  UART0_IRQHandler        
00000279  UART1_IRQHandler        
00000279  UART2_IRQHandler        
00000279  UART3_IRQHandler        
0000027b  SYSCFG_DL_GPIO_init     
20200000  __start___llvm_prf_bits 
20200000  __start___llvm_prf_cnts 
20200000  __stop___llvm_prf_bits  
20200000  __stop___llvm_prf_cnts  
20207e00  __stack                 
20208000  __STACK_END             
ffffffff  __TI_pprof_out_hndl     
ffffffff  __TI_prof_data_size     
ffffffff  __TI_prof_data_start    
ffffffff  __binit__               
ffffffff  binit                   
UNDEFED   __mpu_init              

[69 symbols]
