******************************************************************************
            TI ARM Clang Linker PC v4.0.3                      
******************************************************************************
>> Linked Thu Nov 13 15:41:06 2025

OUTPUT FILE NAME:   <Lab6_1.1.out>
ENTRY POINT SYMBOL: "_c_int00_noinit_noargs"  address: 00000225


MEMORY CONFIGURATION

         name            origin    length      used     unused   attr    fill
----------------------  --------  ---------  --------  --------  ----  --------
  FLASH                 00000000   00020000  00000298  0001fd68  R  X
  SRAM                  20200000   00008000  00000200  00007e00  RW X
  BCR_CONFIG            41c00000   000000ff  00000000  000000ff  R   
  BSL_CONFIG            41c00100   00000080  00000000  00000080  R   


SEGMENT ALLOCATION MAP

run origin  load origin   length   init length attrs members
----------  ----------- ---------- ----------- ----- -------
00000000    00000000    00000298   00000298    r-x
  00000000    00000000    000000c0   000000c0    r-- .intvecs
  000000c0    000000c0    000001c8   000001c8    r-x .text
  00000288    00000288    00000010   00000010    r-- .rodata
20207e00    20207e00    00000200   00000000    rw-
  20207e00    20207e00    00000200   00000000    rw- .stack


SECTION ALLOCATION MAP

 output                                  attributes/
section   page    origin      length       input sections
--------  ----  ----------  ----------   ----------------
.intvecs   0    00000000    000000c0     
                  00000000    000000c0     startup_mspm0g350x_ticlang.o (.intvecs)

.text      0    000000c0    000001c8     
                  000000c0    000000b0     Lab6_1.1.o (.text.main)
                  00000170    00000048     driverlib.a : dl_uart.o (.text.DL_UART_init)
                  000001b8    00000040     ti_msp_dl_config.o (.text.SYSCFG_DL_SYSCTL_init)
                  000001f8    0000002c     ti_msp_dl_config.o (.text.SYSCFG_DL_initPower)
                  00000224    00000020     libc.a : boot_cortex_m.c.obj (.text:_c_int00_noinit_noargs)
                  00000244    00000012     driverlib.a : dl_uart.o (.text.DL_UART_setClockConfig)
                  00000256    00000010     ti_msp_dl_config.o (.text.SYSCFG_DL_init)
                  00000266    0000000a     driverlib.a : dl_common.o (.text.DL_Common_delayCycles)
                  00000270    00000006     libc.a : exit.c.obj (.text:abort)
                  00000276    00000004     libsysbm.a : hostexit.c.obj (.text.HOSTexit)
                  0000027a    00000004     startup_mspm0g350x_ticlang.o (.text.Reset_Handler)
                  0000027e    00000004     libc.a : pre_init.c.obj (.text._system_pre_init)
                  00000282    00000002     startup_mspm0g350x_ticlang.o (.text.Default_Handler)
                  00000284    00000002     ti_msp_dl_config.o (.text.SYSCFG_DL_GPIO_init)
                  00000286    00000002     --HOLE-- [fill = 0]

.cinit     0    00000000    00000000     

.rodata    0    00000288    00000010     
                  00000288    0000000a     Lab6_1.1.o (.rodata.main.gUART_0Config)
                  00000292    00000002     Lab6_1.1.o (.rodata.main.gUART_0ClockConfig)
                  00000294    00000004     --HOLE-- [fill = 0]

.init_array 
*          0    00000000    00000000     UNINITIALIZED

.binit     0    00000000    00000000     

.stack     0    20207e00    00000200     UNINITIALIZED
                  20207e00    00000004     libc.a : boot_cortex_m.c.obj (.stack)
                  20207e04    000001fc     --HOLE--

__llvm_prf_cnts 
*          0    20200000    00000000     UNINITIALIZED

__llvm_prf_bits 
*          0    20200000    00000000     UNINITIALIZED

MODULE SUMMARY

       Module                         code   ro data   rw data
       ------                         ----   -------   -------
    .\
       startup_mspm0g350x_ticlang.o   6      192       0      
       Lab6_1.1.o                     176    12        0      
       ti_msp_dl_config.o             126    0         0      
    +--+------------------------------+------+---------+---------+
       Total:                         308    204       0      
                                                              
    C:/ti/mspm0_sdk_2_05_01_00/source/ti/driverlib/lib/ticlang/m0p/mspm0g1x0x_g3x0x/driverlib.a
       dl_uart.o                      90     0         0      
       dl_common.o                    10     0         0      
    +--+------------------------------+------+---------+---------+
       Total:                         100    0         0      
                                                              
    C:\ti\ccs2020\ccs\tools\compiler\ti-cgt-armllvm_4.0.3.LTS\lib\armv6m-ti-none-eabi/c/libc.a
       boot_cortex_m.c.obj            32     0         0      
       exit.c.obj                     6      0         0      
       pre_init.c.obj                 4      0         0      
    +--+------------------------------+------+---------+---------+
       Total:                         42     0         0      
                                                              
    C:\ti\ccs2020\ccs\tools\compiler\ti-cgt-armllvm_4.0.3.LTS\lib\armv6m-ti-none-eabi/c/libsysbm.a
       hostexit.c.obj                 4      0         0      
    +--+------------------------------+------+---------+---------+
       Total:                         4      0         0      
                                                              
       Stack:                         0      0         512    
    +--+------------------------------+------+---------+---------+
       Grand Total:                   454    204       512    


GLOBAL SYMBOLS: SORTED ALPHABETICALLY BY Name 

address   name                    
-------   ----                    
00000283  ADC0_IRQHandler         
00000283  ADC1_IRQHandler         
00000283  AES_IRQHandler          
00000276  C$$EXIT                 
00000283  CANFD0_IRQHandler       
00000283  DAC0_IRQHandler         
00000267  DL_Common_delayCycles   
00000171  DL_UART_init            
00000245  DL_UART_setClockConfig  
00000283  DMA_IRQHandler          
00000283  Default_Handler         
00000283  GROUP0_IRQHandler       
00000283  GROUP1_IRQHandler       
00000277  HOSTexit                
00000283  HardFault_Handler       
00000283  I2C0_IRQHandler         
00000283  I2C1_IRQHandler         
00000283  NMI_Handler             
00000283  PendSV_Handler          
00000283  RTC_IRQHandler          
0000027b  Reset_Handler           
00000283  SPI0_IRQHandler         
00000283  SPI1_IRQHandler         
00000283  SVC_Handler             
00000285  SYSCFG_DL_GPIO_init     
000001b9  SYSCFG_DL_SYSCTL_init   
00000257  SYSCFG_DL_init          
000001f9  SYSCFG_DL_initPower     
00000283  SysTick_Handler         
00000283  TIMA0_IRQHandler        
00000283  TIMA1_IRQHandler        
00000283  TIMG0_IRQHandler        
00000283  TIMG12_IRQHandler       
00000283  TIMG6_IRQHandler        
00000283  TIMG7_IRQHandler        
00000283  TIMG8_IRQHandler        
00000283  UART0_IRQHandler        
00000283  UART1_IRQHandler        
00000283  UART2_IRQHandler        
00000283  UART3_IRQHandler        
20208000  __STACK_END             
00000200  __STACK_SIZE            
00000000  __TI_ATRegion0_region_sz
00000000  __TI_ATRegion0_src_addr 
00000000  __TI_ATRegion0_trg_addr 
00000000  __TI_ATRegion1_region_sz
00000000  __TI_ATRegion1_src_addr 
00000000  __TI_ATRegion1_trg_addr 
00000000  __TI_ATRegion2_region_sz
00000000  __TI_ATRegion2_src_addr 
00000000  __TI_ATRegion2_trg_addr 
00000000  __TI_CINIT_Base         
00000000  __TI_CINIT_Limit        
00000000  __TI_CINIT_Warm         
ffffffff  __TI_pprof_out_hndl     
ffffffff  __TI_prof_data_size     
ffffffff  __TI_prof_data_start    
00000000  __TI_static_base__      
ffffffff  __binit__               
UNDEFED   __mpu_init              
20207e00  __stack                 
20200000  __start___llvm_prf_bits 
20200000  __start___llvm_prf_cnts 
20200000  __stop___llvm_prf_bits  
20200000  __stop___llvm_prf_cnts  
00000225  _c_int00_noinit_noargs  
0000027f  _system_pre_init        
00000271  abort                   
ffffffff  binit                   
00000000  interruptVectors        
000000c1  main                    


GLOBAL SYMBOLS: SORTED BY Symbol Address 

address   name                    
-------   ----                    
00000000  __TI_ATRegion0_region_sz
00000000  __TI_ATRegion0_src_addr 
00000000  __TI_ATRegion0_trg_addr 
00000000  __TI_ATRegion1_region_sz
00000000  __TI_ATRegion1_src_addr 
00000000  __TI_ATRegion1_trg_addr 
00000000  __TI_ATRegion2_region_sz
00000000  __TI_ATRegion2_src_addr 
00000000  __TI_ATRegion2_trg_addr 
00000000  __TI_CINIT_Base         
00000000  __TI_CINIT_Limit        
00000000  __TI_CINIT_Warm         
00000000  __TI_static_base__      
00000000  interruptVectors        
000000c1  main                    
00000171  DL_UART_init            
000001b9  SYSCFG_DL_SYSCTL_init   
000001f9  SYSCFG_DL_initPower     
00000200  __STACK_SIZE            
00000225  _c_int00_noinit_noargs  
00000245  DL_UART_setClockConfig  
00000257  SYSCFG_DL_init          
00000267  DL_Common_delayCycles   
00000271  abort                   
00000276  C$$EXIT                 
00000277  HOSTexit                
0000027b  Reset_Handler           
0000027f  _system_pre_init        
00000283  ADC0_IRQHandler         
00000283  ADC1_IRQHandler         
00000283  AES_IRQHandler          
00000283  CANFD0_IRQHandler       
00000283  DAC0_IRQHandler         
00000283  DMA_IRQHandler          
00000283  Default_Handler         
00000283  GROUP0_IRQHandler       
00000283  GROUP1_IRQHandler       
00000283  HardFault_Handler       
00000283  I2C0_IRQHandler         
00000283  I2C1_IRQHandler         
00000283  NMI_Handler             
00000283  PendSV_Handler          
00000283  RTC_IRQHandler          
00000283  SPI0_IRQHandler         
00000283  SPI1_IRQHandler         
00000283  SVC_Handler             
00000283  SysTick_Handler         
00000283  TIMA0_IRQHandler        
00000283  TIMA1_IRQHandler        
00000283  TIMG0_IRQHandler        
00000283  TIMG12_IRQHandler       
00000283  TIMG6_IRQHandler        
00000283  TIMG7_IRQHandler        
00000283  TIMG8_IRQHandler        
00000283  UART0_IRQHandler        
00000283  UART1_IRQHandler        
00000283  UART2_IRQHandler        
00000283  UART3_IRQHandler        
00000285  SYSCFG_DL_GPIO_init     
20200000  __start___llvm_prf_bits 
20200000  __start___llvm_prf_cnts 
20200000  __stop___llvm_prf_bits  
20200000  __stop___llvm_prf_cnts  
20207e00  __stack                 
20208000  __STACK_END             
ffffffff  __TI_pprof_out_hndl     
ffffffff  __TI_prof_data_size     
ffffffff  __TI_prof_data_start    
ffffffff  __binit__               
ffffffff  binit                   
UNDEFED   __mpu_init              

[71 symbols]
