******************************************************************************
            TI ARM Clang Linker PC v4.0.3                      
******************************************************************************
>> Linked Sun Oct  5 23:30:03 2025

OUTPUT FILE NAME:   <Lab3_3.2.out>
ENTRY POINT SYMBOL: "_c_int00_noargs"  address: 000014b9


MEMORY CONFIGURATION

         name            origin    length      used     unused   attr    fill
----------------------  --------  ---------  --------  --------  ----  --------
  FLASH                 00000000   00020000  000016e0  0001e920  R  X
  SRAM                  20200000   00008000  00000dfa  00007206  RW X
  BCR_CONFIG            41c00000   000000ff  00000000  000000ff  R   
  BSL_CONFIG            41c00100   00000080  00000000  00000080  R   


SEGMENT ALLOCATION MAP

run origin  load origin   length   init length attrs members
----------  ----------- ---------- ----------- ----- -------
00000000    00000000    000016e0   000016e0    r-x
  00000000    00000000    000000c0   000000c0    r-- .intvecs
  000000c0    000000c0    00001560   00001560    r-x .text
  00001620    00001620    00000038   00000038    r-- .rodata
  00001658    00001658    00000088   00000088    r-- .cinit
20200000    20200000    00000bfa   00000000    rw-
  20200000    20200000    00000800   00000000    rw- .sysmem
  20200800    20200800    0000021c   00000000    rw- .bss
  20200a1c    20200a1c    000001de   00000000    rw- .data
20207e00    20207e00    00000200   00000000    rw-
  20207e00    20207e00    00000200   00000000    rw- .stack


SECTION ALLOCATION MAP

 output                                  attributes/
section   page    origin      length       input sections
--------  ----  ----------  ----------   ----------------
.intvecs   0    00000000    000000c0     
                  00000000    000000c0     startup_mspm0g350x_ticlang.o (.intvecs)

.text      0    000000c0    00001560     
                  000000c0    00000284     libc.a : _printfi.c.obj (.text:__TI_printfi_minimal)
                  00000344    00000148     Lab3_3.2.o (.text.main)
                  0000048c    00000114     libc.a : memory.c.obj (.text.aligned_alloc)
                  000005a0    000000f8            : fputs.c.obj (.text.fputs)
                  00000698    000000e8     driverlib.a : dl_timer.o (.text.DL_Timer_initTimerMode)
                  00000780    000000e8     libc.a : memory.c.obj (.text.free)
                  00000868    000000e0            : setvbuf.c.obj (.text.setvbuf)
                  00000948    0000009c            : fputc.c.obj (.text.fputc)
                  000009e4    0000009a            : memcpy16.S.obj (.text:memcpy)
                  00000a7e    00000002     startup_mspm0g350x_ticlang.o (.text.Default_Handler)
                  00000a80    00000088     libc.a : strcmp-armv6m.S.obj (.text:strcmp)
                  00000b08    0000007c            : fclose.c.obj (.text.__TI_closefile)
                  00000b84    0000007c            : copy_decompress_lzss.c.obj (.text:decompress:lzss)
                  00000c00    0000006c     libsysbm.a : hostlseek.c.obj (.text.HOSTlseek)
                  00000c6c    0000006c                : hostrename.c.obj (.text.HOSTrename)
                  00000cd8    0000006c     libc.a : fseek.c.obj (.text.fseeko)
                  00000d44    0000006c            : getdevice.c.obj (.text.getdevice)
                  00000db0    00000064            : _io_perm.c.obj (.text.__TI_wrt_ok)
                  00000e14    00000064            : memory.c.obj (.text.split)
                  00000e78    00000062            : memset16.S.obj (.text:memset)
                  00000eda    00000002     ti_msp_dl_config.o (.text.SYSCFG_DL_GPIO_init)
                  00000edc    00000060     libsysbm.a : hostopen.c.obj (.text.HOSTopen)
                  00000f3c    0000005c     libc.a : printf.c.obj (.text.printf)
                  00000f98    00000058     Lab3_3.2.o (.text.GROUP1_IRQHandler)
                  00000ff0    00000058     libsysbm.a : hostread.c.obj (.text.HOSTread)
                  00001048    00000058                : hostwrite.c.obj (.text.HOSTwrite)
                  000010a0    00000056     libclang_rt.builtins.a : aeabi_idivmod.S.obj (.text.__aeabi_idivmod)
                  000010f6    00000052     libc.a : fflush.c.obj (.text.__TI_doflush)
                  00001148    00000050     libsysbm.a : close.c.obj (.text.close)
                  00001198    00000048                : hostclose.c.obj (.text.HOSTclose)
                  000011e0    00000048                : hostunlink.c.obj (.text.HOSTunlink)
                  00001228    00000040     ti_msp_dl_config.o (.text.SYSCFG_DL_SYSCTL_init)
                  00001268    00000040     libclang_rt.builtins.a : aeabi_uidivmod.S.obj (.text.__aeabi_uidivmod)
                  000012a8    0000003c     libc.a : autoinit.c.obj (.text:__TI_auto_init_nobinit_nopinit)
                  000012e4    00000034            : fopen.c.obj (.text.__TI_cleanup)
                  00001318    00000034     libsysbm.a : trgmsg.c.obj (.text.__TI_readmsg)
                  0000134c    00000034                : trgmsg.c.obj (.text.__TI_writemsg)
                  00001380    00000034     libc.a : exit.c.obj (.text.exit)
                  000013b4    00000034            : getdevice.c.obj (.text.finddevice)
                  000013e8    0000002c     ti_msp_dl_config.o (.text.SYSCFG_DL_initPower)
                  00001414    0000002c     libsysbm.a : unlink.c.obj (.text.unlink)
                  00001440    00000028     libc.a : memory.c.obj (.text.free_list_insert)
                  00001468    00000028     libsysbm.a : lseek.c.obj (.text.lseek)
                  00001490    00000028                : write.c.obj (.text.write)
                  000014b8    00000028     libc.a : boot_cortex_m.c.obj (.text:_c_int00_noargs)
                  000014e0    00000022            : memccpy.c.obj (.text.memccpy)
                  00001502    00000002     libclang_rt.builtins.a : aeabi_div0.c.obj (.text.__aeabi_idiv0)
                  00001504    0000001c     driverlib.a : dl_timer.o (.text.DL_Timer_setClockConfig)
                  00001520    0000001c     libc.a : memory.c.obj (.text.free_list_remove)
                  0000153c    00000016            : copy_zero_init.c.obj (.text:decompress:ZI:__TI_zero_init_nomemset)
                  00001552    00000012            : copy_decompress_none.c.obj (.text:decompress:none)
                  00001564    00000010     ti_msp_dl_config.o (.text.SYSCFG_DL_init)
                  00001574    0000000e     libc.a : memory.c.obj (.text.OUTLINED_FUNCTION_0)
                  00001582    00000002            : _lock.c.obj (.text._nop)
                  00001584    0000000e     libclang_rt.builtins.a : aeabi_memset.S.obj (.text.__aeabi_memset)
                  00001592    0000000e     libsysbm.a : hostrename.c.obj (.text.strcpy)
                  000015a0    0000000e     libc.a : _printfi.c.obj (.text.strlen)
                  000015ae    0000000e     libsysbm.a : hostrename.c.obj (.text.strlen)
                  000015bc    0000000c     libclang_rt.builtins.a : aeabi_memset.S.obj (.text.__aeabi_memclr)
                  000015c8    0000000c     libc.a : memory.c.obj (.text.malloc)
                  000015d4    0000000a     driverlib.a : dl_common.o (.text.DL_Common_delayCycles)
                  000015de    00000002     --HOLE-- [fill = 0]
                  000015e0    00000008     libclang_rt.builtins.a : aeabi_memcpy.S.obj (.text.__aeabi_memcpy)
                  000015e8    00000008     libc.a : printf.c.obj (.text._outc)
                  000015f0    00000008            : printf.c.obj (.text._outs)
                  000015f8    00000008            : fseek.c.obj (.text.fseek)
                  00001600    00000008     libsysbm.a : remove.c.obj (.text.remove)
                  00001608    00000006     libc.a : exit.c.obj (.text:abort)
                  0000160e    00000004     libsysbm.a : hostexit.c.obj (.text.HOSTexit)
                  00001612    00000004     startup_mspm0g350x_ticlang.o (.text.Reset_Handler)
                  00001616    00000004     libc.a : pre_init.c.obj (.text._system_pre_init)
                  0000161a    00000006     --HOLE-- [fill = 0]

.cinit     0    00001658    00000088     
                  00001658    00000063     (.cinit..data.load) [load image, compression = lzss]
                  000016bb    00000001     --HOLE-- [fill = 0]
                  000016bc    0000000c     (__TI_handler_table)
                  000016c8    00000008     (.cinit..bss.load) [load image, compression = zero_init]
                  000016d0    00000010     (__TI_cinit_table)

.rodata    0    00001620    00000038     
                  00001620    00000021     Lab3_3.2.o (.rodata.str1.10574318570211577764.1)
                  00001641    00000011     libc.a : _printfi.c.obj (.rodata.str1.15363888844622738466.1)
                  00001652    00000006     --HOLE-- [fill = 0]

.init_array 
*          0    00000000    00000000     UNINITIALIZED

.binit     0    00000000    00000000     

.sysmem    0    20200000    00000800     UNINITIALIZED
                  20200000    00000010     libc.a : memory.c.obj (.sysmem)
                  20200010    000007f0     --HOLE--

.bss       0    20200800    0000021c     UNINITIALIZED
                  20200800    00000120     libsysbm.a : trgmsg.c.obj (.bss:_CIOBUF_)
                  20200920    000000a0     libc.a : defs.c.obj (.bss.__TI_tmpnams)
                  202009c0    00000050     (.common:queue)
                  20200a10    00000008     libsysbm.a : hostopen.c.obj (.bss.parmbuf)
                  20200a18    00000004     libc.a : memory.c.obj (.bss.sys_free)

.data      0    20200a1c    000001de     UNINITIALIZED
                  20200a1c    000000f0     libc.a : defs.c.obj (.data._ftable)
                  20200b0c    00000078     libsysbm.a : host_device.c.obj (.data._device)
                  20200b84    00000050                : host_device.c.obj (.data._stream)
                  20200bd4    00000008     libc.a : exit.c.obj (.data..L_MergedGlobals)
                  20200bdc    00000004            : defs.c.obj (.data.__TI_ft_end)
                  20200be0    00000004            : _lock.c.obj (.data._lock)
                  20200be4    00000004            : _lock.c.obj (.data._unlock)
                  20200be8    00000004     Lab3_3.2.o (.data.read_index)
                  20200bec    00000004     Lab3_3.2.o (.data.timeStart)
                  20200bf0    00000004     Lab3_3.2.o (.data.timeStop)
                  20200bf4    00000004     Lab3_3.2.o (.data.write_index)
                  20200bf8    00000001     libc.a : memory.c.obj (.data.memory_is_initialized)
                  20200bf9    00000001     Lab3_3.2.o (.data.pressed)

.stack     0    20207e00    00000200     UNINITIALIZED
                  20207e00    00000004     libc.a : boot_cortex_m.c.obj (.stack)
                  20207e04    000001fc     --HOLE--

__llvm_prf_cnts 
*          0    20200000    00000000     UNINITIALIZED

__llvm_prf_bits 
*          0    20200000    00000000     UNINITIALIZED

MODULE SUMMARY

       Module                         code   ro data   rw data
       ------                         ----   -------   -------
    .\
       Lab3_3.2.o                     416    33        97     
       startup_mspm0g350x_ticlang.o   6      192       0      
       ti_msp_dl_config.o             126    0         0      
    +--+------------------------------+------+---------+---------+
       Total:                         548    225       97     
                                                              
    C:/ti/mspm0_sdk_2_05_01_00/source/ti/driverlib/lib/ticlang/m0p/mspm0g1x0x_g3x0x/driverlib.a
       dl_timer.o                     260    0         0      
       dl_common.o                    10     0         0      
    +--+------------------------------+------+---------+---------+
       Total:                         270    0         0      
                                                              
    C:\ti\ccs2020\ccs\tools\compiler\ti-cgt-armllvm_4.0.3.LTS\lib\armv6m-ti-none-eabi/c/libc.a
       memory.c.obj                   702    0         5      
       _printfi.c.obj                 658    17        0      
       defs.c.obj                     0      0         404    
       fputs.c.obj                    248    0         0      
       setvbuf.c.obj                  224    0         0      
       getdevice.c.obj                160    0         0      
       fputc.c.obj                    156    0         0      
       memcpy16.S.obj                 154    0         0      
       strcmp-armv6m.S.obj            136    0         0      
       copy_decompress_lzss.c.obj     124    0         0      
       fclose.c.obj                   124    0         0      
       fseek.c.obj                    116    0         0      
       printf.c.obj                   108    0         0      
       _io_perm.c.obj                 100    0         0      
       memset16.S.obj                 98     0         0      
       fflush.c.obj                   82     0         0      
       exit.c.obj                     58     0         8      
       autoinit.c.obj                 60     0         0      
       fopen.c.obj                    52     0         0      
       boot_cortex_m.c.obj            40     0         0      
       memccpy.c.obj                  34     0         0      
       copy_zero_init.c.obj           22     0         0      
       copy_decompress_none.c.obj     18     0         0      
       _lock.c.obj                    2      0         8      
       pre_init.c.obj                 4      0         0      
    +--+------------------------------+------+---------+---------+
       Total:                         3480   17        425    
                                                              
    C:\ti\ccs2020\ccs\tools\compiler\ti-cgt-armllvm_4.0.3.LTS\lib\armv6m-ti-none-eabi/c/libsysbm.a
       trgmsg.c.obj                   104    0         288    
       host_device.c.obj              0      0         200    
       hostrename.c.obj               136    0         0      
       hostlseek.c.obj                108    0         0      
       hostopen.c.obj                 96     0         8      
       hostread.c.obj                 88     0         0      
       hostwrite.c.obj                88     0         0      
       close.c.obj                    80     0         0      
       hostclose.c.obj                72     0         0      
       hostunlink.c.obj               72     0         0      
       unlink.c.obj                   44     0         0      
       lseek.c.obj                    40     0         0      
       write.c.obj                    40     0         0      
       remove.c.obj                   8      0         0      
       hostexit.c.obj                 4      0         0      
    +--+------------------------------+------+---------+---------+
       Total:                         980    0         496    
                                                              
    C:\ti\ccs2020\ccs\tools\compiler\ti-cgt-armllvm_4.0.3.LTS\lib\armv6m-ti-none-eabi/libclang_rt.builtins.a
       aeabi_idivmod.S.obj            86     0         0      
       aeabi_uidivmod.S.obj           64     0         0      
       aeabi_memset.S.obj             26     0         0      
       aeabi_memcpy.S.obj             8      0         0      
       aeabi_div0.c.obj               2      0         0      
    +--+------------------------------+------+---------+---------+
       Total:                         186    0         0      
                                                              
       Heap:                          0      0         2048   
       Stack:                         0      0         512    
       Linker Generated:              0      135       0      
    +--+------------------------------+------+---------+---------+
       Grand Total:                   5464   377       3578   


LINKER GENERATED COPY TABLES

__TI_cinit_table @ 000016d0 records: 2, size/record: 8, table size: 16
	.data: load addr=00001658, load size=00000063 bytes, run addr=20200a1c, run size=000001de bytes, compression=lzss
	.bss: load addr=000016c8, load size=00000008 bytes, run addr=20200800, run size=0000021c bytes, compression=zero_init


LINKER GENERATED HANDLER TABLE

__TI_handler_table @ 000016bc records: 3, size/record: 4, table size: 12
	index: 0, handler: __TI_decompress_lzss
	index: 1, handler: __TI_decompress_none
	index: 2, handler: __TI_zero_init


GLOBAL SYMBOLS: SORTED ALPHABETICALLY BY Name 

address   name                          
-------   ----                          
00000a7f  ADC0_IRQHandler               
00000a7f  ADC1_IRQHandler               
00000a7f  AES_IRQHandler                
0000160e  C$$EXIT                       
00001379  C$$IO$$                       
00000a7f  CANFD0_IRQHandler             
00000a7f  DAC0_IRQHandler               
000015d5  DL_Common_delayCycles         
00000699  DL_Timer_initTimerMode        
00001505  DL_Timer_setClockConfig       
00000a7f  DMA_IRQHandler                
00000a7f  Default_Handler               
00000a7f  GROUP0_IRQHandler             
00000f99  GROUP1_IRQHandler             
00001199  HOSTclose                     
0000160f  HOSTexit                      
00000c01  HOSTlseek                     
00000edd  HOSTopen                      
00000ff1  HOSTread                      
00000c6d  HOSTrename                    
000011e1  HOSTunlink                    
00001049  HOSTwrite                     
00000a7f  HardFault_Handler             
00000a7f  I2C0_IRQHandler               
00000a7f  I2C1_IRQHandler               
00000a7f  NMI_Handler                   
00000a7f  PendSV_Handler                
00000a7f  RTC_IRQHandler                
00001613  Reset_Handler                 
00000a7f  SPI0_IRQHandler               
00000a7f  SPI1_IRQHandler               
00000a7f  SVC_Handler                   
00000edb  SYSCFG_DL_GPIO_init           
00001229  SYSCFG_DL_SYSCTL_init         
00001565  SYSCFG_DL_init                
000013e9  SYSCFG_DL_initPower           
00000a7f  SysTick_Handler               
00000a7f  TIMA0_IRQHandler              
00000a7f  TIMA1_IRQHandler              
00000a7f  TIMG0_IRQHandler              
00000a7f  TIMG12_IRQHandler             
00000a7f  TIMG6_IRQHandler              
00000a7f  TIMG7_IRQHandler              
00000a7f  TIMG8_IRQHandler              
00000a7f  UART0_IRQHandler              
00000a7f  UART1_IRQHandler              
00000a7f  UART2_IRQHandler              
00000a7f  UART3_IRQHandler              
20200800  _CIOBUF_                      
20200800  __CIOBUF_                     
20208000  __STACK_END                   
00000200  __STACK_SIZE                  
00000800  __SYSMEM_SIZE                 
00000000  __TI_ATRegion0_region_sz      
00000000  __TI_ATRegion0_src_addr       
00000000  __TI_ATRegion0_trg_addr       
00000000  __TI_ATRegion1_region_sz      
00000000  __TI_ATRegion1_src_addr       
00000000  __TI_ATRegion1_trg_addr       
00000000  __TI_ATRegion2_region_sz      
00000000  __TI_ATRegion2_src_addr       
00000000  __TI_ATRegion2_trg_addr       
000016d0  __TI_CINIT_Base               
000016e0  __TI_CINIT_Limit              
000016e0  __TI_CINIT_Warm               
000016bc  __TI_Handler_Table_Base       
000016c8  __TI_Handler_Table_Limit      
000012a9  __TI_auto_init_nobinit_nopinit
000012e5  __TI_cleanup                  
20200bd4  __TI_cleanup_ptr              
00000b09  __TI_closefile                
00000b85  __TI_decompress_lzss          
00001553  __TI_decompress_none          
000010f7  __TI_doflush                  
20200bd8  __TI_dtors_ptr                
20200bdc  __TI_ft_end                   
ffffffff  __TI_pprof_out_hndl           
000000c1  __TI_printfi_minimal          
ffffffff  __TI_prof_data_size           
ffffffff  __TI_prof_data_start          
00001319  __TI_readmsg                  
00000000  __TI_static_base__            
20200920  __TI_tmpnams                  
0000134d  __TI_writemsg                 
00000db1  __TI_wrt_ok                   
0000153d  __TI_zero_init_nomemset       
000010a1  __aeabi_idiv                  
00001503  __aeabi_idiv0                 
000010a1  __aeabi_idivmod               
000015bd  __aeabi_memclr                
000015bd  __aeabi_memclr4               
000015bd  __aeabi_memclr8               
000015e1  __aeabi_memcpy                
000015e1  __aeabi_memcpy4               
000015e1  __aeabi_memcpy8               
00001585  __aeabi_memset                
00001585  __aeabi_memset4               
00001585  __aeabi_memset8               
00001269  __aeabi_uidiv                 
00001269  __aeabi_uidivmod              
ffffffff  __binit__                     
UNDEFED   __mpu_init                    
20207e00  __stack                       
20200000  __start___llvm_prf_bits       
20200000  __start___llvm_prf_cnts       
20200000  __stop___llvm_prf_bits        
20200000  __stop___llvm_prf_cnts        
000014b9  _c_int00_noargs               
20200b0c  _device                       
20200a1c  _ftable                       
20200be0  _lock                         
00001583  _nop                          
20200b84  _stream                       
20200000  _sys_memory                   
UNDEFED   _system_post_cinit            
00001617  _system_pre_init              
20200be4  _unlock                       
00001609  abort                         
0000048d  aligned_alloc                 
ffffffff  binit                         
00001149  close                         
00001381  exit                          
000013b5  finddevice                    
00000949  fputc                         
000005a1  fputs                         
00000781  free                          
000015f9  fseek                         
00000cd9  fseeko                        
00000d45  getdevice                     
00000000  interruptVectors              
00001469  lseek                         
00000345  main                          
000015c9  malloc                        
0000048d  memalign                      
000014e1  memccpy                       
000009e5  memcpy                        
00000e79  memset                        
20200a10  parmbuf                       
20200bf9  pressed                       
00000f3d  printf                        
202009c0  queue                         
20200be8  read_index                    
00001601  remove                        
00000869  setvbuf                       
00000a81  strcmp                        
20200bec  timeStart                     
20200bf0  timeStop                      
00001415  unlink                        
00001491  write                         
20200bf4  write_index                   


GLOBAL SYMBOLS: SORTED BY Symbol Address 

address   name                          
-------   ----                          
00000000  __TI_ATRegion0_region_sz      
00000000  __TI_ATRegion0_src_addr       
00000000  __TI_ATRegion0_trg_addr       
00000000  __TI_ATRegion1_region_sz      
00000000  __TI_ATRegion1_src_addr       
00000000  __TI_ATRegion1_trg_addr       
00000000  __TI_ATRegion2_region_sz      
00000000  __TI_ATRegion2_src_addr       
00000000  __TI_ATRegion2_trg_addr       
00000000  __TI_static_base__            
00000000  interruptVectors              
000000c1  __TI_printfi_minimal          
00000200  __STACK_SIZE                  
00000345  main                          
0000048d  aligned_alloc                 
0000048d  memalign                      
000005a1  fputs                         
00000699  DL_Timer_initTimerMode        
00000781  free                          
00000800  __SYSMEM_SIZE                 
00000869  setvbuf                       
00000949  fputc                         
000009e5  memcpy                        
00000a7f  ADC0_IRQHandler               
00000a7f  ADC1_IRQHandler               
00000a7f  AES_IRQHandler                
00000a7f  CANFD0_IRQHandler             
00000a7f  DAC0_IRQHandler               
00000a7f  DMA_IRQHandler                
00000a7f  Default_Handler               
00000a7f  GROUP0_IRQHandler             
00000a7f  HardFault_Handler             
00000a7f  I2C0_IRQHandler               
00000a7f  I2C1_IRQHandler               
00000a7f  NMI_Handler                   
00000a7f  PendSV_Handler                
00000a7f  RTC_IRQHandler                
00000a7f  SPI0_IRQHandler               
00000a7f  SPI1_IRQHandler               
00000a7f  SVC_Handler                   
00000a7f  SysTick_Handler               
00000a7f  TIMA0_IRQHandler              
00000a7f  TIMA1_IRQHandler              
00000a7f  TIMG0_IRQHandler              
00000a7f  TIMG12_IRQHandler             
00000a7f  TIMG6_IRQHandler              
00000a7f  TIMG7_IRQHandler              
00000a7f  TIMG8_IRQHandler              
00000a7f  UART0_IRQHandler              
00000a7f  UART1_IRQHandler              
00000a7f  UART2_IRQHandler              
00000a7f  UART3_IRQHandler              
00000a81  strcmp                        
00000b09  __TI_closefile                
00000b85  __TI_decompress_lzss          
00000c01  HOSTlseek                     
00000c6d  HOSTrename                    
00000cd9  fseeko                        
00000d45  getdevice                     
00000db1  __TI_wrt_ok                   
00000e79  memset                        
00000edb  SYSCFG_DL_GPIO_init           
00000edd  HOSTopen                      
00000f3d  printf                        
00000f99  GROUP1_IRQHandler             
00000ff1  HOSTread                      
00001049  HOSTwrite                     
000010a1  __aeabi_idiv                  
000010a1  __aeabi_idivmod               
000010f7  __TI_doflush                  
00001149  close                         
00001199  HOSTclose                     
000011e1  HOSTunlink                    
00001229  SYSCFG_DL_SYSCTL_init         
00001269  __aeabi_uidiv                 
00001269  __aeabi_uidivmod              
000012a9  __TI_auto_init_nobinit_nopinit
000012e5  __TI_cleanup                  
00001319  __TI_readmsg                  
0000134d  __TI_writemsg                 
00001379  C$$IO$$                       
00001381  exit                          
000013b5  finddevice                    
000013e9  SYSCFG_DL_initPower           
00001415  unlink                        
00001469  lseek                         
00001491  write                         
000014b9  _c_int00_noargs               
000014e1  memccpy                       
00001503  __aeabi_idiv0                 
00001505  DL_Timer_setClockConfig       
0000153d  __TI_zero_init_nomemset       
00001553  __TI_decompress_none          
00001565  SYSCFG_DL_init                
00001583  _nop                          
00001585  __aeabi_memset                
00001585  __aeabi_memset4               
00001585  __aeabi_memset8               
000015bd  __aeabi_memclr                
000015bd  __aeabi_memclr4               
000015bd  __aeabi_memclr8               
000015c9  malloc                        
000015d5  DL_Common_delayCycles         
000015e1  __aeabi_memcpy                
000015e1  __aeabi_memcpy4               
000015e1  __aeabi_memcpy8               
000015f9  fseek                         
00001601  remove                        
00001609  abort                         
0000160e  C$$EXIT                       
0000160f  HOSTexit                      
00001613  Reset_Handler                 
00001617  _system_pre_init              
000016bc  __TI_Handler_Table_Base       
000016c8  __TI_Handler_Table_Limit      
000016d0  __TI_CINIT_Base               
000016e0  __TI_CINIT_Limit              
000016e0  __TI_CINIT_Warm               
20200000  __start___llvm_prf_bits       
20200000  __start___llvm_prf_cnts       
20200000  __stop___llvm_prf_bits        
20200000  __stop___llvm_prf_cnts        
20200000  _sys_memory                   
20200800  _CIOBUF_                      
20200800  __CIOBUF_                     
20200920  __TI_tmpnams                  
202009c0  queue                         
20200a10  parmbuf                       
20200a1c  _ftable                       
20200b0c  _device                       
20200b84  _stream                       
20200bd4  __TI_cleanup_ptr              
20200bd8  __TI_dtors_ptr                
20200bdc  __TI_ft_end                   
20200be0  _lock                         
20200be4  _unlock                       
20200be8  read_index                    
20200bec  timeStart                     
20200bf0  timeStop                      
20200bf4  write_index                   
20200bf9  pressed                       
20207e00  __stack                       
20208000  __STACK_END                   
ffffffff  __TI_pprof_out_hndl           
ffffffff  __TI_prof_data_size           
ffffffff  __TI_prof_data_start          
ffffffff  __binit__                     
ffffffff  binit                         
UNDEFED   __mpu_init                    
UNDEFED   _system_post_cinit            

[150 symbols]
